[Sat Feb 16 02:00:00 2019]	heart_web
[Sat Feb 16 02:00:00 2019]	heart_mobile
[Sat Feb 16 02:00:00 2019]	heart_web
[Sat Feb 16 02:00:00 2019]	heart_mobile
[Sat Feb 16 02:00:00 2019]	heart_web
[Sat Feb 16 02:00:00 2019]	heart_mobile
[Sat Feb 16 02:00:00 2019]	heart_web
[Sat Feb 16 02:00:00 2019]	heart_mobile
[u'43645233', u'43646130', u'43622203', u'43616946', u'43645333']
15824397397
zsj0911*
0
------------------
17367078621
weiyuxin
51
------------------
15127529708
shijizhe
237.58
------------------
13306522935
zjuZSJ0911*
0
------------------
[Sat Feb 16 02:05:00 2019]	heart_web
[Sat Feb 16 02:05:00 2019]	heart_mobile
[Sat Feb 16 02:05:00 2019]	heart_web
[Sat Feb 16 02:05:00 2019]	heart_mobile
[Sat Feb 16 02:05:00 2019]	heart_web
[Sat Feb 16 02:05:00 2019]	heart_mobile
[Sat Feb 16 02:05:00 2019]	heart_web
[Sat Feb 16 02:05:00 2019]	heart_mobile
[Sat Feb 16 02:10:00 2019]	heart_web
[Sat Feb 16 02:10:00 2019]	heart_mobile
[Sat Feb 16 02:10:00 2019]	heart_web
[Sat Feb 16 02:10:00 2019]	heart_mobile
[Sat Feb 16 02:10:00 2019]	heart_web
[Sat Feb 16 02:10:00 2019]	heart_mobile
[Sat Feb 16 02:10:00 2019]	heart_web
[Sat Feb 16 02:10:00 2019]	heart_mobile
[Sat Feb 16 02:15:00 2019]	heart_web
[Sat Feb 16 02:15:00 2019]	heart_mobile
[Sat Feb 16 02:15:00 2019]	heart_web
[Sat Feb 16 02:15:00 2019]	heart_mobile
[Sat Feb 16 02:15:00 2019]	heart_web
[Sat Feb 16 02:15:00 2019]	heart_mobile
[Sat Feb 16 02:15:00 2019]	heart_web
[Sat Feb 16 02:15:00 2019]	heart_mobile
[Sat Feb 16 02:20:00 2019]	heart_web
[Sat Feb 16 02:20:00 2019]	heart_mobile
[Sat Feb 16 02:20:00 2019]	heart_web
[Sat Feb 16 02:20:00 2019]	heart_mobile
[Sat Feb 16 02:20:00 2019]	heart_web
[Sat Feb 16 02:20:00 2019]	heart_mobile
[Sat Feb 16 02:20:00 2019]	heart_web
[Sat Feb 16 02:20:00 2019]	heart_mobile
[Sat Feb 16 02:25:00 2019]	heart_web
[Sat Feb 16 02:25:00 2019]	heart_mobile
[Sat Feb 16 02:25:00 2019]	heart_web
[Sat Feb 16 02:25:00 2019]	heart_mobile
[Sat Feb 16 02:25:00 2019]	heart_web
[Sat Feb 16 02:25:00 2019]	heart_mobile
[Sat Feb 16 02:25:00 2019]	heart_web
[Sat Feb 16 02:25:00 2019]	heart_mobile
[Sat Feb 16 02:30:00 2019]	heart_web
[Sat Feb 16 02:30:00 2019]	heart_mobile
[Sat Feb 16 02:30:00 2019]	heart_web
[Sat Feb 16 02:30:00 2019]	heart_mobile
[Sat Feb 16 02:30:00 2019]	heart_web
[Sat Feb 16 02:30:00 2019]	heart_mobile
[Sat Feb 16 02:30:00 2019]	heart_web
[Sat Feb 16 02:30:00 2019]	heart_mobile
[Sat Feb 16 02:35:00 2019]	heart_web
[Sat Feb 16 02:35:00 2019]	heart_mobile
[Sat Feb 16 02:35:00 2019]	heart_web
[Sat Feb 16 02:35:00 2019]	heart_mobile
[Sat Feb 16 02:35:00 2019]	heart_web
[Sat Feb 16 02:35:00 2019]	heart_mobile
[Sat Feb 16 02:35:00 2019]	heart_web
[Sat Feb 16 02:35:00 2019]	heart_mobile
[Sat Feb 16 02:40:00 2019]	heart_web
[Sat Feb 16 02:40:00 2019]	heart_mobile
[Sat Feb 16 02:40:00 2019]	heart_web
[Sat Feb 16 02:40:00 2019]	heart_mobile
[Sat Feb 16 02:40:00 2019]	heart_web
[Sat Feb 16 02:40:00 2019]	heart_mobile
[Sat Feb 16 02:40:00 2019]	heart_web
[Sat Feb 16 02:40:01 2019]	heart_mobile
[Sat Feb 16 02:45:00 2019]	heart_web
[Sat Feb 16 02:45:00 2019]	heart_mobile
[Sat Feb 16 02:45:00 2019]	heart_web
[Sat Feb 16 02:45:00 2019]	heart_mobile
[Sat Feb 16 02:45:00 2019]	heart_web
[Sat Feb 16 02:45:00 2019]	heart_mobile
[Sat Feb 16 02:45:00 2019]	heart_web
[Sat Feb 16 02:45:00 2019]	heart_mobile
[Sat Feb 16 02:50:00 2019]	heart_web
[Sat Feb 16 02:50:00 2019]	heart_mobile
[Sat Feb 16 02:50:00 2019]	heart_web
[Sat Feb 16 02:50:00 2019]	heart_mobile
[Sat Feb 16 02:50:00 2019]	heart_web
[Sat Feb 16 02:50:00 2019]	heart_mobile
[Sat Feb 16 02:50:00 2019]	heart_web
[Sat Feb 16 02:50:00 2019]	heart_mobile
[Sat Feb 16 02:55:00 2019]	heart_web
[Sat Feb 16 02:55:00 2019]	heart_mobile
[Sat Feb 16 02:55:00 2019]	heart_web
[Sat Feb 16 02:55:00 2019]	heart_mobile
[Sat Feb 16 02:55:00 2019]	heart_web
[Sat Feb 16 02:55:00 2019]	heart_mobile
[Sat Feb 16 02:55:01 2019]	heart_web
[Sat Feb 16 02:55:01 2019]	heart_mobile
[Sat Feb 16 03:00:00 2019]	heart_web
[Sat Feb 16 03:00:00 2019]	heart_mobile
[Sat Feb 16 03:00:00 2019]	heart_web
[Sat Feb 16 03:00:00 2019]	heart_mobile
[Sat Feb 16 03:00:00 2019]	heart_web
[Sat Feb 16 03:00:00 2019]	heart_mobile
[Sat Feb 16 03:00:00 2019]	heart_web
[Sat Feb 16 03:00:00 2019]	heart_mobile
[u'43645233', u'43646130', u'43622203', u'43616946', u'43645333']
15824397397
zsj0911*
0
------------------
17367078621
weiyuxin
51
------------------
15127529708
shijizhe
237.58
------------------
13306522935
zjuZSJ0911*
0
------------------
[Sat Feb 16 03:05:00 2019]	heart_web
[Sat Feb 16 03:05:00 2019]	heart_mobile
[Sat Feb 16 03:05:00 2019]	heart_web
[Sat Feb 16 03:05:00 2019]	heart_mobile
[Sat Feb 16 03:05:00 2019]	heart_web
[Sat Feb 16 03:05:00 2019]	heart_mobile
[Sat Feb 16 03:05:00 2019]	heart_web
[Sat Feb 16 03:05:00 2019]	heart_mobile
[Sat Feb 16 03:10:00 2019]	heart_web
[Sat Feb 16 03:10:00 2019]	heart_mobile
[Sat Feb 16 03:10:00 2019]	heart_web
[Sat Feb 16 03:10:00 2019]	heart_mobile
[Sat Feb 16 03:10:00 2019]	heart_web
[Sat Feb 16 03:10:00 2019]	heart_mobile
[Sat Feb 16 03:10:00 2019]	heart_web
[Sat Feb 16 03:10:00 2019]	heart_mobile
[Sat Feb 16 03:15:00 2019]	heart_web
[Sat Feb 16 03:15:00 2019]	heart_mobile
[Sat Feb 16 03:15:00 2019]	heart_web
[Sat Feb 16 03:15:00 2019]	heart_mobile
[Sat Feb 16 03:15:00 2019]	heart_web
[Sat Feb 16 03:15:00 2019]	heart_mobile
[Sat Feb 16 03:15:00 2019]	heart_web
[Sat Feb 16 03:15:00 2019]	heart_mobile
[Sat Feb 16 03:20:00 2019]	heart_web
[Sat Feb 16 03:20:00 2019]	heart_mobile
[Sat Feb 16 03:20:00 2019]	heart_web
[Sat Feb 16 03:20:00 2019]	heart_mobile
[Sat Feb 16 03:20:00 2019]	heart_web
[Sat Feb 16 03:20:00 2019]	heart_mobile
[Sat Feb 16 03:20:00 2019]	heart_web
[Sat Feb 16 03:20:00 2019]	heart_mobile
[Sat Feb 16 03:25:00 2019]	heart_web
[Sat Feb 16 03:25:00 2019]	heart_mobile
[Sat Feb 16 03:25:00 2019]	heart_web
[Sat Feb 16 03:25:00 2019]	heart_mobile
[Sat Feb 16 03:25:00 2019]	heart_web
[Sat Feb 16 03:25:00 2019]	heart_mobile
[Sat Feb 16 03:25:00 2019]	heart_web
[Sat Feb 16 03:25:01 2019]	heart_mobile
[Sat Feb 16 03:30:00 2019]	heart_web
[Sat Feb 16 03:30:00 2019]	heart_mobile
[Sat Feb 16 03:30:00 2019]	heart_web
[Sat Feb 16 03:30:00 2019]	heart_mobile
[Sat Feb 16 03:30:00 2019]	heart_web
[Sat Feb 16 03:30:00 2019]	heart_mobile
[Sat Feb 16 03:30:00 2019]	heart_web
[Sat Feb 16 03:30:00 2019]	heart_mobile
[Sat Feb 16 03:35:00 2019]	heart_web
[Sat Feb 16 03:35:00 2019]	heart_mobile
[Sat Feb 16 03:35:00 2019]	heart_web
[Sat Feb 16 03:35:00 2019]	heart_mobile
[Sat Feb 16 03:35:00 2019]	heart_web
[Sat Feb 16 03:35:00 2019]	heart_mobile
[Sat Feb 16 03:35:00 2019]	heart_web
[Sat Feb 16 03:35:00 2019]	heart_mobile
[Sat Feb 16 03:40:00 2019]	heart_web
[Sat Feb 16 03:40:00 2019]	heart_mobile
[Sat Feb 16 03:40:00 2019]	heart_web
[Sat Feb 16 03:40:00 2019]	heart_mobile
[Sat Feb 16 03:40:00 2019]	heart_web
[Sat Feb 16 03:40:00 2019]	heart_mobile
[Sat Feb 16 03:40:00 2019]	heart_web
[Sat Feb 16 03:40:00 2019]	heart_mobile
[Sat Feb 16 03:45:00 2019]	heart_web
[Sat Feb 16 03:45:00 2019]	heart_mobile
[Sat Feb 16 03:45:00 2019]	heart_web
[Sat Feb 16 03:45:00 2019]	heart_mobile
[Sat Feb 16 03:45:00 2019]	heart_web
[Sat Feb 16 03:45:00 2019]	heart_mobile
[Sat Feb 16 03:45:00 2019]	heart_web
[Sat Feb 16 03:45:01 2019]	heart_mobile
[Sat Feb 16 03:50:00 2019]	heart_web
[Sat Feb 16 03:50:00 2019]	heart_mobile
[Sat Feb 16 03:50:00 2019]	heart_web
[Sat Feb 16 03:50:00 2019]	heart_mobile
[Sat Feb 16 03:50:00 2019]	heart_web
[Sat Feb 16 03:50:00 2019]	heart_mobile
[Sat Feb 16 03:50:00 2019]	heart_web
[Sat Feb 16 03:50:00 2019]	heart_mobile
[Sat Feb 16 03:55:00 2019]	heart_web
[Sat Feb 16 03:55:00 2019]	heart_mobile
[Sat Feb 16 03:55:00 2019]	heart_web
[Sat Feb 16 03:55:00 2019]	heart_mobile
[Sat Feb 16 03:55:00 2019]	heart_web
[Sat Feb 16 03:55:00 2019]	heart_mobile
[Sat Feb 16 03:55:00 2019]	heart_web
[Sat Feb 16 03:55:00 2019]	heart_mobile
[Sat Feb 16 04:00:00 2019]	heart_web
[Sat Feb 16 04:00:00 2019]	heart_mobile
[Sat Feb 16 04:00:00 2019]	heart_web
[Sat Feb 16 04:00:00 2019]	heart_mobile
[Sat Feb 16 04:00:00 2019]	heart_web
[Sat Feb 16 04:00:00 2019]	heart_mobile
[Sat Feb 16 04:00:00 2019]	heart_web
[Sat Feb 16 04:00:01 2019]	heart_mobile
[u'43645233', u'43646130', u'43622203', u'43616946', u'43645333']
15824397397
zsj0911*
0
------------------
17367078621
weiyuxin
51
------------------
15127529708
shijizhe
237.58
------------------
13306522935
zjuZSJ0911*
0
------------------
[Sat Feb 16 04:05:00 2019]	heart_web
[Sat Feb 16 04:05:00 2019]	heart_mobile
[Sat Feb 16 04:05:00 2019]	heart_web
[Sat Feb 16 04:05:00 2019]	heart_mobile
[Sat Feb 16 04:05:00 2019]	heart_web
[Sat Feb 16 04:05:00 2019]	heart_mobile
[Sat Feb 16 04:05:00 2019]	heart_web
[Sat Feb 16 04:05:00 2019]	heart_mobile
[Sat Feb 16 04:10:00 2019]	heart_web
[Sat Feb 16 04:10:00 2019]	heart_mobile
[Sat Feb 16 04:10:00 2019]	heart_web
[Sat Feb 16 04:10:00 2019]	heart_mobile
[Sat Feb 16 04:10:00 2019]	heart_web
[Sat Feb 16 04:10:00 2019]	heart_mobile
[Sat Feb 16 04:10:00 2019]	heart_web
[Sat Feb 16 04:10:00 2019]	heart_mobile
[Sat Feb 16 04:15:00 2019]	heart_web
[Sat Feb 16 04:15:00 2019]	heart_mobile
[Sat Feb 16 04:15:00 2019]	heart_web
[Sat Feb 16 04:15:00 2019]	heart_mobile
[Sat Feb 16 04:15:00 2019]	heart_web
[Sat Feb 16 04:15:00 2019]	heart_mobile
[Sat Feb 16 04:15:00 2019]	heart_web
[Sat Feb 16 04:15:00 2019]	heart_mobile
[Sat Feb 16 04:20:00 2019]	heart_web
[Sat Feb 16 04:20:00 2019]	heart_mobile
[Sat Feb 16 04:20:00 2019]	heart_web
[Sat Feb 16 04:20:00 2019]	heart_mobile
[Sat Feb 16 04:20:00 2019]	heart_web
[Sat Feb 16 04:20:00 2019]	heart_mobile
[Sat Feb 16 04:20:00 2019]	heart_web
[Sat Feb 16 04:20:01 2019]	heart_mobile
[Sat Feb 16 04:25:00 2019]	heart_web
[Sat Feb 16 04:25:00 2019]	heart_mobile
[Sat Feb 16 04:25:00 2019]	heart_web
[Sat Feb 16 04:25:00 2019]	heart_mobile
[Sat Feb 16 04:25:00 2019]	heart_web
[Sat Feb 16 04:25:00 2019]	heart_mobile
[Sat Feb 16 04:25:00 2019]	heart_web
[Sat Feb 16 04:25:00 2019]	heart_mobile
[Sat Feb 16 04:30:00 2019]	heart_web
[Sat Feb 16 04:30:00 2019]	heart_mobile
[Sat Feb 16 04:30:00 2019]	heart_web
[Sat Feb 16 04:30:00 2019]	heart_mobile
[Sat Feb 16 04:30:00 2019]	heart_web
[Sat Feb 16 04:30:00 2019]	heart_mobile
[Sat Feb 16 04:30:01 2019]	heart_web
[Sat Feb 16 04:30:01 2019]	heart_mobile
[Sat Feb 16 04:35:00 2019]	heart_web
[Sat Feb 16 04:35:00 2019]	heart_mobile
[Sat Feb 16 04:35:00 2019]	heart_web
[Sat Feb 16 04:35:00 2019]	heart_mobile
[Sat Feb 16 04:35:00 2019]	heart_web
[Sat Feb 16 04:35:00 2019]	heart_mobile
[Sat Feb 16 04:35:00 2019]	heart_web
[Sat Feb 16 04:35:00 2019]	heart_mobile
[Sat Feb 16 04:40:00 2019]	heart_web
[Sat Feb 16 04:40:00 2019]	heart_mobile
[Sat Feb 16 04:40:00 2019]	heart_web
[Sat Feb 16 04:40:00 2019]	heart_mobile
[Sat Feb 16 04:40:00 2019]	heart_web
[Sat Feb 16 04:40:00 2019]	heart_mobile
[Sat Feb 16 04:40:00 2019]	heart_web
[Sat Feb 16 04:40:00 2019]	heart_mobile
[Sat Feb 16 04:45:00 2019]	heart_web
[Sat Feb 16 04:45:00 2019]	heart_mobile
[Sat Feb 16 04:45:00 2019]	heart_web
[Sat Feb 16 04:45:00 2019]	heart_mobile
[Sat Feb 16 04:45:00 2019]	heart_web
[Sat Feb 16 04:45:00 2019]	heart_mobile
[Sat Feb 16 04:45:00 2019]	heart_web
[Sat Feb 16 04:45:00 2019]	heart_mobile
[Sat Feb 16 04:50:00 2019]	heart_web
[Sat Feb 16 04:50:00 2019]	heart_mobile
[Sat Feb 16 04:50:00 2019]	heart_web
[Sat Feb 16 04:50:00 2019]	heart_mobile
[Sat Feb 16 04:50:00 2019]	heart_web
[Sat Feb 16 04:50:00 2019]	heart_mobile
[Sat Feb 16 04:50:00 2019]	heart_web
[Sat Feb 16 04:50:00 2019]	heart_mobile
[Sat Feb 16 04:55:00 2019]	heart_web
[Sat Feb 16 04:55:00 2019]	heart_mobile
[Sat Feb 16 04:55:00 2019]	heart_web
[Sat Feb 16 04:55:00 2019]	heart_mobile
[Sat Feb 16 04:55:00 2019]	heart_web
[Sat Feb 16 04:55:00 2019]	heart_mobile
[Sat Feb 16 04:55:00 2019]	heart_web
[Sat Feb 16 04:55:00 2019]	heart_mobile
[Sat Feb 16 05:00:00 2019]	heart_web
[Sat Feb 16 05:00:00 2019]	heart_mobile
[Sat Feb 16 05:00:00 2019]	heart_web
[Sat Feb 16 05:00:00 2019]	heart_mobile
[Sat Feb 16 05:00:00 2019]	heart_web
[Sat Feb 16 05:00:00 2019]	heart_mobile
[Sat Feb 16 05:00:01 2019]	heart_web
[Sat Feb 16 05:00:01 2019]	heart_mobile
[u'43645233', u'43646130', u'43622203', u'43616946', u'43645333']
15824397397
zsj0911*
0
------------------
17367078621
weiyuxin
51
------------------
15127529708
shijizhe
237.58
------------------
13306522935
zjuZSJ0911*
0
------------------
[Sat Feb 16 05:05:00 2019]	heart_web
[Sat Feb 16 05:05:00 2019]	heart_mobile
[Sat Feb 16 05:05:00 2019]	heart_web
[Sat Feb 16 05:05:00 2019]	heart_mobile
[Sat Feb 16 05:05:00 2019]	heart_web
[Sat Feb 16 05:05:00 2019]	heart_mobile
[Sat Feb 16 05:05:00 2019]	heart_web
[Sat Feb 16 05:05:00 2019]	heart_mobile
[Sat Feb 16 05:10:00 2019]	heart_web
[Sat Feb 16 05:10:00 2019]	heart_mobile
[Sat Feb 16 05:10:00 2019]	heart_web
[Sat Feb 16 05:10:00 2019]	heart_mobile
[Sat Feb 16 05:10:00 2019]	heart_web
[Sat Feb 16 05:10:00 2019]	heart_mobile
[Sat Feb 16 05:10:00 2019]	heart_web
[Sat Feb 16 05:10:00 2019]	heart_mobile
[Sat Feb 16 05:15:00 2019]	heart_web
[Sat Feb 16 05:15:00 2019]	heart_mobile
[Sat Feb 16 05:15:00 2019]	heart_web
[Sat Feb 16 05:15:00 2019]	heart_mobile
[Sat Feb 16 05:15:00 2019]	heart_web
[Sat Feb 16 05:15:00 2019]	heart_mobile
[Sat Feb 16 05:15:00 2019]	heart_web
[Sat Feb 16 05:15:00 2019]	heart_mobile
[Sat Feb 16 05:20:00 2019]	heart_web
[Sat Feb 16 05:20:00 2019]	heart_mobile
[Sat Feb 16 05:20:00 2019]	heart_web
[Sat Feb 16 05:20:00 2019]	heart_mobile
[Sat Feb 16 05:20:00 2019]	heart_web
[Sat Feb 16 05:20:00 2019]	heart_mobile
[Sat Feb 16 05:20:00 2019]	heart_web
[Sat Feb 16 05:20:00 2019]	heart_mobile
[Sat Feb 16 05:25:00 2019]	heart_web
[Sat Feb 16 05:25:00 2019]	heart_mobile
[Sat Feb 16 05:25:00 2019]	heart_web
[Sat Feb 16 05:25:00 2019]	heart_mobile
[Sat Feb 16 05:25:00 2019]	heart_web
[Sat Feb 16 05:25:00 2019]	heart_mobile
[Sat Feb 16 05:25:00 2019]	heart_web
[Sat Feb 16 05:25:00 2019]	heart_mobile
[Sat Feb 16 05:30:00 2019]	heart_web
[Sat Feb 16 05:30:00 2019]	heart_mobile
[Sat Feb 16 05:30:00 2019]	heart_web
[Sat Feb 16 05:30:00 2019]	heart_mobile
[Sat Feb 16 05:30:00 2019]	heart_web
[Sat Feb 16 05:30:00 2019]	heart_mobile
[Sat Feb 16 05:30:00 2019]	heart_web
[Sat Feb 16 05:30:00 2019]	heart_mobile
[Sat Feb 16 05:35:00 2019]	heart_web
[Sat Feb 16 05:35:00 2019]	heart_mobile
[Sat Feb 16 05:35:00 2019]	heart_web
[Sat Feb 16 05:35:00 2019]	heart_mobile
[Sat Feb 16 05:35:00 2019]	heart_web
[Sat Feb 16 05:35:00 2019]	heart_mobile
[Sat Feb 16 05:35:01 2019]	heart_web
[Sat Feb 16 05:35:01 2019]	heart_mobile
[Sat Feb 16 05:40:00 2019]	heart_web
[Sat Feb 16 05:40:00 2019]	heart_mobile
[Sat Feb 16 05:40:00 2019]	heart_web
[Sat Feb 16 05:40:00 2019]	heart_mobile
[Sat Feb 16 05:40:00 2019]	heart_web
[Sat Feb 16 05:40:00 2019]	heart_mobile
[Sat Feb 16 05:40:00 2019]	heart_web
[Sat Feb 16 05:40:01 2019]	heart_mobile
[Sat Feb 16 05:45:00 2019]	heart_web
[Sat Feb 16 05:45:00 2019]	heart_mobile
[Sat Feb 16 05:45:00 2019]	heart_web
[Sat Feb 16 05:45:00 2019]	heart_mobile
[Sat Feb 16 05:45:00 2019]	heart_web
[Sat Feb 16 05:45:00 2019]	heart_mobile
[Sat Feb 16 05:45:00 2019]	heart_web
[Sat Feb 16 05:45:00 2019]	heart_mobile
[Sat Feb 16 05:50:00 2019]	heart_web
[Sat Feb 16 05:50:00 2019]	heart_mobile
[Sat Feb 16 05:50:00 2019]	heart_web
[Sat Feb 16 05:50:00 2019]	heart_mobile
[Sat Feb 16 05:50:00 2019]	heart_web
[Sat Feb 16 05:50:00 2019]	heart_mobile
[Sat Feb 16 05:50:00 2019]	heart_web
[Sat Feb 16 05:50:00 2019]	heart_mobile
[Sat Feb 16 05:55:00 2019]	heart_web
[Sat Feb 16 05:55:00 2019]	heart_mobile
[Sat Feb 16 05:55:00 2019]	heart_web
[Sat Feb 16 05:55:00 2019]	heart_mobile
[Sat Feb 16 05:55:00 2019]	heart_web
[Sat Feb 16 05:55:00 2019]	heart_mobile
[Sat Feb 16 05:55:00 2019]	heart_web
[Sat Feb 16 05:55:00 2019]	heart_mobile
[Sat Feb 16 06:00:00 2019]	heart_web
[Sat Feb 16 06:00:00 2019]	heart_mobile
[Sat Feb 16 06:00:00 2019]	heart_web
[Sat Feb 16 06:00:00 2019]	heart_mobile
[Sat Feb 16 06:00:00 2019]	heart_web
[Sat Feb 16 06:00:00 2019]	heart_mobile
[Sat Feb 16 06:00:00 2019]	heart_web
[Sat Feb 16 06:00:00 2019]	heart_mobile
[u'43645233', u'43646130', u'43622203', u'43616946', u'43645333']
15824397397
zsj0911*
0
------------------
17367078621
weiyuxin
51
------------------
15127529708
shijizhe
237.58
------------------
13306522935
zjuZSJ0911*
0
------------------
[Sat Feb 16 06:05:00 2019]	heart_web
[Sat Feb 16 06:05:00 2019]	heart_mobile
[Sat Feb 16 06:05:00 2019]	heart_web
[Sat Feb 16 06:05:00 2019]	heart_mobile
[Sat Feb 16 06:05:00 2019]	heart_web
[Sat Feb 16 06:05:00 2019]	heart_mobile
[Sat Feb 16 06:05:00 2019]	heart_web
[Sat Feb 16 06:05:00 2019]	heart_mobile
[Sat Feb 16 06:10:00 2019]	heart_web
[Sat Feb 16 06:10:00 2019]	heart_mobile
[Sat Feb 16 06:10:00 2019]	heart_web
[Sat Feb 16 06:10:00 2019]	heart_mobile
[Sat Feb 16 06:10:00 2019]	heart_web
[Sat Feb 16 06:10:00 2019]	heart_mobile
[Sat Feb 16 06:10:00 2019]	heart_web
[Sat Feb 16 06:10:00 2019]	heart_mobile
[Sat Feb 16 06:15:00 2019]	heart_web
[Sat Feb 16 06:15:00 2019]	heart_mobile
[Sat Feb 16 06:15:00 2019]	heart_web
[Sat Feb 16 06:15:00 2019]	heart_mobile
[Sat Feb 16 06:15:00 2019]	heart_web
[Sat Feb 16 06:15:00 2019]	heart_mobile
[Sat Feb 16 06:15:00 2019]	heart_web
[Sat Feb 16 06:15:01 2019]	heart_mobile
[Sat Feb 16 06:20:00 2019]	heart_web
[Sat Feb 16 06:20:00 2019]	heart_mobile
[Sat Feb 16 06:20:00 2019]	heart_web
[Sat Feb 16 06:20:00 2019]	heart_mobile
[Sat Feb 16 06:20:00 2019]	heart_web
[Sat Feb 16 06:20:00 2019]	heart_mobile
[Sat Feb 16 06:20:00 2019]	heart_web
[Sat Feb 16 06:20:01 2019]	heart_mobile
[Sat Feb 16 06:25:00 2019]	heart_web
[Sat Feb 16 06:25:00 2019]	heart_mobile
[Sat Feb 16 06:25:00 2019]	heart_web
[Sat Feb 16 06:25:00 2019]	heart_mobile
[Sat Feb 16 06:25:00 2019]	heart_web
[Sat Feb 16 06:25:00 2019]	heart_mobile
[Sat Feb 16 06:25:00 2019]	heart_web
[Sat Feb 16 06:25:00 2019]	heart_mobile
[Sat Feb 16 06:30:00 2019]	heart_web
[Sat Feb 16 06:30:00 2019]	heart_mobile
[Sat Feb 16 06:30:00 2019]	heart_web
[Sat Feb 16 06:30:00 2019]	heart_mobile
[Sat Feb 16 06:30:00 2019]	heart_web
[Sat Feb 16 06:30:00 2019]	heart_mobile
[Sat Feb 16 06:30:00 2019]	heart_web
[Sat Feb 16 06:30:00 2019]	heart_mobile
[Sat Feb 16 06:35:00 2019]	heart_web
[Sat Feb 16 06:35:00 2019]	heart_mobile
[Sat Feb 16 06:35:00 2019]	heart_web
[Sat Feb 16 06:35:00 2019]	heart_mobile
[Sat Feb 16 06:35:00 2019]	heart_web
[Sat Feb 16 06:35:00 2019]	heart_mobile
[Sat Feb 16 06:35:00 2019]	heart_web
[Sat Feb 16 06:35:00 2019]	heart_mobile
[Sat Feb 16 06:40:00 2019]	heart_web
[Sat Feb 16 06:40:00 2019]	heart_mobile
[Sat Feb 16 06:40:00 2019]	heart_web
[Sat Feb 16 06:40:00 2019]	heart_mobile
[Sat Feb 16 06:40:00 2019]	heart_web
[Sat Feb 16 06:40:00 2019]	heart_mobile
[Sat Feb 16 06:40:00 2019]	heart_web
[Sat Feb 16 06:40:00 2019]	heart_mobile
[Sat Feb 16 06:45:00 2019]	heart_web
[Sat Feb 16 06:45:00 2019]	heart_mobile
[Sat Feb 16 06:45:00 2019]	heart_web
[Sat Feb 16 06:45:00 2019]	heart_mobile
[Sat Feb 16 06:45:00 2019]	heart_web
[Sat Feb 16 06:45:00 2019]	heart_mobile
[Sat Feb 16 06:45:00 2019]	heart_web
[Sat Feb 16 06:45:00 2019]	heart_mobile
[Sat Feb 16 06:50:00 2019]	heart_web
[Sat Feb 16 06:50:00 2019]	heart_mobile
[Sat Feb 16 06:50:00 2019]	heart_web
[Sat Feb 16 06:50:00 2019]	heart_mobile
[Sat Feb 16 06:50:00 2019]	heart_web
[Sat Feb 16 06:50:00 2019]	heart_mobile
[Sat Feb 16 06:50:00 2019]	heart_web
[Sat Feb 16 06:50:00 2019]	heart_mobile
[Sat Feb 16 06:55:00 2019]	heart_web
[Sat Feb 16 06:55:00 2019]	heart_mobile
[Sat Feb 16 06:55:00 2019]	heart_web
[Sat Feb 16 06:55:00 2019]	heart_mobile
[Sat Feb 16 06:55:00 2019]	heart_web
[Sat Feb 16 06:55:00 2019]	heart_mobile
[Sat Feb 16 06:55:00 2019]	heart_web
[Sat Feb 16 06:55:00 2019]	heart_mobile
[Sat Feb 16 07:00:00 2019]	heart_web
[Sat Feb 16 07:00:00 2019]	heart_mobile
[Sat Feb 16 07:00:00 2019]	heart_web
[Sat Feb 16 07:00:00 2019]	heart_mobile
[Sat Feb 16 07:00:00 2019]	heart_web
[Sat Feb 16 07:00:00 2019]	heart_mobile
[Sat Feb 16 07:00:00 2019]	heart_web
[Sat Feb 16 07:00:00 2019]	heart_mobile
[u'43645233', u'43646130', u'43622203', u'43616946', u'43645333']
15824397397
zsj0911*
0
------------------
17367078621
weiyuxin
51
------------------
15127529708
shijizhe
237.58
------------------
13306522935
zjuZSJ0911*
0
------------------
[Sat Feb 16 07:05:00 2019]	heart_web
[Sat Feb 16 07:05:00 2019]	heart_mobile
[Sat Feb 16 07:05:00 2019]	heart_web
[Sat Feb 16 07:05:00 2019]	heart_mobile
[Sat Feb 16 07:05:00 2019]	heart_web
[Sat Feb 16 07:05:00 2019]	heart_mobile
[Sat Feb 16 07:05:00 2019]	heart_web
[Sat Feb 16 07:05:00 2019]	heart_mobile
[Sat Feb 16 07:10:00 2019]	heart_web
[Sat Feb 16 07:10:00 2019]	heart_mobile
[Sat Feb 16 07:10:00 2019]	heart_web
[Sat Feb 16 07:10:00 2019]	heart_mobile
[Sat Feb 16 07:10:00 2019]	heart_web
[Sat Feb 16 07:10:00 2019]	heart_mobile
[Sat Feb 16 07:10:00 2019]	heart_web
[Sat Feb 16 07:10:00 2019]	heart_mobile
[Sat Feb 16 07:15:00 2019]	heart_web
[Sat Feb 16 07:15:00 2019]	heart_mobile
[Sat Feb 16 07:15:00 2019]	heart_web
[Sat Feb 16 07:15:00 2019]	heart_mobile
[Sat Feb 16 07:15:00 2019]	heart_web
[Sat Feb 16 07:15:00 2019]	heart_mobile
[Sat Feb 16 07:15:00 2019]	heart_web
[Sat Feb 16 07:15:00 2019]	heart_mobile
[Sat Feb 16 07:20:00 2019]	heart_web
[Sat Feb 16 07:20:00 2019]	heart_mobile
[Sat Feb 16 07:20:00 2019]	heart_web
[Sat Feb 16 07:20:00 2019]	heart_mobile
[Sat Feb 16 07:20:00 2019]	heart_web
[Sat Feb 16 07:20:00 2019]	heart_mobile
[Sat Feb 16 07:20:00 2019]	heart_web
[Sat Feb 16 07:20:01 2019]	heart_mobile
[Sat Feb 16 07:25:00 2019]	heart_web
[Sat Feb 16 07:25:00 2019]	heart_mobile
[Sat Feb 16 07:25:00 2019]	heart_web
[Sat Feb 16 07:25:00 2019]	heart_mobile
[Sat Feb 16 07:25:00 2019]	heart_web
[Sat Feb 16 07:25:00 2019]	heart_mobile
[Sat Feb 16 07:25:00 2019]	heart_web
[Sat Feb 16 07:25:00 2019]	heart_mobile
[Sat Feb 16 07:30:00 2019]	heart_web
[Sat Feb 16 07:30:00 2019]	heart_mobile
[Sat Feb 16 07:30:00 2019]	heart_web
[Sat Feb 16 07:30:00 2019]	heart_mobile
[Sat Feb 16 07:30:00 2019]	heart_web
[Sat Feb 16 07:30:00 2019]	heart_mobile
[Sat Feb 16 07:30:00 2019]	heart_web
[Sat Feb 16 07:30:00 2019]	heart_mobile
[Sat Feb 16 07:35:00 2019]	heart_web
[Sat Feb 16 07:35:00 2019]	heart_mobile
[Sat Feb 16 07:35:00 2019]	heart_web
[Sat Feb 16 07:35:00 2019]	heart_mobile
[Sat Feb 16 07:35:00 2019]	heart_web
[Sat Feb 16 07:35:00 2019]	heart_mobile
[Sat Feb 16 07:35:00 2019]	heart_web
[Sat Feb 16 07:35:00 2019]	heart_mobile
[Sat Feb 16 07:40:00 2019]	heart_web
[Sat Feb 16 07:40:00 2019]	heart_mobile
[Sat Feb 16 07:40:00 2019]	heart_web
[Sat Feb 16 07:40:00 2019]	heart_mobile
[Sat Feb 16 07:40:00 2019]	heart_web
[Sat Feb 16 07:40:00 2019]	heart_mobile
[Sat Feb 16 07:40:00 2019]	heart_web
[Sat Feb 16 07:40:00 2019]	heart_mobile
[Sat Feb 16 07:45:00 2019]	heart_web
[Sat Feb 16 07:45:00 2019]	heart_mobile
[Sat Feb 16 07:45:00 2019]	heart_web
[Sat Feb 16 07:45:00 2019]	heart_mobile
[Sat Feb 16 07:45:00 2019]	heart_web
[Sat Feb 16 07:45:00 2019]	heart_mobile
[Sat Feb 16 07:45:00 2019]	heart_web
[Sat Feb 16 07:45:01 2019]	heart_mobile
[Sat Feb 16 07:50:00 2019]	heart_web
[Sat Feb 16 07:50:00 2019]	heart_mobile
[Sat Feb 16 07:50:00 2019]	heart_web
[Sat Feb 16 07:50:00 2019]	heart_mobile
[Sat Feb 16 07:50:00 2019]	heart_web
[Sat Feb 16 07:50:00 2019]	heart_mobile
[Sat Feb 16 07:50:00 2019]	heart_web
[Sat Feb 16 07:50:01 2019]	heart_mobile
[Sat Feb 16 07:55:00 2019]	heart_web
[Sat Feb 16 07:55:00 2019]	heart_mobile
[Sat Feb 16 07:55:00 2019]	heart_web
[Sat Feb 16 07:55:00 2019]	heart_mobile
[Sat Feb 16 07:55:00 2019]	heart_web
[Sat Feb 16 07:55:00 2019]	heart_mobile
[Sat Feb 16 07:55:00 2019]	heart_web
[Sat Feb 16 07:55:00 2019]	heart_mobile
[Sat Feb 16 08:00:00 2019]	heart_web
[Sat Feb 16 08:00:00 2019]	heart_mobile
[Sat Feb 16 08:00:00 2019]	heart_web
[Sat Feb 16 08:00:00 2019]	heart_mobile
[Sat Feb 16 08:00:00 2019]	heart_web
[Sat Feb 16 08:00:00 2019]	heart_mobile
[Sat Feb 16 08:00:00 2019]	heart_web
[Sat Feb 16 08:00:00 2019]	heart_mobile
[u'43645233', u'43646130', u'43622203', u'43616946', u'43645333']
15824397397
zsj0911*
0
------------------
17367078621
weiyuxin
51
------------------
15127529708
shijizhe
237.58
------------------
13306522935
zjuZSJ0911*
0
------------------
[Sat Feb 16 08:05:00 2019]	heart_web
[Sat Feb 16 08:05:00 2019]	heart_mobile
[Sat Feb 16 08:05:00 2019]	heart_web
[Sat Feb 16 08:05:00 2019]	heart_mobile
[Sat Feb 16 08:05:00 2019]	heart_web
[Sat Feb 16 08:05:00 2019]	heart_mobile
[Sat Feb 16 08:05:00 2019]	heart_web
[Sat Feb 16 08:05:00 2019]	heart_mobile
[Sat Feb 16 08:10:00 2019]	heart_web
[Sat Feb 16 08:10:00 2019]	heart_mobile
[Sat Feb 16 08:10:00 2019]	heart_web
[Sat Feb 16 08:10:00 2019]	heart_mobile
[Sat Feb 16 08:10:00 2019]	heart_web
[Sat Feb 16 08:10:00 2019]	heart_mobile
[Sat Feb 16 08:10:00 2019]	heart_web
[Sat Feb 16 08:10:00 2019]	heart_mobile
[Sat Feb 16 08:15:00 2019]	heart_web
[Sat Feb 16 08:15:00 2019]	heart_mobile
[Sat Feb 16 08:15:00 2019]	heart_web
[Sat Feb 16 08:15:00 2019]	heart_mobile
[Sat Feb 16 08:15:00 2019]	heart_web
[Sat Feb 16 08:15:00 2019]	heart_mobile
[Sat Feb 16 08:15:00 2019]	heart_web
[Sat Feb 16 08:15:00 2019]	heart_mobile
[Sat Feb 16 08:20:00 2019]	heart_web
[Sat Feb 16 08:20:00 2019]	heart_mobile
[Sat Feb 16 08:20:00 2019]	heart_web
[Sat Feb 16 08:20:00 2019]	heart_mobile
[Sat Feb 16 08:20:00 2019]	heart_web
[Sat Feb 16 08:20:00 2019]	heart_mobile
[Sat Feb 16 08:20:00 2019]	heart_web
[Sat Feb 16 08:20:00 2019]	heart_mobile
[Sat Feb 16 08:25:00 2019]	heart_web
[Sat Feb 16 08:25:00 2019]	heart_mobile
[Sat Feb 16 08:25:00 2019]	heart_web
[Sat Feb 16 08:25:00 2019]	heart_mobile
[Sat Feb 16 08:25:00 2019]	heart_web
[Sat Feb 16 08:25:00 2019]	heart_mobile
[Sat Feb 16 08:25:00 2019]	heart_web
[Sat Feb 16 08:25:00 2019]	heart_mobile
[Sat Feb 16 08:30:00 2019]	heart_web
[Sat Feb 16 08:30:00 2019]	heart_mobile
[Sat Feb 16 08:30:00 2019]	heart_web
[Sat Feb 16 08:30:00 2019]	heart_mobile
[Sat Feb 16 08:30:00 2019]	heart_web
[Sat Feb 16 08:30:00 2019]	heart_mobile
[Sat Feb 16 08:30:00 2019]	heart_web
[Sat Feb 16 08:30:01 2019]	heart_mobile
[Sat Feb 16 08:35:00 2019]	heart_web
[Sat Feb 16 08:35:00 2019]	heart_mobile
[Sat Feb 16 08:35:00 2019]	heart_web
[Sat Feb 16 08:35:00 2019]	heart_mobile
[Sat Feb 16 08:35:00 2019]	heart_web
[Sat Feb 16 08:35:00 2019]	heart_mobile
[Sat Feb 16 08:35:00 2019]	heart_web
[Sat Feb 16 08:35:00 2019]	heart_mobile
[Sat Feb 16 08:40:00 2019]	heart_web
[Sat Feb 16 08:40:00 2019]	heart_mobile
[Sat Feb 16 08:40:00 2019]	heart_web
[Sat Feb 16 08:40:00 2019]	heart_mobile
[Sat Feb 16 08:40:00 2019]	heart_web
[Sat Feb 16 08:40:00 2019]	heart_mobile
[Sat Feb 16 08:40:00 2019]	heart_web
[Sat Feb 16 08:40:01 2019]	heart_mobile
[Sat Feb 16 08:45:00 2019]	heart_web
[Sat Feb 16 08:45:00 2019]	heart_mobile
[Sat Feb 16 08:45:00 2019]	heart_web
[Sat Feb 16 08:45:00 2019]	heart_mobile
[Sat Feb 16 08:45:00 2019]	heart_web
[Sat Feb 16 08:45:00 2019]	heart_mobile
[Sat Feb 16 08:45:00 2019]	heart_web
[Sat Feb 16 08:45:00 2019]	heart_mobile
[Sat Feb 16 08:50:00 2019]	heart_web
[Sat Feb 16 08:50:00 2019]	heart_mobile
[Sat Feb 16 08:50:00 2019]	heart_web
[Sat Feb 16 08:50:00 2019]	heart_mobile
[Sat Feb 16 08:50:00 2019]	heart_web
[Sat Feb 16 08:50:00 2019]	heart_mobile
[Sat Feb 16 08:50:00 2019]	heart_web
[Sat Feb 16 08:50:00 2019]	heart_mobile
[Sat Feb 16 08:55:00 2019]	heart_web
[Sat Feb 16 08:55:00 2019]	heart_mobile
[Sat Feb 16 08:55:00 2019]	heart_web
[Sat Feb 16 08:55:00 2019]	heart_mobile
[Sat Feb 16 08:55:00 2019]	heart_web
[Sat Feb 16 08:55:00 2019]	heart_mobile
[Sat Feb 16 08:55:00 2019]	heart_web
[Sat Feb 16 08:55:00 2019]	heart_mobile
[Sat Feb 16 09:00:00 2019]	heart_web
[Sat Feb 16 09:00:00 2019]	heart_mobile
[Sat Feb 16 09:00:00 2019]	heart_web
[Sat Feb 16 09:00:00 2019]	heart_mobile
[Sat Feb 16 09:00:00 2019]	heart_web
[Sat Feb 16 09:00:00 2019]	heart_mobile
[Sat Feb 16 09:00:00 2019]	heart_web
[Sat Feb 16 09:00:00 2019]	heart_mobile
[u'43645233', u'43646130', u'43622203', u'43616946', u'43645333']
15824397397
zsj0911*
0
------------------
17367078621
weiyuxin
51
------------------
15127529708
shijizhe
237.58
------------------
13306522935
zjuZSJ0911*
0
------------------
[Sat Feb 16 09:05:00 2019]	heart_web
[Sat Feb 16 09:05:00 2019]	heart_mobile
[Sat Feb 16 09:05:00 2019]	heart_web
[Sat Feb 16 09:05:00 2019]	heart_mobile
[Sat Feb 16 09:05:00 2019]	heart_web
[Sat Feb 16 09:05:00 2019]	heart_mobile
[Sat Feb 16 09:05:00 2019]	heart_web
[Sat Feb 16 09:05:00 2019]	heart_mobile
[Sat Feb 16 09:10:00 2019]	heart_web
[Sat Feb 16 09:10:00 2019]	heart_mobile
[Sat Feb 16 09:10:00 2019]	heart_web
[Sat Feb 16 09:10:00 2019]	heart_mobile
[Sat Feb 16 09:10:00 2019]	heart_web
[Sat Feb 16 09:10:00 2019]	heart_mobile
[Sat Feb 16 09:10:00 2019]	heart_web
[Sat Feb 16 09:10:00 2019]	heart_mobile
[Sat Feb 16 09:15:00 2019]	heart_web
[Sat Feb 16 09:15:00 2019]	heart_mobile
[Sat Feb 16 09:15:00 2019]	heart_web
[Sat Feb 16 09:15:00 2019]	heart_mobile
[Sat Feb 16 09:15:00 2019]	heart_web
[Sat Feb 16 09:15:00 2019]	heart_mobile
[Sat Feb 16 09:15:00 2019]	heart_web
[Sat Feb 16 09:15:00 2019]	heart_mobile
[Sat Feb 16 09:20:00 2019]	heart_web
[Sat Feb 16 09:20:00 2019]	heart_mobile
[Sat Feb 16 09:20:00 2019]	heart_web
[Sat Feb 16 09:20:00 2019]	heart_mobile
[Sat Feb 16 09:20:00 2019]	heart_web
[Sat Feb 16 09:20:00 2019]	heart_mobile
[Sat Feb 16 09:20:00 2019]	heart_web
[Sat Feb 16 09:20:00 2019]	heart_mobile
[Sat Feb 16 09:25:00 2019]	heart_web
[Sat Feb 16 09:25:00 2019]	heart_mobile
[Sat Feb 16 09:25:00 2019]	heart_web
[Sat Feb 16 09:25:00 2019]	heart_mobile
[Sat Feb 16 09:25:00 2019]	heart_web
[Sat Feb 16 09:25:00 2019]	heart_mobile
[Sat Feb 16 09:25:01 2019]	heart_web
[Sat Feb 16 09:25:01 2019]	heart_mobile
[Sat Feb 16 09:30:00 2019]	heart_web
[Sat Feb 16 09:30:00 2019]	heart_mobile
[Sat Feb 16 09:30:00 2019]	heart_web
[Sat Feb 16 09:30:00 2019]	heart_mobile
[Sat Feb 16 09:30:00 2019]	heart_web
[Sat Feb 16 09:30:00 2019]	heart_mobile
[Sat Feb 16 09:30:00 2019]	heart_web
[Sat Feb 16 09:30:00 2019]	heart_mobile
[Sat Feb 16 09:35:00 2019]	heart_web
[Sat Feb 16 09:35:00 2019]	heart_mobile
[Sat Feb 16 09:35:00 2019]	heart_web
[Sat Feb 16 09:35:00 2019]	heart_mobile
[Sat Feb 16 09:35:00 2019]	heart_web
[Sat Feb 16 09:35:00 2019]	heart_mobile
[Sat Feb 16 09:35:00 2019]	heart_web
[Sat Feb 16 09:35:00 2019]	heart_mobile
[Sat Feb 16 09:40:00 2019]	heart_web
[Sat Feb 16 09:40:00 2019]	heart_mobile
[Sat Feb 16 09:40:00 2019]	heart_web
[Sat Feb 16 09:40:00 2019]	heart_mobile
[Sat Feb 16 09:40:00 2019]	heart_web
[Sat Feb 16 09:40:00 2019]	heart_mobile
[Sat Feb 16 09:40:00 2019]	heart_web
[Sat Feb 16 09:40:00 2019]	heart_mobile
[Sat Feb 16 09:45:00 2019]	heart_web
[Sat Feb 16 09:45:00 2019]	heart_mobile
[Sat Feb 16 09:45:00 2019]	heart_web
[Sat Feb 16 09:45:00 2019]	heart_mobile
[Sat Feb 16 09:45:00 2019]	heart_web
[Sat Feb 16 09:45:00 2019]	heart_mobile
[Sat Feb 16 09:45:00 2019]	heart_web
[Sat Feb 16 09:45:00 2019]	heart_mobile
[Sat Feb 16 09:50:00 2019]	heart_web
[Sat Feb 16 09:50:00 2019]	heart_mobile
[Sat Feb 16 09:50:00 2019]	heart_web
[Sat Feb 16 09:50:00 2019]	heart_mobile
[Sat Feb 16 09:50:00 2019]	heart_web
[Sat Feb 16 09:50:00 2019]	heart_mobile
[Sat Feb 16 09:50:00 2019]	heart_web
[Sat Feb 16 09:50:00 2019]	heart_mobile
[Sat Feb 16 09:55:00 2019]	heart_web
[Sat Feb 16 09:55:00 2019]	heart_mobile
[Sat Feb 16 09:55:00 2019]	heart_web
[Sat Feb 16 09:55:00 2019]	heart_mobile
[Sat Feb 16 09:55:00 2019]	heart_web
[Sat Feb 16 09:55:00 2019]	heart_mobile
[Sat Feb 16 09:55:00 2019]	heart_web
[Sat Feb 16 09:55:00 2019]	heart_mobile
[Sat Feb 16 10:00:00 2019]	heart_web
[Sat Feb 16 10:00:00 2019]	heart_mobile
[Sat Feb 16 10:00:00 2019]	heart_web
[Sat Feb 16 10:00:00 2019]	heart_mobile
[Sat Feb 16 10:00:00 2019]	heart_web
[Sat Feb 16 10:00:00 2019]	heart_mobile
[Sat Feb 16 10:00:01 2019]	heart_web
[Sat Feb 16 10:00:01 2019]	heart_mobile
[u'43645233', u'43646130', u'43622203', u'43616946', u'43664630']
15824397397
zsj0911*
0
------------------
17367078621
weiyuxin
51
------------------
15127529708
shijizhe
237.58
------------------
13306522935
zjuZSJ0911*
0
------------------
[Sat Feb 16 10:05:00 2019]	heart_web
[Sat Feb 16 10:05:00 2019]	heart_mobile
[Sat Feb 16 10:05:00 2019]	heart_web
[Sat Feb 16 10:05:00 2019]	heart_mobile
[Sat Feb 16 10:05:00 2019]	heart_web
[Sat Feb 16 10:05:00 2019]	heart_mobile
[Sat Feb 16 10:05:00 2019]	heart_web
[Sat Feb 16 10:05:00 2019]	heart_mobile
[Sat Feb 16 10:10:00 2019]	heart_web
[Sat Feb 16 10:10:00 2019]	heart_mobile
[Sat Feb 16 10:10:00 2019]	heart_web
[Sat Feb 16 10:10:00 2019]	heart_mobile
[Sat Feb 16 10:10:00 2019]	heart_web
[Sat Feb 16 10:10:00 2019]	heart_mobile
[Sat Feb 16 10:10:00 2019]	heart_web
[Sat Feb 16 10:10:00 2019]	heart_mobile
[Sat Feb 16 10:15:00 2019]	heart_web
[Sat Feb 16 10:15:00 2019]	heart_mobile
[Sat Feb 16 10:15:00 2019]	heart_web
[Sat Feb 16 10:15:00 2019]	heart_mobile
[Sat Feb 16 10:15:00 2019]	heart_web
[Sat Feb 16 10:15:00 2019]	heart_mobile
[Sat Feb 16 10:15:00 2019]	heart_web
[Sat Feb 16 10:15:00 2019]	heart_mobile
[Sat Feb 16 10:20:00 2019]	heart_web
[Sat Feb 16 10:20:00 2019]	heart_mobile
[Sat Feb 16 10:20:00 2019]	heart_web
[Sat Feb 16 10:20:00 2019]	heart_mobile
[Sat Feb 16 10:20:00 2019]	heart_web
[Sat Feb 16 10:20:00 2019]	heart_mobile
[Sat Feb 16 10:20:00 2019]	heart_web
[Sat Feb 16 10:20:00 2019]	heart_mobile
[Sat Feb 16 10:25:00 2019]	heart_web
[Sat Feb 16 10:25:00 2019]	heart_mobile
[Sat Feb 16 10:25:00 2019]	heart_web
[Sat Feb 16 10:25:00 2019]	heart_mobile
[Sat Feb 16 10:25:00 2019]	heart_web
[Sat Feb 16 10:25:00 2019]	heart_mobile
[Sat Feb 16 10:25:00 2019]	heart_web
[Sat Feb 16 10:25:00 2019]	heart_mobile
[Sat Feb 16 10:30:00 2019]	heart_web
[Sat Feb 16 10:30:00 2019]	heart_mobile
[Sat Feb 16 10:30:00 2019]	heart_web
[Sat Feb 16 10:30:00 2019]	heart_mobile
[Sat Feb 16 10:30:00 2019]	heart_web
[Sat Feb 16 10:30:00 2019]	heart_mobile
[Sat Feb 16 10:30:00 2019]	heart_web
[Sat Feb 16 10:30:00 2019]	heart_mobile
[Sat Feb 16 10:35:00 2019]	heart_web
[Sat Feb 16 10:35:00 2019]	heart_mobile
[Sat Feb 16 10:35:00 2019]	heart_web
[Sat Feb 16 10:35:00 2019]	heart_mobile
[Sat Feb 16 10:35:00 2019]	heart_web
[Sat Feb 16 10:35:00 2019]	heart_mobile
[Sat Feb 16 10:35:00 2019]	heart_web
[Sat Feb 16 10:35:00 2019]	heart_mobile
[Sat Feb 16 10:40:00 2019]	heart_web
[Sat Feb 16 10:40:00 2019]	heart_mobile
[Sat Feb 16 10:40:00 2019]	heart_web
[Sat Feb 16 10:40:00 2019]	heart_mobile
[Sat Feb 16 10:40:00 2019]	heart_web
[Sat Feb 16 10:40:00 2019]	heart_mobile
[Sat Feb 16 10:40:00 2019]	heart_web
[Sat Feb 16 10:40:00 2019]	heart_mobile
[Sat Feb 16 10:45:00 2019]	heart_web
[Sat Feb 16 10:45:00 2019]	heart_mobile
[Sat Feb 16 10:45:00 2019]	heart_web
[Sat Feb 16 10:45:00 2019]	heart_mobile
[Sat Feb 16 10:45:00 2019]	heart_web
[Sat Feb 16 10:45:00 2019]	heart_mobile
[Sat Feb 16 10:45:00 2019]	heart_web
[Sat Feb 16 10:45:00 2019]	heart_mobile
[Sat Feb 16 10:50:00 2019]	heart_web
[Sat Feb 16 10:50:00 2019]	heart_mobile
[Sat Feb 16 10:50:00 2019]	heart_web
[Sat Feb 16 10:50:00 2019]	heart_mobile
[Sat Feb 16 10:50:00 2019]	heart_web
[Sat Feb 16 10:50:00 2019]	heart_mobile
[Sat Feb 16 10:50:00 2019]	heart_web
[Sat Feb 16 10:50:01 2019]	heart_mobile
[Sat Feb 16 10:55:00 2019]	heart_web
[Sat Feb 16 10:55:00 2019]	heart_mobile
[Sat Feb 16 10:55:00 2019]	heart_web
[Sat Feb 16 10:55:00 2019]	heart_mobile
[Sat Feb 16 10:55:00 2019]	heart_web
[Sat Feb 16 10:55:00 2019]	heart_mobile
[Sat Feb 16 10:55:00 2019]	heart_web
[Sat Feb 16 10:55:00 2019]	heart_mobile
[Sat Feb 16 11:00:00 2019]	heart_web
[Sat Feb 16 11:00:00 2019]	heart_mobile
[Sat Feb 16 11:00:00 2019]	heart_web
[Sat Feb 16 11:00:00 2019]	heart_mobile
[Sat Feb 16 11:00:00 2019]	heart_web
[Sat Feb 16 11:00:00 2019]	heart_mobile
[Sat Feb 16 11:00:00 2019]	heart_web
[Sat Feb 16 11:00:01 2019]	heart_mobile
[u'43645233', u'43646130', u'43622203', u'43616946', u'43664630']
15824397397
zsj0911*
0
------------------
17367078621
weiyuxin
51
------------------
15127529708
shijizhe
237.58
------------------
13306522935
zjuZSJ0911*
0
------------------
[Sat Feb 16 11:05:00 2019]	heart_web
[Sat Feb 16 11:05:00 2019]	heart_mobile
[Sat Feb 16 11:05:00 2019]	heart_web
[Sat Feb 16 11:05:00 2019]	heart_mobile
[Sat Feb 16 11:05:00 2019]	heart_web
[Sat Feb 16 11:05:00 2019]	heart_mobile
[Sat Feb 16 11:05:00 2019]	heart_web
[Sat Feb 16 11:05:00 2019]	heart_mobile
[Sat Feb 16 11:10:00 2019]	heart_web
[Sat Feb 16 11:10:00 2019]	heart_mobile
[Sat Feb 16 11:10:00 2019]	heart_web
[Sat Feb 16 11:10:00 2019]	heart_mobile
[Sat Feb 16 11:10:00 2019]	heart_web
[Sat Feb 16 11:10:00 2019]	heart_mobile
[Sat Feb 16 11:10:00 2019]	heart_web
[Sat Feb 16 11:10:00 2019]	heart_mobile
[Sat Feb 16 11:15:00 2019]	heart_web
[Sat Feb 16 11:15:00 2019]	heart_mobile
[Sat Feb 16 11:15:00 2019]	heart_web
[Sat Feb 16 11:15:00 2019]	heart_mobile
[Sat Feb 16 11:15:00 2019]	heart_web
[Sat Feb 16 11:15:00 2019]	heart_mobile
[Sat Feb 16 11:15:00 2019]	heart_web
[Sat Feb 16 11:15:00 2019]	heart_mobile
[Sat Feb 16 11:20:00 2019]	heart_web
[Sat Feb 16 11:20:00 2019]	heart_mobile
[Sat Feb 16 11:20:00 2019]	heart_web
[Sat Feb 16 11:20:00 2019]	heart_mobile
[Sat Feb 16 11:20:00 2019]	heart_web
[Sat Feb 16 11:20:00 2019]	heart_mobile
[Sat Feb 16 11:20:00 2019]	heart_web
[Sat Feb 16 11:20:01 2019]	heart_mobile
[Sat Feb 16 11:25:00 2019]	heart_web
[Sat Feb 16 11:25:00 2019]	heart_mobile
[Sat Feb 16 11:25:00 2019]	heart_web
[Sat Feb 16 11:25:00 2019]	heart_mobile
[Sat Feb 16 11:25:00 2019]	heart_web
[Sat Feb 16 11:25:00 2019]	heart_mobile
[Sat Feb 16 11:25:00 2019]	heart_web
[Sat Feb 16 11:25:00 2019]	heart_mobile
[Sat Feb 16 11:30:00 2019]	heart_web
[Sat Feb 16 11:30:00 2019]	heart_mobile
[Sat Feb 16 11:30:00 2019]	heart_web
[Sat Feb 16 11:30:00 2019]	heart_mobile
[Sat Feb 16 11:30:00 2019]	heart_web
[Sat Feb 16 11:30:00 2019]	heart_mobile
[Sat Feb 16 11:30:00 2019]	heart_web
[Sat Feb 16 11:30:01 2019]	heart_mobile
[Sat Feb 16 11:35:00 2019]	heart_web
[Sat Feb 16 11:35:00 2019]	heart_mobile
[Sat Feb 16 11:35:00 2019]	heart_web
[Sat Feb 16 11:35:00 2019]	heart_mobile
[Sat Feb 16 11:35:00 2019]	heart_web
[Sat Feb 16 11:35:00 2019]	heart_mobile
[Sat Feb 16 11:35:00 2019]	heart_web
[Sat Feb 16 11:35:00 2019]	heart_mobile
[Sat Feb 16 11:40:00 2019]	heart_web
[Sat Feb 16 11:40:00 2019]	heart_mobile
[Sat Feb 16 11:40:00 2019]	heart_web
[Sat Feb 16 11:40:00 2019]	heart_mobile
[Sat Feb 16 11:40:00 2019]	heart_web
[Sat Feb 16 11:40:00 2019]	heart_mobile
[Sat Feb 16 11:40:00 2019]	heart_web
[Sat Feb 16 11:40:00 2019]	heart_mobile
[Sat Feb 16 11:45:00 2019]	heart_web
[Sat Feb 16 11:45:00 2019]	heart_mobile
[Sat Feb 16 11:45:00 2019]	heart_web
[Sat Feb 16 11:45:00 2019]	heart_mobile
[Sat Feb 16 11:45:00 2019]	heart_web
[Sat Feb 16 11:45:00 2019]	heart_mobile
[Sat Feb 16 11:45:01 2019]	heart_web
[Sat Feb 16 11:45:01 2019]	heart_mobile
[Sat Feb 16 11:50:00 2019]	heart_web
[Sat Feb 16 11:50:00 2019]	heart_mobile
[Sat Feb 16 11:50:00 2019]	heart_web
[Sat Feb 16 11:50:00 2019]	heart_mobile
[Sat Feb 16 11:50:00 2019]	heart_web
[Sat Feb 16 11:50:00 2019]	heart_mobile
[Sat Feb 16 11:50:00 2019]	heart_web
[Sat Feb 16 11:50:00 2019]	heart_mobile
[Sat Feb 16 11:55:00 2019]	heart_web
[Sat Feb 16 11:55:00 2019]	heart_mobile
[Sat Feb 16 11:55:00 2019]	heart_web
[Sat Feb 16 11:55:00 2019]	heart_mobile
[Sat Feb 16 11:55:00 2019]	heart_web
[Sat Feb 16 11:55:00 2019]	heart_mobile
[Sat Feb 16 11:55:00 2019]	heart_web
[Sat Feb 16 11:55:00 2019]	heart_mobile
[Sat Feb 16 12:00:00 2019]	heart_web
[Sat Feb 16 12:00:00 2019]	heart_mobile
[Sat Feb 16 12:00:00 2019]	heart_web
[Sat Feb 16 12:00:00 2019]	heart_mobile
[Sat Feb 16 12:00:00 2019]	heart_web
[Sat Feb 16 12:00:00 2019]	heart_mobile
[Sat Feb 16 12:00:00 2019]	heart_web
[Sat Feb 16 12:00:01 2019]	heart_mobile
[u'43365553', u'43646130', u'43622203', u'43616946', u'43664630']
15824397397
zsj0911*
0
------------------
17367078621
weiyuxin
51
------------------
15127529708
shijizhe
237.58
------------------
13306522935
zjuZSJ0911*
0
------------------
[Sat Feb 16 12:05:00 2019]	heart_web
[Sat Feb 16 12:05:00 2019]	heart_mobile
[Sat Feb 16 12:05:00 2019]	heart_web
[Sat Feb 16 12:05:00 2019]	heart_mobile
[Sat Feb 16 12:05:00 2019]	heart_web
[Sat Feb 16 12:05:00 2019]	heart_mobile
[Sat Feb 16 12:05:00 2019]	heart_web
[Sat Feb 16 12:05:00 2019]	heart_mobile
[Sat Feb 16 12:10:00 2019]	heart_web
[Sat Feb 16 12:10:00 2019]	heart_mobile
[Sat Feb 16 12:10:00 2019]	heart_web
[Sat Feb 16 12:10:00 2019]	heart_mobile
[Sat Feb 16 12:10:00 2019]	heart_web
[Sat Feb 16 12:10:00 2019]	heart_mobile
[Sat Feb 16 12:10:00 2019]	heart_web
[Sat Feb 16 12:10:01 2019]	heart_mobile
[Sat Feb 16 12:15:00 2019]	heart_web
[Sat Feb 16 12:15:00 2019]	heart_mobile
[Sat Feb 16 12:15:00 2019]	heart_web
[Sat Feb 16 12:15:00 2019]	heart_mobile
[Sat Feb 16 12:15:00 2019]	heart_web
[Sat Feb 16 12:15:00 2019]	heart_mobile
[Sat Feb 16 12:15:00 2019]	heart_web
[Sat Feb 16 12:15:00 2019]	heart_mobile
[Sat Feb 16 12:20:00 2019]	heart_web
[Sat Feb 16 12:20:00 2019]	heart_mobile
[Sat Feb 16 12:20:00 2019]	heart_web
[Sat Feb 16 12:20:00 2019]	heart_mobile
[Sat Feb 16 12:20:00 2019]	heart_web
[Sat Feb 16 12:20:00 2019]	heart_mobile
[Sat Feb 16 12:20:00 2019]	heart_web
[Sat Feb 16 12:20:00 2019]	heart_mobile
[Sat Feb 16 12:25:00 2019]	heart_web
[Sat Feb 16 12:25:00 2019]	heart_mobile
[Sat Feb 16 12:25:00 2019]	heart_web
[Sat Feb 16 12:25:00 2019]	heart_mobile
[Sat Feb 16 12:25:00 2019]	heart_web
[Sat Feb 16 12:25:00 2019]	heart_mobile
[Sat Feb 16 12:25:01 2019]	heart_web
[Sat Feb 16 12:25:01 2019]	heart_mobile
[Sat Feb 16 12:30:00 2019]	heart_web
[Sat Feb 16 12:30:00 2019]	heart_mobile
[Sat Feb 16 12:30:00 2019]	heart_web
[Sat Feb 16 12:30:00 2019]	heart_mobile
[Sat Feb 16 12:30:00 2019]	heart_web
[Sat Feb 16 12:30:00 2019]	heart_mobile
[Sat Feb 16 12:30:01 2019]	heart_web
[Sat Feb 16 12:30:01 2019]	heart_mobile
[Sat Feb 16 12:35:00 2019]	heart_web
[Sat Feb 16 12:35:00 2019]	heart_mobile
[Sat Feb 16 12:35:00 2019]	heart_web
[Sat Feb 16 12:35:00 2019]	heart_mobile
[Sat Feb 16 12:35:00 2019]	heart_web
[Sat Feb 16 12:35:00 2019]	heart_mobile
[Sat Feb 16 12:35:00 2019]	heart_web
[Sat Feb 16 12:35:00 2019]	heart_mobile
[Sat Feb 16 12:40:00 2019]	heart_web
[Sat Feb 16 12:40:00 2019]	heart_mobile
[Sat Feb 16 12:40:00 2019]	heart_web
[Sat Feb 16 12:40:00 2019]	heart_mobile
[Sat Feb 16 12:40:00 2019]	heart_web
[Sat Feb 16 12:40:00 2019]	heart_mobile
[Sat Feb 16 12:40:00 2019]	heart_web
[Sat Feb 16 12:40:00 2019]	heart_mobile
[Sat Feb 16 12:45:00 2019]	heart_web
[Sat Feb 16 12:45:00 2019]	heart_mobile
[Sat Feb 16 12:45:00 2019]	heart_web
[Sat Feb 16 12:45:00 2019]	heart_mobile
[Sat Feb 16 12:45:00 2019]	heart_web
[Sat Feb 16 12:45:00 2019]	heart_mobile
[Sat Feb 16 12:45:00 2019]	heart_web
[Sat Feb 16 12:45:01 2019]	heart_mobile
[Sat Feb 16 12:50:00 2019]	heart_web
[Sat Feb 16 12:50:00 2019]	heart_mobile
[Sat Feb 16 12:50:00 2019]	heart_web
[Sat Feb 16 12:50:00 2019]	heart_mobile
[Sat Feb 16 12:50:00 2019]	heart_web
[Sat Feb 16 12:50:00 2019]	heart_mobile
[Sat Feb 16 12:50:00 2019]	heart_web
[Sat Feb 16 12:50:01 2019]	heart_mobile
[Sat Feb 16 12:55:00 2019]	heart_web
[Sat Feb 16 12:55:00 2019]	heart_mobile
[Sat Feb 16 12:55:00 2019]	heart_web
[Sat Feb 16 12:55:00 2019]	heart_mobile
[Sat Feb 16 12:55:00 2019]	heart_web
[Sat Feb 16 12:55:00 2019]	heart_mobile
[Sat Feb 16 12:55:00 2019]	heart_web
[Sat Feb 16 12:55:00 2019]	heart_mobile
[Sat Feb 16 13:00:00 2019]	heart_web
[Sat Feb 16 13:00:00 2019]	heart_mobile
[Sat Feb 16 13:00:00 2019]	heart_web
[Sat Feb 16 13:00:00 2019]	heart_mobile
[Sat Feb 16 13:00:00 2019]	heart_web
[Sat Feb 16 13:00:00 2019]	heart_mobile
[Sat Feb 16 13:00:01 2019]	heart_web
[Sat Feb 16 13:00:01 2019]	heart_mobile
[u'43645233', u'43646130', u'43622203', u'43728880', u'43658510']
15824397397
zsj0911*
0
------------------
17367078621
weiyuxin
51
------------------
15127529708
shijizhe
237.58
------------------
13306522935
zjuZSJ0911*
0
------------------
[Sat Feb 16 13:05:00 2019]	heart_web
[Sat Feb 16 13:05:00 2019]	heart_mobile
[Sat Feb 16 13:05:00 2019]	heart_web
[Sat Feb 16 13:05:00 2019]	heart_mobile
[Sat Feb 16 13:05:00 2019]	heart_web
[Sat Feb 16 13:05:00 2019]	heart_mobile
[Sat Feb 16 13:05:00 2019]	heart_web
[Sat Feb 16 13:05:00 2019]	heart_mobile
[Sat Feb 16 13:10:00 2019]	heart_web
[Sat Feb 16 13:10:00 2019]	heart_mobile
[Sat Feb 16 13:10:00 2019]	heart_web
[Sat Feb 16 13:10:00 2019]	heart_mobile
[Sat Feb 16 13:10:00 2019]	heart_web
[Sat Feb 16 13:10:00 2019]	heart_mobile
[Sat Feb 16 13:10:00 2019]	heart_web
[Sat Feb 16 13:10:00 2019]	heart_mobile
[Sat Feb 16 13:15:00 2019]	heart_web
[Sat Feb 16 13:15:00 2019]	heart_mobile
[Sat Feb 16 13:15:00 2019]	heart_web
[Sat Feb 16 13:15:00 2019]	heart_mobile
[Sat Feb 16 13:15:00 2019]	heart_web
[Sat Feb 16 13:15:00 2019]	heart_mobile
[Sat Feb 16 13:15:00 2019]	heart_web
[Sat Feb 16 13:15:00 2019]	heart_mobile
[Sat Feb 16 13:20:00 2019]	heart_web
[Sat Feb 16 13:20:00 2019]	heart_mobile
[Sat Feb 16 13:20:00 2019]	heart_web
[Sat Feb 16 13:20:00 2019]	heart_mobile
[Sat Feb 16 13:20:00 2019]	heart_web
[Sat Feb 16 13:20:00 2019]	heart_mobile
[Sat Feb 16 13:20:00 2019]	heart_web
[Sat Feb 16 13:20:01 2019]	heart_mobile
[Sat Feb 16 13:25:00 2019]	heart_web
[Sat Feb 16 13:25:00 2019]	heart_mobile
[Sat Feb 16 13:25:00 2019]	heart_web
[Sat Feb 16 13:25:00 2019]	heart_mobile
[Sat Feb 16 13:25:00 2019]	heart_web
[Sat Feb 16 13:25:00 2019]	heart_mobile
[Sat Feb 16 13:25:00 2019]	heart_web
[Sat Feb 16 13:25:00 2019]	heart_mobile
[Sat Feb 16 13:30:00 2019]	heart_web
[Sat Feb 16 13:30:00 2019]	heart_mobile
[Sat Feb 16 13:30:00 2019]	heart_web
[Sat Feb 16 13:30:00 2019]	heart_mobile
[Sat Feb 16 13:30:00 2019]	heart_web
[Sat Feb 16 13:30:00 2019]	heart_mobile
[Sat Feb 16 13:30:00 2019]	heart_web
[Sat Feb 16 13:30:01 2019]	heart_mobile
[Sat Feb 16 13:35:00 2019]	heart_web
[Sat Feb 16 13:35:00 2019]	heart_mobile
[Sat Feb 16 13:35:00 2019]	heart_web
[Sat Feb 16 13:35:00 2019]	heart_mobile
[Sat Feb 16 13:35:00 2019]	heart_web
[Sat Feb 16 13:35:00 2019]	heart_mobile
[Sat Feb 16 13:35:00 2019]	heart_web
[Sat Feb 16 13:35:00 2019]	heart_mobile
[Sat Feb 16 13:40:00 2019]	heart_web
[Sat Feb 16 13:40:00 2019]	heart_mobile
[Sat Feb 16 13:40:00 2019]	heart_web
[Sat Feb 16 13:40:00 2019]	heart_mobile
[Sat Feb 16 13:40:00 2019]	heart_web
[Sat Feb 16 13:40:00 2019]	heart_mobile
[Sat Feb 16 13:40:00 2019]	heart_web
[Sat Feb 16 13:40:00 2019]	heart_mobile
[Sat Feb 16 13:45:00 2019]	heart_web
[Sat Feb 16 13:45:00 2019]	heart_mobile
[Sat Feb 16 13:45:00 2019]	heart_web
[Sat Feb 16 13:45:00 2019]	heart_mobile
[Sat Feb 16 13:45:00 2019]	heart_web
[Sat Feb 16 13:45:00 2019]	heart_mobile
[Sat Feb 16 13:45:00 2019]	heart_web
[Sat Feb 16 13:45:00 2019]	heart_mobile
[Sat Feb 16 13:50:00 2019]	heart_web
[Sat Feb 16 13:50:00 2019]	heart_mobile
[Sat Feb 16 13:50:00 2019]	heart_web
[Sat Feb 16 13:50:00 2019]	heart_mobile
[Sat Feb 16 13:50:00 2019]	heart_web
[Sat Feb 16 13:50:00 2019]	heart_mobile
[Sat Feb 16 13:50:01 2019]	heart_web
[Sat Feb 16 13:50:01 2019]	heart_mobile
[Sat Feb 16 13:55:00 2019]	heart_web
[Sat Feb 16 13:55:00 2019]	heart_mobile
[Sat Feb 16 13:55:00 2019]	heart_web
[Sat Feb 16 13:55:00 2019]	heart_mobile
[Sat Feb 16 13:55:00 2019]	heart_web
[Sat Feb 16 13:55:00 2019]	heart_mobile
[Sat Feb 16 13:55:00 2019]	heart_web
[Sat Feb 16 13:55:00 2019]	heart_mobile
[Sat Feb 16 14:00:00 2019]	heart_web
[Sat Feb 16 14:00:00 2019]	heart_mobile
[Sat Feb 16 14:00:00 2019]	heart_web
[Sat Feb 16 14:00:00 2019]	heart_mobile
[Sat Feb 16 14:00:00 2019]	heart_web
[Sat Feb 16 14:00:00 2019]	heart_mobile
[Sat Feb 16 14:00:00 2019]	heart_web
[Sat Feb 16 14:00:00 2019]	heart_mobile
[u'43645233', u'43646130', u'43728880', u'43658510', u'43705674']
15824397397
zsj0911*
0
------------------
17367078621
weiyuxin
51
------------------
15127529708
shijizhe
237.58
------------------
13306522935
zjuZSJ0911*
0
------------------
[Sat Feb 16 14:05:00 2019]	heart_web
[Sat Feb 16 14:05:00 2019]	heart_mobile
[Sat Feb 16 14:05:00 2019]	heart_web
[Sat Feb 16 14:05:00 2019]	heart_mobile
[Sat Feb 16 14:05:00 2019]	heart_web
[Sat Feb 16 14:05:00 2019]	heart_mobile
[Sat Feb 16 14:05:00 2019]	heart_web
[Sat Feb 16 14:05:00 2019]	heart_mobile
[Sat Feb 16 14:10:00 2019]	heart_web
[Sat Feb 16 14:10:00 2019]	heart_mobile
[Sat Feb 16 14:10:00 2019]	heart_web
[Sat Feb 16 14:10:00 2019]	heart_mobile
[Sat Feb 16 14:10:00 2019]	heart_web
[Sat Feb 16 14:10:00 2019]	heart_mobile
[Sat Feb 16 14:10:00 2019]	heart_web
[Sat Feb 16 14:10:00 2019]	heart_mobile
[Sat Feb 16 14:15:00 2019]	heart_web
[Sat Feb 16 14:15:00 2019]	heart_mobile
[Sat Feb 16 14:15:00 2019]	heart_web
[Sat Feb 16 14:15:00 2019]	heart_mobile
[Sat Feb 16 14:15:00 2019]	heart_web
[Sat Feb 16 14:15:00 2019]	heart_mobile
[Sat Feb 16 14:15:00 2019]	heart_web
[Sat Feb 16 14:15:01 2019]	heart_mobile
[Sat Feb 16 14:20:00 2019]	heart_web
[Sat Feb 16 14:20:00 2019]	heart_mobile
[Sat Feb 16 14:20:00 2019]	heart_web
[Sat Feb 16 14:20:00 2019]	heart_mobile
[Sat Feb 16 14:20:00 2019]	heart_web
[Sat Feb 16 14:20:00 2019]	heart_mobile
[Sat Feb 16 14:20:00 2019]	heart_web
[Sat Feb 16 14:20:00 2019]	heart_mobile
[Sat Feb 16 14:25:00 2019]	heart_web
[Sat Feb 16 14:25:00 2019]	heart_mobile
[Sat Feb 16 14:25:00 2019]	heart_web
[Sat Feb 16 14:25:00 2019]	heart_mobile
[Sat Feb 16 14:25:00 2019]	heart_web
[Sat Feb 16 14:25:00 2019]	heart_mobile
[Sat Feb 16 14:25:00 2019]	heart_web
[Sat Feb 16 14:25:00 2019]	heart_mobile
[Sat Feb 16 14:30:00 2019]	heart_web
[Sat Feb 16 14:30:00 2019]	heart_mobile
[Sat Feb 16 14:30:00 2019]	heart_web
[Sat Feb 16 14:30:00 2019]	heart_mobile
[Sat Feb 16 14:30:00 2019]	heart_web
[Sat Feb 16 14:30:00 2019]	heart_mobile
[Sat Feb 16 14:30:00 2019]	heart_web
[Sat Feb 16 14:30:01 2019]	heart_mobile
[Sat Feb 16 14:35:00 2019]	heart_web
[Sat Feb 16 14:35:00 2019]	heart_mobile
[Sat Feb 16 14:35:00 2019]	heart_web
[Sat Feb 16 14:35:00 2019]	heart_mobile
[Sat Feb 16 14:35:00 2019]	heart_web
[Sat Feb 16 14:35:00 2019]	heart_mobile
[Sat Feb 16 14:35:00 2019]	heart_web
[Sat Feb 16 14:35:00 2019]	heart_mobile
[Sat Feb 16 14:40:00 2019]	heart_web
[Sat Feb 16 14:40:00 2019]	heart_mobile
[Sat Feb 16 14:40:00 2019]	heart_web
[Sat Feb 16 14:40:00 2019]	heart_mobile
[Sat Feb 16 14:40:00 2019]	heart_web
[Sat Feb 16 14:40:00 2019]	heart_mobile
[Sat Feb 16 14:40:00 2019]	heart_web
[Sat Feb 16 14:40:00 2019]	heart_mobile
[Sat Feb 16 14:45:00 2019]	heart_web
[Sat Feb 16 14:45:00 2019]	heart_mobile
[Sat Feb 16 14:45:00 2019]	heart_web
[Sat Feb 16 14:45:00 2019]	heart_mobile
[Sat Feb 16 14:45:00 2019]	heart_web
[Sat Feb 16 14:45:00 2019]	heart_mobile
[Sat Feb 16 14:45:00 2019]	heart_web
[Sat Feb 16 14:45:01 2019]	heart_mobile
[Sat Feb 16 14:50:00 2019]	heart_web
[Sat Feb 16 14:50:00 2019]	heart_mobile
[Sat Feb 16 14:50:00 2019]	heart_web
[Sat Feb 16 14:50:00 2019]	heart_mobile
[Sat Feb 16 14:50:00 2019]	heart_web
[Sat Feb 16 14:50:00 2019]	heart_mobile
[Sat Feb 16 14:50:00 2019]	heart_web
[Sat Feb 16 14:50:01 2019]	heart_mobile
[Sat Feb 16 14:55:00 2019]	heart_web
[Sat Feb 16 14:55:00 2019]	heart_mobile
[Sat Feb 16 14:55:00 2019]	heart_web
[Sat Feb 16 14:55:00 2019]	heart_mobile
[Sat Feb 16 14:55:00 2019]	heart_web
[Sat Feb 16 14:55:00 2019]	heart_mobile
[Sat Feb 16 14:55:00 2019]	heart_web
[Sat Feb 16 14:55:00 2019]	heart_mobile
[Sat Feb 16 15:00:00 2019]	heart_web
[Sat Feb 16 15:00:00 2019]	heart_mobile
[Sat Feb 16 15:00:00 2019]	heart_web
[Sat Feb 16 15:00:00 2019]	heart_mobile
[Sat Feb 16 15:00:00 2019]	heart_web
[Sat Feb 16 15:00:00 2019]	heart_mobile
[Sat Feb 16 15:00:00 2019]	heart_web
[Sat Feb 16 15:00:00 2019]	heart_mobile
[u'43645233', u'43646130', u'43728880', u'43658510', u'43705674']
15824397397
zsj0911*
0
------------------
17367078621
weiyuxin
51
------------------
15127529708
shijizhe
237.58
------------------
13306522935
zjuZSJ0911*
0
------------------
[Sat Feb 16 15:05:00 2019]	heart_web
[Sat Feb 16 15:05:00 2019]	heart_mobile
[Sat Feb 16 15:05:00 2019]	heart_web
[Sat Feb 16 15:05:00 2019]	heart_mobile
[Sat Feb 16 15:05:00 2019]	heart_web
[Sat Feb 16 15:05:00 2019]	heart_mobile
[Sat Feb 16 15:05:00 2019]	heart_web
[Sat Feb 16 15:05:00 2019]	heart_mobile
[Sat Feb 16 15:10:00 2019]	heart_web
[Sat Feb 16 15:10:00 2019]	heart_mobile
[Sat Feb 16 15:10:00 2019]	heart_web
[Sat Feb 16 15:10:00 2019]	heart_mobile
[Sat Feb 16 15:10:00 2019]	heart_web
[Sat Feb 16 15:10:00 2019]	heart_mobile
[Sat Feb 16 15:10:00 2019]	heart_web
[Sat Feb 16 15:10:00 2019]	heart_mobile
[Sat Feb 16 15:15:00 2019]	heart_web
[Sat Feb 16 15:15:00 2019]	heart_mobile
[Sat Feb 16 15:15:00 2019]	heart_web
[Sat Feb 16 15:15:00 2019]	heart_mobile
[Sat Feb 16 15:15:00 2019]	heart_web
[Sat Feb 16 15:15:00 2019]	heart_mobile
[Sat Feb 16 15:15:00 2019]	heart_web
[Sat Feb 16 15:15:00 2019]	heart_mobile
[Sat Feb 16 15:20:00 2019]	heart_web
[Sat Feb 16 15:20:00 2019]	heart_mobile
[Sat Feb 16 15:20:00 2019]	heart_web
[Sat Feb 16 15:20:00 2019]	heart_mobile
[Sat Feb 16 15:20:00 2019]	heart_web
[Sat Feb 16 15:20:00 2019]	heart_mobile
[Sat Feb 16 15:20:00 2019]	heart_web
[Sat Feb 16 15:20:00 2019]	heart_mobile
[Sat Feb 16 15:25:00 2019]	heart_web
[Sat Feb 16 15:25:00 2019]	heart_mobile
[Sat Feb 16 15:25:00 2019]	heart_web
[Sat Feb 16 15:25:00 2019]	heart_mobile
[Sat Feb 16 15:25:00 2019]	heart_web
[Sat Feb 16 15:25:00 2019]	heart_mobile
[Sat Feb 16 15:25:01 2019]	heart_web
[Sat Feb 16 15:25:01 2019]	heart_mobile
[Sat Feb 16 15:30:00 2019]	heart_web
[Sat Feb 16 15:30:00 2019]	heart_mobile
[Sat Feb 16 15:30:00 2019]	heart_web
[Sat Feb 16 15:30:00 2019]	heart_mobile
[Sat Feb 16 15:30:00 2019]	heart_web
[Sat Feb 16 15:30:00 2019]	heart_mobile
[Sat Feb 16 15:30:01 2019]	heart_web
[Sat Feb 16 15:30:01 2019]	heart_mobile
[Sat Feb 16 15:35:00 2019]	heart_web
[Sat Feb 16 15:35:00 2019]	heart_mobile
[Sat Feb 16 15:35:00 2019]	heart_web
[Sat Feb 16 15:35:00 2019]	heart_mobile
[Sat Feb 16 15:35:00 2019]	heart_web
[Sat Feb 16 15:35:00 2019]	heart_mobile
[Sat Feb 16 15:35:00 2019]	heart_web
[Sat Feb 16 15:35:00 2019]	heart_mobile
[Sat Feb 16 15:40:00 2019]	heart_web
[Sat Feb 16 15:40:00 2019]	heart_mobile
[Sat Feb 16 15:40:00 2019]	heart_web
[Sat Feb 16 15:40:00 2019]	heart_mobile
[Sat Feb 16 15:40:00 2019]	heart_web
[Sat Feb 16 15:40:00 2019]	heart_mobile
[Sat Feb 16 15:40:00 2019]	heart_web
[Sat Feb 16 15:40:00 2019]	heart_mobile
[Sat Feb 16 15:45:00 2019]	heart_web
[Sat Feb 16 15:45:00 2019]	heart_mobile
[Sat Feb 16 15:45:00 2019]	heart_web
[Sat Feb 16 15:45:00 2019]	heart_mobile
[Sat Feb 16 15:45:00 2019]	heart_web
[Sat Feb 16 15:45:00 2019]	heart_mobile
[Sat Feb 16 15:45:00 2019]	heart_web
[Sat Feb 16 15:45:01 2019]	heart_mobile
[Sat Feb 16 15:50:00 2019]	heart_web
[Sat Feb 16 15:50:00 2019]	heart_mobile
[Sat Feb 16 15:50:00 2019]	heart_web
[Sat Feb 16 15:50:00 2019]	heart_mobile
[Sat Feb 16 15:50:00 2019]	heart_web
[Sat Feb 16 15:50:00 2019]	heart_mobile
[Sat Feb 16 15:50:00 2019]	heart_web
[Sat Feb 16 15:50:00 2019]	heart_mobile
[Sat Feb 16 15:55:00 2019]	heart_web
[Sat Feb 16 15:55:00 2019]	heart_mobile
[Sat Feb 16 15:55:00 2019]	heart_web
[Sat Feb 16 15:55:00 2019]	heart_mobile
[Sat Feb 16 15:55:00 2019]	heart_web
[Sat Feb 16 15:55:00 2019]	heart_mobile
[Sat Feb 16 15:55:00 2019]	heart_web
[Sat Feb 16 15:55:01 2019]	heart_mobile
[Sat Feb 16 16:00:00 2019]	heart_web
[Sat Feb 16 16:00:00 2019]	heart_mobile
[Sat Feb 16 16:00:00 2019]	heart_web
[Sat Feb 16 16:00:00 2019]	heart_mobile
[Sat Feb 16 16:00:00 2019]	heart_web
[Sat Feb 16 16:00:00 2019]	heart_mobile
[Sat Feb 16 16:00:00 2019]	heart_web
[Sat Feb 16 16:00:00 2019]	heart_mobile
[u'43645233', u'43646130', u'43728880', u'43658510', u'43705674']
15824397397
zsj0911*
0
------------------
17367078621
weiyuxin
51
------------------
15127529708
shijizhe
237.58
------------------
13306522935
zjuZSJ0911*
0
------------------
[Sat Feb 16 16:05:00 2019]	heart_web
[Sat Feb 16 16:05:00 2019]	heart_mobile
[Sat Feb 16 16:05:00 2019]	heart_web
[Sat Feb 16 16:05:00 2019]	heart_mobile
[Sat Feb 16 16:05:00 2019]	heart_web
[Sat Feb 16 16:05:00 2019]	heart_mobile
[Sat Feb 16 16:05:00 2019]	heart_web
[Sat Feb 16 16:05:00 2019]	heart_mobile
[Sat Feb 16 16:10:00 2019]	heart_web
[Sat Feb 16 16:10:00 2019]	heart_mobile
[Sat Feb 16 16:10:00 2019]	heart_web
[Sat Feb 16 16:10:00 2019]	heart_mobile
[Sat Feb 16 16:10:00 2019]	heart_web
[Sat Feb 16 16:10:00 2019]	heart_mobile
[Sat Feb 16 16:10:00 2019]	heart_web
[Sat Feb 16 16:10:01 2019]	heart_mobile
[Sat Feb 16 16:15:00 2019]	heart_web
[Sat Feb 16 16:15:00 2019]	heart_mobile
[Sat Feb 16 16:15:00 2019]	heart_web
[Sat Feb 16 16:15:00 2019]	heart_mobile
[Sat Feb 16 16:15:00 2019]	heart_web
[Sat Feb 16 16:15:00 2019]	heart_mobile
[Sat Feb 16 16:15:00 2019]	heart_web
[Sat Feb 16 16:15:01 2019]	heart_mobile
[Sat Feb 16 16:20:00 2019]	heart_web
[Sat Feb 16 16:20:00 2019]	heart_mobile
[Sat Feb 16 16:20:00 2019]	heart_web
[Sat Feb 16 16:20:00 2019]	heart_mobile
[Sat Feb 16 16:20:00 2019]	heart_web
[Sat Feb 16 16:20:00 2019]	heart_mobile
[Sat Feb 16 16:20:00 2019]	heart_web
[Sat Feb 16 16:20:00 2019]	heart_mobile
[Sat Feb 16 16:25:00 2019]	heart_web
[Sat Feb 16 16:25:00 2019]	heart_mobile
[Sat Feb 16 16:25:00 2019]	heart_web
[Sat Feb 16 16:25:00 2019]	heart_mobile
[Sat Feb 16 16:25:00 2019]	heart_web
[Sat Feb 16 16:25:00 2019]	heart_mobile
[Sat Feb 16 16:25:00 2019]	heart_web
[Sat Feb 16 16:25:01 2019]	heart_mobile
[Sat Feb 16 16:30:00 2019]	heart_web
[Sat Feb 16 16:30:00 2019]	heart_mobile
[Sat Feb 16 16:30:00 2019]	heart_web
[Sat Feb 16 16:30:00 2019]	heart_mobile
[Sat Feb 16 16:30:00 2019]	heart_web
[Sat Feb 16 16:30:00 2019]	heart_mobile
[Sat Feb 16 16:30:00 2019]	heart_web
[Sat Feb 16 16:30:00 2019]	heart_mobile
[Sat Feb 16 16:35:00 2019]	heart_web
[Sat Feb 16 16:35:00 2019]	heart_mobile
[Sat Feb 16 16:35:00 2019]	heart_web
[Sat Feb 16 16:35:00 2019]	heart_mobile
[Sat Feb 16 16:35:00 2019]	heart_web
[Sat Feb 16 16:35:00 2019]	heart_mobile
[Sat Feb 16 16:35:00 2019]	heart_web
[Sat Feb 16 16:35:00 2019]	heart_mobile
[Sat Feb 16 16:40:00 2019]	heart_web
[Sat Feb 16 16:40:00 2019]	heart_mobile
[Sat Feb 16 16:40:00 2019]	heart_web
[Sat Feb 16 16:40:00 2019]	heart_mobile
[Sat Feb 16 16:40:00 2019]	heart_web
[Sat Feb 16 16:40:00 2019]	heart_mobile
[Sat Feb 16 16:40:00 2019]	heart_web
[Sat Feb 16 16:40:00 2019]	heart_mobile
[Sat Feb 16 16:45:00 2019]	heart_web
[Sat Feb 16 16:45:00 2019]	heart_mobile
[Sat Feb 16 16:45:00 2019]	heart_web
[Sat Feb 16 16:45:00 2019]	heart_mobile
[Sat Feb 16 16:45:00 2019]	heart_web
[Sat Feb 16 16:45:00 2019]	heart_mobile
[Sat Feb 16 16:45:00 2019]	heart_web
[Sat Feb 16 16:45:00 2019]	heart_mobile
[Sat Feb 16 16:50:00 2019]	heart_web
[Sat Feb 16 16:50:00 2019]	heart_mobile
[Sat Feb 16 16:50:00 2019]	heart_web
[Sat Feb 16 16:50:00 2019]	heart_mobile
[Sat Feb 16 16:50:00 2019]	heart_web
[Sat Feb 16 16:50:00 2019]	heart_mobile
[Sat Feb 16 16:50:00 2019]	heart_web
[Sat Feb 16 16:50:00 2019]	heart_mobile
[Sat Feb 16 16:55:00 2019]	heart_web
[Sat Feb 16 16:55:00 2019]	heart_mobile
[Sat Feb 16 16:55:00 2019]	heart_web
[Sat Feb 16 16:55:00 2019]	heart_mobile
[Sat Feb 16 16:55:00 2019]	heart_web
[Sat Feb 16 16:55:00 2019]	heart_mobile
[Sat Feb 16 16:55:00 2019]	heart_web
[Sat Feb 16 16:55:00 2019]	heart_mobile
[Sat Feb 16 17:00:00 2019]	heart_web
[Sat Feb 16 17:00:00 2019]	heart_mobile
[Sat Feb 16 17:00:00 2019]	heart_web
[Sat Feb 16 17:00:00 2019]	heart_mobile
[Sat Feb 16 17:00:00 2019]	heart_web
[Sat Feb 16 17:00:00 2019]	heart_mobile
[Sat Feb 16 17:00:00 2019]	heart_web
[Sat Feb 16 17:00:00 2019]	heart_mobile
[u'43645233', u'43646130', u'43744183', u'43749118', u'43728880']
15824397397
zsj0911*
0
------------------
17367078621
weiyuxin
51
------------------
15127529708
shijizhe
237.58
------------------
13306522935
zjuZSJ0911*
0
------------------
[Sat Feb 16 17:05:00 2019]	heart_web
[Sat Feb 16 17:05:00 2019]	heart_mobile
[Sat Feb 16 17:05:00 2019]	heart_web
[Sat Feb 16 17:05:00 2019]	heart_mobile
[Sat Feb 16 17:05:00 2019]	heart_web
[Sat Feb 16 17:05:00 2019]	heart_mobile
[Sat Feb 16 17:05:00 2019]	heart_web
[Sat Feb 16 17:05:00 2019]	heart_mobile
[Sat Feb 16 17:10:00 2019]	heart_web
[Sat Feb 16 17:10:00 2019]	heart_mobile
[Sat Feb 16 17:10:00 2019]	heart_web
[Sat Feb 16 17:10:00 2019]	heart_mobile
[Sat Feb 16 17:10:00 2019]	heart_web
[Sat Feb 16 17:10:00 2019]	heart_mobile
[Sat Feb 16 17:10:00 2019]	heart_web
[Sat Feb 16 17:10:00 2019]	heart_mobile
[Sat Feb 16 17:15:00 2019]	heart_web
[Sat Feb 16 17:15:00 2019]	heart_mobile
[Sat Feb 16 17:15:00 2019]	heart_web
[Sat Feb 16 17:15:00 2019]	heart_mobile
[Sat Feb 16 17:15:00 2019]	heart_web
[Sat Feb 16 17:15:00 2019]	heart_mobile
[Sat Feb 16 17:15:00 2019]	heart_web
[Sat Feb 16 17:15:00 2019]	heart_mobile
[Sat Feb 16 17:20:00 2019]	heart_web
[Sat Feb 16 17:20:00 2019]	heart_mobile
[Sat Feb 16 17:20:00 2019]	heart_web
[Sat Feb 16 17:20:00 2019]	heart_mobile
[Sat Feb 16 17:20:00 2019]	heart_web
[Sat Feb 16 17:20:00 2019]	heart_mobile
[Sat Feb 16 17:20:00 2019]	heart_web
[Sat Feb 16 17:20:00 2019]	heart_mobile
[Sat Feb 16 17:25:00 2019]	heart_web
[Sat Feb 16 17:25:00 2019]	heart_mobile
[Sat Feb 16 17:25:00 2019]	heart_web
[Sat Feb 16 17:25:00 2019]	heart_mobile
[Sat Feb 16 17:25:00 2019]	heart_web
[Sat Feb 16 17:25:00 2019]	heart_mobile
[Sat Feb 16 17:25:00 2019]	heart_web
[Sat Feb 16 17:25:00 2019]	heart_mobile
[Sat Feb 16 17:30:00 2019]	heart_web
[Sat Feb 16 17:30:00 2019]	heart_mobile
[Sat Feb 16 17:30:00 2019]	heart_web
[Sat Feb 16 17:30:00 2019]	heart_mobile
[Sat Feb 16 17:30:00 2019]	heart_web
[Sat Feb 16 17:30:00 2019]	heart_mobile
[Sat Feb 16 17:30:00 2019]	heart_web
[Sat Feb 16 17:30:01 2019]	heart_mobile
[Sat Feb 16 17:35:00 2019]	heart_web
[Sat Feb 16 17:35:00 2019]	heart_mobile
[Sat Feb 16 17:35:00 2019]	heart_web
[Sat Feb 16 17:35:00 2019]	heart_mobile
[Sat Feb 16 17:35:00 2019]	heart_web
[Sat Feb 16 17:35:00 2019]	heart_mobile
[Sat Feb 16 17:35:00 2019]	heart_web
[Sat Feb 16 17:35:00 2019]	heart_mobile
[Sat Feb 16 17:40:00 2019]	heart_web
[Sat Feb 16 17:40:00 2019]	heart_mobile
[Sat Feb 16 17:40:00 2019]	heart_web
[Sat Feb 16 17:40:00 2019]	heart_mobile
[Sat Feb 16 17:40:00 2019]	heart_web
[Sat Feb 16 17:40:00 2019]	heart_mobile
[Sat Feb 16 17:40:00 2019]	heart_web
[Sat Feb 16 17:40:00 2019]	heart_mobile
[Sat Feb 16 17:45:00 2019]	heart_web
[Sat Feb 16 17:45:00 2019]	heart_mobile
[Sat Feb 16 17:45:00 2019]	heart_web
[Sat Feb 16 17:45:00 2019]	heart_mobile
[Sat Feb 16 17:45:00 2019]	heart_web
[Sat Feb 16 17:45:00 2019]	heart_mobile
[Sat Feb 16 17:45:00 2019]	heart_web
[Sat Feb 16 17:45:00 2019]	heart_mobile
[Sat Feb 16 17:50:00 2019]	heart_web
[Sat Feb 16 17:50:00 2019]	heart_mobile
[Sat Feb 16 17:50:00 2019]	heart_web
[Sat Feb 16 17:50:00 2019]	heart_mobile
[Sat Feb 16 17:50:00 2019]	heart_web
[Sat Feb 16 17:50:00 2019]	heart_mobile
[Sat Feb 16 17:50:00 2019]	heart_web
[Sat Feb 16 17:50:00 2019]	heart_mobile
[Sat Feb 16 17:55:00 2019]	heart_web
[Sat Feb 16 17:55:00 2019]	heart_mobile
[Sat Feb 16 17:55:00 2019]	heart_web
[Sat Feb 16 17:55:00 2019]	heart_mobile
[Sat Feb 16 17:55:00 2019]	heart_web
[Sat Feb 16 17:55:00 2019]	heart_mobile
[Sat Feb 16 17:55:00 2019]	heart_web
[Sat Feb 16 17:55:00 2019]	heart_mobile
[Sat Feb 16 18:00:00 2019]	heart_web
[Sat Feb 16 18:00:00 2019]	heart_mobile
[Sat Feb 16 18:00:00 2019]	heart_web
[Sat Feb 16 18:00:00 2019]	heart_mobile
[Sat Feb 16 18:00:00 2019]	heart_web
[Sat Feb 16 18:00:00 2019]	heart_mobile
[Sat Feb 16 18:00:00 2019]	heart_web
[Sat Feb 16 18:00:00 2019]	heart_mobile
[u'43664630', u'43744183', u'43749118', u'43728880', u'43658510']
15824397397
zsj0911*
0
------------------
17367078621
weiyuxin
51
------------------
15127529708
shijizhe
237.58
------------------
13306522935
zjuZSJ0911*
0
------------------
[Sat Feb 16 18:05:00 2019]	heart_web
[Sat Feb 16 18:05:00 2019]	heart_mobile
[Sat Feb 16 18:05:00 2019]	heart_web
[Sat Feb 16 18:05:00 2019]	heart_mobile
[Sat Feb 16 18:05:00 2019]	heart_web
[Sat Feb 16 18:05:00 2019]	heart_mobile
[Sat Feb 16 18:05:00 2019]	heart_web
[Sat Feb 16 18:05:00 2019]	heart_mobile
[Sat Feb 16 18:10:00 2019]	heart_web
[Sat Feb 16 18:10:00 2019]	heart_mobile
[Sat Feb 16 18:10:00 2019]	heart_web
[Sat Feb 16 18:10:00 2019]	heart_mobile
[Sat Feb 16 18:10:00 2019]	heart_web
[Sat Feb 16 18:10:00 2019]	heart_mobile
[Sat Feb 16 18:10:00 2019]	heart_web
[Sat Feb 16 18:10:00 2019]	heart_mobile
[Sat Feb 16 18:15:00 2019]	heart_web
[Sat Feb 16 18:15:00 2019]	heart_mobile
[Sat Feb 16 18:15:00 2019]	heart_web
[Sat Feb 16 18:15:00 2019]	heart_mobile
[Sat Feb 16 18:15:00 2019]	heart_web
[Sat Feb 16 18:15:00 2019]	heart_mobile
[Sat Feb 16 18:15:00 2019]	heart_web
[Sat Feb 16 18:15:00 2019]	heart_mobile
[Sat Feb 16 18:20:00 2019]	heart_web
[Sat Feb 16 18:20:00 2019]	heart_mobile
[Sat Feb 16 18:20:00 2019]	heart_web
[Sat Feb 16 18:20:00 2019]	heart_mobile
[Sat Feb 16 18:20:00 2019]	heart_web
[Sat Feb 16 18:20:00 2019]	heart_mobile
[Sat Feb 16 18:20:00 2019]	heart_web
[Sat Feb 16 18:20:00 2019]	heart_mobile
[Sat Feb 16 18:25:00 2019]	heart_web
[Sat Feb 16 18:25:00 2019]	heart_mobile
[Sat Feb 16 18:25:00 2019]	heart_web
[Sat Feb 16 18:25:00 2019]	heart_mobile
[Sat Feb 16 18:25:00 2019]	heart_web
[Sat Feb 16 18:25:00 2019]	heart_mobile
[Sat Feb 16 18:25:00 2019]	heart_web
[Sat Feb 16 18:25:00 2019]	heart_mobile
[Sat Feb 16 18:30:00 2019]	heart_web
[Sat Feb 16 18:30:00 2019]	heart_mobile
[Sat Feb 16 18:30:00 2019]	heart_web
[Sat Feb 16 18:30:00 2019]	heart_mobile
[Sat Feb 16 18:30:00 2019]	heart_web
[Sat Feb 16 18:30:00 2019]	heart_mobile
[Sat Feb 16 18:30:00 2019]	heart_web
[Sat Feb 16 18:30:00 2019]	heart_mobile
[Sat Feb 16 18:35:00 2019]	heart_web
[Sat Feb 16 18:35:00 2019]	heart_mobile
[Sat Feb 16 18:35:00 2019]	heart_web
[Sat Feb 16 18:35:00 2019]	heart_mobile
[Sat Feb 16 18:35:00 2019]	heart_web
[Sat Feb 16 18:35:00 2019]	heart_mobile
[Sat Feb 16 18:35:01 2019]	heart_web
[Sat Feb 16 18:35:01 2019]	heart_mobile
[Sat Feb 16 18:40:00 2019]	heart_web
[Sat Feb 16 18:40:00 2019]	heart_mobile
[Sat Feb 16 18:40:00 2019]	heart_web
[Sat Feb 16 18:40:00 2019]	heart_mobile
[Sat Feb 16 18:40:00 2019]	heart_web
[Sat Feb 16 18:40:00 2019]	heart_mobile
[Sat Feb 16 18:40:00 2019]	heart_web
[Sat Feb 16 18:40:00 2019]	heart_mobile
[Sat Feb 16 18:45:00 2019]	heart_web
[Sat Feb 16 18:45:00 2019]	heart_mobile
[Sat Feb 16 18:45:00 2019]	heart_web
[Sat Feb 16 18:45:00 2019]	heart_mobile
[Sat Feb 16 18:45:00 2019]	heart_web
[Sat Feb 16 18:45:00 2019]	heart_mobile
[Sat Feb 16 18:45:00 2019]	heart_web
[Sat Feb 16 18:45:01 2019]	heart_mobile
[Sat Feb 16 18:50:00 2019]	heart_web
[Sat Feb 16 18:50:00 2019]	heart_mobile
[Sat Feb 16 18:50:00 2019]	heart_web
[Sat Feb 16 18:50:00 2019]	heart_mobile
[Sat Feb 16 18:50:00 2019]	heart_web
[Sat Feb 16 18:50:00 2019]	heart_mobile
[Sat Feb 16 18:50:00 2019]	heart_web
[Sat Feb 16 18:50:01 2019]	heart_mobile
[Sat Feb 16 18:55:00 2019]	heart_web
[Sat Feb 16 18:55:00 2019]	heart_mobile
[Sat Feb 16 18:55:00 2019]	heart_web
[Sat Feb 16 18:55:00 2019]	heart_mobile
[Sat Feb 16 18:55:00 2019]	heart_web
[Sat Feb 16 18:55:00 2019]	heart_mobile
[Sat Feb 16 18:55:00 2019]	heart_web
[Sat Feb 16 18:55:00 2019]	heart_mobile
[Sat Feb 16 19:00:00 2019]	heart_web
[Sat Feb 16 19:00:00 2019]	heart_mobile
[Sat Feb 16 19:00:00 2019]	heart_web
[Sat Feb 16 19:00:00 2019]	heart_mobile
[Sat Feb 16 19:00:00 2019]	heart_web
[Sat Feb 16 19:00:00 2019]	heart_mobile
[Sat Feb 16 19:00:00 2019]	heart_web
[Sat Feb 16 19:00:01 2019]	heart_mobile
[u'43730260', u'43744183', u'43749118', u'43728880', u'43705674']
15824397397
zsj0911*
0
------------------
17367078621
weiyuxin
51
------------------
15127529708
shijizhe
237.58
------------------
13306522935
zjuZSJ0911*
0
------------------
[Sat Feb 16 19:05:00 2019]	heart_web
[Sat Feb 16 19:05:00 2019]	heart_mobile
[Sat Feb 16 19:05:00 2019]	heart_web
[Sat Feb 16 19:05:00 2019]	heart_mobile
[Sat Feb 16 19:05:00 2019]	heart_web
[Sat Feb 16 19:05:00 2019]	heart_mobile
[Sat Feb 16 19:05:00 2019]	heart_web
[Sat Feb 16 19:05:01 2019]	heart_mobile
[Sat Feb 16 19:10:00 2019]	heart_web
[Sat Feb 16 19:10:00 2019]	heart_mobile
[Sat Feb 16 19:10:01 2019]	heart_web
[Sat Feb 16 19:10:01 2019]	heart_mobile
[Sat Feb 16 19:10:01 2019]	heart_web
[Sat Feb 16 19:10:01 2019]	heart_mobile
[Sat Feb 16 19:10:01 2019]	heart_web
[Sat Feb 16 19:10:01 2019]	heart_mobile
[Sat Feb 16 19:15:00 2019]	heart_web
[Sat Feb 16 19:15:00 2019]	heart_mobile
[Sat Feb 16 19:15:00 2019]	heart_web
[Sat Feb 16 19:15:00 2019]	heart_mobile
[Sat Feb 16 19:15:00 2019]	heart_web
[Sat Feb 16 19:15:00 2019]	heart_mobile
[Sat Feb 16 19:15:00 2019]	heart_web
[Sat Feb 16 19:15:00 2019]	heart_mobile
[Sat Feb 16 19:20:00 2019]	heart_web
[Sat Feb 16 19:20:00 2019]	heart_mobile
[Sat Feb 16 19:20:00 2019]	heart_web
[Sat Feb 16 19:20:00 2019]	heart_mobile
[Sat Feb 16 19:20:00 2019]	heart_web
[Sat Feb 16 19:20:00 2019]	heart_mobile
[Sat Feb 16 19:20:00 2019]	heart_web
[Sat Feb 16 19:20:01 2019]	heart_mobile
[Sat Feb 16 19:25:00 2019]	heart_web
[Sat Feb 16 19:25:00 2019]	heart_mobile
[Sat Feb 16 19:25:00 2019]	heart_web
[Sat Feb 16 19:25:00 2019]	heart_mobile
[Sat Feb 16 19:25:00 2019]	heart_web
[Sat Feb 16 19:25:00 2019]	heart_mobile
[Sat Feb 16 19:25:01 2019]	heart_web
[Sat Feb 16 19:25:01 2019]	heart_mobile
[Sat Feb 16 19:30:00 2019]	heart_web
[Sat Feb 16 19:30:00 2019]	heart_mobile
[Sat Feb 16 19:30:00 2019]	heart_web
[Sat Feb 16 19:30:00 2019]	heart_mobile
[Sat Feb 16 19:30:00 2019]	heart_web
[Sat Feb 16 19:30:00 2019]	heart_mobile
[Sat Feb 16 19:30:00 2019]	heart_web
[Sat Feb 16 19:30:00 2019]	heart_mobile
[Sat Feb 16 19:35:00 2019]	heart_web
[Sat Feb 16 19:35:00 2019]	heart_mobile
[Sat Feb 16 19:35:00 2019]	heart_web
[Sat Feb 16 19:35:00 2019]	heart_mobile
[Sat Feb 16 19:35:00 2019]	heart_web
[Sat Feb 16 19:35:00 2019]	heart_mobile
[Sat Feb 16 19:35:00 2019]	heart_web
[Sat Feb 16 19:35:00 2019]	heart_mobile
[Sat Feb 16 19:40:00 2019]	heart_web
[Sat Feb 16 19:40:00 2019]	heart_mobile
[Sat Feb 16 19:40:00 2019]	heart_web
[Sat Feb 16 19:40:00 2019]	heart_mobile
[Sat Feb 16 19:40:00 2019]	heart_web
[Sat Feb 16 19:40:00 2019]	heart_mobile
[Sat Feb 16 19:40:01 2019]	heart_web
[Sat Feb 16 19:40:01 2019]	heart_mobile
[Sat Feb 16 19:45:00 2019]	heart_web
[Sat Feb 16 19:45:00 2019]	heart_mobile
[Sat Feb 16 19:45:00 2019]	heart_web
[Sat Feb 16 19:45:00 2019]	heart_mobile
[Sat Feb 16 19:45:00 2019]	heart_web
[Sat Feb 16 19:45:00 2019]	heart_mobile
[Sat Feb 16 19:45:00 2019]	heart_web
[Sat Feb 16 19:45:01 2019]	heart_mobile
[Sat Feb 16 19:50:00 2019]	heart_web
[Sat Feb 16 19:50:00 2019]	heart_mobile
[Sat Feb 16 19:50:00 2019]	heart_web
[Sat Feb 16 19:50:00 2019]	heart_mobile
[Sat Feb 16 19:50:00 2019]	heart_web
[Sat Feb 16 19:50:00 2019]	heart_mobile
[Sat Feb 16 19:50:00 2019]	heart_web
[Sat Feb 16 19:50:00 2019]	heart_mobile
[Sat Feb 16 19:55:00 2019]	heart_web
[Sat Feb 16 19:55:00 2019]	heart_mobile
[Sat Feb 16 19:55:00 2019]	heart_web
[Sat Feb 16 19:55:00 2019]	heart_mobile
[Sat Feb 16 19:55:00 2019]	heart_web
[Sat Feb 16 19:55:00 2019]	heart_mobile
[Sat Feb 16 19:55:00 2019]	heart_web
[Sat Feb 16 19:55:01 2019]	heart_mobile
[Sat Feb 16 20:00:00 2019]	heart_web
[Sat Feb 16 20:00:00 2019]	heart_mobile
[Sat Feb 16 20:00:00 2019]	heart_web
[Sat Feb 16 20:00:00 2019]	heart_mobile
[Sat Feb 16 20:00:00 2019]	heart_web
[Sat Feb 16 20:00:00 2019]	heart_mobile
[Sat Feb 16 20:00:00 2019]	heart_web
[Sat Feb 16 20:00:01 2019]	heart_mobile
[u'43761090', u'43767953', u'43730260', u'43744183', u'43749118']
15824397397
zsj0911*
0
------------------
17367078621
weiyuxin
51
------------------
15127529708
shijizhe
237.58
------------------
13306522935
zjuZSJ0911*
0
------------------
[Sat Feb 16 20:05:00 2019]	heart_web
[Sat Feb 16 20:05:00 2019]	heart_mobile
[Sat Feb 16 20:05:00 2019]	heart_web
[Sat Feb 16 20:05:00 2019]	heart_mobile
[Sat Feb 16 20:05:00 2019]	heart_web
[Sat Feb 16 20:05:00 2019]	heart_mobile
[Sat Feb 16 20:05:01 2019]	heart_web
[Sat Feb 16 20:05:01 2019]	heart_mobile
[Sat Feb 16 20:10:00 2019]	heart_web
[Sat Feb 16 20:10:00 2019]	heart_mobile
[Sat Feb 16 20:10:00 2019]	heart_web
[Sat Feb 16 20:10:00 2019]	heart_mobile
[Sat Feb 16 20:10:00 2019]	heart_web
[Sat Feb 16 20:10:00 2019]	heart_mobile
[Sat Feb 16 20:10:01 2019]	heart_web
[Sat Feb 16 20:10:01 2019]	heart_mobile
[Sat Feb 16 20:15:00 2019]	heart_web
[Sat Feb 16 20:15:00 2019]	heart_mobile
[Sat Feb 16 20:15:00 2019]	heart_web
[Sat Feb 16 20:15:00 2019]	heart_mobile
[Sat Feb 16 20:15:00 2019]	heart_web
[Sat Feb 16 20:15:00 2019]	heart_mobile
[Sat Feb 16 20:15:01 2019]	heart_web
[Sat Feb 16 20:15:01 2019]	heart_mobile
[Sat Feb 16 20:20:00 2019]	heart_web
[Sat Feb 16 20:20:00 2019]	heart_mobile
[Sat Feb 16 20:20:00 2019]	heart_web
[Sat Feb 16 20:20:00 2019]	heart_mobile
[Sat Feb 16 20:20:00 2019]	heart_web
[Sat Feb 16 20:20:00 2019]	heart_mobile
[Sat Feb 16 20:20:00 2019]	heart_web
[Sat Feb 16 20:20:00 2019]	heart_mobile
[Sat Feb 16 20:25:00 2019]	heart_web
[Sat Feb 16 20:25:00 2019]	heart_mobile
[Sat Feb 16 20:25:00 2019]	heart_web
[Sat Feb 16 20:25:00 2019]	heart_mobile
[Sat Feb 16 20:25:00 2019]	heart_web
[Sat Feb 16 20:25:00 2019]	heart_mobile
[Sat Feb 16 20:25:00 2019]	heart_web
[Sat Feb 16 20:25:01 2019]	heart_mobile
[Sat Feb 16 20:30:00 2019]	heart_web
[Sat Feb 16 20:30:00 2019]	heart_mobile
[Sat Feb 16 20:30:00 2019]	heart_web
[Sat Feb 16 20:30:00 2019]	heart_mobile
[Sat Feb 16 20:30:00 2019]	heart_web
[Sat Feb 16 20:30:00 2019]	heart_mobile
[Sat Feb 16 20:30:01 2019]	heart_web
[Sat Feb 16 20:30:01 2019]	heart_mobile
[Sat Feb 16 20:35:00 2019]	heart_web
[Sat Feb 16 20:35:00 2019]	heart_mobile
[Sat Feb 16 20:35:00 2019]	heart_web
[Sat Feb 16 20:35:00 2019]	heart_mobile
[Sat Feb 16 20:35:00 2019]	heart_web
[Sat Feb 16 20:35:00 2019]	heart_mobile
[Sat Feb 16 20:35:00 2019]	heart_web
[Sat Feb 16 20:35:00 2019]	heart_mobile
[Sat Feb 16 20:40:00 2019]	heart_web
[Sat Feb 16 20:40:00 2019]	heart_mobile
[Sat Feb 16 20:40:00 2019]	heart_web
[Sat Feb 16 20:40:00 2019]	heart_mobile
[Sat Feb 16 20:40:00 2019]	heart_web
[Sat Feb 16 20:40:00 2019]	heart_mobile
[Sat Feb 16 20:40:00 2019]	heart_web
[Sat Feb 16 20:40:01 2019]	heart_mobile
[Sat Feb 16 20:45:00 2019]	heart_web
[Sat Feb 16 20:45:00 2019]	heart_mobile
[Sat Feb 16 20:45:00 2019]	heart_web
[Sat Feb 16 20:45:00 2019]	heart_mobile
[Sat Feb 16 20:45:00 2019]	heart_web
[Sat Feb 16 20:45:00 2019]	heart_mobile
[Sat Feb 16 20:45:01 2019]	heart_web
[Sat Feb 16 20:45:01 2019]	heart_mobile
[Sat Feb 16 20:50:00 2019]	heart_web
[Sat Feb 16 20:50:00 2019]	heart_mobile
[Sat Feb 16 20:50:00 2019]	heart_web
[Sat Feb 16 20:50:00 2019]	heart_mobile
[Sat Feb 16 20:50:00 2019]	heart_web
[Sat Feb 16 20:50:00 2019]	heart_mobile
[Sat Feb 16 20:50:00 2019]	heart_web
[Sat Feb 16 20:50:00 2019]	heart_mobile
[Sat Feb 16 20:55:00 2019]	heart_web
[Sat Feb 16 20:55:00 2019]	heart_mobile
[Sat Feb 16 20:55:00 2019]	heart_web
[Sat Feb 16 20:55:00 2019]	heart_mobile
[Sat Feb 16 20:55:00 2019]	heart_web
[Sat Feb 16 20:55:00 2019]	heart_mobile
[Sat Feb 16 20:55:00 2019]	heart_web
[Sat Feb 16 20:55:00 2019]	heart_mobile
[Sat Feb 16 21:00:00 2019]	heart_web
[Sat Feb 16 21:00:00 2019]	heart_mobile
[Sat Feb 16 21:00:00 2019]	heart_web
[Sat Feb 16 21:00:00 2019]	heart_mobile
[Sat Feb 16 21:00:00 2019]	heart_web
[Sat Feb 16 21:00:00 2019]	heart_mobile
[Sat Feb 16 21:00:00 2019]	heart_web
[Sat Feb 16 21:00:00 2019]	heart_mobile
[Sat Feb 16 21:05:00 2019]	heart_web
[Sat Feb 16 21:05:00 2019]	heart_mobile
[Sat Feb 16 21:05:00 2019]	heart_web
[Sat Feb 16 21:05:00 2019]	heart_mobile
[Sat Feb 16 21:05:00 2019]	heart_web
[Sat Feb 16 21:05:00 2019]	heart_mobile
[Sat Feb 16 21:05:00 2019]	heart_web
[Sat Feb 16 21:05:01 2019]	heart_mobile
[Sat Feb 16 21:10:00 2019]	heart_web
[Sat Feb 16 21:10:00 2019]	heart_mobile
[Sat Feb 16 21:10:00 2019]	heart_web
[Sat Feb 16 21:10:00 2019]	heart_mobile
[Sat Feb 16 21:10:00 2019]	heart_web
[Sat Feb 16 21:10:00 2019]	heart_mobile
[Sat Feb 16 21:10:00 2019]	heart_web
[Sat Feb 16 21:10:01 2019]	heart_mobile
[Sat Feb 16 21:15:00 2019]	heart_web
[Sat Feb 16 21:15:00 2019]	heart_mobile
[Sat Feb 16 21:15:00 2019]	heart_web
[Sat Feb 16 21:15:00 2019]	heart_mobile
[Sat Feb 16 21:15:00 2019]	heart_web
[Sat Feb 16 21:15:00 2019]	heart_mobile
[Sat Feb 16 21:15:00 2019]	heart_web
[Sat Feb 16 21:15:00 2019]	heart_mobile
[Sat Feb 16 21:20:00 2019]	heart_web
[Sat Feb 16 21:20:00 2019]	heart_mobile
[Sat Feb 16 21:20:00 2019]	heart_web
[Sat Feb 16 21:20:00 2019]	heart_mobile
[Sat Feb 16 21:20:00 2019]	heart_web
[Sat Feb 16 21:20:00 2019]	heart_mobile
[Sat Feb 16 21:20:01 2019]	heart_web
[Sat Feb 16 21:20:01 2019]	heart_mobile
[Sat Feb 16 21:25:00 2019]	heart_web
[Sat Feb 16 21:25:00 2019]	heart_mobile
[Sat Feb 16 21:25:00 2019]	heart_web
[Sat Feb 16 21:25:00 2019]	heart_mobile
[Sat Feb 16 21:25:00 2019]	heart_web
[Sat Feb 16 21:25:00 2019]	heart_mobile
[Sat Feb 16 21:25:00 2019]	heart_web
[Sat Feb 16 21:25:01 2019]	heart_mobile
[Sat Feb 16 21:30:00 2019]	heart_web
[Sat Feb 16 21:30:00 2019]	heart_mobile
[Sat Feb 16 21:30:00 2019]	heart_web
[Sat Feb 16 21:30:00 2019]	heart_mobile
[Sat Feb 16 21:30:00 2019]	heart_web
[Sat Feb 16 21:30:00 2019]	heart_mobile
[Sat Feb 16 21:30:00 2019]	heart_web
[Sat Feb 16 21:30:01 2019]	heart_mobile
[Sat Feb 16 21:35:00 2019]	heart_web
[Sat Feb 16 21:35:00 2019]	heart_mobile
[Sat Feb 16 21:35:00 2019]	heart_web
[Sat Feb 16 21:35:00 2019]	heart_mobile
[Sat Feb 16 21:35:00 2019]	heart_web
[Sat Feb 16 21:35:00 2019]	heart_mobile
[Sat Feb 16 21:35:00 2019]	heart_web
[Sat Feb 16 21:35:01 2019]	heart_mobile
[Sat Feb 16 21:40:00 2019]	heart_web
[Sat Feb 16 21:40:00 2019]	heart_mobile
[Sat Feb 16 21:40:00 2019]	heart_web
[Sat Feb 16 21:40:00 2019]	heart_mobile
[Sat Feb 16 21:40:00 2019]	heart_web
[Sat Feb 16 21:40:00 2019]	heart_mobile
[Sat Feb 16 21:40:01 2019]	heart_web
[Sat Feb 16 21:40:02 2019]	heart_mobile
[Sat Feb 16 21:45:00 2019]	heart_web
[Sat Feb 16 21:45:00 2019]	heart_mobile
[Sat Feb 16 21:45:00 2019]	heart_web
[Sat Feb 16 21:45:00 2019]	heart_mobile
[Sat Feb 16 21:45:00 2019]	heart_web
[Sat Feb 16 21:45:00 2019]	heart_mobile
[Sat Feb 16 21:45:01 2019]	heart_web
[Sat Feb 16 21:45:01 2019]	heart_mobile
[Sat Feb 16 21:50:00 2019]	heart_web
[Sat Feb 16 21:50:00 2019]	heart_mobile
[Sat Feb 16 21:50:00 2019]	heart_web
[Sat Feb 16 21:50:00 2019]	heart_mobile
[Sat Feb 16 21:50:00 2019]	heart_web
[Sat Feb 16 21:50:01 2019]	heart_mobile
[Sat Feb 16 21:50:01 2019]	heart_web
[Sat Feb 16 21:50:01 2019]	heart_mobile
[Sat Feb 16 21:55:01 2019]	heart_web
[Sat Feb 16 21:55:01 2019]	heart_mobile
[Sat Feb 16 21:55:01 2019]	heart_web
[Sat Feb 16 21:55:01 2019]	heart_mobile
[Sat Feb 16 21:55:01 2019]	heart_web
[Sat Feb 16 21:55:01 2019]	heart_mobile
[Sat Feb 16 21:55:02 2019]	heart_web
[Sat Feb 16 21:55:02 2019]	heart_mobile
[Sat Feb 16 22:00:00 2019]	heart_web
[Sat Feb 16 22:00:00 2019]	heart_mobile
[Sat Feb 16 22:00:00 2019]	heart_web
[Sat Feb 16 22:00:00 2019]	heart_mobile
[Sat Feb 16 22:00:00 2019]	heart_web
[Sat Feb 16 22:00:00 2019]	heart_mobile
[Sat Feb 16 22:00:00 2019]	heart_web
[Sat Feb 16 22:00:00 2019]	heart_mobile
[Sat Feb 16 22:05:00 2019]	heart_web
[Sat Feb 16 22:05:00 2019]	heart_mobile
[Sat Feb 16 22:05:00 2019]	heart_web
[Sat Feb 16 22:05:00 2019]	heart_mobile
[Sat Feb 16 22:05:00 2019]	heart_web
[Sat Feb 16 22:05:00 2019]	heart_mobile
[Sat Feb 16 22:05:00 2019]	heart_web
[Sat Feb 16 22:05:00 2019]	heart_mobile
[Sat Feb 16 22:10:00 2019]	heart_web
[Sat Feb 16 22:10:00 2019]	heart_mobile
[Sat Feb 16 22:10:00 2019]	heart_web
[Sat Feb 16 22:10:00 2019]	heart_mobile
[Sat Feb 16 22:10:00 2019]	heart_web
[Sat Feb 16 22:10:00 2019]	heart_mobile
[Sat Feb 16 22:10:00 2019]	heart_web
[Sat Feb 16 22:10:01 2019]	heart_mobile
[Sat Feb 16 22:15:00 2019]	heart_web
[Sat Feb 16 22:15:00 2019]	heart_mobile
[Sat Feb 16 22:15:00 2019]	heart_web
[Sat Feb 16 22:15:00 2019]	heart_mobile
[Sat Feb 16 22:15:00 2019]	heart_web
[Sat Feb 16 22:15:00 2019]	heart_mobile
[Sat Feb 16 22:15:00 2019]	heart_web
[Sat Feb 16 22:15:01 2019]	heart_mobile
[Sat Feb 16 22:20:00 2019]	heart_web
[Sat Feb 16 22:20:00 2019]	heart_mobile
[Sat Feb 16 22:20:00 2019]	heart_web
[Sat Feb 16 22:20:00 2019]	heart_mobile
[Sat Feb 16 22:20:00 2019]	heart_web
[Sat Feb 16 22:20:00 2019]	heart_mobile
[Sat Feb 16 22:20:00 2019]	heart_web
[Sat Feb 16 22:20:00 2019]	heart_mobile
[Sat Feb 16 22:25:00 2019]	heart_web
[Sat Feb 16 22:25:00 2019]	heart_mobile
[Sat Feb 16 22:25:00 2019]	heart_web
[Sat Feb 16 22:25:00 2019]	heart_mobile
[Sat Feb 16 22:25:00 2019]	heart_web
[Sat Feb 16 22:25:00 2019]	heart_mobile
[Sat Feb 16 22:25:00 2019]	heart_web
[Sat Feb 16 22:25:01 2019]	heart_mobile
[Sat Feb 16 22:30:00 2019]	heart_web
[Sat Feb 16 22:30:00 2019]	heart_mobile
[Sat Feb 16 22:30:00 2019]	heart_web
[Sat Feb 16 22:30:00 2019]	heart_mobile
[Sat Feb 16 22:30:00 2019]	heart_web
[Sat Feb 16 22:30:00 2019]	heart_mobile
[Sat Feb 16 22:30:00 2019]	heart_web
[Sat Feb 16 22:30:00 2019]	heart_mobile
[Sat Feb 16 22:35:00 2019]	heart_web
[Sat Feb 16 22:35:00 2019]	heart_mobile
[Sat Feb 16 22:35:00 2019]	heart_web
[Sat Feb 16 22:35:00 2019]	heart_mobile
[Sat Feb 16 22:35:00 2019]	heart_web
[Sat Feb 16 22:35:00 2019]	heart_mobile
[Sat Feb 16 22:35:00 2019]	heart_web
[Sat Feb 16 22:35:00 2019]	heart_mobile
[Sat Feb 16 22:40:00 2019]	heart_web
[Sat Feb 16 22:40:00 2019]	heart_mobile
[Sat Feb 16 22:40:00 2019]	heart_web
[Sat Feb 16 22:40:00 2019]	heart_mobile
[Sat Feb 16 22:40:00 2019]	heart_web
[Sat Feb 16 22:40:00 2019]	heart_mobile
[Sat Feb 16 22:40:00 2019]	heart_web
[Sat Feb 16 22:40:01 2019]	heart_mobile
[Sat Feb 16 22:45:00 2019]	heart_web
[Sat Feb 16 22:45:00 2019]	heart_mobile
[Sat Feb 16 22:45:00 2019]	heart_web
[Sat Feb 16 22:45:00 2019]	heart_mobile
[Sat Feb 16 22:45:00 2019]	heart_web
[Sat Feb 16 22:45:00 2019]	heart_mobile
[Sat Feb 16 22:45:01 2019]	heart_web
[Sat Feb 16 22:45:01 2019]	heart_mobile
[Sat Feb 16 22:50:00 2019]	heart_web
[Sat Feb 16 22:50:00 2019]	heart_mobile
[Sat Feb 16 22:50:00 2019]	heart_web
[Sat Feb 16 22:50:00 2019]	heart_mobile
[Sat Feb 16 22:50:00 2019]	heart_web
[Sat Feb 16 22:50:00 2019]	heart_mobile
[Sat Feb 16 22:50:00 2019]	heart_web
[Sat Feb 16 22:50:01 2019]	heart_mobile
[Sat Feb 16 22:55:00 2019]	heart_web
[Sat Feb 16 22:55:00 2019]	heart_mobile
[Sat Feb 16 22:55:00 2019]	heart_web
[Sat Feb 16 22:55:00 2019]	heart_mobile
[Sat Feb 16 22:55:00 2019]	heart_web
[Sat Feb 16 22:55:00 2019]	heart_mobile
[Sat Feb 16 22:55:01 2019]	heart_web
[Sat Feb 16 22:55:01 2019]	heart_mobile
[Sat Feb 16 23:00:00 2019]	heart_web
[Sat Feb 16 23:00:00 2019]	heart_mobile
[Sat Feb 16 23:00:00 2019]	heart_web
[Sat Feb 16 23:00:00 2019]	heart_mobile
[Sat Feb 16 23:00:00 2019]	heart_web
[Sat Feb 16 23:00:00 2019]	heart_mobile
[Sat Feb 16 23:00:01 2019]	heart_web
[Sat Feb 16 23:00:01 2019]	heart_mobile
[Sat Feb 16 23:05:00 2019]	heart_web
[Sat Feb 16 23:05:00 2019]	heart_mobile
[Sat Feb 16 23:05:00 2019]	heart_web
[Sat Feb 16 23:05:00 2019]	heart_mobile
[Sat Feb 16 23:05:00 2019]	heart_web
[Sat Feb 16 23:05:00 2019]	heart_mobile
[Sat Feb 16 23:05:00 2019]	heart_web
[Sat Feb 16 23:05:00 2019]	heart_mobile
[Sat Feb 16 23:10:00 2019]	heart_web
[Sat Feb 16 23:10:00 2019]	heart_mobile
[Sat Feb 16 23:10:00 2019]	heart_web
[Sat Feb 16 23:10:00 2019]	heart_mobile
[Sat Feb 16 23:10:00 2019]	heart_web
[Sat Feb 16 23:10:00 2019]	heart_mobile
[Sat Feb 16 23:10:01 2019]	heart_web
[Sat Feb 16 23:10:01 2019]	heart_mobile
[Sat Feb 16 23:15:00 2019]	heart_web
[Sat Feb 16 23:15:00 2019]	heart_mobile
[Sat Feb 16 23:15:00 2019]	heart_web
[Sat Feb 16 23:15:00 2019]	heart_mobile
[Sat Feb 16 23:15:00 2019]	heart_web
[Sat Feb 16 23:15:00 2019]	heart_mobile
[Sat Feb 16 23:15:00 2019]	heart_web
[Sat Feb 16 23:15:00 2019]	heart_mobile
[Sat Feb 16 23:20:00 2019]	heart_web
[Sat Feb 16 23:20:00 2019]	heart_mobile
[Sat Feb 16 23:20:00 2019]	heart_web
[Sat Feb 16 23:20:00 2019]	heart_mobile
[Sat Feb 16 23:20:00 2019]	heart_web
[Sat Feb 16 23:20:00 2019]	heart_mobile
[Sat Feb 16 23:20:00 2019]	heart_web
[Sat Feb 16 23:20:00 2019]	heart_mobile
[Sat Feb 16 23:25:00 2019]	heart_web
[Sat Feb 16 23:25:00 2019]	heart_mobile
[Sat Feb 16 23:25:00 2019]	heart_web
[Sat Feb 16 23:25:00 2019]	heart_mobile
[Sat Feb 16 23:25:00 2019]	heart_web
[Sat Feb 16 23:25:00 2019]	heart_mobile
[Sat Feb 16 23:25:01 2019]	heart_web
[Sat Feb 16 23:25:01 2019]	heart_mobile
[Sat Feb 16 23:30:00 2019]	heart_web
[Sat Feb 16 23:30:00 2019]	heart_mobile
[Sat Feb 16 23:30:00 2019]	heart_web
[Sat Feb 16 23:30:00 2019]	heart_mobile
[Sat Feb 16 23:30:00 2019]	heart_web
[Sat Feb 16 23:30:00 2019]	heart_mobile
[Sat Feb 16 23:30:01 2019]	heart_web
[Sat Feb 16 23:30:01 2019]	heart_mobile
[Sat Feb 16 23:35:00 2019]	heart_web
[Sat Feb 16 23:35:00 2019]	heart_mobile
[Sat Feb 16 23:35:00 2019]	heart_web
[Sat Feb 16 23:35:00 2019]	heart_mobile
[Sat Feb 16 23:35:00 2019]	heart_web
[Sat Feb 16 23:35:00 2019]	heart_mobile
[Sat Feb 16 23:35:00 2019]	heart_web
[Sat Feb 16 23:35:01 2019]	heart_mobile
[Sat Feb 16 23:40:00 2019]	heart_web
[Sat Feb 16 23:40:00 2019]	heart_mobile
[Sat Feb 16 23:40:00 2019]	heart_web
[Sat Feb 16 23:40:00 2019]	heart_mobile
[Sat Feb 16 23:40:00 2019]	heart_web
[Sat Feb 16 23:40:00 2019]	heart_mobile
[Sat Feb 16 23:40:00 2019]	heart_web
[Sat Feb 16 23:40:00 2019]	heart_mobile
[Sat Feb 16 23:45:00 2019]	heart_web
[Sat Feb 16 23:45:00 2019]	heart_mobile
[Sat Feb 16 23:45:00 2019]	heart_web
[Sat Feb 16 23:45:00 2019]	heart_mobile
[Sat Feb 16 23:45:00 2019]	heart_web
[Sat Feb 16 23:45:00 2019]	heart_mobile
[Sat Feb 16 23:45:01 2019]	heart_web
[Sat Feb 16 23:45:01 2019]	heart_mobile
[Sat Feb 16 23:50:00 2019]	heart_web
[Sat Feb 16 23:50:00 2019]	heart_mobile
[Sat Feb 16 23:50:00 2019]	heart_web
[Sat Feb 16 23:50:00 2019]	heart_mobile
[Sat Feb 16 23:50:00 2019]	heart_web
[Sat Feb 16 23:50:00 2019]	heart_mobile
[Sat Feb 16 23:50:00 2019]	heart_web
[Sat Feb 16 23:50:00 2019]	heart_mobile
[Sat Feb 16 23:55:00 2019]	heart_web
[Sat Feb 16 23:55:00 2019]	heart_mobile
[Sat Feb 16 23:55:00 2019]	heart_web
[Sat Feb 16 23:55:00 2019]	heart_mobile
[Sat Feb 16 23:55:00 2019]	heart_web
[Sat Feb 16 23:55:00 2019]	heart_mobile
[Sat Feb 16 23:55:00 2019]	heart_web
[Sat Feb 16 23:55:00 2019]	heart_mobile
[Sun Feb 17 00:00:00 2019]	heart_web
[Sun Feb 17 00:00:00 2019]	heart_mobile
[Sun Feb 17 00:00:00 2019]	heart_web
[Sun Feb 17 00:00:00 2019]	heart_mobile
[Sun Feb 17 00:00:00 2019]	heart_web
[Sun Feb 17 00:00:00 2019]	heart_mobile
[Sun Feb 17 00:00:00 2019]	heart_web
[Sun Feb 17 00:00:00 2019]	heart_mobile
UPDATE Account SET finished = False,logined = False,watched = False,shared = False,coin_added = False,double_watch = False,s2c = False,signed = False
[u'43761090', u'43744183', u'43749118', u'43748741', u'43728880']
15824397397
zsj0911*
0
av43761090观看成功
银瓜子兑换成功
投币成功
------------------
17367078621
weiyuxin
51
av43761090观看成功
银瓜子兑换成功
投币成功
投币成功
投币成功
投币成功
投币成功
------------------
15127529708
shijizhe
237.58
av43761090观看成功
银瓜子兑换成功
投币成功
投币成功
投币成功
投币成功
投币成功
------------------
13306522935
zjuZSJ0911*
0
av43761090观看成功
银瓜子兑换成功
投币成功
------------------
[Sun Feb 17 00:05:00 2019]	heart_web
[Sun Feb 17 00:05:00 2019]	heart_mobile
[Sun Feb 17 00:05:00 2019]	heart_web
[Sun Feb 17 00:05:00 2019]	heart_mobile
[Sun Feb 17 00:05:00 2019]	heart_web
[Sun Feb 17 00:05:00 2019]	heart_mobile
[Sun Feb 17 00:05:00 2019]	heart_web
[Sun Feb 17 00:05:01 2019]	heart_mobile
[Sun Feb 17 00:10:00 2019]	heart_web
[Sun Feb 17 00:10:00 2019]	heart_mobile
[Sun Feb 17 00:10:00 2019]	heart_web
[Sun Feb 17 00:10:00 2019]	heart_mobile
[Sun Feb 17 00:10:00 2019]	heart_web
[Sun Feb 17 00:10:00 2019]	heart_mobile
[Sun Feb 17 00:10:01 2019]	heart_web
[Sun Feb 17 00:10:01 2019]	heart_mobile
[Sun Feb 17 00:15:00 2019]	heart_web
[Sun Feb 17 00:15:00 2019]	heart_mobile
[Sun Feb 17 00:15:00 2019]	heart_web
[Sun Feb 17 00:15:00 2019]	heart_mobile
[Sun Feb 17 00:15:00 2019]	heart_web
[Sun Feb 17 00:15:00 2019]	heart_mobile
[Sun Feb 17 00:15:00 2019]	heart_web
[Sun Feb 17 00:15:00 2019]	heart_mobile
[Sun Feb 17 00:20:00 2019]	heart_web
[Sun Feb 17 00:20:00 2019]	heart_mobile
[Sun Feb 17 00:20:00 2019]	heart_web
[Sun Feb 17 00:20:00 2019]	heart_mobile
[Sun Feb 17 00:20:00 2019]	heart_web
[Sun Feb 17 00:20:00 2019]	heart_mobile
[Sun Feb 17 00:20:00 2019]	heart_web
[Sun Feb 17 00:20:00 2019]	heart_mobile
[Sun Feb 17 00:25:00 2019]	heart_web
[Sun Feb 17 00:25:00 2019]	heart_mobile
[Sun Feb 17 00:25:00 2019]	heart_web
[Sun Feb 17 00:25:00 2019]	heart_mobile
[Sun Feb 17 00:25:00 2019]	heart_web
[Sun Feb 17 00:25:00 2019]	heart_mobile
[Sun Feb 17 00:25:00 2019]	heart_web
[Sun Feb 17 00:25:00 2019]	heart_mobile
[Sun Feb 17 00:30:00 2019]	heart_web
[Sun Feb 17 00:30:00 2019]	heart_mobile
[Sun Feb 17 00:30:00 2019]	heart_web
[Sun Feb 17 00:30:00 2019]	heart_mobile
[Sun Feb 17 00:30:00 2019]	heart_web
[Sun Feb 17 00:30:00 2019]	heart_mobile
[Sun Feb 17 00:30:00 2019]	heart_web
[Sun Feb 17 00:30:00 2019]	heart_mobile
[Sun Feb 17 00:35:00 2019]	heart_web
[Sun Feb 17 00:35:00 2019]	heart_mobile
[Sun Feb 17 00:35:00 2019]	heart_web
[Sun Feb 17 00:35:00 2019]	heart_mobile
[Sun Feb 17 00:35:00 2019]	heart_web
[Sun Feb 17 00:35:00 2019]	heart_mobile
[Sun Feb 17 00:35:00 2019]	heart_web
[Sun Feb 17 00:35:00 2019]	heart_mobile
[Sun Feb 17 00:40:00 2019]	heart_web
[Sun Feb 17 00:40:00 2019]	heart_mobile
[Sun Feb 17 00:40:00 2019]	heart_web
[Sun Feb 17 00:40:00 2019]	heart_mobile
[Sun Feb 17 00:40:00 2019]	heart_web
[Sun Feb 17 00:40:00 2019]	heart_mobile
[Sun Feb 17 00:40:00 2019]	heart_web
[Sun Feb 17 00:40:00 2019]	heart_mobile
[Sun Feb 17 00:45:00 2019]	heart_web
[Sun Feb 17 00:45:00 2019]	heart_mobile
[Sun Feb 17 00:45:00 2019]	heart_web
[Sun Feb 17 00:45:00 2019]	heart_mobile
[Sun Feb 17 00:45:00 2019]	heart_web
[Sun Feb 17 00:45:00 2019]	heart_mobile
[Sun Feb 17 00:45:00 2019]	heart_web
[Sun Feb 17 00:45:00 2019]	heart_mobile
[Sun Feb 17 00:50:00 2019]	heart_web
[Sun Feb 17 00:50:00 2019]	heart_mobile
[Sun Feb 17 00:50:00 2019]	heart_web
[Sun Feb 17 00:50:00 2019]	heart_mobile
[Sun Feb 17 00:50:00 2019]	heart_web
[Sun Feb 17 00:50:00 2019]	heart_mobile
[Sun Feb 17 00:50:00 2019]	heart_web
[Sun Feb 17 00:50:00 2019]	heart_mobile
[Sun Feb 17 00:55:00 2019]	heart_web
[Sun Feb 17 00:55:00 2019]	heart_mobile
[Sun Feb 17 00:55:00 2019]	heart_web
[Sun Feb 17 00:55:00 2019]	heart_mobile
[Sun Feb 17 00:55:00 2019]	heart_web
[Sun Feb 17 00:55:00 2019]	heart_mobile
[Sun Feb 17 00:55:01 2019]	heart_web
[Sun Feb 17 00:55:01 2019]	heart_mobile
[Sun Feb 17 01:00:00 2019]	heart_web
[Sun Feb 17 01:00:00 2019]	heart_mobile
[Sun Feb 17 01:00:00 2019]	heart_web
[Sun Feb 17 01:00:00 2019]	heart_mobile
[Sun Feb 17 01:00:00 2019]	heart_web
[Sun Feb 17 01:00:00 2019]	heart_mobile
[Sun Feb 17 01:00:00 2019]	heart_web
[Sun Feb 17 01:00:00 2019]	heart_mobile
[u'43730260', u'43744183', u'43749118', u'43748741', u'43728880']
15824397397
zsj0911*
1

av43730260观看成功
今日已换硬币
投币成功
------------------
17367078621
weiyuxin
48

av43730260观看成功
今日已换硬币
------------------
15127529708
shijizhe
234.58

av43730260观看成功
今日已换硬币
------------------
13306522935
zjuZSJ0911*
1

av43730260观看成功
今日已换硬币
投币成功
投币失败 硬币不足
------------------
[Sun Feb 17 01:05:00 2019]	heart_web
[Sun Feb 17 01:05:00 2019]	heart_mobile
[Sun Feb 17 01:05:00 2019]	heart_web
[Sun Feb 17 01:05:00 2019]	heart_mobile
[Sun Feb 17 01:05:00 2019]	heart_web
[Sun Feb 17 01:05:00 2019]	heart_mobile
[Sun Feb 17 01:05:00 2019]	heart_web
[Sun Feb 17 01:05:00 2019]	heart_mobile
[Sun Feb 17 01:10:00 2019]	heart_web
[Sun Feb 17 01:10:00 2019]	heart_mobile
[Sun Feb 17 01:10:00 2019]	heart_web
[Sun Feb 17 01:10:00 2019]	heart_mobile
[Sun Feb 17 01:10:00 2019]	heart_web
[Sun Feb 17 01:10:00 2019]	heart_mobile
[Sun Feb 17 01:10:00 2019]	heart_web
[Sun Feb 17 01:10:00 2019]	heart_mobile
[Sun Feb 17 01:15:00 2019]	heart_web
[Sun Feb 17 01:15:00 2019]	heart_mobile
[Sun Feb 17 01:15:00 2019]	heart_web
[Sun Feb 17 01:15:00 2019]	heart_mobile
[Sun Feb 17 01:15:00 2019]	heart_web
[Sun Feb 17 01:15:00 2019]	heart_mobile
[Sun Feb 17 01:15:00 2019]	heart_web
[Sun Feb 17 01:15:00 2019]	heart_mobile
[Sun Feb 17 01:20:00 2019]	heart_web
[Sun Feb 17 01:20:00 2019]	heart_mobile
[Sun Feb 17 01:20:00 2019]	heart_web
[Sun Feb 17 01:20:00 2019]	heart_mobile
[Sun Feb 17 01:20:00 2019]	heart_web
[Sun Feb 17 01:20:00 2019]	heart_mobile
[Sun Feb 17 01:20:00 2019]	heart_web
[Sun Feb 17 01:20:00 2019]	heart_mobile
[Sun Feb 17 01:25:00 2019]	heart_web
[Sun Feb 17 01:25:00 2019]	heart_mobile
[Sun Feb 17 01:25:00 2019]	heart_web
[Sun Feb 17 01:25:00 2019]	heart_mobile
[Sun Feb 17 01:25:00 2019]	heart_web
[Sun Feb 17 01:25:00 2019]	heart_mobile
[Sun Feb 17 01:25:00 2019]	heart_web
[Sun Feb 17 01:25:00 2019]	heart_mobile
[Sun Feb 17 01:30:00 2019]	heart_web
[Sun Feb 17 01:30:00 2019]	heart_mobile
[Sun Feb 17 01:30:00 2019]	heart_web
[Sun Feb 17 01:30:00 2019]	heart_mobile
[Sun Feb 17 01:30:00 2019]	heart_web
[Sun Feb 17 01:30:00 2019]	heart_mobile
[Sun Feb 17 01:30:00 2019]	heart_web
[Sun Feb 17 01:30:00 2019]	heart_mobile
[Sun Feb 17 01:35:00 2019]	heart_web
[Sun Feb 17 01:35:00 2019]	heart_mobile
[Sun Feb 17 01:35:00 2019]	heart_web
[Sun Feb 17 01:35:00 2019]	heart_mobile
[Sun Feb 17 01:35:00 2019]	heart_web
[Sun Feb 17 01:35:00 2019]	heart_mobile
[Sun Feb 17 01:35:00 2019]	heart_web
[Sun Feb 17 01:35:01 2019]	heart_mobile
[Sun Feb 17 01:40:00 2019]	heart_web
[Sun Feb 17 01:40:00 2019]	heart_mobile
[Sun Feb 17 01:40:00 2019]	heart_web
[Sun Feb 17 01:40:00 2019]	heart_mobile
[Sun Feb 17 01:40:00 2019]	heart_web
[Sun Feb 17 01:40:00 2019]	heart_mobile
[Sun Feb 17 01:40:00 2019]	heart_web
[Sun Feb 17 01:40:01 2019]	heart_mobile
[Sun Feb 17 01:45:00 2019]	heart_web
[Sun Feb 17 01:45:00 2019]	heart_mobile
[Sun Feb 17 01:45:00 2019]	heart_web
[Sun Feb 17 01:45:00 2019]	heart_mobile
[Sun Feb 17 01:45:00 2019]	heart_web
[Sun Feb 17 01:45:00 2019]	heart_mobile
[Sun Feb 17 01:45:00 2019]	heart_web
[Sun Feb 17 01:45:00 2019]	heart_mobile
[Sun Feb 17 01:50:00 2019]	heart_web
[Sun Feb 17 01:50:00 2019]	heart_mobile
[Sun Feb 17 01:50:00 2019]	heart_web
[Sun Feb 17 01:50:00 2019]	heart_mobile
[Sun Feb 17 01:50:00 2019]	heart_web
[Sun Feb 17 01:50:00 2019]	heart_mobile
[Sun Feb 17 01:50:00 2019]	heart_web
[Sun Feb 17 01:50:00 2019]	heart_mobile
[Sun Feb 17 01:55:00 2019]	heart_web
[Sun Feb 17 01:55:00 2019]	heart_mobile
[Sun Feb 17 01:55:00 2019]	heart_web
[Sun Feb 17 01:55:00 2019]	heart_mobile
[Sun Feb 17 01:55:00 2019]	heart_web
[Sun Feb 17 01:55:00 2019]	heart_mobile
[Sun Feb 17 01:55:00 2019]	heart_web
[Sun Feb 17 01:55:00 2019]	heart_mobile
[Sun Feb 17 02:00:00 2019]	heart_web
[Sun Feb 17 02:00:00 2019]	heart_mobile
[Sun Feb 17 02:00:00 2019]	heart_web
[Sun Feb 17 02:00:00 2019]	heart_mobile
[Sun Feb 17 02:00:00 2019]	heart_web
[Sun Feb 17 02:00:00 2019]	heart_mobile
[Sun Feb 17 02:00:00 2019]	heart_web
[Sun Feb 17 02:00:00 2019]	heart_mobile
[u'43791472', u'43730260', u'43744183', u'43749118', u'43748741']
15824397397
zsj0911*
0
------------------
17367078621
weiyuxin
48
------------------
15127529708
shijizhe
234.58
------------------
13306522935
zjuZSJ0911*
0
------------------
[Sun Feb 17 02:05:00 2019]	heart_web
[Sun Feb 17 02:05:00 2019]	heart_mobile
[Sun Feb 17 02:05:00 2019]	heart_web
[Sun Feb 17 02:05:00 2019]	heart_mobile
[Sun Feb 17 02:05:00 2019]	heart_web
[Sun Feb 17 02:05:00 2019]	heart_mobile
[Sun Feb 17 02:05:00 2019]	heart_web
[Sun Feb 17 02:05:00 2019]	heart_mobile
[Sun Feb 17 02:10:00 2019]	heart_web
[Sun Feb 17 02:10:00 2019]	heart_mobile
[Sun Feb 17 02:10:00 2019]	heart_web
[Sun Feb 17 02:10:00 2019]	heart_mobile
[Sun Feb 17 02:10:00 2019]	heart_web
[Sun Feb 17 02:10:00 2019]	heart_mobile
[Sun Feb 17 02:10:00 2019]	heart_web
[Sun Feb 17 02:10:00 2019]	heart_mobile
[Sun Feb 17 02:15:00 2019]	heart_web
[Sun Feb 17 02:15:00 2019]	heart_mobile
[Sun Feb 17 02:15:00 2019]	heart_web
[Sun Feb 17 02:15:00 2019]	heart_mobile
[Sun Feb 17 02:15:00 2019]	heart_web
[Sun Feb 17 02:15:00 2019]	heart_mobile
[Sun Feb 17 02:15:00 2019]	heart_web
[Sun Feb 17 02:15:01 2019]	heart_mobile
[Sun Feb 17 02:20:00 2019]	heart_web
[Sun Feb 17 02:20:00 2019]	heart_mobile
[Sun Feb 17 02:20:00 2019]	heart_web
[Sun Feb 17 02:20:00 2019]	heart_mobile
[Sun Feb 17 02:20:00 2019]	heart_web
[Sun Feb 17 02:20:00 2019]	heart_mobile
[Sun Feb 17 02:20:00 2019]	heart_web
[Sun Feb 17 02:20:00 2019]	heart_mobile
[Sun Feb 17 02:25:00 2019]	heart_web
[Sun Feb 17 02:25:00 2019]	heart_mobile
[Sun Feb 17 02:25:00 2019]	heart_web
[Sun Feb 17 02:25:00 2019]	heart_mobile
[Sun Feb 17 02:25:00 2019]	heart_web
[Sun Feb 17 02:25:00 2019]	heart_mobile
[Sun Feb 17 02:25:00 2019]	heart_web
[Sun Feb 17 02:25:00 2019]	heart_mobile
[Sun Feb 17 02:30:00 2019]	heart_web
[Sun Feb 17 02:30:00 2019]	heart_mobile
[Sun Feb 17 02:30:00 2019]	heart_web
[Sun Feb 17 02:30:00 2019]	heart_mobile
[Sun Feb 17 02:30:00 2019]	heart_web
[Sun Feb 17 02:30:00 2019]	heart_mobile
[Sun Feb 17 02:30:00 2019]	heart_web
[Sun Feb 17 02:30:00 2019]	heart_mobile
[Sun Feb 17 02:35:00 2019]	heart_web
[Sun Feb 17 02:35:00 2019]	heart_mobile
[Sun Feb 17 02:35:00 2019]	heart_web
[Sun Feb 17 02:35:00 2019]	heart_mobile
[Sun Feb 17 02:35:00 2019]	heart_web
[Sun Feb 17 02:35:00 2019]	heart_mobile
[Sun Feb 17 02:35:00 2019]	heart_web
[Sun Feb 17 02:35:00 2019]	heart_mobile
[Sun Feb 17 02:40:00 2019]	heart_web
[Sun Feb 17 02:40:00 2019]	heart_mobile
[Sun Feb 17 02:40:00 2019]	heart_web
[Sun Feb 17 02:40:00 2019]	heart_mobile
[Sun Feb 17 02:40:00 2019]	heart_web
[Sun Feb 17 02:40:00 2019]	heart_mobile
[Sun Feb 17 02:40:00 2019]	heart_web
[Sun Feb 17 02:40:01 2019]	heart_mobile
[Sun Feb 17 02:45:00 2019]	heart_web
[Sun Feb 17 02:45:00 2019]	heart_mobile
[Sun Feb 17 02:45:00 2019]	heart_web
[Sun Feb 17 02:45:00 2019]	heart_mobile
[Sun Feb 17 02:45:00 2019]	heart_web
[Sun Feb 17 02:45:00 2019]	heart_mobile
[Sun Feb 17 02:45:00 2019]	heart_web
[Sun Feb 17 02:45:00 2019]	heart_mobile
[Sun Feb 17 02:50:00 2019]	heart_web
[Sun Feb 17 02:50:00 2019]	heart_mobile
[Sun Feb 17 02:50:00 2019]	heart_web
[Sun Feb 17 02:50:00 2019]	heart_mobile
[Sun Feb 17 02:50:00 2019]	heart_web
[Sun Feb 17 02:50:00 2019]	heart_mobile
[Sun Feb 17 02:50:00 2019]	heart_web
[Sun Feb 17 02:50:00 2019]	heart_mobile
[Sun Feb 17 02:55:00 2019]	heart_web
[Sun Feb 17 02:55:00 2019]	heart_mobile
[Sun Feb 17 02:55:00 2019]	heart_web
[Sun Feb 17 02:55:00 2019]	heart_mobile
[Sun Feb 17 02:55:00 2019]	heart_web
[Sun Feb 17 02:55:00 2019]	heart_mobile
[Sun Feb 17 02:55:00 2019]	heart_web
[Sun Feb 17 02:55:00 2019]	heart_mobile
[Sun Feb 17 03:00:00 2019]	heart_web
[Sun Feb 17 03:00:00 2019]	heart_mobile
[Sun Feb 17 03:00:00 2019]	heart_web
[Sun Feb 17 03:00:00 2019]	heart_mobile
[Sun Feb 17 03:00:00 2019]	heart_web
[Sun Feb 17 03:00:00 2019]	heart_mobile
[Sun Feb 17 03:00:00 2019]	heart_web
[Sun Feb 17 03:00:00 2019]	heart_mobile
[u'43746559', u'43730260', u'43744183', u'43749118', u'43748741']
15824397397
zsj0911*
0
------------------
17367078621
weiyuxin
48
------------------
15127529708
shijizhe
234.58
------------------
13306522935
zjuZSJ0911*
0
------------------
[Sun Feb 17 03:05:00 2019]	heart_web
[Sun Feb 17 03:05:00 2019]	heart_mobile
[Sun Feb 17 03:05:00 2019]	heart_web
[Sun Feb 17 03:05:00 2019]	heart_mobile
[Sun Feb 17 03:05:00 2019]	heart_web
[Sun Feb 17 03:05:00 2019]	heart_mobile
[Sun Feb 17 03:05:00 2019]	heart_web
[Sun Feb 17 03:05:00 2019]	heart_mobile
[Sun Feb 17 03:10:00 2019]	heart_web
[Sun Feb 17 03:10:00 2019]	heart_mobile
[Sun Feb 17 03:10:00 2019]	heart_web
[Sun Feb 17 03:10:00 2019]	heart_mobile
[Sun Feb 17 03:10:00 2019]	heart_web
[Sun Feb 17 03:10:00 2019]	heart_mobile
[Sun Feb 17 03:10:00 2019]	heart_web
[Sun Feb 17 03:10:00 2019]	heart_mobile
[Sun Feb 17 03:15:00 2019]	heart_web
[Sun Feb 17 03:15:00 2019]	heart_mobile
[Sun Feb 17 03:15:00 2019]	heart_web
[Sun Feb 17 03:15:00 2019]	heart_mobile
[Sun Feb 17 03:15:00 2019]	heart_web
[Sun Feb 17 03:15:00 2019]	heart_mobile
[Sun Feb 17 03:15:00 2019]	heart_web
[Sun Feb 17 03:15:00 2019]	heart_mobile
[Sun Feb 17 03:20:00 2019]	heart_web
[Sun Feb 17 03:20:00 2019]	heart_mobile
[Sun Feb 17 03:20:00 2019]	heart_web
[Sun Feb 17 03:20:00 2019]	heart_mobile
[Sun Feb 17 03:20:00 2019]	heart_web
[Sun Feb 17 03:20:00 2019]	heart_mobile
[Sun Feb 17 03:20:00 2019]	heart_web
[Sun Feb 17 03:20:01 2019]	heart_mobile
[Sun Feb 17 03:25:00 2019]	heart_web
[Sun Feb 17 03:25:00 2019]	heart_mobile
[Sun Feb 17 03:25:00 2019]	heart_web
[Sun Feb 17 03:25:00 2019]	heart_mobile
[Sun Feb 17 03:25:00 2019]	heart_web
[Sun Feb 17 03:25:00 2019]	heart_mobile
[Sun Feb 17 03:25:00 2019]	heart_web
[Sun Feb 17 03:25:00 2019]	heart_mobile
[Sun Feb 17 03:30:00 2019]	heart_web
[Sun Feb 17 03:30:00 2019]	heart_mobile
[Sun Feb 17 03:30:00 2019]	heart_web
[Sun Feb 17 03:30:00 2019]	heart_mobile
[Sun Feb 17 03:30:00 2019]	heart_web
[Sun Feb 17 03:30:00 2019]	heart_mobile
[Sun Feb 17 03:30:00 2019]	heart_web
[Sun Feb 17 03:30:00 2019]	heart_mobile
[Sun Feb 17 03:35:00 2019]	heart_web
[Sun Feb 17 03:35:00 2019]	heart_mobile
[Sun Feb 17 03:35:00 2019]	heart_web
[Sun Feb 17 03:35:00 2019]	heart_mobile
[Sun Feb 17 03:35:00 2019]	heart_web
[Sun Feb 17 03:35:00 2019]	heart_mobile
[Sun Feb 17 03:35:00 2019]	heart_web
[Sun Feb 17 03:35:00 2019]	heart_mobile
[Sun Feb 17 03:40:00 2019]	heart_web
[Sun Feb 17 03:40:00 2019]	heart_mobile
[Sun Feb 17 03:40:00 2019]	heart_web
[Sun Feb 17 03:40:00 2019]	heart_mobile
[Sun Feb 17 03:40:00 2019]	heart_web
[Sun Feb 17 03:40:00 2019]	heart_mobile
[Sun Feb 17 03:40:00 2019]	heart_web
[Sun Feb 17 03:40:00 2019]	heart_mobile
[Sun Feb 17 03:45:00 2019]	heart_web
[Sun Feb 17 03:45:00 2019]	heart_mobile
[Sun Feb 17 03:45:00 2019]	heart_web
[Sun Feb 17 03:45:00 2019]	heart_mobile
[Sun Feb 17 03:45:00 2019]	heart_web
[Sun Feb 17 03:45:00 2019]	heart_mobile
[Sun Feb 17 03:45:00 2019]	heart_web
[Sun Feb 17 03:45:00 2019]	heart_mobile
[Sun Feb 17 03:50:00 2019]	heart_web
[Sun Feb 17 03:50:00 2019]	heart_mobile
[Sun Feb 17 03:50:00 2019]	heart_web
[Sun Feb 17 03:50:00 2019]	heart_mobile
[Sun Feb 17 03:50:00 2019]	heart_web
[Sun Feb 17 03:50:00 2019]	heart_mobile
[Sun Feb 17 03:50:00 2019]	heart_web
[Sun Feb 17 03:50:00 2019]	heart_mobile
[Sun Feb 17 03:55:00 2019]	heart_web
[Sun Feb 17 03:55:00 2019]	heart_mobile
[Sun Feb 17 03:55:00 2019]	heart_web
[Sun Feb 17 03:55:00 2019]	heart_mobile
[Sun Feb 17 03:55:00 2019]	heart_web
[Sun Feb 17 03:55:00 2019]	heart_mobile
[Sun Feb 17 03:55:00 2019]	heart_web
[Sun Feb 17 03:55:00 2019]	heart_mobile
[Sun Feb 17 04:00:00 2019]	heart_web
[Sun Feb 17 04:00:00 2019]	heart_mobile
[Sun Feb 17 04:00:00 2019]	heart_web
[Sun Feb 17 04:00:00 2019]	heart_mobile
[Sun Feb 17 04:00:00 2019]	heart_web
[Sun Feb 17 04:00:00 2019]	heart_mobile
[Sun Feb 17 04:00:00 2019]	heart_web
[Sun Feb 17 04:00:00 2019]	heart_mobile
[u'43746559', u'43730260', u'43744183', u'43749118', u'43748741']
15824397397
zsj0911*
0
------------------
17367078621
weiyuxin
48
------------------
15127529708
shijizhe
234.58
------------------
13306522935
zjuZSJ0911*
0
------------------
[Sun Feb 17 04:05:00 2019]	heart_web
[Sun Feb 17 04:05:00 2019]	heart_mobile
[Sun Feb 17 04:05:00 2019]	heart_web
[Sun Feb 17 04:05:00 2019]	heart_mobile
[Sun Feb 17 04:05:00 2019]	heart_web
[Sun Feb 17 04:05:00 2019]	heart_mobile
[Sun Feb 17 04:05:00 2019]	heart_web
[Sun Feb 17 04:05:00 2019]	heart_mobile
[Sun Feb 17 04:10:00 2019]	heart_web
[Sun Feb 17 04:10:00 2019]	heart_mobile
[Sun Feb 17 04:10:00 2019]	heart_web
[Sun Feb 17 04:10:00 2019]	heart_mobile
[Sun Feb 17 04:10:00 2019]	heart_web
[Sun Feb 17 04:10:00 2019]	heart_mobile
[Sun Feb 17 04:10:00 2019]	heart_web
[Sun Feb 17 04:10:00 2019]	heart_mobile
[Sun Feb 17 04:15:00 2019]	heart_web
[Sun Feb 17 04:15:00 2019]	heart_mobile
[Sun Feb 17 04:15:00 2019]	heart_web
[Sun Feb 17 04:15:00 2019]	heart_mobile
[Sun Feb 17 04:15:00 2019]	heart_web
[Sun Feb 17 04:15:00 2019]	heart_mobile
[Sun Feb 17 04:15:00 2019]	heart_web
[Sun Feb 17 04:15:00 2019]	heart_mobile
[Sun Feb 17 04:20:00 2019]	heart_web
[Sun Feb 17 04:20:00 2019]	heart_mobile
[Sun Feb 17 04:20:00 2019]	heart_web
[Sun Feb 17 04:20:00 2019]	heart_mobile
[Sun Feb 17 04:20:00 2019]	heart_web
[Sun Feb 17 04:20:00 2019]	heart_mobile
[Sun Feb 17 04:20:00 2019]	heart_web
[Sun Feb 17 04:20:00 2019]	heart_mobile
[Sun Feb 17 04:25:00 2019]	heart_web
[Sun Feb 17 04:25:00 2019]	heart_mobile
[Sun Feb 17 04:25:00 2019]	heart_web
[Sun Feb 17 04:25:00 2019]	heart_mobile
[Sun Feb 17 04:25:00 2019]	heart_web
[Sun Feb 17 04:25:00 2019]	heart_mobile
[Sun Feb 17 04:25:00 2019]	heart_web
[Sun Feb 17 04:25:00 2019]	heart_mobile
[Sun Feb 17 04:30:00 2019]	heart_web
[Sun Feb 17 04:30:00 2019]	heart_mobile
[Sun Feb 17 04:30:00 2019]	heart_web
[Sun Feb 17 04:30:00 2019]	heart_mobile
[Sun Feb 17 04:30:00 2019]	heart_web
[Sun Feb 17 04:30:00 2019]	heart_mobile
[Sun Feb 17 04:30:00 2019]	heart_web
[Sun Feb 17 04:30:00 2019]	heart_mobile
[Sun Feb 17 04:35:00 2019]	heart_web
[Sun Feb 17 04:35:00 2019]	heart_mobile
[Sun Feb 17 04:35:00 2019]	heart_web
[Sun Feb 17 04:35:00 2019]	heart_mobile
[Sun Feb 17 04:35:00 2019]	heart_web
[Sun Feb 17 04:35:00 2019]	heart_mobile
[Sun Feb 17 04:35:00 2019]	heart_web
[Sun Feb 17 04:35:00 2019]	heart_mobile
[Sun Feb 17 04:40:00 2019]	heart_web
[Sun Feb 17 04:40:00 2019]	heart_mobile
[Sun Feb 17 04:40:00 2019]	heart_web
[Sun Feb 17 04:40:00 2019]	heart_mobile
[Sun Feb 17 04:40:00 2019]	heart_web
[Sun Feb 17 04:40:00 2019]	heart_mobile
[Sun Feb 17 04:40:00 2019]	heart_web
[Sun Feb 17 04:40:00 2019]	heart_mobile
[Sun Feb 17 04:45:00 2019]	heart_web
[Sun Feb 17 04:45:00 2019]	heart_mobile
[Sun Feb 17 04:45:00 2019]	heart_web
[Sun Feb 17 04:45:00 2019]	heart_mobile
[Sun Feb 17 04:45:00 2019]	heart_web
[Sun Feb 17 04:45:00 2019]	heart_mobile
[Sun Feb 17 04:45:00 2019]	heart_web
[Sun Feb 17 04:45:00 2019]	heart_mobile
[Sun Feb 17 04:50:00 2019]	heart_web
[Sun Feb 17 04:50:00 2019]	heart_mobile
[Sun Feb 17 04:50:00 2019]	heart_web
[Sun Feb 17 04:50:00 2019]	heart_mobile
[Sun Feb 17 04:50:00 2019]	heart_web
[Sun Feb 17 04:50:00 2019]	heart_mobile
[Sun Feb 17 04:50:00 2019]	heart_web
[Sun Feb 17 04:50:00 2019]	heart_mobile
[Sun Feb 17 04:55:00 2019]	heart_web
[Sun Feb 17 04:55:00 2019]	heart_mobile
[Sun Feb 17 04:55:00 2019]	heart_web
[Sun Feb 17 04:55:00 2019]	heart_mobile
[Sun Feb 17 04:55:00 2019]	heart_web
[Sun Feb 17 04:55:00 2019]	heart_mobile
[Sun Feb 17 04:55:00 2019]	heart_web
[Sun Feb 17 04:55:00 2019]	heart_mobile
[Sun Feb 17 05:00:00 2019]	heart_web
[Sun Feb 17 05:00:00 2019]	heart_mobile
[Sun Feb 17 05:00:00 2019]	heart_web
[Sun Feb 17 05:00:00 2019]	heart_mobile
[Sun Feb 17 05:00:00 2019]	heart_web
[Sun Feb 17 05:00:00 2019]	heart_mobile
[Sun Feb 17 05:00:00 2019]	heart_web
[Sun Feb 17 05:00:00 2019]	heart_mobile
[u'43746559', u'43730260', u'43744183', u'43749118', u'43748741']
15824397397
zsj0911*
0
------------------
17367078621
weiyuxin
48
------------------
15127529708
shijizhe
234.58
------------------
13306522935
zjuZSJ0911*
0
------------------
[Sun Feb 17 05:05:00 2019]	heart_web
[Sun Feb 17 05:05:00 2019]	heart_mobile
[Sun Feb 17 05:05:00 2019]	heart_web
[Sun Feb 17 05:05:00 2019]	heart_mobile
[Sun Feb 17 05:05:00 2019]	heart_web
[Sun Feb 17 05:05:00 2019]	heart_mobile
[Sun Feb 17 05:05:00 2019]	heart_web
[Sun Feb 17 05:05:00 2019]	heart_mobile
[Sun Feb 17 05:10:00 2019]	heart_web
[Sun Feb 17 05:10:00 2019]	heart_mobile
[Sun Feb 17 05:10:00 2019]	heart_web
[Sun Feb 17 05:10:00 2019]	heart_mobile
[Sun Feb 17 05:10:00 2019]	heart_web
[Sun Feb 17 05:10:00 2019]	heart_mobile
[Sun Feb 17 05:10:00 2019]	heart_web
[Sun Feb 17 05:10:00 2019]	heart_mobile
[Sun Feb 17 05:15:00 2019]	heart_web
[Sun Feb 17 05:15:00 2019]	heart_mobile
[Sun Feb 17 05:15:00 2019]	heart_web
[Sun Feb 17 05:15:00 2019]	heart_mobile
[Sun Feb 17 05:15:00 2019]	heart_web
[Sun Feb 17 05:15:00 2019]	heart_mobile
[Sun Feb 17 05:15:00 2019]	heart_web
[Sun Feb 17 05:15:00 2019]	heart_mobile
[Sun Feb 17 05:20:00 2019]	heart_web
[Sun Feb 17 05:20:00 2019]	heart_mobile
[Sun Feb 17 05:20:00 2019]	heart_web
[Sun Feb 17 05:20:00 2019]	heart_mobile
[Sun Feb 17 05:20:00 2019]	heart_web
[Sun Feb 17 05:20:00 2019]	heart_mobile
[Sun Feb 17 05:20:00 2019]	heart_web
[Sun Feb 17 05:20:00 2019]	heart_mobile
[Sun Feb 17 05:25:00 2019]	heart_web
[Sun Feb 17 05:25:00 2019]	heart_mobile
[Sun Feb 17 05:25:00 2019]	heart_web
[Sun Feb 17 05:25:00 2019]	heart_mobile
[Sun Feb 17 05:25:00 2019]	heart_web
[Sun Feb 17 05:25:00 2019]	heart_mobile
[Sun Feb 17 05:25:00 2019]	heart_web
[Sun Feb 17 05:25:00 2019]	heart_mobile
[Sun Feb 17 05:30:00 2019]	heart_web
[Sun Feb 17 05:30:00 2019]	heart_mobile
[Sun Feb 17 05:30:00 2019]	heart_web
[Sun Feb 17 05:30:00 2019]	heart_mobile
[Sun Feb 17 05:30:00 2019]	heart_web
[Sun Feb 17 05:30:00 2019]	heart_mobile
[Sun Feb 17 05:30:00 2019]	heart_web
[Sun Feb 17 05:30:00 2019]	heart_mobile
[Sun Feb 17 05:35:00 2019]	heart_web
[Sun Feb 17 05:35:00 2019]	heart_mobile
[Sun Feb 17 05:35:00 2019]	heart_web
[Sun Feb 17 05:35:00 2019]	heart_mobile
[Sun Feb 17 05:35:00 2019]	heart_web
[Sun Feb 17 05:35:00 2019]	heart_mobile
[Sun Feb 17 05:35:00 2019]	heart_web
[Sun Feb 17 05:35:00 2019]	heart_mobile
[Sun Feb 17 05:40:00 2019]	heart_web
[Sun Feb 17 05:40:00 2019]	heart_mobile
[Sun Feb 17 05:40:00 2019]	heart_web
[Sun Feb 17 05:40:00 2019]	heart_mobile
[Sun Feb 17 05:40:00 2019]	heart_web
[Sun Feb 17 05:40:00 2019]	heart_mobile
[Sun Feb 17 05:40:00 2019]	heart_web
[Sun Feb 17 05:40:00 2019]	heart_mobile
[Sun Feb 17 05:45:00 2019]	heart_web
[Sun Feb 17 05:45:00 2019]	heart_mobile
[Sun Feb 17 05:45:00 2019]	heart_web
[Sun Feb 17 05:45:00 2019]	heart_mobile
[Sun Feb 17 05:45:00 2019]	heart_web
[Sun Feb 17 05:45:00 2019]	heart_mobile
[Sun Feb 17 05:45:00 2019]	heart_web
[Sun Feb 17 05:45:00 2019]	heart_mobile
[Sun Feb 17 05:50:00 2019]	heart_web
[Sun Feb 17 05:50:00 2019]	heart_mobile
[Sun Feb 17 05:50:00 2019]	heart_web
[Sun Feb 17 05:50:00 2019]	heart_mobile
[Sun Feb 17 05:50:00 2019]	heart_web
[Sun Feb 17 05:50:00 2019]	heart_mobile
[Sun Feb 17 05:50:00 2019]	heart_web
[Sun Feb 17 05:50:00 2019]	heart_mobile
[Sun Feb 17 05:55:00 2019]	heart_web
[Sun Feb 17 05:55:00 2019]	heart_mobile
[Sun Feb 17 05:55:00 2019]	heart_web
[Sun Feb 17 05:55:00 2019]	heart_mobile
[Sun Feb 17 05:55:00 2019]	heart_web
[Sun Feb 17 05:55:00 2019]	heart_mobile
[Sun Feb 17 05:55:00 2019]	heart_web
[Sun Feb 17 05:55:00 2019]	heart_mobile
[Sun Feb 17 06:00:00 2019]	heart_web
[Sun Feb 17 06:00:00 2019]	heart_mobile
[Sun Feb 17 06:00:00 2019]	heart_web
[Sun Feb 17 06:00:00 2019]	heart_mobile
[Sun Feb 17 06:00:00 2019]	heart_web
[Sun Feb 17 06:00:00 2019]	heart_mobile
[Sun Feb 17 06:00:00 2019]	heart_web
[Sun Feb 17 06:00:00 2019]	heart_mobile
[u'43746559', u'43730260', u'43744183', u'43749118', u'43748741']
15824397397
zsj0911*
0
------------------
17367078621
weiyuxin
48
------------------
15127529708
shijizhe
234.58
------------------
13306522935
zjuZSJ0911*
0
------------------
[Sun Feb 17 06:05:00 2019]	heart_web
[Sun Feb 17 06:05:00 2019]	heart_mobile
[Sun Feb 17 06:05:00 2019]	heart_web
[Sun Feb 17 06:05:00 2019]	heart_mobile
[Sun Feb 17 06:05:00 2019]	heart_web
[Sun Feb 17 06:05:00 2019]	heart_mobile
[Sun Feb 17 06:05:00 2019]	heart_web
[Sun Feb 17 06:05:00 2019]	heart_mobile
[Sun Feb 17 06:10:00 2019]	heart_web
[Sun Feb 17 06:10:00 2019]	heart_mobile
[Sun Feb 17 06:10:00 2019]	heart_web
[Sun Feb 17 06:10:00 2019]	heart_mobile
[Sun Feb 17 06:10:00 2019]	heart_web
[Sun Feb 17 06:10:00 2019]	heart_mobile
[Sun Feb 17 06:10:00 2019]	heart_web
[Sun Feb 17 06:10:00 2019]	heart_mobile
[Sun Feb 17 06:15:00 2019]	heart_web
[Sun Feb 17 06:15:00 2019]	heart_mobile
[Sun Feb 17 06:15:00 2019]	heart_web
[Sun Feb 17 06:15:00 2019]	heart_mobile
[Sun Feb 17 06:15:00 2019]	heart_web
[Sun Feb 17 06:15:00 2019]	heart_mobile
[Sun Feb 17 06:15:00 2019]	heart_web
[Sun Feb 17 06:15:00 2019]	heart_mobile
[Sun Feb 17 06:20:00 2019]	heart_web
[Sun Feb 17 06:20:00 2019]	heart_mobile
[Sun Feb 17 06:20:00 2019]	heart_web
[Sun Feb 17 06:20:00 2019]	heart_mobile
[Sun Feb 17 06:20:00 2019]	heart_web
[Sun Feb 17 06:20:00 2019]	heart_mobile
[Sun Feb 17 06:20:00 2019]	heart_web
[Sun Feb 17 06:20:00 2019]	heart_mobile
[Sun Feb 17 06:25:00 2019]	heart_web
[Sun Feb 17 06:25:00 2019]	heart_mobile
[Sun Feb 17 06:25:00 2019]	heart_web
[Sun Feb 17 06:25:00 2019]	heart_mobile
[Sun Feb 17 06:25:00 2019]	heart_web
[Sun Feb 17 06:25:00 2019]	heart_mobile
[Sun Feb 17 06:25:00 2019]	heart_web
[Sun Feb 17 06:25:00 2019]	heart_mobile
[Sun Feb 17 06:30:00 2019]	heart_web
[Sun Feb 17 06:30:00 2019]	heart_mobile
[Sun Feb 17 06:30:00 2019]	heart_web
[Sun Feb 17 06:30:00 2019]	heart_mobile
[Sun Feb 17 06:30:00 2019]	heart_web
[Sun Feb 17 06:30:00 2019]	heart_mobile
[Sun Feb 17 06:30:00 2019]	heart_web
[Sun Feb 17 06:30:00 2019]	heart_mobile
[Sun Feb 17 06:35:00 2019]	heart_web
[Sun Feb 17 06:35:00 2019]	heart_mobile
[Sun Feb 17 06:35:00 2019]	heart_web
[Sun Feb 17 06:35:00 2019]	heart_mobile
[Sun Feb 17 06:35:00 2019]	heart_web
[Sun Feb 17 06:35:01 2019]	heart_mobile
[Sun Feb 17 06:35:01 2019]	heart_web
[Sun Feb 17 06:35:01 2019]	heart_mobile
[Sun Feb 17 06:40:00 2019]	heart_web
[Sun Feb 17 06:40:00 2019]	heart_mobile
[Sun Feb 17 06:40:00 2019]	heart_web
[Sun Feb 17 06:40:00 2019]	heart_mobile
[Sun Feb 17 06:40:00 2019]	heart_web
[Sun Feb 17 06:40:00 2019]	heart_mobile
[Sun Feb 17 06:40:00 2019]	heart_web
[Sun Feb 17 06:40:00 2019]	heart_mobile
[Sun Feb 17 06:45:00 2019]	heart_web
[Sun Feb 17 06:45:00 2019]	heart_mobile
[Sun Feb 17 06:45:00 2019]	heart_web
[Sun Feb 17 06:45:00 2019]	heart_mobile
[Sun Feb 17 06:45:00 2019]	heart_web
[Sun Feb 17 06:45:00 2019]	heart_mobile
[Sun Feb 17 06:45:00 2019]	heart_web
[Sun Feb 17 06:45:00 2019]	heart_mobile
[Sun Feb 17 06:50:00 2019]	heart_web
[Sun Feb 17 06:50:00 2019]	heart_mobile
[Sun Feb 17 06:50:00 2019]	heart_web
[Sun Feb 17 06:50:00 2019]	heart_mobile
[Sun Feb 17 06:50:00 2019]	heart_web
[Sun Feb 17 06:50:00 2019]	heart_mobile
[Sun Feb 17 06:50:00 2019]	heart_web
[Sun Feb 17 06:50:00 2019]	heart_mobile
[Sun Feb 17 06:55:00 2019]	heart_web
[Sun Feb 17 06:55:00 2019]	heart_mobile
[Sun Feb 17 06:55:00 2019]	heart_web
[Sun Feb 17 06:55:00 2019]	heart_mobile
[Sun Feb 17 06:55:00 2019]	heart_web
[Sun Feb 17 06:55:00 2019]	heart_mobile
[Sun Feb 17 06:55:00 2019]	heart_web
[Sun Feb 17 06:55:00 2019]	heart_mobile
[Sun Feb 17 07:00:00 2019]	heart_web
[Sun Feb 17 07:00:00 2019]	heart_mobile
[Sun Feb 17 07:00:00 2019]	heart_web
[Sun Feb 17 07:00:00 2019]	heart_mobile
[Sun Feb 17 07:00:00 2019]	heart_web
[Sun Feb 17 07:00:00 2019]	heart_mobile
[Sun Feb 17 07:00:00 2019]	heart_web
[Sun Feb 17 07:00:00 2019]	heart_mobile
[u'43746559', u'43730260', u'43744183', u'43749118', u'43748741']
15824397397
zsj0911*
0
------------------
17367078621
weiyuxin
48
------------------
15127529708
shijizhe
234.58
------------------
13306522935
zjuZSJ0911*
0
------------------
[Sun Feb 17 07:05:00 2019]	heart_web
[Sun Feb 17 07:05:00 2019]	heart_mobile
[Sun Feb 17 07:05:00 2019]	heart_web
[Sun Feb 17 07:05:00 2019]	heart_mobile
[Sun Feb 17 07:05:00 2019]	heart_web
[Sun Feb 17 07:05:00 2019]	heart_mobile
[Sun Feb 17 07:05:00 2019]	heart_web
[Sun Feb 17 07:05:00 2019]	heart_mobile
[Sun Feb 17 07:10:00 2019]	heart_web
[Sun Feb 17 07:10:00 2019]	heart_mobile
[Sun Feb 17 07:10:00 2019]	heart_web
[Sun Feb 17 07:10:00 2019]	heart_mobile
[Sun Feb 17 07:10:00 2019]	heart_web
[Sun Feb 17 07:10:00 2019]	heart_mobile
[Sun Feb 17 07:10:00 2019]	heart_web
[Sun Feb 17 07:10:00 2019]	heart_mobile
[Sun Feb 17 07:15:00 2019]	heart_web
[Sun Feb 17 07:15:00 2019]	heart_mobile
[Sun Feb 17 07:15:00 2019]	heart_web
[Sun Feb 17 07:15:00 2019]	heart_mobile
[Sun Feb 17 07:15:00 2019]	heart_web
[Sun Feb 17 07:15:00 2019]	heart_mobile
[Sun Feb 17 07:15:00 2019]	heart_web
[Sun Feb 17 07:15:00 2019]	heart_mobile
[Sun Feb 17 07:20:00 2019]	heart_web
[Sun Feb 17 07:20:00 2019]	heart_mobile
[Sun Feb 17 07:20:00 2019]	heart_web
[Sun Feb 17 07:20:00 2019]	heart_mobile
[Sun Feb 17 07:20:00 2019]	heart_web
[Sun Feb 17 07:20:00 2019]	heart_mobile
[Sun Feb 17 07:20:00 2019]	heart_web
[Sun Feb 17 07:20:00 2019]	heart_mobile
[Sun Feb 17 07:25:00 2019]	heart_web
[Sun Feb 17 07:25:00 2019]	heart_mobile
[Sun Feb 17 07:25:00 2019]	heart_web
[Sun Feb 17 07:25:00 2019]	heart_mobile
[Sun Feb 17 07:25:00 2019]	heart_web
[Sun Feb 17 07:25:00 2019]	heart_mobile
[Sun Feb 17 07:25:00 2019]	heart_web
[Sun Feb 17 07:25:00 2019]	heart_mobile
[Sun Feb 17 07:30:00 2019]	heart_web
[Sun Feb 17 07:30:00 2019]	heart_mobile
[Sun Feb 17 07:30:00 2019]	heart_web
[Sun Feb 17 07:30:00 2019]	heart_mobile
[Sun Feb 17 07:30:00 2019]	heart_web
[Sun Feb 17 07:30:00 2019]	heart_mobile
[Sun Feb 17 07:30:00 2019]	heart_web
[Sun Feb 17 07:30:00 2019]	heart_mobile
[Sun Feb 17 07:35:00 2019]	heart_web
[Sun Feb 17 07:35:00 2019]	heart_mobile
[Sun Feb 17 07:35:00 2019]	heart_web
[Sun Feb 17 07:35:00 2019]	heart_mobile
[Sun Feb 17 07:35:00 2019]	heart_web
[Sun Feb 17 07:35:00 2019]	heart_mobile
[Sun Feb 17 07:35:00 2019]	heart_web
[Sun Feb 17 07:35:00 2019]	heart_mobile
[Sun Feb 17 07:40:00 2019]	heart_web
[Sun Feb 17 07:40:00 2019]	heart_mobile
[Sun Feb 17 07:40:00 2019]	heart_web
[Sun Feb 17 07:40:00 2019]	heart_mobile
[Sun Feb 17 07:40:00 2019]	heart_web
[Sun Feb 17 07:40:00 2019]	heart_mobile
[Sun Feb 17 07:40:00 2019]	heart_web
[Sun Feb 17 07:40:00 2019]	heart_mobile
[Sun Feb 17 07:45:00 2019]	heart_web
[Sun Feb 17 07:45:00 2019]	heart_mobile
[Sun Feb 17 07:45:00 2019]	heart_web
[Sun Feb 17 07:45:00 2019]	heart_mobile
[Sun Feb 17 07:45:00 2019]	heart_web
[Sun Feb 17 07:45:00 2019]	heart_mobile
[Sun Feb 17 07:45:00 2019]	heart_web
[Sun Feb 17 07:45:00 2019]	heart_mobile
[Sun Feb 17 07:50:00 2019]	heart_web
[Sun Feb 17 07:50:00 2019]	heart_mobile
[Sun Feb 17 07:50:00 2019]	heart_web
[Sun Feb 17 07:50:00 2019]	heart_mobile
[Sun Feb 17 07:50:00 2019]	heart_web
[Sun Feb 17 07:50:00 2019]	heart_mobile
[Sun Feb 17 07:50:00 2019]	heart_web
[Sun Feb 17 07:50:00 2019]	heart_mobile
[Sun Feb 17 07:55:00 2019]	heart_web
[Sun Feb 17 07:55:00 2019]	heart_mobile
[Sun Feb 17 07:55:00 2019]	heart_web
[Sun Feb 17 07:55:00 2019]	heart_mobile
[Sun Feb 17 07:55:00 2019]	heart_web
[Sun Feb 17 07:55:00 2019]	heart_mobile
[Sun Feb 17 07:55:00 2019]	heart_web
[Sun Feb 17 07:55:00 2019]	heart_mobile
[Sun Feb 17 08:00:00 2019]	heart_web
[Sun Feb 17 08:00:00 2019]	heart_mobile
[Sun Feb 17 08:00:00 2019]	heart_web
[Sun Feb 17 08:00:00 2019]	heart_mobile
[Sun Feb 17 08:00:00 2019]	heart_web
[Sun Feb 17 08:00:00 2019]	heart_mobile
[Sun Feb 17 08:00:00 2019]	heart_web
[Sun Feb 17 08:00:01 2019]	heart_mobile
[u'43746559', u'43730260', u'43744183', u'43749118', u'43748741']
15824397397
zsj0911*
0
------------------
17367078621
weiyuxin
48
------------------
15127529708
shijizhe
234.58
------------------
13306522935
zjuZSJ0911*
0
------------------
[Sun Feb 17 08:05:00 2019]	heart_web
[Sun Feb 17 08:05:00 2019]	heart_mobile
[Sun Feb 17 08:05:00 2019]	heart_web
[Sun Feb 17 08:05:00 2019]	heart_mobile
[Sun Feb 17 08:05:00 2019]	heart_web
[Sun Feb 17 08:05:00 2019]	heart_mobile
[Sun Feb 17 08:05:00 2019]	heart_web
[Sun Feb 17 08:05:00 2019]	heart_mobile
[Sun Feb 17 08:10:00 2019]	heart_web
[Sun Feb 17 08:10:00 2019]	heart_mobile
[Sun Feb 17 08:10:00 2019]	heart_web
[Sun Feb 17 08:10:00 2019]	heart_mobile
[Sun Feb 17 08:10:00 2019]	heart_web
[Sun Feb 17 08:10:00 2019]	heart_mobile
[Sun Feb 17 08:10:00 2019]	heart_web
[Sun Feb 17 08:10:00 2019]	heart_mobile
[Sun Feb 17 08:15:00 2019]	heart_web
[Sun Feb 17 08:15:00 2019]	heart_mobile
[Sun Feb 17 08:15:00 2019]	heart_web
[Sun Feb 17 08:15:00 2019]	heart_mobile
[Sun Feb 17 08:15:00 2019]	heart_web
[Sun Feb 17 08:15:00 2019]	heart_mobile
[Sun Feb 17 08:15:00 2019]	heart_web
[Sun Feb 17 08:15:00 2019]	heart_mobile
[Sun Feb 17 08:20:00 2019]	heart_web
[Sun Feb 17 08:20:00 2019]	heart_mobile
[Sun Feb 17 08:20:00 2019]	heart_web
[Sun Feb 17 08:20:00 2019]	heart_mobile
[Sun Feb 17 08:20:00 2019]	heart_web
[Sun Feb 17 08:20:00 2019]	heart_mobile
[Sun Feb 17 08:20:00 2019]	heart_web
[Sun Feb 17 08:20:00 2019]	heart_mobile
[Sun Feb 17 08:25:00 2019]	heart_web
[Sun Feb 17 08:25:00 2019]	heart_mobile
[Sun Feb 17 08:25:00 2019]	heart_web
[Sun Feb 17 08:25:00 2019]	heart_mobile
[Sun Feb 17 08:25:00 2019]	heart_web
[Sun Feb 17 08:25:00 2019]	heart_mobile
[Sun Feb 17 08:25:00 2019]	heart_web
[Sun Feb 17 08:25:00 2019]	heart_mobile
[Sun Feb 17 08:30:00 2019]	heart_web
[Sun Feb 17 08:30:00 2019]	heart_mobile
[Sun Feb 17 08:30:00 2019]	heart_web
[Sun Feb 17 08:30:00 2019]	heart_mobile
[Sun Feb 17 08:30:00 2019]	heart_web
[Sun Feb 17 08:30:00 2019]	heart_mobile
[Sun Feb 17 08:30:00 2019]	heart_web
[Sun Feb 17 08:30:00 2019]	heart_mobile
[Sun Feb 17 08:35:00 2019]	heart_web
[Sun Feb 17 08:35:00 2019]	heart_mobile
[Sun Feb 17 08:35:00 2019]	heart_web
[Sun Feb 17 08:35:00 2019]	heart_mobile
[Sun Feb 17 08:35:00 2019]	heart_web
[Sun Feb 17 08:35:00 2019]	heart_mobile
[Sun Feb 17 08:35:00 2019]	heart_web
[Sun Feb 17 08:35:00 2019]	heart_mobile
[Sun Feb 17 08:40:00 2019]	heart_web
[Sun Feb 17 08:40:00 2019]	heart_mobile
[Sun Feb 17 08:40:00 2019]	heart_web
[Sun Feb 17 08:40:00 2019]	heart_mobile
[Sun Feb 17 08:40:00 2019]	heart_web
[Sun Feb 17 08:40:00 2019]	heart_mobile
[Sun Feb 17 08:40:00 2019]	heart_web
[Sun Feb 17 08:40:00 2019]	heart_mobile
[Sun Feb 17 08:45:00 2019]	heart_web
[Sun Feb 17 08:45:00 2019]	heart_mobile
[Sun Feb 17 08:45:00 2019]	heart_web
[Sun Feb 17 08:45:00 2019]	heart_mobile
[Sun Feb 17 08:45:00 2019]	heart_web
[Sun Feb 17 08:45:00 2019]	heart_mobile
[Sun Feb 17 08:45:00 2019]	heart_web
[Sun Feb 17 08:45:00 2019]	heart_mobile
[Sun Feb 17 08:50:00 2019]	heart_web
[Sun Feb 17 08:50:00 2019]	heart_mobile
[Sun Feb 17 08:50:00 2019]	heart_web
[Sun Feb 17 08:50:00 2019]	heart_mobile
[Sun Feb 17 08:50:00 2019]	heart_web
[Sun Feb 17 08:50:00 2019]	heart_mobile
[Sun Feb 17 08:50:00 2019]	heart_web
[Sun Feb 17 08:50:01 2019]	heart_mobile
[Sun Feb 17 08:55:00 2019]	heart_web
[Sun Feb 17 08:55:00 2019]	heart_mobile
[Sun Feb 17 08:55:00 2019]	heart_web
[Sun Feb 17 08:55:00 2019]	heart_mobile
[Sun Feb 17 08:55:00 2019]	heart_web
[Sun Feb 17 08:55:00 2019]	heart_mobile
[Sun Feb 17 08:55:00 2019]	heart_web
[Sun Feb 17 08:55:00 2019]	heart_mobile
[Sun Feb 17 09:00:00 2019]	heart_web
[Sun Feb 17 09:00:00 2019]	heart_mobile
[Sun Feb 17 09:00:00 2019]	heart_web
[Sun Feb 17 09:00:00 2019]	heart_mobile
[Sun Feb 17 09:00:00 2019]	heart_web
[Sun Feb 17 09:00:00 2019]	heart_mobile
[Sun Feb 17 09:00:00 2019]	heart_web
[Sun Feb 17 09:00:00 2019]	heart_mobile
[u'43746559', u'43730260', u'43744183', u'43749118', u'43748741']
15824397397
zsj0911*
0
------------------
17367078621
weiyuxin
48
------------------
15127529708
shijizhe
234.58
------------------
13306522935
zjuZSJ0911*
0
------------------
[Sun Feb 17 09:05:00 2019]	heart_web
[Sun Feb 17 09:05:00 2019]	heart_mobile
[Sun Feb 17 09:05:00 2019]	heart_web
[Sun Feb 17 09:05:00 2019]	heart_mobile
[Sun Feb 17 09:05:00 2019]	heart_web
[Sun Feb 17 09:05:00 2019]	heart_mobile
[Sun Feb 17 09:05:00 2019]	heart_web
[Sun Feb 17 09:05:00 2019]	heart_mobile
[Sun Feb 17 09:10:00 2019]	heart_web
[Sun Feb 17 09:10:00 2019]	heart_mobile
[Sun Feb 17 09:10:00 2019]	heart_web
[Sun Feb 17 09:10:00 2019]	heart_mobile
[Sun Feb 17 09:10:00 2019]	heart_web
[Sun Feb 17 09:10:00 2019]	heart_mobile
[Sun Feb 17 09:10:00 2019]	heart_web
[Sun Feb 17 09:10:00 2019]	heart_mobile
[Sun Feb 17 09:15:00 2019]	heart_web
[Sun Feb 17 09:15:00 2019]	heart_mobile
[Sun Feb 17 09:15:00 2019]	heart_web
[Sun Feb 17 09:15:00 2019]	heart_mobile
[Sun Feb 17 09:15:00 2019]	heart_web
[Sun Feb 17 09:15:00 2019]	heart_mobile
[Sun Feb 17 09:15:00 2019]	heart_web
[Sun Feb 17 09:15:00 2019]	heart_mobile
[Sun Feb 17 09:20:00 2019]	heart_web
[Sun Feb 17 09:20:00 2019]	heart_mobile
[Sun Feb 17 09:20:00 2019]	heart_web
[Sun Feb 17 09:20:00 2019]	heart_mobile
[Sun Feb 17 09:20:00 2019]	heart_web
[Sun Feb 17 09:20:00 2019]	heart_mobile
[Sun Feb 17 09:20:00 2019]	heart_web
[Sun Feb 17 09:20:00 2019]	heart_mobile
[Sun Feb 17 09:25:00 2019]	heart_web
[Sun Feb 17 09:25:00 2019]	heart_mobile
[Sun Feb 17 09:25:00 2019]	heart_web
[Sun Feb 17 09:25:00 2019]	heart_mobile
[Sun Feb 17 09:25:00 2019]	heart_web
[Sun Feb 17 09:25:00 2019]	heart_mobile
[Sun Feb 17 09:25:00 2019]	heart_web
[Sun Feb 17 09:25:00 2019]	heart_mobile
[Sun Feb 17 09:30:00 2019]	heart_web
[Sun Feb 17 09:30:00 2019]	heart_mobile
[Sun Feb 17 09:30:00 2019]	heart_web
[Sun Feb 17 09:30:00 2019]	heart_mobile
[Sun Feb 17 09:30:00 2019]	heart_web
[Sun Feb 17 09:30:00 2019]	heart_mobile
[Sun Feb 17 09:30:00 2019]	heart_web
[Sun Feb 17 09:30:00 2019]	heart_mobile
[Sun Feb 17 09:35:00 2019]	heart_web
[Sun Feb 17 09:35:00 2019]	heart_mobile
[Sun Feb 17 09:35:00 2019]	heart_web
[Sun Feb 17 09:35:00 2019]	heart_mobile
[Sun Feb 17 09:35:00 2019]	heart_web
[Sun Feb 17 09:35:00 2019]	heart_mobile
[Sun Feb 17 09:35:00 2019]	heart_web
[Sun Feb 17 09:35:01 2019]	heart_mobile
[Sun Feb 17 09:40:00 2019]	heart_web
[Sun Feb 17 09:40:00 2019]	heart_mobile
[Sun Feb 17 09:40:00 2019]	heart_web
[Sun Feb 17 09:40:00 2019]	heart_mobile
[Sun Feb 17 09:40:00 2019]	heart_web
[Sun Feb 17 09:40:00 2019]	heart_mobile
[Sun Feb 17 09:40:01 2019]	heart_web
[Sun Feb 17 09:40:01 2019]	heart_mobile
[Sun Feb 17 09:45:00 2019]	heart_web
[Sun Feb 17 09:45:00 2019]	heart_mobile
[Sun Feb 17 09:45:00 2019]	heart_web
[Sun Feb 17 09:45:00 2019]	heart_mobile
[Sun Feb 17 09:45:00 2019]	heart_web
[Sun Feb 17 09:45:00 2019]	heart_mobile
[Sun Feb 17 09:45:00 2019]	heart_web
[Sun Feb 17 09:45:00 2019]	heart_mobile
[Sun Feb 17 09:50:00 2019]	heart_web
[Sun Feb 17 09:50:00 2019]	heart_mobile
[Sun Feb 17 09:50:00 2019]	heart_web
[Sun Feb 17 09:50:00 2019]	heart_mobile
[Sun Feb 17 09:50:00 2019]	heart_web
[Sun Feb 17 09:50:00 2019]	heart_mobile
[Sun Feb 17 09:50:01 2019]	heart_web
[Sun Feb 17 09:50:01 2019]	heart_mobile
[Sun Feb 17 09:55:00 2019]	heart_web
[Sun Feb 17 09:55:00 2019]	heart_mobile
[Sun Feb 17 09:55:00 2019]	heart_web
[Sun Feb 17 09:55:00 2019]	heart_mobile
[Sun Feb 17 09:55:00 2019]	heart_web
[Sun Feb 17 09:55:00 2019]	heart_mobile
[Sun Feb 17 09:55:00 2019]	heart_web
[Sun Feb 17 09:55:00 2019]	heart_mobile
[Sun Feb 17 10:00:00 2019]	heart_web
[Sun Feb 17 10:00:00 2019]	heart_mobile
[Sun Feb 17 10:00:00 2019]	heart_web
[Sun Feb 17 10:00:00 2019]	heart_mobile
[Sun Feb 17 10:00:00 2019]	heart_web
[Sun Feb 17 10:00:00 2019]	heart_mobile
[Sun Feb 17 10:00:00 2019]	heart_web
[Sun Feb 17 10:00:00 2019]	heart_mobile
[u'43746559', u'43730260', u'43780274', u'43744183', u'43749118']
15824397397
zsj0911*
0
------------------
17367078621
weiyuxin
48
------------------
15127529708
shijizhe
234.58
------------------
13306522935
zjuZSJ0911*
0
------------------
[Sun Feb 17 10:05:00 2019]	heart_web
[Sun Feb 17 10:05:00 2019]	heart_mobile
[Sun Feb 17 10:05:00 2019]	heart_web
[Sun Feb 17 10:05:00 2019]	heart_mobile
[Sun Feb 17 10:05:00 2019]	heart_web
[Sun Feb 17 10:05:00 2019]	heart_mobile
[Sun Feb 17 10:05:00 2019]	heart_web
[Sun Feb 17 10:05:00 2019]	heart_mobile
[Sun Feb 17 10:10:00 2019]	heart_web
[Sun Feb 17 10:10:00 2019]	heart_mobile
[Sun Feb 17 10:10:00 2019]	heart_web
[Sun Feb 17 10:10:00 2019]	heart_mobile
[Sun Feb 17 10:10:00 2019]	heart_web
[Sun Feb 17 10:10:00 2019]	heart_mobile
[Sun Feb 17 10:10:01 2019]	heart_web
[Sun Feb 17 10:10:01 2019]	heart_mobile
[Sun Feb 17 10:15:00 2019]	heart_web
[Sun Feb 17 10:15:00 2019]	heart_mobile
[Sun Feb 17 10:15:00 2019]	heart_web
[Sun Feb 17 10:15:00 2019]	heart_mobile
[Sun Feb 17 10:15:00 2019]	heart_web
[Sun Feb 17 10:15:00 2019]	heart_mobile
[Sun Feb 17 10:15:00 2019]	heart_web
[Sun Feb 17 10:15:01 2019]	heart_mobile
[Sun Feb 17 10:20:00 2019]	heart_web
[Sun Feb 17 10:20:00 2019]	heart_mobile
[Sun Feb 17 10:20:00 2019]	heart_web
[Sun Feb 17 10:20:00 2019]	heart_mobile
[Sun Feb 17 10:20:00 2019]	heart_web
[Sun Feb 17 10:20:00 2019]	heart_mobile
[Sun Feb 17 10:20:00 2019]	heart_web
[Sun Feb 17 10:20:00 2019]	heart_mobile
[Sun Feb 17 10:25:00 2019]	heart_web
[Sun Feb 17 10:25:00 2019]	heart_mobile
[Sun Feb 17 10:25:00 2019]	heart_web
[Sun Feb 17 10:25:00 2019]	heart_mobile
[Sun Feb 17 10:25:00 2019]	heart_web
[Sun Feb 17 10:25:00 2019]	heart_mobile
[Sun Feb 17 10:25:00 2019]	heart_web
[Sun Feb 17 10:25:00 2019]	heart_mobile
[Sun Feb 17 10:30:00 2019]	heart_web
[Sun Feb 17 10:30:00 2019]	heart_mobile
[Sun Feb 17 10:30:00 2019]	heart_web
[Sun Feb 17 10:30:00 2019]	heart_mobile
[Sun Feb 17 10:30:00 2019]	heart_web
[Sun Feb 17 10:30:00 2019]	heart_mobile
[Sun Feb 17 10:30:00 2019]	heart_web
[Sun Feb 17 10:30:00 2019]	heart_mobile
[Sun Feb 17 10:35:00 2019]	heart_web
[Sun Feb 17 10:35:00 2019]	heart_mobile
[Sun Feb 17 10:35:00 2019]	heart_web
[Sun Feb 17 10:35:00 2019]	heart_mobile
[Sun Feb 17 10:35:00 2019]	heart_web
[Sun Feb 17 10:35:00 2019]	heart_mobile
[Sun Feb 17 10:35:00 2019]	heart_web
[Sun Feb 17 10:35:00 2019]	heart_mobile
[Sun Feb 17 10:40:00 2019]	heart_web
[Sun Feb 17 10:40:00 2019]	heart_mobile
[Sun Feb 17 10:40:00 2019]	heart_web
[Sun Feb 17 10:40:00 2019]	heart_mobile
[Sun Feb 17 10:40:00 2019]	heart_web
[Sun Feb 17 10:40:00 2019]	heart_mobile
[Sun Feb 17 10:40:00 2019]	heart_web
[Sun Feb 17 10:40:00 2019]	heart_mobile
[Sun Feb 17 10:45:00 2019]	heart_web
[Sun Feb 17 10:45:00 2019]	heart_mobile
[Sun Feb 17 10:45:00 2019]	heart_web
[Sun Feb 17 10:45:00 2019]	heart_mobile
[Sun Feb 17 10:45:00 2019]	heart_web
[Sun Feb 17 10:45:00 2019]	heart_mobile
[Sun Feb 17 10:45:00 2019]	heart_web
[Sun Feb 17 10:45:00 2019]	heart_mobile
[Sun Feb 17 10:50:00 2019]	heart_web
[Sun Feb 17 10:50:00 2019]	heart_mobile
[Sun Feb 17 10:50:00 2019]	heart_web
[Sun Feb 17 10:50:00 2019]	heart_mobile
[Sun Feb 17 10:50:00 2019]	heart_web
[Sun Feb 17 10:50:00 2019]	heart_mobile
[Sun Feb 17 10:50:00 2019]	heart_web
[Sun Feb 17 10:50:00 2019]	heart_mobile
[Sun Feb 17 10:55:00 2019]	heart_web
[Sun Feb 17 10:55:00 2019]	heart_mobile
[Sun Feb 17 10:55:00 2019]	heart_web
[Sun Feb 17 10:55:00 2019]	heart_mobile
[Sun Feb 17 10:55:00 2019]	heart_web
[Sun Feb 17 10:55:00 2019]	heart_mobile
[Sun Feb 17 10:55:00 2019]	heart_web
[Sun Feb 17 10:55:00 2019]	heart_mobile
[Sun Feb 17 11:00:00 2019]	heart_web
[Sun Feb 17 11:00:00 2019]	heart_mobile
[Sun Feb 17 11:00:00 2019]	heart_web
[Sun Feb 17 11:00:00 2019]	heart_mobile
[Sun Feb 17 11:00:00 2019]	heart_web
[Sun Feb 17 11:00:00 2019]	heart_mobile
[Sun Feb 17 11:00:00 2019]	heart_web
[Sun Feb 17 11:00:01 2019]	heart_mobile
[u'43792675', u'43767953', u'43730260', u'43780274', u'43744183']
15824397397
zsj0911*
0
------------------
17367078621
weiyuxin
48
------------------
15127529708
shijizhe
234.58
------------------
13306522935
zjuZSJ0911*
0
------------------
[Sun Feb 17 11:05:00 2019]	heart_web
[Sun Feb 17 11:05:00 2019]	heart_mobile
[Sun Feb 17 11:05:00 2019]	heart_web
[Sun Feb 17 11:05:00 2019]	heart_mobile
[Sun Feb 17 11:05:00 2019]	heart_web
[Sun Feb 17 11:05:00 2019]	heart_mobile
[Sun Feb 17 11:05:00 2019]	heart_web
[Sun Feb 17 11:05:00 2019]	heart_mobile
[Sun Feb 17 11:10:00 2019]	heart_web
[Sun Feb 17 11:10:00 2019]	heart_mobile
[Sun Feb 17 11:10:00 2019]	heart_web
[Sun Feb 17 11:10:00 2019]	heart_mobile
[Sun Feb 17 11:10:00 2019]	heart_web
[Sun Feb 17 11:10:00 2019]	heart_mobile
[Sun Feb 17 11:10:00 2019]	heart_web
[Sun Feb 17 11:10:00 2019]	heart_mobile
[Sun Feb 17 11:15:00 2019]	heart_web
[Sun Feb 17 11:15:00 2019]	heart_mobile
[Sun Feb 17 11:15:00 2019]	heart_web
[Sun Feb 17 11:15:00 2019]	heart_mobile
[Sun Feb 17 11:15:00 2019]	heart_web
[Sun Feb 17 11:15:00 2019]	heart_mobile
[Sun Feb 17 11:15:00 2019]	heart_web
[Sun Feb 17 11:15:00 2019]	heart_mobile
[Sun Feb 17 11:20:00 2019]	heart_web
[Sun Feb 17 11:20:00 2019]	heart_mobile
[Sun Feb 17 11:20:00 2019]	heart_web
[Sun Feb 17 11:20:00 2019]	heart_mobile
[Sun Feb 17 11:20:00 2019]	heart_web
[Sun Feb 17 11:20:00 2019]	heart_mobile
[Sun Feb 17 11:20:00 2019]	heart_web
[Sun Feb 17 11:20:01 2019]	heart_mobile
[Sun Feb 17 11:25:00 2019]	heart_web
[Sun Feb 17 11:25:00 2019]	heart_mobile
[Sun Feb 17 11:25:00 2019]	heart_web
[Sun Feb 17 11:25:00 2019]	heart_mobile
[Sun Feb 17 11:25:00 2019]	heart_web
[Sun Feb 17 11:25:00 2019]	heart_mobile
[Sun Feb 17 11:25:00 2019]	heart_web
[Sun Feb 17 11:25:01 2019]	heart_mobile
[Sun Feb 17 11:30:00 2019]	heart_web
[Sun Feb 17 11:30:00 2019]	heart_mobile
[Sun Feb 17 11:30:00 2019]	heart_web
[Sun Feb 17 11:30:00 2019]	heart_mobile
[Sun Feb 17 11:30:00 2019]	heart_web
[Sun Feb 17 11:30:00 2019]	heart_mobile
[Sun Feb 17 11:30:00 2019]	heart_web
[Sun Feb 17 11:30:01 2019]	heart_mobile
[Sun Feb 17 11:35:00 2019]	heart_web
[Sun Feb 17 11:35:00 2019]	heart_mobile
[Sun Feb 17 11:35:00 2019]	heart_web
[Sun Feb 17 11:35:00 2019]	heart_mobile
[Sun Feb 17 11:35:00 2019]	heart_web
[Sun Feb 17 11:35:00 2019]	heart_mobile
[Sun Feb 17 11:35:00 2019]	heart_web
[Sun Feb 17 11:35:00 2019]	heart_mobile
[Sun Feb 17 11:40:00 2019]	heart_web
[Sun Feb 17 11:40:00 2019]	heart_mobile
[Sun Feb 17 11:40:00 2019]	heart_web
[Sun Feb 17 11:40:00 2019]	heart_mobile
[Sun Feb 17 11:40:00 2019]	heart_web
[Sun Feb 17 11:40:00 2019]	heart_mobile
[Sun Feb 17 11:40:00 2019]	heart_web
[Sun Feb 17 11:40:01 2019]	heart_mobile
[Sun Feb 17 11:45:00 2019]	heart_web
[Sun Feb 17 11:45:00 2019]	heart_mobile
[Sun Feb 17 11:45:00 2019]	heart_web
[Sun Feb 17 11:45:00 2019]	heart_mobile
[Sun Feb 17 11:45:00 2019]	heart_web
[Sun Feb 17 11:45:00 2019]	heart_mobile
[Sun Feb 17 11:45:00 2019]	heart_web
[Sun Feb 17 11:45:01 2019]	heart_mobile
[Sun Feb 17 11:50:00 2019]	heart_web
[Sun Feb 17 11:50:00 2019]	heart_mobile
[Sun Feb 17 11:50:00 2019]	heart_web
[Sun Feb 17 11:50:00 2019]	heart_mobile
[Sun Feb 17 11:50:00 2019]	heart_web
[Sun Feb 17 11:50:00 2019]	heart_mobile
[Sun Feb 17 11:50:00 2019]	heart_web
[Sun Feb 17 11:50:01 2019]	heart_mobile
[Sun Feb 17 11:55:00 2019]	heart_web
[Sun Feb 17 11:55:00 2019]	heart_mobile
[Sun Feb 17 11:55:00 2019]	heart_web
[Sun Feb 17 11:55:00 2019]	heart_mobile
[Sun Feb 17 11:55:00 2019]	heart_web
[Sun Feb 17 11:55:00 2019]	heart_mobile
[Sun Feb 17 11:55:00 2019]	heart_web
[Sun Feb 17 11:55:00 2019]	heart_mobile
[Sun Feb 17 12:00:00 2019]	heart_web
[Sun Feb 17 12:00:00 2019]	heart_mobile
[Sun Feb 17 12:00:00 2019]	heart_web
[Sun Feb 17 12:00:00 2019]	heart_mobile
[Sun Feb 17 12:00:00 2019]	heart_web
[Sun Feb 17 12:00:00 2019]	heart_mobile
[Sun Feb 17 12:00:00 2019]	heart_web
[Sun Feb 17 12:00:00 2019]	heart_mobile
[u'43823195', u'43792675', u'43767953', u'43730260', u'43780274']
15824397397
zsj0911*
0
------------------
17367078621
weiyuxin
48
------------------
15127529708
shijizhe
234.58
------------------
13306522935
zjuZSJ0911*
0
------------------
[Sun Feb 17 12:05:00 2019]	heart_web
[Sun Feb 17 12:05:00 2019]	heart_mobile
[Sun Feb 17 12:05:00 2019]	heart_web
[Sun Feb 17 12:05:00 2019]	heart_mobile
[Sun Feb 17 12:05:00 2019]	heart_web
[Sun Feb 17 12:05:00 2019]	heart_mobile
[Sun Feb 17 12:05:00 2019]	heart_web
[Sun Feb 17 12:05:00 2019]	heart_mobile
[Sun Feb 17 12:10:00 2019]	heart_web
[Sun Feb 17 12:10:00 2019]	heart_mobile
[Sun Feb 17 12:10:00 2019]	heart_web
[Sun Feb 17 12:10:00 2019]	heart_mobile
[Sun Feb 17 12:10:00 2019]	heart_web
[Sun Feb 17 12:10:00 2019]	heart_mobile
[Sun Feb 17 12:10:00 2019]	heart_web
[Sun Feb 17 12:10:00 2019]	heart_mobile
[Sun Feb 17 12:15:00 2019]	heart_web
[Sun Feb 17 12:15:00 2019]	heart_mobile
[Sun Feb 17 12:15:00 2019]	heart_web
[Sun Feb 17 12:15:00 2019]	heart_mobile
[Sun Feb 17 12:15:00 2019]	heart_web
[Sun Feb 17 12:15:00 2019]	heart_mobile
[Sun Feb 17 12:15:00 2019]	heart_web
[Sun Feb 17 12:15:00 2019]	heart_mobile
[Sun Feb 17 12:20:00 2019]	heart_web
[Sun Feb 17 12:20:00 2019]	heart_mobile
[Sun Feb 17 12:20:00 2019]	heart_web
[Sun Feb 17 12:20:00 2019]	heart_mobile
[Sun Feb 17 12:20:00 2019]	heart_web
[Sun Feb 17 12:20:00 2019]	heart_mobile
[Sun Feb 17 12:20:00 2019]	heart_web
[Sun Feb 17 12:20:01 2019]	heart_mobile
[Sun Feb 17 12:25:00 2019]	heart_web
[Sun Feb 17 12:25:00 2019]	heart_mobile
[Sun Feb 17 12:25:00 2019]	heart_web
[Sun Feb 17 12:25:00 2019]	heart_mobile
[Sun Feb 17 12:25:00 2019]	heart_web
[Sun Feb 17 12:25:00 2019]	heart_mobile
[Sun Feb 17 12:25:00 2019]	heart_web
[Sun Feb 17 12:25:00 2019]	heart_mobile
[Sun Feb 17 12:30:00 2019]	heart_web
[Sun Feb 17 12:30:00 2019]	heart_mobile
[Sun Feb 17 12:30:00 2019]	heart_web
[Sun Feb 17 12:30:00 2019]	heart_mobile
[Sun Feb 17 12:30:00 2019]	heart_web
[Sun Feb 17 12:30:00 2019]	heart_mobile
[Sun Feb 17 12:30:00 2019]	heart_web
[Sun Feb 17 12:30:00 2019]	heart_mobile
[Sun Feb 17 12:35:00 2019]	heart_web
[Sun Feb 17 12:35:00 2019]	heart_mobile
[Sun Feb 17 12:35:00 2019]	heart_web
[Sun Feb 17 12:35:00 2019]	heart_mobile
[Sun Feb 17 12:35:00 2019]	heart_web
[Sun Feb 17 12:35:00 2019]	heart_mobile
[Sun Feb 17 12:35:00 2019]	heart_web
[Sun Feb 17 12:35:01 2019]	heart_mobile
[Sun Feb 17 12:40:00 2019]	heart_web
[Sun Feb 17 12:40:00 2019]	heart_mobile
[Sun Feb 17 12:40:00 2019]	heart_web
[Sun Feb 17 12:40:00 2019]	heart_mobile
[Sun Feb 17 12:40:00 2019]	heart_web
[Sun Feb 17 12:40:00 2019]	heart_mobile
[Sun Feb 17 12:40:00 2019]	heart_web
[Sun Feb 17 12:40:00 2019]	heart_mobile
[Sun Feb 17 12:45:00 2019]	heart_web
[Sun Feb 17 12:45:00 2019]	heart_mobile
[Sun Feb 17 12:45:00 2019]	heart_web
[Sun Feb 17 12:45:00 2019]	heart_mobile
[Sun Feb 17 12:45:00 2019]	heart_web
[Sun Feb 17 12:45:00 2019]	heart_mobile
[Sun Feb 17 12:45:00 2019]	heart_web
[Sun Feb 17 12:45:01 2019]	heart_mobile
[Sun Feb 17 12:50:00 2019]	heart_web
[Sun Feb 17 12:50:00 2019]	heart_mobile
[Sun Feb 17 12:50:00 2019]	heart_web
[Sun Feb 17 12:50:00 2019]	heart_mobile
[Sun Feb 17 12:50:00 2019]	heart_web
[Sun Feb 17 12:50:00 2019]	heart_mobile
[Sun Feb 17 12:50:00 2019]	heart_web
[Sun Feb 17 12:50:00 2019]	heart_mobile
[Sun Feb 17 12:55:00 2019]	heart_web
[Sun Feb 17 12:55:00 2019]	heart_mobile
[Sun Feb 17 12:55:00 2019]	heart_web
[Sun Feb 17 12:55:00 2019]	heart_mobile
[Sun Feb 17 12:55:00 2019]	heart_web
[Sun Feb 17 12:55:00 2019]	heart_mobile
[Sun Feb 17 12:55:00 2019]	heart_web
[Sun Feb 17 12:55:00 2019]	heart_mobile
[Sun Feb 17 13:00:00 2019]	heart_web
[Sun Feb 17 13:00:00 2019]	heart_mobile
[Sun Feb 17 13:00:00 2019]	heart_web
[Sun Feb 17 13:00:00 2019]	heart_mobile
[Sun Feb 17 13:00:00 2019]	heart_web
[Sun Feb 17 13:00:00 2019]	heart_mobile
[Sun Feb 17 13:00:00 2019]	heart_web
[Sun Feb 17 13:00:01 2019]	heart_mobile
[u'43823195', u'43792675', u'43767953', u'43780274', u'43744183']
15824397397
zsj0911*
0
------------------
17367078621
weiyuxin
48
------------------
15127529708
shijizhe
234.58
------------------
13306522935
zjuZSJ0911*
0
------------------
[Sun Feb 17 13:05:00 2019]	heart_web
[Sun Feb 17 13:05:00 2019]	heart_mobile
[Sun Feb 17 13:05:00 2019]	heart_web
[Sun Feb 17 13:05:00 2019]	heart_mobile
[Sun Feb 17 13:05:00 2019]	heart_web
[Sun Feb 17 13:05:00 2019]	heart_mobile
[Sun Feb 17 13:05:00 2019]	heart_web
[Sun Feb 17 13:05:00 2019]	heart_mobile
[Sun Feb 17 13:10:00 2019]	heart_web
[Sun Feb 17 13:10:00 2019]	heart_mobile
[Sun Feb 17 13:10:00 2019]	heart_web
[Sun Feb 17 13:10:00 2019]	heart_mobile
[Sun Feb 17 13:10:00 2019]	heart_web
[Sun Feb 17 13:10:00 2019]	heart_mobile
[Sun Feb 17 13:10:00 2019]	heart_web
[Sun Feb 17 13:10:00 2019]	heart_mobile
[Sun Feb 17 13:15:00 2019]	heart_web
[Sun Feb 17 13:15:00 2019]	heart_mobile
[Sun Feb 17 13:15:00 2019]	heart_web
[Sun Feb 17 13:15:00 2019]	heart_mobile
[Sun Feb 17 13:15:00 2019]	heart_web
[Sun Feb 17 13:15:00 2019]	heart_mobile
[Sun Feb 17 13:15:00 2019]	heart_web
[Sun Feb 17 13:15:00 2019]	heart_mobile
[Sun Feb 17 13:20:00 2019]	heart_web
[Sun Feb 17 13:20:00 2019]	heart_mobile
[Sun Feb 17 13:20:00 2019]	heart_web
[Sun Feb 17 13:20:00 2019]	heart_mobile
[Sun Feb 17 13:20:00 2019]	heart_web
[Sun Feb 17 13:20:00 2019]	heart_mobile
[Sun Feb 17 13:20:00 2019]	heart_web
[Sun Feb 17 13:20:00 2019]	heart_mobile
[Sun Feb 17 13:25:00 2019]	heart_web
[Sun Feb 17 13:25:00 2019]	heart_mobile
[Sun Feb 17 13:25:00 2019]	heart_web
[Sun Feb 17 13:25:00 2019]	heart_mobile
[Sun Feb 17 13:25:00 2019]	heart_web
[Sun Feb 17 13:25:00 2019]	heart_mobile
[Sun Feb 17 13:25:00 2019]	heart_web
[Sun Feb 17 13:25:01 2019]	heart_mobile
[Sun Feb 17 13:30:00 2019]	heart_web
[Sun Feb 17 13:30:00 2019]	heart_mobile
[Sun Feb 17 13:30:00 2019]	heart_web
[Sun Feb 17 13:30:00 2019]	heart_mobile
[Sun Feb 17 13:30:00 2019]	heart_web
[Sun Feb 17 13:30:00 2019]	heart_mobile
[Sun Feb 17 13:30:00 2019]	heart_web
[Sun Feb 17 13:30:00 2019]	heart_mobile
[Sun Feb 17 13:35:00 2019]	heart_web
[Sun Feb 17 13:35:00 2019]	heart_mobile
[Sun Feb 17 13:35:00 2019]	heart_web
[Sun Feb 17 13:35:00 2019]	heart_mobile
[Sun Feb 17 13:35:00 2019]	heart_web
[Sun Feb 17 13:35:00 2019]	heart_mobile
[Sun Feb 17 13:35:00 2019]	heart_web
[Sun Feb 17 13:35:00 2019]	heart_mobile
[Sun Feb 17 13:40:00 2019]	heart_web
[Sun Feb 17 13:40:00 2019]	heart_mobile
[Sun Feb 17 13:40:00 2019]	heart_web
[Sun Feb 17 13:40:00 2019]	heart_mobile
[Sun Feb 17 13:40:00 2019]	heart_web
[Sun Feb 17 13:40:00 2019]	heart_mobile
[Sun Feb 17 13:40:00 2019]	heart_web
[Sun Feb 17 13:40:00 2019]	heart_mobile
[Sun Feb 17 13:45:00 2019]	heart_web
[Sun Feb 17 13:45:00 2019]	heart_mobile
[Sun Feb 17 13:45:00 2019]	heart_web
[Sun Feb 17 13:45:00 2019]	heart_mobile
[Sun Feb 17 13:45:00 2019]	heart_web
[Sun Feb 17 13:45:00 2019]	heart_mobile
[Sun Feb 17 13:45:00 2019]	heart_web
[Sun Feb 17 13:45:00 2019]	heart_mobile
[Sun Feb 17 13:50:00 2019]	heart_web
[Sun Feb 17 13:50:00 2019]	heart_mobile
[Sun Feb 17 13:50:00 2019]	heart_web
[Sun Feb 17 13:50:00 2019]	heart_mobile
[Sun Feb 17 13:50:00 2019]	heart_web
[Sun Feb 17 13:50:00 2019]	heart_mobile
[Sun Feb 17 13:50:01 2019]	heart_web
[Sun Feb 17 13:50:01 2019]	heart_mobile
[Sun Feb 17 13:55:00 2019]	heart_web
[Sun Feb 17 13:55:00 2019]	heart_mobile
[Sun Feb 17 13:55:00 2019]	heart_web
[Sun Feb 17 13:55:00 2019]	heart_mobile
[Sun Feb 17 13:55:00 2019]	heart_web
[Sun Feb 17 13:55:00 2019]	heart_mobile
[Sun Feb 17 13:55:00 2019]	heart_web
[Sun Feb 17 13:55:00 2019]	heart_mobile
[Sun Feb 17 14:00:00 2019]	heart_web
[Sun Feb 17 14:00:00 2019]	heart_mobile
[Sun Feb 17 14:00:00 2019]	heart_web
[Sun Feb 17 14:00:00 2019]	heart_mobile
[Sun Feb 17 14:00:00 2019]	heart_web
[Sun Feb 17 14:00:00 2019]	heart_mobile
[Sun Feb 17 14:00:00 2019]	heart_web
[Sun Feb 17 14:00:00 2019]	heart_mobile
[u'43823195', u'43792675', u'43767953', u'43744183', u'43749118']
15824397397
zsj0911*
0
------------------
17367078621
weiyuxin
48
------------------
15127529708
shijizhe
234.58
------------------
13306522935
zjuZSJ0911*
0
------------------
[Sun Feb 17 14:05:00 2019]	heart_web
[Sun Feb 17 14:05:00 2019]	heart_mobile
[Sun Feb 17 14:05:00 2019]	heart_web
[Sun Feb 17 14:05:00 2019]	heart_mobile
[Sun Feb 17 14:05:00 2019]	heart_web
[Sun Feb 17 14:05:00 2019]	heart_mobile
[Sun Feb 17 14:05:01 2019]	heart_web
[Sun Feb 17 14:05:01 2019]	heart_mobile
[Sun Feb 17 14:10:00 2019]	heart_web
[Sun Feb 17 14:10:00 2019]	heart_mobile
[Sun Feb 17 14:10:00 2019]	heart_web
[Sun Feb 17 14:10:00 2019]	heart_mobile
[Sun Feb 17 14:10:00 2019]	heart_web
[Sun Feb 17 14:10:00 2019]	heart_mobile
[Sun Feb 17 14:10:00 2019]	heart_web
[Sun Feb 17 14:10:00 2019]	heart_mobile
[Sun Feb 17 14:15:00 2019]	heart_web
[Sun Feb 17 14:15:00 2019]	heart_mobile
[Sun Feb 17 14:15:00 2019]	heart_web
[Sun Feb 17 14:15:00 2019]	heart_mobile
[Sun Feb 17 14:15:00 2019]	heart_web
[Sun Feb 17 14:15:00 2019]	heart_mobile
[Sun Feb 17 14:15:00 2019]	heart_web
[Sun Feb 17 14:15:00 2019]	heart_mobile
[Sun Feb 17 14:20:00 2019]	heart_web
[Sun Feb 17 14:20:00 2019]	heart_mobile
[Sun Feb 17 14:20:00 2019]	heart_web
[Sun Feb 17 14:20:00 2019]	heart_mobile
[Sun Feb 17 14:20:00 2019]	heart_web
[Sun Feb 17 14:20:00 2019]	heart_mobile
[Sun Feb 17 14:20:00 2019]	heart_web
[Sun Feb 17 14:20:00 2019]	heart_mobile
[Sun Feb 17 14:25:00 2019]	heart_web
[Sun Feb 17 14:25:00 2019]	heart_mobile
[Sun Feb 17 14:25:00 2019]	heart_web
[Sun Feb 17 14:25:00 2019]	heart_mobile
[Sun Feb 17 14:25:00 2019]	heart_web
[Sun Feb 17 14:25:00 2019]	heart_mobile
[Sun Feb 17 14:25:00 2019]	heart_web
[Sun Feb 17 14:25:01 2019]	heart_mobile
[Sun Feb 17 14:30:00 2019]	heart_web
[Sun Feb 17 14:30:00 2019]	heart_mobile
[Sun Feb 17 14:30:00 2019]	heart_web
[Sun Feb 17 14:30:00 2019]	heart_mobile
[Sun Feb 17 14:30:00 2019]	heart_web
[Sun Feb 17 14:30:00 2019]	heart_mobile
[Sun Feb 17 14:30:00 2019]	heart_web
[Sun Feb 17 14:30:00 2019]	heart_mobile
[Sun Feb 17 14:35:00 2019]	heart_web
[Sun Feb 17 14:35:00 2019]	heart_mobile
[Sun Feb 17 14:35:00 2019]	heart_web
[Sun Feb 17 14:35:00 2019]	heart_mobile
[Sun Feb 17 14:35:00 2019]	heart_web
[Sun Feb 17 14:35:00 2019]	heart_mobile
[Sun Feb 17 14:35:00 2019]	heart_web
[Sun Feb 17 14:35:00 2019]	heart_mobile
[Sun Feb 17 14:40:00 2019]	heart_web
[Sun Feb 17 14:40:00 2019]	heart_mobile
[Sun Feb 17 14:40:00 2019]	heart_web
[Sun Feb 17 14:40:00 2019]	heart_mobile
[Sun Feb 17 14:40:00 2019]	heart_web
[Sun Feb 17 14:40:00 2019]	heart_mobile
[Sun Feb 17 14:40:00 2019]	heart_web
[Sun Feb 17 14:40:00 2019]	heart_mobile
[Sun Feb 17 14:45:00 2019]	heart_web
[Sun Feb 17 14:45:00 2019]	heart_mobile
[Sun Feb 17 14:45:00 2019]	heart_web
[Sun Feb 17 14:45:00 2019]	heart_mobile
[Sun Feb 17 14:45:00 2019]	heart_web
[Sun Feb 17 14:45:00 2019]	heart_mobile
[Sun Feb 17 14:45:00 2019]	heart_web
[Sun Feb 17 14:45:00 2019]	heart_mobile
[Sun Feb 17 14:50:00 2019]	heart_web
[Sun Feb 17 14:50:00 2019]	heart_mobile
[Sun Feb 17 14:50:00 2019]	heart_web
[Sun Feb 17 14:50:00 2019]	heart_mobile
[Sun Feb 17 14:50:00 2019]	heart_web
[Sun Feb 17 14:50:00 2019]	heart_mobile
[Sun Feb 17 14:50:00 2019]	heart_web
[Sun Feb 17 14:50:00 2019]	heart_mobile
[Sun Feb 17 14:55:00 2019]	heart_web
[Sun Feb 17 14:55:00 2019]	heart_mobile
[Sun Feb 17 14:55:00 2019]	heart_web
[Sun Feb 17 14:55:00 2019]	heart_mobile
[Sun Feb 17 14:55:00 2019]	heart_web
[Sun Feb 17 14:55:00 2019]	heart_mobile
[Sun Feb 17 14:55:00 2019]	heart_web
[Sun Feb 17 14:55:00 2019]	heart_mobile
[Sun Feb 17 15:00:00 2019]	heart_web
[Sun Feb 17 15:00:00 2019]	heart_mobile
[Sun Feb 17 15:00:00 2019]	heart_web
[Sun Feb 17 15:00:00 2019]	heart_mobile
[Sun Feb 17 15:00:00 2019]	heart_web
[Sun Feb 17 15:00:00 2019]	heart_mobile
[Sun Feb 17 15:00:00 2019]	heart_web
[Sun Feb 17 15:00:01 2019]	heart_mobile
[u'43823195', u'43792675', u'43767953', u'43744183', u'43749118']
15824397397
zsj0911*
0
------------------
17367078621
weiyuxin
48
------------------
15127529708
shijizhe
234.58
------------------
13306522935
zjuZSJ0911*
0
------------------
[Sun Feb 17 15:05:00 2019]	heart_web
[Sun Feb 17 15:05:00 2019]	heart_mobile
[Sun Feb 17 15:05:00 2019]	heart_web
[Sun Feb 17 15:05:00 2019]	heart_mobile
[Sun Feb 17 15:05:00 2019]	heart_web
[Sun Feb 17 15:05:00 2019]	heart_mobile
[Sun Feb 17 15:05:00 2019]	heart_web
[Sun Feb 17 15:05:00 2019]	heart_mobile
[Sun Feb 17 15:10:00 2019]	heart_web
[Sun Feb 17 15:10:00 2019]	heart_mobile
[Sun Feb 17 15:10:00 2019]	heart_web
[Sun Feb 17 15:10:00 2019]	heart_mobile
[Sun Feb 17 15:10:00 2019]	heart_web
[Sun Feb 17 15:10:00 2019]	heart_mobile
[Sun Feb 17 15:10:00 2019]	heart_web
[Sun Feb 17 15:10:00 2019]	heart_mobile
[Sun Feb 17 15:15:00 2019]	heart_web
[Sun Feb 17 15:15:00 2019]	heart_mobile
[Sun Feb 17 15:15:00 2019]	heart_web
[Sun Feb 17 15:15:00 2019]	heart_mobile
[Sun Feb 17 15:15:00 2019]	heart_web
[Sun Feb 17 15:15:00 2019]	heart_mobile
[Sun Feb 17 15:15:00 2019]	heart_web
[Sun Feb 17 15:15:01 2019]	heart_mobile
[Sun Feb 17 15:20:00 2019]	heart_web
[Sun Feb 17 15:20:00 2019]	heart_mobile
[Sun Feb 17 15:20:00 2019]	heart_web
[Sun Feb 17 15:20:00 2019]	heart_mobile
[Sun Feb 17 15:20:00 2019]	heart_web
[Sun Feb 17 15:20:00 2019]	heart_mobile
[Sun Feb 17 15:20:00 2019]	heart_web
[Sun Feb 17 15:20:00 2019]	heart_mobile
[Sun Feb 17 15:25:00 2019]	heart_web
[Sun Feb 17 15:25:00 2019]	heart_mobile
[Sun Feb 17 15:25:00 2019]	heart_web
[Sun Feb 17 15:25:00 2019]	heart_mobile
[Sun Feb 17 15:25:00 2019]	heart_web
[Sun Feb 17 15:25:00 2019]	heart_mobile
[Sun Feb 17 15:25:00 2019]	heart_web
[Sun Feb 17 15:25:00 2019]	heart_mobile
[Sun Feb 17 15:30:00 2019]	heart_web
[Sun Feb 17 15:30:00 2019]	heart_mobile
[Sun Feb 17 15:30:00 2019]	heart_web
[Sun Feb 17 15:30:00 2019]	heart_mobile
[Sun Feb 17 15:30:00 2019]	heart_web
[Sun Feb 17 15:30:00 2019]	heart_mobile
[Sun Feb 17 15:30:01 2019]	heart_web
[Sun Feb 17 15:30:01 2019]	heart_mobile
[Sun Feb 17 15:35:00 2019]	heart_web
[Sun Feb 17 15:35:00 2019]	heart_mobile
[Sun Feb 17 15:35:00 2019]	heart_web
[Sun Feb 17 15:35:00 2019]	heart_mobile
[Sun Feb 17 15:35:00 2019]	heart_web
[Sun Feb 17 15:35:00 2019]	heart_mobile
[Sun Feb 17 15:35:01 2019]	heart_web
[Sun Feb 17 15:35:01 2019]	heart_mobile
[Sun Feb 17 15:40:00 2019]	heart_web
[Sun Feb 17 15:40:00 2019]	heart_mobile
[Sun Feb 17 15:40:00 2019]	heart_web
[Sun Feb 17 15:40:00 2019]	heart_mobile
[Sun Feb 17 15:40:00 2019]	heart_web
[Sun Feb 17 15:40:00 2019]	heart_mobile
[Sun Feb 17 15:40:00 2019]	heart_web
[Sun Feb 17 15:40:00 2019]	heart_mobile
[Sun Feb 17 15:45:00 2019]	heart_web
[Sun Feb 17 15:45:00 2019]	heart_mobile
[Sun Feb 17 15:45:00 2019]	heart_web
[Sun Feb 17 15:45:00 2019]	heart_mobile
[Sun Feb 17 15:45:00 2019]	heart_web
[Sun Feb 17 15:45:00 2019]	heart_mobile
[Sun Feb 17 15:45:00 2019]	heart_web
[Sun Feb 17 15:45:01 2019]	heart_mobile
[Sun Feb 17 15:50:00 2019]	heart_web
[Sun Feb 17 15:50:00 2019]	heart_mobile
[Sun Feb 17 15:50:00 2019]	heart_web
[Sun Feb 17 15:50:00 2019]	heart_mobile
[Sun Feb 17 15:50:00 2019]	heart_web
[Sun Feb 17 15:50:00 2019]	heart_mobile
[Sun Feb 17 15:50:00 2019]	heart_web
[Sun Feb 17 15:50:00 2019]	heart_mobile
[Sun Feb 17 15:55:00 2019]	heart_web
[Sun Feb 17 15:55:00 2019]	heart_mobile
[Sun Feb 17 15:55:00 2019]	heart_web
[Sun Feb 17 15:55:00 2019]	heart_mobile
[Sun Feb 17 15:55:00 2019]	heart_web
[Sun Feb 17 15:55:00 2019]	heart_mobile
[Sun Feb 17 15:55:01 2019]	heart_web
[Sun Feb 17 15:55:01 2019]	heart_mobile
[Sun Feb 17 16:00:00 2019]	heart_web
[Sun Feb 17 16:00:00 2019]	heart_mobile
[Sun Feb 17 16:00:00 2019]	heart_web
[Sun Feb 17 16:00:00 2019]	heart_mobile
[Sun Feb 17 16:00:00 2019]	heart_web
[Sun Feb 17 16:00:00 2019]	heart_mobile
[Sun Feb 17 16:00:00 2019]	heart_web
[Sun Feb 17 16:00:00 2019]	heart_mobile
[u'43823195', u'43792675', u'43767953', u'43749118', u'43847615']
15824397397
zsj0911*
0
------------------
17367078621
weiyuxin
48
------------------
15127529708
shijizhe
234.58
------------------
13306522935
zjuZSJ0911*
0
------------------
[Sun Feb 17 16:05:00 2019]	heart_web
[Sun Feb 17 16:05:00 2019]	heart_mobile
[Sun Feb 17 16:05:00 2019]	heart_web
[Sun Feb 17 16:05:00 2019]	heart_mobile
[Sun Feb 17 16:05:00 2019]	heart_web
[Sun Feb 17 16:05:00 2019]	heart_mobile
[Sun Feb 17 16:05:00 2019]	heart_web
[Sun Feb 17 16:05:01 2019]	heart_mobile
[Sun Feb 17 16:10:00 2019]	heart_web
[Sun Feb 17 16:10:00 2019]	heart_mobile
[Sun Feb 17 16:10:00 2019]	heart_web
[Sun Feb 17 16:10:00 2019]	heart_mobile
[Sun Feb 17 16:10:00 2019]	heart_web
[Sun Feb 17 16:10:00 2019]	heart_mobile
[Sun Feb 17 16:10:00 2019]	heart_web
[Sun Feb 17 16:10:01 2019]	heart_mobile
[Sun Feb 17 16:15:00 2019]	heart_web
[Sun Feb 17 16:15:00 2019]	heart_mobile
[Sun Feb 17 16:15:00 2019]	heart_web
[Sun Feb 17 16:15:00 2019]	heart_mobile
[Sun Feb 17 16:15:00 2019]	heart_web
[Sun Feb 17 16:15:00 2019]	heart_mobile
[Sun Feb 17 16:15:00 2019]	heart_web
[Sun Feb 17 16:15:00 2019]	heart_mobile
[Sun Feb 17 16:20:00 2019]	heart_web
[Sun Feb 17 16:20:00 2019]	heart_mobile
[Sun Feb 17 16:20:00 2019]	heart_web
[Sun Feb 17 16:20:00 2019]	heart_mobile
[Sun Feb 17 16:20:00 2019]	heart_web
[Sun Feb 17 16:20:00 2019]	heart_mobile
[Sun Feb 17 16:20:01 2019]	heart_web
[Sun Feb 17 16:20:01 2019]	heart_mobile
[Sun Feb 17 16:25:00 2019]	heart_web
[Sun Feb 17 16:25:00 2019]	heart_mobile
[Sun Feb 17 16:25:00 2019]	heart_web
[Sun Feb 17 16:25:00 2019]	heart_mobile
[Sun Feb 17 16:25:00 2019]	heart_web
[Sun Feb 17 16:25:00 2019]	heart_mobile
[Sun Feb 17 16:25:00 2019]	heart_web
[Sun Feb 17 16:25:00 2019]	heart_mobile
[Sun Feb 17 16:30:00 2019]	heart_web
[Sun Feb 17 16:30:00 2019]	heart_mobile
[Sun Feb 17 16:30:00 2019]	heart_web
[Sun Feb 17 16:30:00 2019]	heart_mobile
[Sun Feb 17 16:30:00 2019]	heart_web
[Sun Feb 17 16:30:00 2019]	heart_mobile
[Sun Feb 17 16:30:01 2019]	heart_web
[Sun Feb 17 16:30:01 2019]	heart_mobile
[Sun Feb 17 16:35:00 2019]	heart_web
[Sun Feb 17 16:35:00 2019]	heart_mobile
[Sun Feb 17 16:35:00 2019]	heart_web
[Sun Feb 17 16:35:00 2019]	heart_mobile
[Sun Feb 17 16:35:00 2019]	heart_web
[Sun Feb 17 16:35:00 2019]	heart_mobile
[Sun Feb 17 16:35:00 2019]	heart_web
[Sun Feb 17 16:35:00 2019]	heart_mobile
[Sun Feb 17 16:40:00 2019]	heart_web
[Sun Feb 17 16:40:00 2019]	heart_mobile
[Sun Feb 17 16:40:00 2019]	heart_web
[Sun Feb 17 16:40:00 2019]	heart_mobile
[Sun Feb 17 16:40:00 2019]	heart_web
[Sun Feb 17 16:40:00 2019]	heart_mobile
[Sun Feb 17 16:40:00 2019]	heart_web
[Sun Feb 17 16:40:00 2019]	heart_mobile
[Sun Feb 17 16:45:00 2019]	heart_web
[Sun Feb 17 16:45:00 2019]	heart_mobile
[Sun Feb 17 16:45:00 2019]	heart_web
[Sun Feb 17 16:45:00 2019]	heart_mobile
[Sun Feb 17 16:45:00 2019]	heart_web
[Sun Feb 17 16:45:00 2019]	heart_mobile
[Sun Feb 17 16:45:00 2019]	heart_web
[Sun Feb 17 16:45:01 2019]	heart_mobile
[Sun Feb 17 16:50:00 2019]	heart_web
[Sun Feb 17 16:50:00 2019]	heart_mobile
[Sun Feb 17 16:50:00 2019]	heart_web
[Sun Feb 17 16:50:00 2019]	heart_mobile
[Sun Feb 17 16:50:00 2019]	heart_web
[Sun Feb 17 16:50:00 2019]	heart_mobile
[Sun Feb 17 16:50:00 2019]	heart_web
[Sun Feb 17 16:50:00 2019]	heart_mobile
[Sun Feb 17 16:55:00 2019]	heart_web
[Sun Feb 17 16:55:00 2019]	heart_mobile
[Sun Feb 17 16:55:00 2019]	heart_web
[Sun Feb 17 16:55:00 2019]	heart_mobile
[Sun Feb 17 16:55:00 2019]	heart_web
[Sun Feb 17 16:55:00 2019]	heart_mobile
[Sun Feb 17 16:55:00 2019]	heart_web
[Sun Feb 17 16:55:01 2019]	heart_mobile
[Sun Feb 17 17:00:00 2019]	heart_web
[Sun Feb 17 17:00:00 2019]	heart_mobile
[Sun Feb 17 17:00:00 2019]	heart_web
[Sun Feb 17 17:00:00 2019]	heart_mobile
[Sun Feb 17 17:00:00 2019]	heart_web
[Sun Feb 17 17:00:00 2019]	heart_mobile
[Sun Feb 17 17:00:01 2019]	heart_web
[Sun Feb 17 17:00:01 2019]	heart_mobile
[u'43823195', u'43792675', u'43767953', u'43847615', u'43819058']
15824397397
zsj0911*
0
------------------
17367078621
weiyuxin
48
------------------
15127529708
shijizhe
234.58
------------------
13306522935
zjuZSJ0911*
0
------------------
[Sun Feb 17 17:05:00 2019]	heart_web
[Sun Feb 17 17:05:00 2019]	heart_mobile
[Sun Feb 17 17:05:00 2019]	heart_web
[Sun Feb 17 17:05:00 2019]	heart_mobile
[Sun Feb 17 17:05:00 2019]	heart_web
[Sun Feb 17 17:05:00 2019]	heart_mobile
[Sun Feb 17 17:05:00 2019]	heart_web
[Sun Feb 17 17:05:00 2019]	heart_mobile
[Sun Feb 17 17:10:00 2019]	heart_web
[Sun Feb 17 17:10:00 2019]	heart_mobile
[Sun Feb 17 17:10:00 2019]	heart_web
[Sun Feb 17 17:10:00 2019]	heart_mobile
[Sun Feb 17 17:10:00 2019]	heart_web
[Sun Feb 17 17:10:00 2019]	heart_mobile
[Sun Feb 17 17:10:00 2019]	heart_web
[Sun Feb 17 17:10:00 2019]	heart_mobile
[Sun Feb 17 17:15:00 2019]	heart_web
[Sun Feb 17 17:15:00 2019]	heart_mobile
[Sun Feb 17 17:15:00 2019]	heart_web
[Sun Feb 17 17:15:00 2019]	heart_mobile
[Sun Feb 17 17:15:00 2019]	heart_web
[Sun Feb 17 17:15:00 2019]	heart_mobile
[Sun Feb 17 17:15:00 2019]	heart_web
[Sun Feb 17 17:15:00 2019]	heart_mobile
[Sun Feb 17 17:20:00 2019]	heart_web
[Sun Feb 17 17:20:00 2019]	heart_mobile
[Sun Feb 17 17:20:00 2019]	heart_web
[Sun Feb 17 17:20:00 2019]	heart_mobile
[Sun Feb 17 17:20:00 2019]	heart_web
[Sun Feb 17 17:20:00 2019]	heart_mobile
[Sun Feb 17 17:20:00 2019]	heart_web
[Sun Feb 17 17:20:01 2019]	heart_mobile
[Sun Feb 17 17:25:00 2019]	heart_web
[Sun Feb 17 17:25:00 2019]	heart_mobile
[Sun Feb 17 17:25:00 2019]	heart_web
[Sun Feb 17 17:25:00 2019]	heart_mobile
[Sun Feb 17 17:25:00 2019]	heart_web
[Sun Feb 17 17:25:00 2019]	heart_mobile
[Sun Feb 17 17:25:00 2019]	heart_web
[Sun Feb 17 17:25:00 2019]	heart_mobile
[Sun Feb 17 17:30:00 2019]	heart_web
[Sun Feb 17 17:30:00 2019]	heart_mobile
[Sun Feb 17 17:30:00 2019]	heart_web
[Sun Feb 17 17:30:00 2019]	heart_mobile
[Sun Feb 17 17:30:00 2019]	heart_web
[Sun Feb 17 17:30:00 2019]	heart_mobile
[Sun Feb 17 17:30:00 2019]	heart_web
[Sun Feb 17 17:30:01 2019]	heart_mobile
[Sun Feb 17 17:35:00 2019]	heart_web
[Sun Feb 17 17:35:00 2019]	heart_mobile
[Sun Feb 17 17:35:00 2019]	heart_web
[Sun Feb 17 17:35:00 2019]	heart_mobile
[Sun Feb 17 17:35:00 2019]	heart_web
[Sun Feb 17 17:35:00 2019]	heart_mobile
[Sun Feb 17 17:35:00 2019]	heart_web
[Sun Feb 17 17:35:01 2019]	heart_mobile
[Sun Feb 17 17:40:00 2019]	heart_web
[Sun Feb 17 17:40:00 2019]	heart_mobile
[Sun Feb 17 17:40:00 2019]	heart_web
[Sun Feb 17 17:40:00 2019]	heart_mobile
[Sun Feb 17 17:40:00 2019]	heart_web
[Sun Feb 17 17:40:00 2019]	heart_mobile
[Sun Feb 17 17:40:00 2019]	heart_web
[Sun Feb 17 17:40:00 2019]	heart_mobile
[Sun Feb 17 17:45:00 2019]	heart_web
[Sun Feb 17 17:45:00 2019]	heart_mobile
[Sun Feb 17 17:45:00 2019]	heart_web
[Sun Feb 17 17:45:00 2019]	heart_mobile
[Sun Feb 17 17:45:00 2019]	heart_web
[Sun Feb 17 17:45:00 2019]	heart_mobile
[Sun Feb 17 17:45:00 2019]	heart_web
[Sun Feb 17 17:45:00 2019]	heart_mobile
[Sun Feb 17 17:50:00 2019]	heart_web
[Sun Feb 17 17:50:00 2019]	heart_mobile
[Sun Feb 17 17:50:00 2019]	heart_web
[Sun Feb 17 17:50:00 2019]	heart_mobile
[Sun Feb 17 17:50:00 2019]	heart_web
[Sun Feb 17 17:50:00 2019]	heart_mobile
[Sun Feb 17 17:50:00 2019]	heart_web
[Sun Feb 17 17:50:01 2019]	heart_mobile
[Sun Feb 17 17:55:00 2019]	heart_web
[Sun Feb 17 17:55:00 2019]	heart_mobile
[Sun Feb 17 17:55:00 2019]	heart_web
[Sun Feb 17 17:55:00 2019]	heart_mobile
[Sun Feb 17 17:55:00 2019]	heart_web
[Sun Feb 17 17:55:00 2019]	heart_mobile
[Sun Feb 17 17:55:00 2019]	heart_web
[Sun Feb 17 17:55:00 2019]	heart_mobile
[Sun Feb 17 18:00:00 2019]	heart_web
[Sun Feb 17 18:00:00 2019]	heart_mobile
[Sun Feb 17 18:00:00 2019]	heart_web
[Sun Feb 17 18:00:00 2019]	heart_mobile
[Sun Feb 17 18:00:00 2019]	heart_web
[Sun Feb 17 18:00:00 2019]	heart_mobile
[Sun Feb 17 18:00:00 2019]	heart_web
[Sun Feb 17 18:00:00 2019]	heart_mobile
[u'43823195', u'43767953', u'43847615', u'43763353', u'43798488']
15824397397
zsj0911*
0
------------------
17367078621
weiyuxin
48
------------------
15127529708
shijizhe
234.58
------------------
13306522935
zjuZSJ0911*
0
------------------
[Sun Feb 17 18:05:00 2019]	heart_web
[Sun Feb 17 18:05:00 2019]	heart_mobile
[Sun Feb 17 18:05:00 2019]	heart_web
[Sun Feb 17 18:05:00 2019]	heart_mobile
[Sun Feb 17 18:05:00 2019]	heart_web
[Sun Feb 17 18:05:00 2019]	heart_mobile
[Sun Feb 17 18:05:00 2019]	heart_web
[Sun Feb 17 18:05:00 2019]	heart_mobile
[Sun Feb 17 18:10:00 2019]	heart_web
[Sun Feb 17 18:10:00 2019]	heart_mobile
[Sun Feb 17 18:10:00 2019]	heart_web
[Sun Feb 17 18:10:00 2019]	heart_mobile
[Sun Feb 17 18:10:00 2019]	heart_web
[Sun Feb 17 18:10:00 2019]	heart_mobile
[Sun Feb 17 18:10:00 2019]	heart_web
[Sun Feb 17 18:10:00 2019]	heart_mobile
[Sun Feb 17 18:15:00 2019]	heart_web
[Sun Feb 17 18:15:00 2019]	heart_mobile
[Sun Feb 17 18:15:00 2019]	heart_web
[Sun Feb 17 18:15:00 2019]	heart_mobile
[Sun Feb 17 18:15:00 2019]	heart_web
[Sun Feb 17 18:15:00 2019]	heart_mobile
[Sun Feb 17 18:15:00 2019]	heart_web
[Sun Feb 17 18:15:00 2019]	heart_mobile
[Sun Feb 17 18:20:00 2019]	heart_web
[Sun Feb 17 18:20:00 2019]	heart_mobile
[Sun Feb 17 18:20:00 2019]	heart_web
[Sun Feb 17 18:20:00 2019]	heart_mobile
[Sun Feb 17 18:20:00 2019]	heart_web
[Sun Feb 17 18:20:00 2019]	heart_mobile
[Sun Feb 17 18:20:00 2019]	heart_web
[Sun Feb 17 18:20:00 2019]	heart_mobile
[Sun Feb 17 18:25:00 2019]	heart_web
[Sun Feb 17 18:25:00 2019]	heart_mobile
[Sun Feb 17 18:25:00 2019]	heart_web
[Sun Feb 17 18:25:00 2019]	heart_mobile
[Sun Feb 17 18:25:00 2019]	heart_web
[Sun Feb 17 18:25:00 2019]	heart_mobile
[Sun Feb 17 18:25:00 2019]	heart_web
[Sun Feb 17 18:25:00 2019]	heart_mobile
[Sun Feb 17 18:30:00 2019]	heart_web
[Sun Feb 17 18:30:00 2019]	heart_mobile
[Sun Feb 17 18:30:00 2019]	heart_web
[Sun Feb 17 18:30:00 2019]	heart_mobile
[Sun Feb 17 18:30:00 2019]	heart_web
[Sun Feb 17 18:30:00 2019]	heart_mobile
[Sun Feb 17 18:30:00 2019]	heart_web
[Sun Feb 17 18:30:00 2019]	heart_mobile
[Sun Feb 17 18:35:00 2019]	heart_web
[Sun Feb 17 18:35:00 2019]	heart_mobile
[Sun Feb 17 18:35:00 2019]	heart_web
[Sun Feb 17 18:35:00 2019]	heart_mobile
[Sun Feb 17 18:35:00 2019]	heart_web
[Sun Feb 17 18:35:00 2019]	heart_mobile
[Sun Feb 17 18:35:00 2019]	heart_web
[Sun Feb 17 18:35:01 2019]	heart_mobile
[Sun Feb 17 18:40:00 2019]	heart_web
[Sun Feb 17 18:40:00 2019]	heart_mobile
[Sun Feb 17 18:40:00 2019]	heart_web
[Sun Feb 17 18:40:00 2019]	heart_mobile
[Sun Feb 17 18:40:00 2019]	heart_web
[Sun Feb 17 18:40:00 2019]	heart_mobile
[Sun Feb 17 18:40:00 2019]	heart_web
[Sun Feb 17 18:40:00 2019]	heart_mobile
[Sun Feb 17 18:45:00 2019]	heart_web
[Sun Feb 17 18:45:00 2019]	heart_mobile
[Sun Feb 17 18:45:00 2019]	heart_web
[Sun Feb 17 18:45:00 2019]	heart_mobile
[Sun Feb 17 18:45:00 2019]	heart_web
[Sun Feb 17 18:45:00 2019]	heart_mobile
[Sun Feb 17 18:45:00 2019]	heart_web
[Sun Feb 17 18:45:00 2019]	heart_mobile
[Sun Feb 17 18:50:00 2019]	heart_web
[Sun Feb 17 18:50:00 2019]	heart_mobile
[Sun Feb 17 18:50:00 2019]	heart_web
[Sun Feb 17 18:50:00 2019]	heart_mobile
[Sun Feb 17 18:50:00 2019]	heart_web
[Sun Feb 17 18:50:00 2019]	heart_mobile
[Sun Feb 17 18:50:00 2019]	heart_web
[Sun Feb 17 18:50:01 2019]	heart_mobile
[Sun Feb 17 18:55:00 2019]	heart_web
[Sun Feb 17 18:55:00 2019]	heart_mobile
[Sun Feb 17 18:55:00 2019]	heart_web
[Sun Feb 17 18:55:00 2019]	heart_mobile
[Sun Feb 17 18:55:00 2019]	heart_web
[Sun Feb 17 18:55:00 2019]	heart_mobile
[Sun Feb 17 18:55:00 2019]	heart_web
[Sun Feb 17 18:55:01 2019]	heart_mobile
[Sun Feb 17 19:00:00 2019]	heart_web
[Sun Feb 17 19:00:00 2019]	heart_mobile
[Sun Feb 17 19:00:00 2019]	heart_web
[Sun Feb 17 19:00:00 2019]	heart_mobile
[Sun Feb 17 19:00:00 2019]	heart_web
[Sun Feb 17 19:00:00 2019]	heart_mobile
[Sun Feb 17 19:00:00 2019]	heart_web
[Sun Feb 17 19:00:00 2019]	heart_mobile
[u'43823195', u'43791472', u'43871255', u'43847615', u'43798488']
15824397397
zsj0911*
0
------------------
17367078621
weiyuxin
48
------------------
15127529708
shijizhe
234.58
------------------
13306522935
zjuZSJ0911*
0
------------------
[Sun Feb 17 19:05:00 2019]	heart_web
[Sun Feb 17 19:05:00 2019]	heart_mobile
[Sun Feb 17 19:05:00 2019]	heart_web
[Sun Feb 17 19:05:00 2019]	heart_mobile
[Sun Feb 17 19:05:00 2019]	heart_web
[Sun Feb 17 19:05:00 2019]	heart_mobile
[Sun Feb 17 19:05:00 2019]	heart_web
[Sun Feb 17 19:05:00 2019]	heart_mobile
[Sun Feb 17 19:10:00 2019]	heart_web
[Sun Feb 17 19:10:00 2019]	heart_mobile
[Sun Feb 17 19:10:00 2019]	heart_web
[Sun Feb 17 19:10:00 2019]	heart_mobile
[Sun Feb 17 19:10:00 2019]	heart_web
[Sun Feb 17 19:10:00 2019]	heart_mobile
[Sun Feb 17 19:10:00 2019]	heart_web
[Sun Feb 17 19:10:00 2019]	heart_mobile
[Sun Feb 17 19:15:00 2019]	heart_web
[Sun Feb 17 19:15:00 2019]	heart_mobile
[Sun Feb 17 19:15:00 2019]	heart_web
[Sun Feb 17 19:15:00 2019]	heart_mobile
[Sun Feb 17 19:15:00 2019]	heart_web
[Sun Feb 17 19:15:00 2019]	heart_mobile
[Sun Feb 17 19:15:00 2019]	heart_web
[Sun Feb 17 19:15:00 2019]	heart_mobile
[Sun Feb 17 19:20:00 2019]	heart_web
[Sun Feb 17 19:20:00 2019]	heart_mobile
[Sun Feb 17 19:20:00 2019]	heart_web
[Sun Feb 17 19:20:00 2019]	heart_mobile
[Sun Feb 17 19:20:00 2019]	heart_web
[Sun Feb 17 19:20:00 2019]	heart_mobile
[Sun Feb 17 19:20:00 2019]	heart_web
[Sun Feb 17 19:20:00 2019]	heart_mobile
[Sun Feb 17 19:25:00 2019]	heart_web
[Sun Feb 17 19:25:00 2019]	heart_mobile
[Sun Feb 17 19:25:00 2019]	heart_web
[Sun Feb 17 19:25:00 2019]	heart_mobile
[Sun Feb 17 19:25:00 2019]	heart_web
[Sun Feb 17 19:25:00 2019]	heart_mobile
[Sun Feb 17 19:25:00 2019]	heart_web
[Sun Feb 17 19:25:00 2019]	heart_mobile
[Sun Feb 17 19:30:00 2019]	heart_web
[Sun Feb 17 19:30:00 2019]	heart_mobile
[Sun Feb 17 19:30:00 2019]	heart_web
[Sun Feb 17 19:30:00 2019]	heart_mobile
[Sun Feb 17 19:30:00 2019]	heart_web
[Sun Feb 17 19:30:00 2019]	heart_mobile
[Sun Feb 17 19:30:00 2019]	heart_web
[Sun Feb 17 19:30:00 2019]	heart_mobile
[Sun Feb 17 19:35:00 2019]	heart_web
[Sun Feb 17 19:35:00 2019]	heart_mobile
[Sun Feb 17 19:35:00 2019]	heart_web
[Sun Feb 17 19:35:00 2019]	heart_mobile
[Sun Feb 17 19:35:00 2019]	heart_web
[Sun Feb 17 19:35:00 2019]	heart_mobile
[Sun Feb 17 19:35:00 2019]	heart_web
[Sun Feb 17 19:35:01 2019]	heart_mobile
[Sun Feb 17 19:40:00 2019]	heart_web
[Sun Feb 17 19:40:00 2019]	heart_mobile
[Sun Feb 17 19:40:00 2019]	heart_web
[Sun Feb 17 19:40:00 2019]	heart_mobile
[Sun Feb 17 19:40:00 2019]	heart_web
[Sun Feb 17 19:40:00 2019]	heart_mobile
[Sun Feb 17 19:40:00 2019]	heart_web
[Sun Feb 17 19:40:00 2019]	heart_mobile
[Sun Feb 17 19:45:00 2019]	heart_web
[Sun Feb 17 19:45:00 2019]	heart_mobile
[Sun Feb 17 19:45:00 2019]	heart_web
[Sun Feb 17 19:45:00 2019]	heart_mobile
[Sun Feb 17 19:45:00 2019]	heart_web
[Sun Feb 17 19:45:00 2019]	heart_mobile
[Sun Feb 17 19:45:00 2019]	heart_web
[Sun Feb 17 19:45:01 2019]	heart_mobile
[Sun Feb 17 19:50:00 2019]	heart_web
[Sun Feb 17 19:50:00 2019]	heart_mobile
[Sun Feb 17 19:50:00 2019]	heart_web
[Sun Feb 17 19:50:00 2019]	heart_mobile
[Sun Feb 17 19:50:00 2019]	heart_web
[Sun Feb 17 19:50:00 2019]	heart_mobile
[Sun Feb 17 19:50:00 2019]	heart_web
[Sun Feb 17 19:50:00 2019]	heart_mobile
[Sun Feb 17 19:55:00 2019]	heart_web
[Sun Feb 17 19:55:00 2019]	heart_mobile
[Sun Feb 17 19:55:00 2019]	heart_web
[Sun Feb 17 19:55:00 2019]	heart_mobile
[Sun Feb 17 19:55:00 2019]	heart_web
[Sun Feb 17 19:55:00 2019]	heart_mobile
[Sun Feb 17 19:55:00 2019]	heart_web
[Sun Feb 17 19:55:00 2019]	heart_mobile
[Sun Feb 17 20:00:00 2019]	heart_web
[Sun Feb 17 20:00:00 2019]	heart_mobile
[Sun Feb 17 20:00:00 2019]	heart_web
[Sun Feb 17 20:00:00 2019]	heart_mobile
[Sun Feb 17 20:00:00 2019]	heart_web
[Sun Feb 17 20:00:00 2019]	heart_mobile
[Sun Feb 17 20:00:01 2019]	heart_web
[Sun Feb 17 20:00:01 2019]	heart_mobile
[u'43823195', u'43791472', u'43871255', u'43847615', u'43872658']
15824397397
zsj0911*
0
------------------
17367078621
weiyuxin
48
------------------
15127529708
shijizhe
234.58
------------------
13306522935
zjuZSJ0911*
0
------------------
[Sun Feb 17 20:05:00 2019]	heart_web
[Sun Feb 17 20:05:00 2019]	heart_mobile
[Sun Feb 17 20:05:00 2019]	heart_web
[Sun Feb 17 20:05:00 2019]	heart_mobile
[Sun Feb 17 20:05:00 2019]	heart_web
[Sun Feb 17 20:05:00 2019]	heart_mobile
[Sun Feb 17 20:05:01 2019]	heart_web
[Sun Feb 17 20:05:01 2019]	heart_mobile
[Sun Feb 17 20:10:00 2019]	heart_web
[Sun Feb 17 20:10:00 2019]	heart_mobile
[Sun Feb 17 20:10:00 2019]	heart_web
[Sun Feb 17 20:10:00 2019]	heart_mobile
[Sun Feb 17 20:10:00 2019]	heart_web
[Sun Feb 17 20:10:00 2019]	heart_mobile
[Sun Feb 17 20:10:00 2019]	heart_web
[Sun Feb 17 20:10:00 2019]	heart_mobile
[Sun Feb 17 20:15:00 2019]	heart_web
[Sun Feb 17 20:15:00 2019]	heart_mobile
[Sun Feb 17 20:15:00 2019]	heart_web
[Sun Feb 17 20:15:00 2019]	heart_mobile
[Sun Feb 17 20:15:00 2019]	heart_web
[Sun Feb 17 20:15:00 2019]	heart_mobile
[Sun Feb 17 20:15:00 2019]	heart_web
[Sun Feb 17 20:15:00 2019]	heart_mobile
[Sun Feb 17 20:20:00 2019]	heart_web
[Sun Feb 17 20:20:00 2019]	heart_mobile
[Sun Feb 17 20:20:00 2019]	heart_web
[Sun Feb 17 20:20:00 2019]	heart_mobile
[Sun Feb 17 20:20:00 2019]	heart_web
[Sun Feb 17 20:20:00 2019]	heart_mobile
[Sun Feb 17 20:20:00 2019]	heart_web
[Sun Feb 17 20:20:00 2019]	heart_mobile
[Sun Feb 17 20:25:00 2019]	heart_web
[Sun Feb 17 20:25:00 2019]	heart_mobile
[Sun Feb 17 20:25:00 2019]	heart_web
[Sun Feb 17 20:25:00 2019]	heart_mobile
[Sun Feb 17 20:25:00 2019]	heart_web
[Sun Feb 17 20:25:01 2019]	heart_mobile
[Sun Feb 17 20:25:01 2019]	heart_web
[Sun Feb 17 20:25:01 2019]	heart_mobile
[Sun Feb 17 20:30:00 2019]	heart_web
[Sun Feb 17 20:30:00 2019]	heart_mobile
[Sun Feb 17 20:30:00 2019]	heart_web
[Sun Feb 17 20:30:00 2019]	heart_mobile
[Sun Feb 17 20:30:00 2019]	heart_web
[Sun Feb 17 20:30:00 2019]	heart_mobile
[Sun Feb 17 20:30:01 2019]	heart_web
[Sun Feb 17 20:30:01 2019]	heart_mobile
[Sun Feb 17 20:35:00 2019]	heart_web
[Sun Feb 17 20:35:00 2019]	heart_mobile
[Sun Feb 17 20:35:00 2019]	heart_web
[Sun Feb 17 20:35:00 2019]	heart_mobile
[Sun Feb 17 20:35:00 2019]	heart_web
[Sun Feb 17 20:35:00 2019]	heart_mobile
[Sun Feb 17 20:35:00 2019]	heart_web
[Sun Feb 17 20:35:00 2019]	heart_mobile
[Sun Feb 17 20:40:00 2019]	heart_web
[Sun Feb 17 20:40:00 2019]	heart_mobile
[Sun Feb 17 20:40:00 2019]	heart_web
[Sun Feb 17 20:40:00 2019]	heart_mobile
[Sun Feb 17 20:40:00 2019]	heart_web
[Sun Feb 17 20:40:00 2019]	heart_mobile
[Sun Feb 17 20:40:00 2019]	heart_web
[Sun Feb 17 20:40:00 2019]	heart_mobile
[Sun Feb 17 20:45:00 2019]	heart_web
[Sun Feb 17 20:45:00 2019]	heart_mobile
[Sun Feb 17 20:45:00 2019]	heart_web
[Sun Feb 17 20:45:00 2019]	heart_mobile
[Sun Feb 17 20:45:00 2019]	heart_web
[Sun Feb 17 20:45:00 2019]	heart_mobile
[Sun Feb 17 20:45:01 2019]	heart_web
[Sun Feb 17 20:45:01 2019]	heart_mobile
[Sun Feb 17 20:50:00 2019]	heart_web
[Sun Feb 17 20:50:00 2019]	heart_mobile
[Sun Feb 17 20:50:00 2019]	heart_web
[Sun Feb 17 20:50:00 2019]	heart_mobile
[Sun Feb 17 20:50:00 2019]	heart_web
[Sun Feb 17 20:50:00 2019]	heart_mobile
[Sun Feb 17 20:50:00 2019]	heart_web
[Sun Feb 17 20:50:00 2019]	heart_mobile
[Sun Feb 17 20:55:00 2019]	heart_web
[Sun Feb 17 20:55:00 2019]	heart_mobile
[Sun Feb 17 20:55:00 2019]	heart_web
[Sun Feb 17 20:55:00 2019]	heart_mobile
[Sun Feb 17 20:55:00 2019]	heart_web
[Sun Feb 17 20:55:00 2019]	heart_mobile
[Sun Feb 17 20:55:00 2019]	heart_web
[Sun Feb 17 20:55:00 2019]	heart_mobile
[Sun Feb 17 21:00:00 2019]	heart_web
[Sun Feb 17 21:00:00 2019]	heart_mobile
[Sun Feb 17 21:00:00 2019]	heart_web
[Sun Feb 17 21:00:00 2019]	heart_mobile
[Sun Feb 17 21:00:00 2019]	heart_web
[Sun Feb 17 21:00:00 2019]	heart_mobile
[Sun Feb 17 21:00:00 2019]	heart_web
[Sun Feb 17 21:00:00 2019]	heart_mobile
[Sun Feb 17 21:05:00 2019]	heart_web
[Sun Feb 17 21:05:00 2019]	heart_mobile
[Sun Feb 17 21:05:00 2019]	heart_web
[Sun Feb 17 21:05:00 2019]	heart_mobile
[Sun Feb 17 21:05:00 2019]	heart_web
[Sun Feb 17 21:05:00 2019]	heart_mobile
[Sun Feb 17 21:05:00 2019]	heart_web
[Sun Feb 17 21:05:00 2019]	heart_mobile
[Sun Feb 17 21:10:00 2019]	heart_web
[Sun Feb 17 21:10:00 2019]	heart_mobile
[Sun Feb 17 21:10:00 2019]	heart_web
[Sun Feb 17 21:10:00 2019]	heart_mobile
[Sun Feb 17 21:10:00 2019]	heart_web
[Sun Feb 17 21:10:00 2019]	heart_mobile
[Sun Feb 17 21:10:01 2019]	heart_web
[Sun Feb 17 21:10:01 2019]	heart_mobile
[Sun Feb 17 21:15:00 2019]	heart_web
[Sun Feb 17 21:15:00 2019]	heart_mobile
[Sun Feb 17 21:15:00 2019]	heart_web
[Sun Feb 17 21:15:00 2019]	heart_mobile
[Sun Feb 17 21:15:00 2019]	heart_web
[Sun Feb 17 21:15:00 2019]	heart_mobile
[Sun Feb 17 21:15:00 2019]	heart_web
[Sun Feb 17 21:15:01 2019]	heart_mobile
[Sun Feb 17 21:20:00 2019]	heart_web
[Sun Feb 17 21:20:00 2019]	heart_mobile
[Sun Feb 17 21:20:00 2019]	heart_web
[Sun Feb 17 21:20:00 2019]	heart_mobile
[Sun Feb 17 21:20:00 2019]	heart_web
[Sun Feb 17 21:20:00 2019]	heart_mobile
[Sun Feb 17 21:20:00 2019]	heart_web
[Sun Feb 17 21:20:00 2019]	heart_mobile
[Sun Feb 17 21:25:00 2019]	heart_web
[Sun Feb 17 21:25:00 2019]	heart_mobile
[Sun Feb 17 21:25:00 2019]	heart_web
[Sun Feb 17 21:25:00 2019]	heart_mobile
[Sun Feb 17 21:25:00 2019]	heart_web
[Sun Feb 17 21:25:00 2019]	heart_mobile
[Sun Feb 17 21:25:00 2019]	heart_web
[Sun Feb 17 21:25:00 2019]	heart_mobile
[Sun Feb 17 21:30:00 2019]	heart_web
[Sun Feb 17 21:30:00 2019]	heart_mobile
[Sun Feb 17 21:30:00 2019]	heart_web
[Sun Feb 17 21:30:00 2019]	heart_mobile
[Sun Feb 17 21:30:00 2019]	heart_web
[Sun Feb 17 21:30:00 2019]	heart_mobile
[Sun Feb 17 21:30:00 2019]	heart_web
[Sun Feb 17 21:30:00 2019]	heart_mobile
[Sun Feb 17 21:35:00 2019]	heart_web
[Sun Feb 17 21:35:00 2019]	heart_mobile
[Sun Feb 17 21:35:00 2019]	heart_web
[Sun Feb 17 21:35:00 2019]	heart_mobile
[Sun Feb 17 21:35:00 2019]	heart_web
[Sun Feb 17 21:35:00 2019]	heart_mobile
[Sun Feb 17 21:35:00 2019]	heart_web
[Sun Feb 17 21:35:00 2019]	heart_mobile
[Sun Feb 17 21:40:00 2019]	heart_web
[Sun Feb 17 21:40:00 2019]	heart_mobile
[Sun Feb 17 21:40:00 2019]	heart_web
[Sun Feb 17 21:40:00 2019]	heart_mobile
[Sun Feb 17 21:40:00 2019]	heart_web
[Sun Feb 17 21:40:00 2019]	heart_mobile
[Sun Feb 17 21:40:00 2019]	heart_web
[Sun Feb 17 21:40:00 2019]	heart_mobile
[Sun Feb 17 21:45:00 2019]	heart_web
[Sun Feb 17 21:45:00 2019]	heart_mobile
[Sun Feb 17 21:45:00 2019]	heart_web
[Sun Feb 17 21:45:00 2019]	heart_mobile
[Sun Feb 17 21:45:00 2019]	heart_web
[Sun Feb 17 21:45:00 2019]	heart_mobile
[Sun Feb 17 21:45:00 2019]	heart_web
[Sun Feb 17 21:45:01 2019]	heart_mobile
[Sun Feb 17 21:50:00 2019]	heart_web
[Sun Feb 17 21:50:00 2019]	heart_mobile
[Sun Feb 17 21:50:00 2019]	heart_web
[Sun Feb 17 21:50:00 2019]	heart_mobile
[Sun Feb 17 21:50:00 2019]	heart_web
[Sun Feb 17 21:50:00 2019]	heart_mobile
[Sun Feb 17 21:50:00 2019]	heart_web
[Sun Feb 17 21:50:01 2019]	heart_mobile
[Sun Feb 17 21:55:00 2019]	heart_web
[Sun Feb 17 21:55:00 2019]	heart_mobile
[Sun Feb 17 21:55:00 2019]	heart_web
[Sun Feb 17 21:55:00 2019]	heart_mobile
[Sun Feb 17 21:55:00 2019]	heart_web
[Sun Feb 17 21:55:00 2019]	heart_mobile
[Sun Feb 17 21:55:01 2019]	heart_web
[Sun Feb 17 21:55:01 2019]	heart_mobile
[Sun Feb 17 22:00:00 2019]	heart_web
[Sun Feb 17 22:00:00 2019]	heart_mobile
[Sun Feb 17 22:00:00 2019]	heart_web
[Sun Feb 17 22:00:00 2019]	heart_mobile
[Sun Feb 17 22:00:00 2019]	heart_web
[Sun Feb 17 22:00:00 2019]	heart_mobile
[Sun Feb 17 22:00:01 2019]	heart_web
[Sun Feb 17 22:00:01 2019]	heart_mobile
[Sun Feb 17 22:05:00 2019]	heart_web
[Sun Feb 17 22:05:00 2019]	heart_mobile
[Sun Feb 17 22:05:00 2019]	heart_web
[Sun Feb 17 22:05:00 2019]	heart_mobile
[Sun Feb 17 22:05:00 2019]	heart_web
[Sun Feb 17 22:05:00 2019]	heart_mobile
[Sun Feb 17 22:05:00 2019]	heart_web
[Sun Feb 17 22:05:00 2019]	heart_mobile
[Sun Feb 17 22:10:00 2019]	heart_web
[Sun Feb 17 22:10:00 2019]	heart_mobile
[Sun Feb 17 22:10:00 2019]	heart_web
[Sun Feb 17 22:10:00 2019]	heart_mobile
[Sun Feb 17 22:10:00 2019]	heart_web
[Sun Feb 17 22:10:00 2019]	heart_mobile
[Sun Feb 17 22:10:00 2019]	heart_web
[Sun Feb 17 22:10:00 2019]	heart_mobile
[Sun Feb 17 22:15:00 2019]	heart_web
[Sun Feb 17 22:15:00 2019]	heart_mobile
[Sun Feb 17 22:15:00 2019]	heart_web
[Sun Feb 17 22:15:00 2019]	heart_mobile
[Sun Feb 17 22:15:00 2019]	heart_web
[Sun Feb 17 22:15:00 2019]	heart_mobile
[Sun Feb 17 22:15:00 2019]	heart_web
[Sun Feb 17 22:15:00 2019]	heart_mobile
[Sun Feb 17 22:20:00 2019]	heart_web
[Sun Feb 17 22:20:00 2019]	heart_mobile
[Sun Feb 17 22:20:00 2019]	heart_web
[Sun Feb 17 22:20:00 2019]	heart_mobile
[Sun Feb 17 22:20:00 2019]	heart_web
[Sun Feb 17 22:20:00 2019]	heart_mobile
[Sun Feb 17 22:20:00 2019]	heart_web
[Sun Feb 17 22:20:01 2019]	heart_mobile
[Sun Feb 17 22:25:00 2019]	heart_web
[Sun Feb 17 22:25:00 2019]	heart_mobile
[Sun Feb 17 22:25:00 2019]	heart_web
[Sun Feb 17 22:25:00 2019]	heart_mobile
[Sun Feb 17 22:25:00 2019]	heart_web
[Sun Feb 17 22:25:00 2019]	heart_mobile
[Sun Feb 17 22:25:00 2019]	heart_web
[Sun Feb 17 22:25:01 2019]	heart_mobile
[Sun Feb 17 22:30:03 2019]	heart_web
[Sun Feb 17 22:30:03 2019]	heart_mobile
[Sun Feb 17 22:30:03 2019]	heart_web
[Sun Feb 17 22:30:03 2019]	heart_mobile
[Sun Feb 17 22:30:04 2019]	heart_web
[Sun Feb 17 22:30:04 2019]	heart_mobile
[Sun Feb 17 22:30:05 2019]	heart_web
[Sun Feb 17 22:30:05 2019]	heart_mobile
[Sun Feb 17 22:35:00 2019]	heart_web
[Sun Feb 17 22:35:00 2019]	heart_mobile
[Sun Feb 17 22:35:00 2019]	heart_web
[Sun Feb 17 22:35:00 2019]	heart_mobile
[Sun Feb 17 22:35:00 2019]	heart_web
[Sun Feb 17 22:35:00 2019]	heart_mobile
[Sun Feb 17 22:35:00 2019]	heart_web
[Sun Feb 17 22:35:01 2019]	heart_mobile
[Sun Feb 17 22:40:00 2019]	heart_web
[Sun Feb 17 22:40:00 2019]	heart_mobile
[Sun Feb 17 22:40:00 2019]	heart_web
[Sun Feb 17 22:40:00 2019]	heart_mobile
[Sun Feb 17 22:40:00 2019]	heart_web
[Sun Feb 17 22:40:00 2019]	heart_mobile
[Sun Feb 17 22:40:00 2019]	heart_web
[Sun Feb 17 22:40:01 2019]	heart_mobile
[Sun Feb 17 22:45:00 2019]	heart_web
[Sun Feb 17 22:45:00 2019]	heart_mobile
[Sun Feb 17 22:45:00 2019]	heart_web
[Sun Feb 17 22:45:00 2019]	heart_mobile
[Sun Feb 17 22:45:00 2019]	heart_web
[Sun Feb 17 22:45:00 2019]	heart_mobile
[Sun Feb 17 22:45:00 2019]	heart_web
[Sun Feb 17 22:45:00 2019]	heart_mobile
[Sun Feb 17 22:50:00 2019]	heart_web
[Sun Feb 17 22:50:00 2019]	heart_mobile
[Sun Feb 17 22:50:00 2019]	heart_web
[Sun Feb 17 22:50:00 2019]	heart_mobile
[Sun Feb 17 22:50:00 2019]	heart_web
[Sun Feb 17 22:50:00 2019]	heart_mobile
[Sun Feb 17 22:50:00 2019]	heart_web
[Sun Feb 17 22:50:00 2019]	heart_mobile
[Sun Feb 17 22:55:00 2019]	heart_web
[Sun Feb 17 22:55:00 2019]	heart_mobile
[Sun Feb 17 22:55:00 2019]	heart_web
[Sun Feb 17 22:55:00 2019]	heart_mobile
[Sun Feb 17 22:55:00 2019]	heart_web
[Sun Feb 17 22:55:00 2019]	heart_mobile
[Sun Feb 17 22:55:01 2019]	heart_web
[Sun Feb 17 22:55:01 2019]	heart_mobile
[Sun Feb 17 23:00:00 2019]	heart_web
[Sun Feb 17 23:00:00 2019]	heart_mobile
[Sun Feb 17 23:00:00 2019]	heart_web
[Sun Feb 17 23:00:00 2019]	heart_mobile
[Sun Feb 17 23:00:00 2019]	heart_web
[Sun Feb 17 23:00:00 2019]	heart_mobile
[Sun Feb 17 23:00:00 2019]	heart_web
[Sun Feb 17 23:00:00 2019]	heart_mobile
[Sun Feb 17 23:05:00 2019]	heart_web
[Sun Feb 17 23:05:00 2019]	heart_mobile
[Sun Feb 17 23:05:00 2019]	heart_web
[Sun Feb 17 23:05:00 2019]	heart_mobile
[Sun Feb 17 23:05:00 2019]	heart_web
[Sun Feb 17 23:05:00 2019]	heart_mobile
[Sun Feb 17 23:05:00 2019]	heart_web
[Sun Feb 17 23:05:01 2019]	heart_mobile
[Sun Feb 17 23:10:00 2019]	heart_web
[Sun Feb 17 23:10:00 2019]	heart_mobile
[Sun Feb 17 23:10:00 2019]	heart_web
[Sun Feb 17 23:10:00 2019]	heart_mobile
[Sun Feb 17 23:10:00 2019]	heart_web
[Sun Feb 17 23:10:00 2019]	heart_mobile
[Sun Feb 17 23:10:00 2019]	heart_web
[Sun Feb 17 23:10:01 2019]	heart_mobile
[Sun Feb 17 23:15:00 2019]	heart_web
[Sun Feb 17 23:15:00 2019]	heart_mobile
[Sun Feb 17 23:15:00 2019]	heart_web
[Sun Feb 17 23:15:00 2019]	heart_mobile
[Sun Feb 17 23:15:01 2019]	heart_web
[Sun Feb 17 23:15:01 2019]	heart_mobile
[Sun Feb 17 23:15:01 2019]	heart_web
[Sun Feb 17 23:15:01 2019]	heart_mobile
[Sun Feb 17 23:20:00 2019]	heart_web
[Sun Feb 17 23:20:00 2019]	heart_mobile
[Sun Feb 17 23:20:00 2019]	heart_web
[Sun Feb 17 23:20:00 2019]	heart_mobile
[Sun Feb 17 23:20:00 2019]	heart_web
[Sun Feb 17 23:20:00 2019]	heart_mobile
[Sun Feb 17 23:20:00 2019]	heart_web
[Sun Feb 17 23:20:01 2019]	heart_mobile
[Sun Feb 17 23:25:00 2019]	heart_web
[Sun Feb 17 23:25:00 2019]	heart_mobile
[Sun Feb 17 23:25:00 2019]	heart_web
[Sun Feb 17 23:25:00 2019]	heart_mobile
[Sun Feb 17 23:25:00 2019]	heart_web
[Sun Feb 17 23:25:00 2019]	heart_mobile
[Sun Feb 17 23:25:00 2019]	heart_web
[Sun Feb 17 23:25:01 2019]	heart_mobile
[Sun Feb 17 23:30:00 2019]	heart_web
[Sun Feb 17 23:30:00 2019]	heart_mobile
[Sun Feb 17 23:30:00 2019]	heart_web
[Sun Feb 17 23:30:00 2019]	heart_mobile
[Sun Feb 17 23:30:00 2019]	heart_web
[Sun Feb 17 23:30:00 2019]	heart_mobile
[Sun Feb 17 23:30:00 2019]	heart_web
[Sun Feb 17 23:30:01 2019]	heart_mobile
[Sun Feb 17 23:35:00 2019]	heart_web
[Sun Feb 17 23:35:00 2019]	heart_mobile
[Sun Feb 17 23:35:00 2019]	heart_web
[Sun Feb 17 23:35:00 2019]	heart_mobile
[Sun Feb 17 23:35:00 2019]	heart_web
[Sun Feb 17 23:35:00 2019]	heart_mobile
[Sun Feb 17 23:35:00 2019]	heart_web
[Sun Feb 17 23:35:00 2019]	heart_mobile
[Sun Feb 17 23:40:00 2019]	heart_web
[Sun Feb 17 23:40:00 2019]	heart_mobile
[Sun Feb 17 23:40:00 2019]	heart_web
[Sun Feb 17 23:40:00 2019]	heart_mobile
[Sun Feb 17 23:40:00 2019]	heart_web
[Sun Feb 17 23:40:00 2019]	heart_mobile
[Sun Feb 17 23:40:01 2019]	heart_web
[Sun Feb 17 23:40:01 2019]	heart_mobile
[Sun Feb 17 23:45:00 2019]	heart_web
[Sun Feb 17 23:45:00 2019]	heart_mobile
[Sun Feb 17 23:45:00 2019]	heart_web
[Sun Feb 17 23:45:00 2019]	heart_mobile
[Sun Feb 17 23:45:00 2019]	heart_web
[Sun Feb 17 23:45:00 2019]	heart_mobile
[Sun Feb 17 23:45:00 2019]	heart_web
[Sun Feb 17 23:45:00 2019]	heart_mobile
[Sun Feb 17 23:50:00 2019]	heart_web
[Sun Feb 17 23:50:00 2019]	heart_mobile
[Sun Feb 17 23:50:00 2019]	heart_web
[Sun Feb 17 23:50:00 2019]	heart_mobile
[Sun Feb 17 23:50:00 2019]	heart_web
[Sun Feb 17 23:50:00 2019]	heart_mobile
[Sun Feb 17 23:50:00 2019]	heart_web
[Sun Feb 17 23:50:01 2019]	heart_mobile
[Sun Feb 17 23:55:00 2019]	heart_web
[Sun Feb 17 23:55:00 2019]	heart_mobile
[Sun Feb 17 23:55:00 2019]	heart_web
[Sun Feb 17 23:55:00 2019]	heart_mobile
[Sun Feb 17 23:55:00 2019]	heart_web
[Sun Feb 17 23:55:00 2019]	heart_mobile
[Sun Feb 17 23:55:00 2019]	heart_web
[Sun Feb 17 23:55:00 2019]	heart_mobile
[Mon Feb 18 00:00:00 2019]	heart_web
[Mon Feb 18 00:00:00 2019]	heart_mobile
[Mon Feb 18 00:00:00 2019]	heart_web
[Mon Feb 18 00:00:00 2019]	heart_mobile
[Mon Feb 18 00:00:00 2019]	heart_web
[Mon Feb 18 00:00:00 2019]	heart_mobile
[Mon Feb 18 00:00:00 2019]	heart_web
[Mon Feb 18 00:00:00 2019]	heart_mobile
UPDATE Account SET finished = False,logined = False,watched = False,shared = False,coin_added = False,double_watch = False,s2c = False,signed = False
[u'43823195', u'43861163', u'43792675', u'43880119', u'43871255']
15824397397
zsj0911*
0
av43823195观看成功
银瓜子兑换成功
投币成功
------------------
17367078621
weiyuxin
48
av43823195观看成功
银瓜子兑换成功
投币成功
投币成功
投币成功
投币成功
投币成功
------------------
15127529708
shijizhe
234.58
av43823195观看成功
银瓜子兑换成功
投币成功
投币成功
投币成功
投币成功
投币成功
------------------
13306522935
zjuZSJ0911*
0
av43823195观看成功
银瓜子兑换成功
投币成功
------------------
[Mon Feb 18 00:05:00 2019]	heart_web
[Mon Feb 18 00:05:00 2019]	heart_mobile
[Mon Feb 18 00:05:00 2019]	heart_web
[Mon Feb 18 00:05:00 2019]	heart_mobile
[Mon Feb 18 00:05:00 2019]	heart_web
[Mon Feb 18 00:05:00 2019]	heart_mobile
[Mon Feb 18 00:05:00 2019]	heart_web
[Mon Feb 18 00:05:00 2019]	heart_mobile
[Mon Feb 18 00:10:00 2019]	heart_web
[Mon Feb 18 00:10:00 2019]	heart_mobile
[Mon Feb 18 00:10:00 2019]	heart_web
[Mon Feb 18 00:10:00 2019]	heart_mobile
[Mon Feb 18 00:10:00 2019]	heart_web
[Mon Feb 18 00:10:00 2019]	heart_mobile
[Mon Feb 18 00:10:00 2019]	heart_web
[Mon Feb 18 00:10:00 2019]	heart_mobile
[Mon Feb 18 00:15:00 2019]	heart_web
[Mon Feb 18 00:15:00 2019]	heart_mobile
[Mon Feb 18 00:15:00 2019]	heart_web
[Mon Feb 18 00:15:00 2019]	heart_mobile
[Mon Feb 18 00:15:00 2019]	heart_web
[Mon Feb 18 00:15:00 2019]	heart_mobile
[Mon Feb 18 00:15:00 2019]	heart_web
[Mon Feb 18 00:15:00 2019]	heart_mobile
[Mon Feb 18 00:20:00 2019]	heart_web
[Mon Feb 18 00:20:00 2019]	heart_mobile
[Mon Feb 18 00:20:00 2019]	heart_web
[Mon Feb 18 00:20:00 2019]	heart_mobile
[Mon Feb 18 00:20:00 2019]	heart_web
[Mon Feb 18 00:20:00 2019]	heart_mobile
[Mon Feb 18 00:20:00 2019]	heart_web
[Mon Feb 18 00:20:00 2019]	heart_mobile
[Mon Feb 18 00:25:00 2019]	heart_web
[Mon Feb 18 00:25:00 2019]	heart_mobile
[Mon Feb 18 00:25:00 2019]	heart_web
[Mon Feb 18 00:25:00 2019]	heart_mobile
[Mon Feb 18 00:25:00 2019]	heart_web
[Mon Feb 18 00:25:00 2019]	heart_mobile
[Mon Feb 18 00:25:00 2019]	heart_web
[Mon Feb 18 00:25:00 2019]	heart_mobile
[Mon Feb 18 00:30:00 2019]	heart_web
[Mon Feb 18 00:30:00 2019]	heart_mobile
[Mon Feb 18 00:30:00 2019]	heart_web
[Mon Feb 18 00:30:00 2019]	heart_mobile
[Mon Feb 18 00:30:00 2019]	heart_web
[Mon Feb 18 00:30:00 2019]	heart_mobile
[Mon Feb 18 00:30:00 2019]	heart_web
[Mon Feb 18 00:30:00 2019]	heart_mobile
[Mon Feb 18 00:35:00 2019]	heart_web
[Mon Feb 18 00:35:00 2019]	heart_mobile
[Mon Feb 18 00:35:00 2019]	heart_web
[Mon Feb 18 00:35:00 2019]	heart_mobile
[Mon Feb 18 00:35:00 2019]	heart_web
[Mon Feb 18 00:35:00 2019]	heart_mobile
[Mon Feb 18 00:35:00 2019]	heart_web
[Mon Feb 18 00:35:00 2019]	heart_mobile
[Mon Feb 18 00:40:00 2019]	heart_web
[Mon Feb 18 00:40:00 2019]	heart_mobile
[Mon Feb 18 00:40:00 2019]	heart_web
[Mon Feb 18 00:40:00 2019]	heart_mobile
[Mon Feb 18 00:40:00 2019]	heart_web
[Mon Feb 18 00:40:00 2019]	heart_mobile
[Mon Feb 18 00:40:00 2019]	heart_web
[Mon Feb 18 00:40:00 2019]	heart_mobile
[Mon Feb 18 00:45:00 2019]	heart_web
[Mon Feb 18 00:45:00 2019]	heart_mobile
[Mon Feb 18 00:45:00 2019]	heart_web
[Mon Feb 18 00:45:00 2019]	heart_mobile
[Mon Feb 18 00:45:00 2019]	heart_web
[Mon Feb 18 00:45:00 2019]	heart_mobile
[Mon Feb 18 00:45:00 2019]	heart_web
[Mon Feb 18 00:45:00 2019]	heart_mobile
[Mon Feb 18 00:50:00 2019]	heart_web
[Mon Feb 18 00:50:00 2019]	heart_mobile
[Mon Feb 18 00:50:00 2019]	heart_web
[Mon Feb 18 00:50:00 2019]	heart_mobile
[Mon Feb 18 00:50:00 2019]	heart_web
[Mon Feb 18 00:50:00 2019]	heart_mobile
[Mon Feb 18 00:50:00 2019]	heart_web
[Mon Feb 18 00:50:00 2019]	heart_mobile
[Mon Feb 18 00:55:00 2019]	heart_web
[Mon Feb 18 00:55:00 2019]	heart_mobile
[Mon Feb 18 00:55:00 2019]	heart_web
[Mon Feb 18 00:55:00 2019]	heart_mobile
[Mon Feb 18 00:55:00 2019]	heart_web
[Mon Feb 18 00:55:00 2019]	heart_mobile
[Mon Feb 18 00:55:00 2019]	heart_web
[Mon Feb 18 00:55:00 2019]	heart_mobile
[Mon Feb 18 01:00:00 2019]	heart_web
[Mon Feb 18 01:00:00 2019]	heart_mobile
[Mon Feb 18 01:00:00 2019]	heart_web
[Mon Feb 18 01:00:00 2019]	heart_mobile
[Mon Feb 18 01:00:00 2019]	heart_web
[Mon Feb 18 01:00:00 2019]	heart_mobile
[Mon Feb 18 01:00:00 2019]	heart_web
[Mon Feb 18 01:00:00 2019]	heart_mobile
[u'43823195', u'43861163', u'43792675', u'43880119', u'43871255']
15824397397
zsj0911*
1

av43823195观看成功
今日已换硬币
投币成功
------------------
17367078621
weiyuxin
45

av43823195观看成功
今日已换硬币
------------------
15127529708
shijizhe
231.58

今日已换硬币
------------------
13306522935
zjuZSJ0911*
1

av43823195观看成功
今日已换硬币
投币成功
------------------
[Mon Feb 18 01:05:00 2019]	heart_web
[Mon Feb 18 01:05:00 2019]	heart_mobile
[Mon Feb 18 01:05:00 2019]	heart_web
[Mon Feb 18 01:05:00 2019]	heart_mobile
[Mon Feb 18 01:05:00 2019]	heart_web
[Mon Feb 18 01:05:00 2019]	heart_mobile
[Mon Feb 18 01:05:00 2019]	heart_web
[Mon Feb 18 01:05:00 2019]	heart_mobile
[Mon Feb 18 01:10:00 2019]	heart_web
[Mon Feb 18 01:10:00 2019]	heart_mobile
[Mon Feb 18 01:10:00 2019]	heart_web
[Mon Feb 18 01:10:00 2019]	heart_mobile
[Mon Feb 18 01:10:00 2019]	heart_web
[Mon Feb 18 01:10:00 2019]	heart_mobile
[Mon Feb 18 01:10:00 2019]	heart_web
[Mon Feb 18 01:10:00 2019]	heart_mobile
[Mon Feb 18 01:15:00 2019]	heart_web
[Mon Feb 18 01:15:00 2019]	heart_mobile
[Mon Feb 18 01:15:00 2019]	heart_web
[Mon Feb 18 01:15:00 2019]	heart_mobile
[Mon Feb 18 01:15:00 2019]	heart_web
[Mon Feb 18 01:15:00 2019]	heart_mobile
[Mon Feb 18 01:15:00 2019]	heart_web
[Mon Feb 18 01:15:00 2019]	heart_mobile
[Mon Feb 18 01:20:00 2019]	heart_web
[Mon Feb 18 01:20:00 2019]	heart_mobile
[Mon Feb 18 01:20:00 2019]	heart_web
[Mon Feb 18 01:20:00 2019]	heart_mobile
[Mon Feb 18 01:20:00 2019]	heart_web
[Mon Feb 18 01:20:00 2019]	heart_mobile
[Mon Feb 18 01:20:01 2019]	heart_web
[Mon Feb 18 01:20:01 2019]	heart_mobile
[Mon Feb 18 01:25:00 2019]	heart_web
[Mon Feb 18 01:25:00 2019]	heart_mobile
[Mon Feb 18 01:25:00 2019]	heart_web
[Mon Feb 18 01:25:00 2019]	heart_mobile
[Mon Feb 18 01:25:00 2019]	heart_web
[Mon Feb 18 01:25:00 2019]	heart_mobile
[Mon Feb 18 01:25:00 2019]	heart_web
[Mon Feb 18 01:25:01 2019]	heart_mobile
[Mon Feb 18 01:30:00 2019]	heart_web
[Mon Feb 18 01:30:00 2019]	heart_mobile
[Mon Feb 18 01:30:00 2019]	heart_web
[Mon Feb 18 01:30:00 2019]	heart_mobile
[Mon Feb 18 01:30:00 2019]	heart_web
[Mon Feb 18 01:30:00 2019]	heart_mobile
[Mon Feb 18 01:30:00 2019]	heart_web
[Mon Feb 18 01:30:00 2019]	heart_mobile
[Mon Feb 18 01:35:00 2019]	heart_web
[Mon Feb 18 01:35:00 2019]	heart_mobile
[Mon Feb 18 01:35:00 2019]	heart_web
[Mon Feb 18 01:35:00 2019]	heart_mobile
[Mon Feb 18 01:35:00 2019]	heart_web
[Mon Feb 18 01:35:00 2019]	heart_mobile
[Mon Feb 18 01:35:00 2019]	heart_web
[Mon Feb 18 01:35:00 2019]	heart_mobile
[Mon Feb 18 01:40:00 2019]	heart_web
[Mon Feb 18 01:40:00 2019]	heart_mobile
[Mon Feb 18 01:40:00 2019]	heart_web
[Mon Feb 18 01:40:00 2019]	heart_mobile
[Mon Feb 18 01:40:00 2019]	heart_web
[Mon Feb 18 01:40:00 2019]	heart_mobile
[Mon Feb 18 01:40:00 2019]	heart_web
[Mon Feb 18 01:40:01 2019]	heart_mobile
[Mon Feb 18 01:45:00 2019]	heart_web
[Mon Feb 18 01:45:00 2019]	heart_mobile
[Mon Feb 18 01:45:00 2019]	heart_web
[Mon Feb 18 01:45:00 2019]	heart_mobile
[Mon Feb 18 01:45:00 2019]	heart_web
[Mon Feb 18 01:45:00 2019]	heart_mobile
[Mon Feb 18 01:45:00 2019]	heart_web
[Mon Feb 18 01:45:00 2019]	heart_mobile
[Mon Feb 18 01:50:00 2019]	heart_web
[Mon Feb 18 01:50:00 2019]	heart_mobile
[Mon Feb 18 01:50:00 2019]	heart_web
[Mon Feb 18 01:50:00 2019]	heart_mobile
[Mon Feb 18 01:50:00 2019]	heart_web
[Mon Feb 18 01:50:00 2019]	heart_mobile
[Mon Feb 18 01:50:00 2019]	heart_web
[Mon Feb 18 01:50:00 2019]	heart_mobile
[Mon Feb 18 01:55:00 2019]	heart_web
[Mon Feb 18 01:55:00 2019]	heart_mobile
[Mon Feb 18 01:55:00 2019]	heart_web
[Mon Feb 18 01:55:00 2019]	heart_mobile
[Mon Feb 18 01:55:00 2019]	heart_web
[Mon Feb 18 01:55:00 2019]	heart_mobile
[Mon Feb 18 01:55:00 2019]	heart_web
[Mon Feb 18 01:55:00 2019]	heart_mobile
[Mon Feb 18 02:00:00 2019]	heart_web
[Mon Feb 18 02:00:00 2019]	heart_mobile
[Mon Feb 18 02:00:00 2019]	heart_web
[Mon Feb 18 02:00:00 2019]	heart_mobile
[Mon Feb 18 02:00:00 2019]	heart_web
[Mon Feb 18 02:00:00 2019]	heart_mobile
[Mon Feb 18 02:00:00 2019]	heart_web
[Mon Feb 18 02:00:00 2019]	heart_mobile
[u'43823195', u'43861163', u'43792675', u'43871255', u'43885390']
15824397397
zsj0911*
0
------------------
17367078621
weiyuxin
45
------------------
15127529708
shijizhe
231.58
------------------
13306522935
zjuZSJ0911*
0
------------------
[Mon Feb 18 02:05:00 2019]	heart_web
[Mon Feb 18 02:05:00 2019]	heart_mobile
[Mon Feb 18 02:05:00 2019]	heart_web
[Mon Feb 18 02:05:00 2019]	heart_mobile
[Mon Feb 18 02:05:00 2019]	heart_web
[Mon Feb 18 02:05:00 2019]	heart_mobile
[Mon Feb 18 02:05:00 2019]	heart_web
[Mon Feb 18 02:05:00 2019]	heart_mobile
[Mon Feb 18 02:10:00 2019]	heart_web
[Mon Feb 18 02:10:00 2019]	heart_mobile
[Mon Feb 18 02:10:00 2019]	heart_web
[Mon Feb 18 02:10:00 2019]	heart_mobile
[Mon Feb 18 02:10:00 2019]	heart_web
[Mon Feb 18 02:10:00 2019]	heart_mobile
[Mon Feb 18 02:10:00 2019]	heart_web
[Mon Feb 18 02:10:00 2019]	heart_mobile
[Mon Feb 18 02:15:00 2019]	heart_web
[Mon Feb 18 02:15:00 2019]	heart_mobile
[Mon Feb 18 02:15:00 2019]	heart_web
[Mon Feb 18 02:15:00 2019]	heart_mobile
[Mon Feb 18 02:15:00 2019]	heart_web
[Mon Feb 18 02:15:00 2019]	heart_mobile
[Mon Feb 18 02:15:00 2019]	heart_web
[Mon Feb 18 02:15:00 2019]	heart_mobile
[Mon Feb 18 02:20:00 2019]	heart_web
[Mon Feb 18 02:20:00 2019]	heart_mobile
[Mon Feb 18 02:20:00 2019]	heart_web
[Mon Feb 18 02:20:00 2019]	heart_mobile
[Mon Feb 18 02:20:00 2019]	heart_web
[Mon Feb 18 02:20:00 2019]	heart_mobile
[Mon Feb 18 02:20:00 2019]	heart_web
[Mon Feb 18 02:20:00 2019]	heart_mobile
[Mon Feb 18 02:25:00 2019]	heart_web
[Mon Feb 18 02:25:00 2019]	heart_mobile
[Mon Feb 18 02:25:00 2019]	heart_web
[Mon Feb 18 02:25:00 2019]	heart_mobile
[Mon Feb 18 02:25:00 2019]	heart_web
[Mon Feb 18 02:25:00 2019]	heart_mobile
[Mon Feb 18 02:25:00 2019]	heart_web
[Mon Feb 18 02:25:01 2019]	heart_mobile
[Mon Feb 18 02:30:00 2019]	heart_web
[Mon Feb 18 02:30:00 2019]	heart_mobile
[Mon Feb 18 02:30:00 2019]	heart_web
[Mon Feb 18 02:30:00 2019]	heart_mobile
[Mon Feb 18 02:30:00 2019]	heart_web
[Mon Feb 18 02:30:00 2019]	heart_mobile
[Mon Feb 18 02:30:00 2019]	heart_web
[Mon Feb 18 02:30:00 2019]	heart_mobile
[Mon Feb 18 02:35:00 2019]	heart_web
[Mon Feb 18 02:35:00 2019]	heart_mobile
[Mon Feb 18 02:35:00 2019]	heart_web
[Mon Feb 18 02:35:00 2019]	heart_mobile
[Mon Feb 18 02:35:00 2019]	heart_web
[Mon Feb 18 02:35:00 2019]	heart_mobile
[Mon Feb 18 02:35:00 2019]	heart_web
[Mon Feb 18 02:35:00 2019]	heart_mobile
[Mon Feb 18 02:40:00 2019]	heart_web
[Mon Feb 18 02:40:00 2019]	heart_mobile
[Mon Feb 18 02:40:00 2019]	heart_web
[Mon Feb 18 02:40:00 2019]	heart_mobile
[Mon Feb 18 02:40:00 2019]	heart_web
[Mon Feb 18 02:40:00 2019]	heart_mobile
[Mon Feb 18 02:40:00 2019]	heart_web
[Mon Feb 18 02:40:00 2019]	heart_mobile
[Mon Feb 18 02:45:00 2019]	heart_web
[Mon Feb 18 02:45:00 2019]	heart_mobile
[Mon Feb 18 02:45:00 2019]	heart_web
[Mon Feb 18 02:45:00 2019]	heart_mobile
[Mon Feb 18 02:45:00 2019]	heart_web
[Mon Feb 18 02:45:00 2019]	heart_mobile
[Mon Feb 18 02:45:00 2019]	heart_web
[Mon Feb 18 02:45:00 2019]	heart_mobile
[Mon Feb 18 02:50:00 2019]	heart_web
[Mon Feb 18 02:50:00 2019]	heart_mobile
[Mon Feb 18 02:50:00 2019]	heart_web
[Mon Feb 18 02:50:00 2019]	heart_mobile
[Mon Feb 18 02:50:00 2019]	heart_web
[Mon Feb 18 02:50:00 2019]	heart_mobile
[Mon Feb 18 02:50:00 2019]	heart_web
[Mon Feb 18 02:50:00 2019]	heart_mobile
[Mon Feb 18 02:55:00 2019]	heart_web
[Mon Feb 18 02:55:00 2019]	heart_mobile
[Mon Feb 18 02:55:00 2019]	heart_web
[Mon Feb 18 02:55:00 2019]	heart_mobile
[Mon Feb 18 02:55:00 2019]	heart_web
[Mon Feb 18 02:55:00 2019]	heart_mobile
[Mon Feb 18 02:55:00 2019]	heart_web
[Mon Feb 18 02:55:00 2019]	heart_mobile
[Mon Feb 18 03:00:00 2019]	heart_web
[Mon Feb 18 03:00:00 2019]	heart_mobile
[Mon Feb 18 03:00:00 2019]	heart_web
[Mon Feb 18 03:00:00 2019]	heart_mobile
[Mon Feb 18 03:00:00 2019]	heart_web
[Mon Feb 18 03:00:00 2019]	heart_mobile
[Mon Feb 18 03:00:00 2019]	heart_web
[Mon Feb 18 03:00:00 2019]	heart_mobile
[u'43823195', u'43861163', u'43792675', u'43871255', u'43885390']
15824397397
zsj0911*
0
------------------
17367078621
weiyuxin
45
------------------
15127529708
shijizhe
231.58
------------------
13306522935
zjuZSJ0911*
0
------------------
[Mon Feb 18 03:05:00 2019]	heart_web
[Mon Feb 18 03:05:00 2019]	heart_mobile
[Mon Feb 18 03:05:00 2019]	heart_web
[Mon Feb 18 03:05:00 2019]	heart_mobile
[Mon Feb 18 03:05:00 2019]	heart_web
[Mon Feb 18 03:05:00 2019]	heart_mobile
[Mon Feb 18 03:05:00 2019]	heart_web
[Mon Feb 18 03:05:00 2019]	heart_mobile
[Mon Feb 18 03:10:00 2019]	heart_web
[Mon Feb 18 03:10:00 2019]	heart_mobile
[Mon Feb 18 03:10:00 2019]	heart_web
[Mon Feb 18 03:10:00 2019]	heart_mobile
[Mon Feb 18 03:10:00 2019]	heart_web
[Mon Feb 18 03:10:00 2019]	heart_mobile
[Mon Feb 18 03:10:00 2019]	heart_web
[Mon Feb 18 03:10:00 2019]	heart_mobile
[Mon Feb 18 03:15:00 2019]	heart_web
[Mon Feb 18 03:15:00 2019]	heart_mobile
[Mon Feb 18 03:15:00 2019]	heart_web
[Mon Feb 18 03:15:00 2019]	heart_mobile
[Mon Feb 18 03:15:00 2019]	heart_web
[Mon Feb 18 03:15:00 2019]	heart_mobile
[Mon Feb 18 03:15:00 2019]	heart_web
[Mon Feb 18 03:15:00 2019]	heart_mobile
[Mon Feb 18 03:20:00 2019]	heart_web
[Mon Feb 18 03:20:00 2019]	heart_mobile
[Mon Feb 18 03:20:00 2019]	heart_web
[Mon Feb 18 03:20:00 2019]	heart_mobile
[Mon Feb 18 03:20:00 2019]	heart_web
[Mon Feb 18 03:20:00 2019]	heart_mobile
[Mon Feb 18 03:20:00 2019]	heart_web
[Mon Feb 18 03:20:00 2019]	heart_mobile
[Mon Feb 18 03:25:00 2019]	heart_web
[Mon Feb 18 03:25:00 2019]	heart_mobile
[Mon Feb 18 03:25:00 2019]	heart_web
[Mon Feb 18 03:25:00 2019]	heart_mobile
[Mon Feb 18 03:25:00 2019]	heart_web
[Mon Feb 18 03:25:00 2019]	heart_mobile
[Mon Feb 18 03:25:00 2019]	heart_web
[Mon Feb 18 03:25:00 2019]	heart_mobile
[Mon Feb 18 03:30:00 2019]	heart_web
[Mon Feb 18 03:30:00 2019]	heart_mobile
[Mon Feb 18 03:30:00 2019]	heart_web
[Mon Feb 18 03:30:00 2019]	heart_mobile
[Mon Feb 18 03:30:00 2019]	heart_web
[Mon Feb 18 03:30:00 2019]	heart_mobile
[Mon Feb 18 03:30:00 2019]	heart_web
[Mon Feb 18 03:30:00 2019]	heart_mobile
[Mon Feb 18 03:35:00 2019]	heart_web
[Mon Feb 18 03:35:00 2019]	heart_mobile
[Mon Feb 18 03:35:00 2019]	heart_web
[Mon Feb 18 03:35:00 2019]	heart_mobile
[Mon Feb 18 03:35:00 2019]	heart_web
[Mon Feb 18 03:35:00 2019]	heart_mobile
[Mon Feb 18 03:35:00 2019]	heart_web
[Mon Feb 18 03:35:00 2019]	heart_mobile
[Mon Feb 18 03:40:00 2019]	heart_web
[Mon Feb 18 03:40:00 2019]	heart_mobile
[Mon Feb 18 03:40:00 2019]	heart_web
[Mon Feb 18 03:40:00 2019]	heart_mobile
[Mon Feb 18 03:40:00 2019]	heart_web
[Mon Feb 18 03:40:00 2019]	heart_mobile
[Mon Feb 18 03:40:00 2019]	heart_web
[Mon Feb 18 03:40:00 2019]	heart_mobile
[Mon Feb 18 03:45:00 2019]	heart_web
[Mon Feb 18 03:45:00 2019]	heart_mobile
[Mon Feb 18 03:45:00 2019]	heart_web
[Mon Feb 18 03:45:00 2019]	heart_mobile
[Mon Feb 18 03:45:00 2019]	heart_web
[Mon Feb 18 03:45:00 2019]	heart_mobile
[Mon Feb 18 03:45:00 2019]	heart_web
[Mon Feb 18 03:45:00 2019]	heart_mobile
[Mon Feb 18 03:50:00 2019]	heart_web
[Mon Feb 18 03:50:00 2019]	heart_mobile
[Mon Feb 18 03:50:00 2019]	heart_web
[Mon Feb 18 03:50:00 2019]	heart_mobile
[Mon Feb 18 03:50:00 2019]	heart_web
[Mon Feb 18 03:50:00 2019]	heart_mobile
[Mon Feb 18 03:50:00 2019]	heart_web
[Mon Feb 18 03:50:00 2019]	heart_mobile
[Mon Feb 18 03:55:00 2019]	heart_web
[Mon Feb 18 03:55:00 2019]	heart_mobile
[Mon Feb 18 03:55:00 2019]	heart_web
[Mon Feb 18 03:55:00 2019]	heart_mobile
[Mon Feb 18 03:55:00 2019]	heart_web
[Mon Feb 18 03:55:00 2019]	heart_mobile
[Mon Feb 18 03:55:00 2019]	heart_web
[Mon Feb 18 03:55:00 2019]	heart_mobile
[Mon Feb 18 04:00:00 2019]	heart_web
[Mon Feb 18 04:00:00 2019]	heart_mobile
[Mon Feb 18 04:00:00 2019]	heart_web
[Mon Feb 18 04:00:00 2019]	heart_mobile
[Mon Feb 18 04:00:00 2019]	heart_web
[Mon Feb 18 04:00:00 2019]	heart_mobile
[Mon Feb 18 04:00:00 2019]	heart_web
[Mon Feb 18 04:00:00 2019]	heart_mobile
[u'43823195', u'43861163', u'43792675', u'43871255', u'43885390']
15824397397
zsj0911*
0
------------------
17367078621
weiyuxin
45
------------------
15127529708
shijizhe
231.58
------------------
13306522935
zjuZSJ0911*
0
------------------
[Mon Feb 18 04:05:00 2019]	heart_web
[Mon Feb 18 04:05:00 2019]	heart_mobile
[Mon Feb 18 04:05:00 2019]	heart_web
[Mon Feb 18 04:05:00 2019]	heart_mobile
[Mon Feb 18 04:05:00 2019]	heart_web
[Mon Feb 18 04:05:00 2019]	heart_mobile
[Mon Feb 18 04:05:00 2019]	heart_web
[Mon Feb 18 04:05:00 2019]	heart_mobile
[Mon Feb 18 04:10:00 2019]	heart_web
[Mon Feb 18 04:10:00 2019]	heart_mobile
[Mon Feb 18 04:10:00 2019]	heart_web
[Mon Feb 18 04:10:00 2019]	heart_mobile
[Mon Feb 18 04:10:00 2019]	heart_web
[Mon Feb 18 04:10:00 2019]	heart_mobile
[Mon Feb 18 04:10:00 2019]	heart_web
[Mon Feb 18 04:10:00 2019]	heart_mobile
[Mon Feb 18 04:15:00 2019]	heart_web
[Mon Feb 18 04:15:00 2019]	heart_mobile
[Mon Feb 18 04:15:00 2019]	heart_web
[Mon Feb 18 04:15:00 2019]	heart_mobile
[Mon Feb 18 04:15:00 2019]	heart_web
[Mon Feb 18 04:15:00 2019]	heart_mobile
[Mon Feb 18 04:15:00 2019]	heart_web
[Mon Feb 18 04:15:00 2019]	heart_mobile
[Mon Feb 18 04:20:00 2019]	heart_web
[Mon Feb 18 04:20:00 2019]	heart_mobile
[Mon Feb 18 04:20:00 2019]	heart_web
[Mon Feb 18 04:20:00 2019]	heart_mobile
[Mon Feb 18 04:20:00 2019]	heart_web
[Mon Feb 18 04:20:00 2019]	heart_mobile
[Mon Feb 18 04:20:00 2019]	heart_web
[Mon Feb 18 04:20:00 2019]	heart_mobile
[Mon Feb 18 04:25:00 2019]	heart_web
[Mon Feb 18 04:25:00 2019]	heart_mobile
[Mon Feb 18 04:25:00 2019]	heart_web
[Mon Feb 18 04:25:00 2019]	heart_mobile
[Mon Feb 18 04:25:00 2019]	heart_web
[Mon Feb 18 04:25:00 2019]	heart_mobile
[Mon Feb 18 04:25:00 2019]	heart_web
[Mon Feb 18 04:25:00 2019]	heart_mobile
[Mon Feb 18 04:30:00 2019]	heart_web
[Mon Feb 18 04:30:00 2019]	heart_mobile
[Mon Feb 18 04:30:00 2019]	heart_web
[Mon Feb 18 04:30:00 2019]	heart_mobile
[Mon Feb 18 04:30:00 2019]	heart_web
[Mon Feb 18 04:30:00 2019]	heart_mobile
[Mon Feb 18 04:30:00 2019]	heart_web
[Mon Feb 18 04:30:00 2019]	heart_mobile
[Mon Feb 18 04:35:00 2019]	heart_web
[Mon Feb 18 04:35:00 2019]	heart_mobile
[Mon Feb 18 04:35:00 2019]	heart_web
[Mon Feb 18 04:35:00 2019]	heart_mobile
[Mon Feb 18 04:35:00 2019]	heart_web
[Mon Feb 18 04:35:00 2019]	heart_mobile
[Mon Feb 18 04:35:00 2019]	heart_web
[Mon Feb 18 04:35:00 2019]	heart_mobile
[Mon Feb 18 04:40:00 2019]	heart_web
[Mon Feb 18 04:40:00 2019]	heart_mobile
[Mon Feb 18 04:40:00 2019]	heart_web
[Mon Feb 18 04:40:00 2019]	heart_mobile
[Mon Feb 18 04:40:00 2019]	heart_web
[Mon Feb 18 04:40:00 2019]	heart_mobile
[Mon Feb 18 04:40:00 2019]	heart_web
[Mon Feb 18 04:40:01 2019]	heart_mobile
[Mon Feb 18 04:45:00 2019]	heart_web
[Mon Feb 18 04:45:00 2019]	heart_mobile
[Mon Feb 18 04:45:00 2019]	heart_web
[Mon Feb 18 04:45:00 2019]	heart_mobile
[Mon Feb 18 04:45:00 2019]	heart_web
[Mon Feb 18 04:45:00 2019]	heart_mobile
[Mon Feb 18 04:45:00 2019]	heart_web
[Mon Feb 18 04:45:00 2019]	heart_mobile
[Mon Feb 18 04:50:00 2019]	heart_web
[Mon Feb 18 04:50:00 2019]	heart_mobile
[Mon Feb 18 04:50:00 2019]	heart_web
[Mon Feb 18 04:50:00 2019]	heart_mobile
[Mon Feb 18 04:50:00 2019]	heart_web
[Mon Feb 18 04:50:00 2019]	heart_mobile
[Mon Feb 18 04:50:00 2019]	heart_web
[Mon Feb 18 04:50:00 2019]	heart_mobile
[Mon Feb 18 04:55:00 2019]	heart_web
[Mon Feb 18 04:55:00 2019]	heart_mobile
[Mon Feb 18 04:55:00 2019]	heart_web
[Mon Feb 18 04:55:00 2019]	heart_mobile
[Mon Feb 18 04:55:00 2019]	heart_web
[Mon Feb 18 04:55:00 2019]	heart_mobile
[Mon Feb 18 04:55:00 2019]	heart_web
[Mon Feb 18 04:55:01 2019]	heart_mobile
[Mon Feb 18 05:00:00 2019]	heart_web
[Mon Feb 18 05:00:00 2019]	heart_mobile
[Mon Feb 18 05:00:00 2019]	heart_web
[Mon Feb 18 05:00:00 2019]	heart_mobile
[Mon Feb 18 05:00:00 2019]	heart_web
[Mon Feb 18 05:00:00 2019]	heart_mobile
[Mon Feb 18 05:00:00 2019]	heart_web
[Mon Feb 18 05:00:00 2019]	heart_mobile
[u'43823195', u'43861163', u'43792675', u'43871255', u'43885390']
15824397397
zsj0911*
0
------------------
17367078621
weiyuxin
45
------------------
15127529708
shijizhe
231.58
------------------
13306522935
zjuZSJ0911*
0
------------------
[Mon Feb 18 05:05:00 2019]	heart_web
[Mon Feb 18 05:05:00 2019]	heart_mobile
[Mon Feb 18 05:05:00 2019]	heart_web
[Mon Feb 18 05:05:00 2019]	heart_mobile
[Mon Feb 18 05:05:00 2019]	heart_web
[Mon Feb 18 05:05:00 2019]	heart_mobile
[Mon Feb 18 05:05:00 2019]	heart_web
[Mon Feb 18 05:05:00 2019]	heart_mobile
[Mon Feb 18 05:10:00 2019]	heart_web
[Mon Feb 18 05:10:00 2019]	heart_mobile
[Mon Feb 18 05:10:00 2019]	heart_web
[Mon Feb 18 05:10:00 2019]	heart_mobile
[Mon Feb 18 05:10:00 2019]	heart_web
[Mon Feb 18 05:10:00 2019]	heart_mobile
[Mon Feb 18 05:10:00 2019]	heart_web
[Mon Feb 18 05:10:01 2019]	heart_mobile
[Mon Feb 18 05:15:00 2019]	heart_web
[Mon Feb 18 05:15:00 2019]	heart_mobile
[Mon Feb 18 05:15:00 2019]	heart_web
[Mon Feb 18 05:15:00 2019]	heart_mobile
[Mon Feb 18 05:15:00 2019]	heart_web
[Mon Feb 18 05:15:00 2019]	heart_mobile
[Mon Feb 18 05:15:00 2019]	heart_web
[Mon Feb 18 05:15:00 2019]	heart_mobile
[Mon Feb 18 05:20:00 2019]	heart_web
[Mon Feb 18 05:20:00 2019]	heart_mobile
[Mon Feb 18 05:20:00 2019]	heart_web
[Mon Feb 18 05:20:00 2019]	heart_mobile
[Mon Feb 18 05:20:00 2019]	heart_web
[Mon Feb 18 05:20:00 2019]	heart_mobile
[Mon Feb 18 05:20:00 2019]	heart_web
[Mon Feb 18 05:20:00 2019]	heart_mobile
[Mon Feb 18 05:25:00 2019]	heart_web
[Mon Feb 18 05:25:00 2019]	heart_mobile
[Mon Feb 18 05:25:00 2019]	heart_web
[Mon Feb 18 05:25:00 2019]	heart_mobile
[Mon Feb 18 05:25:00 2019]	heart_web
[Mon Feb 18 05:25:00 2019]	heart_mobile
[Mon Feb 18 05:25:00 2019]	heart_web
[Mon Feb 18 05:25:00 2019]	heart_mobile
[Mon Feb 18 05:30:00 2019]	heart_web
[Mon Feb 18 05:30:00 2019]	heart_mobile
[Mon Feb 18 05:30:00 2019]	heart_web
[Mon Feb 18 05:30:00 2019]	heart_mobile
[Mon Feb 18 05:30:00 2019]	heart_web
[Mon Feb 18 05:30:00 2019]	heart_mobile
[Mon Feb 18 05:30:00 2019]	heart_web
[Mon Feb 18 05:30:00 2019]	heart_mobile
[Mon Feb 18 05:35:00 2019]	heart_web
[Mon Feb 18 05:35:00 2019]	heart_mobile
[Mon Feb 18 05:35:00 2019]	heart_web
[Mon Feb 18 05:35:00 2019]	heart_mobile
[Mon Feb 18 05:35:00 2019]	heart_web
[Mon Feb 18 05:35:00 2019]	heart_mobile
[Mon Feb 18 05:35:00 2019]	heart_web
[Mon Feb 18 05:35:01 2019]	heart_mobile
[Mon Feb 18 05:40:00 2019]	heart_web
[Mon Feb 18 05:40:00 2019]	heart_mobile
[Mon Feb 18 05:40:00 2019]	heart_web
[Mon Feb 18 05:40:00 2019]	heart_mobile
[Mon Feb 18 05:40:00 2019]	heart_web
[Mon Feb 18 05:40:00 2019]	heart_mobile
[Mon Feb 18 05:40:00 2019]	heart_web
[Mon Feb 18 05:40:00 2019]	heart_mobile
[Mon Feb 18 05:45:00 2019]	heart_web
[Mon Feb 18 05:45:00 2019]	heart_mobile
[Mon Feb 18 05:45:00 2019]	heart_web
[Mon Feb 18 05:45:00 2019]	heart_mobile
[Mon Feb 18 05:45:00 2019]	heart_web
[Mon Feb 18 05:45:00 2019]	heart_mobile
[Mon Feb 18 05:45:00 2019]	heart_web
[Mon Feb 18 05:45:00 2019]	heart_mobile
[Mon Feb 18 05:50:00 2019]	heart_web
[Mon Feb 18 05:50:00 2019]	heart_mobile
[Mon Feb 18 05:50:00 2019]	heart_web
[Mon Feb 18 05:50:00 2019]	heart_mobile
[Mon Feb 18 05:50:00 2019]	heart_web
[Mon Feb 18 05:50:00 2019]	heart_mobile
[Mon Feb 18 05:50:00 2019]	heart_web
[Mon Feb 18 05:50:01 2019]	heart_mobile
[Mon Feb 18 05:55:00 2019]	heart_web
[Mon Feb 18 05:55:00 2019]	heart_mobile
[Mon Feb 18 05:55:00 2019]	heart_web
[Mon Feb 18 05:55:00 2019]	heart_mobile
[Mon Feb 18 05:55:00 2019]	heart_web
[Mon Feb 18 05:55:00 2019]	heart_mobile
[Mon Feb 18 05:55:00 2019]	heart_web
[Mon Feb 18 05:55:00 2019]	heart_mobile
[Mon Feb 18 06:00:00 2019]	heart_web
[Mon Feb 18 06:00:00 2019]	heart_mobile
[Mon Feb 18 06:00:00 2019]	heart_web
[Mon Feb 18 06:00:00 2019]	heart_mobile
[Mon Feb 18 06:00:00 2019]	heart_web
[Mon Feb 18 06:00:00 2019]	heart_mobile
[Mon Feb 18 06:00:00 2019]	heart_web
[Mon Feb 18 06:00:00 2019]	heart_mobile
[u'43823195', u'43861163', u'43792675', u'43871255', u'43885390']
15824397397
zsj0911*
0
------------------
17367078621
weiyuxin
45
------------------
15127529708
shijizhe
231.58
------------------
13306522935
zjuZSJ0911*
0
------------------
[Mon Feb 18 06:05:00 2019]	heart_web
[Mon Feb 18 06:05:00 2019]	heart_mobile
[Mon Feb 18 06:05:00 2019]	heart_web
[Mon Feb 18 06:05:00 2019]	heart_mobile
[Mon Feb 18 06:05:00 2019]	heart_web
[Mon Feb 18 06:05:00 2019]	heart_mobile
[Mon Feb 18 06:05:00 2019]	heart_web
[Mon Feb 18 06:05:00 2019]	heart_mobile
[Mon Feb 18 06:10:00 2019]	heart_web
[Mon Feb 18 06:10:00 2019]	heart_mobile
[Mon Feb 18 06:10:00 2019]	heart_web
[Mon Feb 18 06:10:00 2019]	heart_mobile
[Mon Feb 18 06:10:00 2019]	heart_web
[Mon Feb 18 06:10:00 2019]	heart_mobile
[Mon Feb 18 06:10:00 2019]	heart_web
[Mon Feb 18 06:10:00 2019]	heart_mobile
[Mon Feb 18 06:15:00 2019]	heart_web
[Mon Feb 18 06:15:00 2019]	heart_mobile
[Mon Feb 18 06:15:00 2019]	heart_web
[Mon Feb 18 06:15:00 2019]	heart_mobile
[Mon Feb 18 06:15:00 2019]	heart_web
[Mon Feb 18 06:15:00 2019]	heart_mobile
[Mon Feb 18 06:15:00 2019]	heart_web
[Mon Feb 18 06:15:00 2019]	heart_mobile
[Mon Feb 18 06:20:00 2019]	heart_web
[Mon Feb 18 06:20:00 2019]	heart_mobile
[Mon Feb 18 06:20:00 2019]	heart_web
[Mon Feb 18 06:20:00 2019]	heart_mobile
[Mon Feb 18 06:20:00 2019]	heart_web
[Mon Feb 18 06:20:00 2019]	heart_mobile
[Mon Feb 18 06:20:00 2019]	heart_web
[Mon Feb 18 06:20:00 2019]	heart_mobile
[Mon Feb 18 06:25:00 2019]	heart_web
[Mon Feb 18 06:25:00 2019]	heart_mobile
[Mon Feb 18 06:25:00 2019]	heart_web
[Mon Feb 18 06:25:00 2019]	heart_mobile
[Mon Feb 18 06:25:00 2019]	heart_web
[Mon Feb 18 06:25:00 2019]	heart_mobile
[Mon Feb 18 06:25:00 2019]	heart_web
[Mon Feb 18 06:25:00 2019]	heart_mobile
[Mon Feb 18 06:30:00 2019]	heart_web
[Mon Feb 18 06:30:00 2019]	heart_mobile
[Mon Feb 18 06:30:00 2019]	heart_web
[Mon Feb 18 06:30:00 2019]	heart_mobile
[Mon Feb 18 06:30:00 2019]	heart_web
[Mon Feb 18 06:30:00 2019]	heart_mobile
[Mon Feb 18 06:30:00 2019]	heart_web
[Mon Feb 18 06:30:00 2019]	heart_mobile
[Mon Feb 18 06:35:00 2019]	heart_web
[Mon Feb 18 06:35:00 2019]	heart_mobile
[Mon Feb 18 06:35:00 2019]	heart_web
[Mon Feb 18 06:35:00 2019]	heart_mobile
[Mon Feb 18 06:35:00 2019]	heart_web
[Mon Feb 18 06:35:00 2019]	heart_mobile
[Mon Feb 18 06:35:01 2019]	heart_web
[Mon Feb 18 06:35:01 2019]	heart_mobile
[Mon Feb 18 06:40:00 2019]	heart_web
[Mon Feb 18 06:40:00 2019]	heart_mobile
[Mon Feb 18 06:40:00 2019]	heart_web
[Mon Feb 18 06:40:00 2019]	heart_mobile
[Mon Feb 18 06:40:00 2019]	heart_web
[Mon Feb 18 06:40:00 2019]	heart_mobile
[Mon Feb 18 06:40:00 2019]	heart_web
[Mon Feb 18 06:40:00 2019]	heart_mobile
[Mon Feb 18 06:45:00 2019]	heart_web
[Mon Feb 18 06:45:00 2019]	heart_mobile
[Mon Feb 18 06:45:00 2019]	heart_web
[Mon Feb 18 06:45:00 2019]	heart_mobile
[Mon Feb 18 06:45:00 2019]	heart_web
[Mon Feb 18 06:45:00 2019]	heart_mobile
[Mon Feb 18 06:45:00 2019]	heart_web
[Mon Feb 18 06:45:00 2019]	heart_mobile
[Mon Feb 18 06:50:00 2019]	heart_web
[Mon Feb 18 06:50:00 2019]	heart_mobile
[Mon Feb 18 06:50:00 2019]	heart_web
[Mon Feb 18 06:50:00 2019]	heart_mobile
[Mon Feb 18 06:50:00 2019]	heart_web
[Mon Feb 18 06:50:00 2019]	heart_mobile
[Mon Feb 18 06:50:00 2019]	heart_web
[Mon Feb 18 06:50:00 2019]	heart_mobile
[Mon Feb 18 06:55:00 2019]	heart_web
[Mon Feb 18 06:55:00 2019]	heart_mobile
[Mon Feb 18 06:55:00 2019]	heart_web
[Mon Feb 18 06:55:00 2019]	heart_mobile
[Mon Feb 18 06:55:00 2019]	heart_web
[Mon Feb 18 06:55:00 2019]	heart_mobile
[Mon Feb 18 06:55:00 2019]	heart_web
[Mon Feb 18 06:55:00 2019]	heart_mobile
[Mon Feb 18 07:00:00 2019]	heart_web
[Mon Feb 18 07:00:00 2019]	heart_mobile
[Mon Feb 18 07:00:00 2019]	heart_web
[Mon Feb 18 07:00:00 2019]	heart_mobile
[Mon Feb 18 07:00:00 2019]	heart_web
[Mon Feb 18 07:00:00 2019]	heart_mobile
[Mon Feb 18 07:00:00 2019]	heart_web
[Mon Feb 18 07:00:00 2019]	heart_mobile
[u'43823195', u'43861163', u'43792675', u'43880119', u'43871255']
15824397397
zsj0911*
0
------------------
17367078621
weiyuxin
45
------------------
15127529708
shijizhe
231.58
------------------
13306522935
zjuZSJ0911*
0
------------------
[Mon Feb 18 07:05:00 2019]	heart_web
[Mon Feb 18 07:05:00 2019]	heart_mobile
[Mon Feb 18 07:05:00 2019]	heart_web
[Mon Feb 18 07:05:00 2019]	heart_mobile
[Mon Feb 18 07:05:00 2019]	heart_web
[Mon Feb 18 07:05:00 2019]	heart_mobile
[Mon Feb 18 07:05:00 2019]	heart_web
[Mon Feb 18 07:05:00 2019]	heart_mobile
[Mon Feb 18 07:10:00 2019]	heart_web
[Mon Feb 18 07:10:00 2019]	heart_mobile
[Mon Feb 18 07:10:00 2019]	heart_web
[Mon Feb 18 07:10:00 2019]	heart_mobile
[Mon Feb 18 07:10:00 2019]	heart_web
[Mon Feb 18 07:10:00 2019]	heart_mobile
[Mon Feb 18 07:10:00 2019]	heart_web
[Mon Feb 18 07:10:00 2019]	heart_mobile
[Mon Feb 18 07:15:00 2019]	heart_web
[Mon Feb 18 07:15:00 2019]	heart_mobile
[Mon Feb 18 07:15:00 2019]	heart_web
[Mon Feb 18 07:15:00 2019]	heart_mobile
[Mon Feb 18 07:15:00 2019]	heart_web
[Mon Feb 18 07:15:00 2019]	heart_mobile
[Mon Feb 18 07:15:00 2019]	heart_web
[Mon Feb 18 07:15:01 2019]	heart_mobile
[Mon Feb 18 07:20:00 2019]	heart_web
[Mon Feb 18 07:20:00 2019]	heart_mobile
[Mon Feb 18 07:20:00 2019]	heart_web
[Mon Feb 18 07:20:00 2019]	heart_mobile
[Mon Feb 18 07:20:00 2019]	heart_web
[Mon Feb 18 07:20:00 2019]	heart_mobile
[Mon Feb 18 07:20:00 2019]	heart_web
[Mon Feb 18 07:20:00 2019]	heart_mobile
[Mon Feb 18 07:25:00 2019]	heart_web
[Mon Feb 18 07:25:00 2019]	heart_mobile
[Mon Feb 18 07:25:00 2019]	heart_web
[Mon Feb 18 07:25:00 2019]	heart_mobile
[Mon Feb 18 07:25:00 2019]	heart_web
[Mon Feb 18 07:25:00 2019]	heart_mobile
[Mon Feb 18 07:25:00 2019]	heart_web
[Mon Feb 18 07:25:00 2019]	heart_mobile
[Mon Feb 18 07:30:00 2019]	heart_web
[Mon Feb 18 07:30:00 2019]	heart_mobile
[Mon Feb 18 07:30:00 2019]	heart_web
[Mon Feb 18 07:30:00 2019]	heart_mobile
[Mon Feb 18 07:30:00 2019]	heart_web
[Mon Feb 18 07:30:00 2019]	heart_mobile
[Mon Feb 18 07:30:00 2019]	heart_web
[Mon Feb 18 07:30:00 2019]	heart_mobile
[Mon Feb 18 07:35:00 2019]	heart_web
[Mon Feb 18 07:35:00 2019]	heart_mobile
[Mon Feb 18 07:35:00 2019]	heart_web
[Mon Feb 18 07:35:00 2019]	heart_mobile
[Mon Feb 18 07:35:00 2019]	heart_web
[Mon Feb 18 07:35:00 2019]	heart_mobile
[Mon Feb 18 07:35:00 2019]	heart_web
[Mon Feb 18 07:35:00 2019]	heart_mobile
[Mon Feb 18 07:40:00 2019]	heart_web
[Mon Feb 18 07:40:00 2019]	heart_mobile
[Mon Feb 18 07:40:00 2019]	heart_web
[Mon Feb 18 07:40:00 2019]	heart_mobile
[Mon Feb 18 07:40:00 2019]	heart_web
[Mon Feb 18 07:40:00 2019]	heart_mobile
[Mon Feb 18 07:40:00 2019]	heart_web
[Mon Feb 18 07:40:00 2019]	heart_mobile
[Mon Feb 18 07:45:00 2019]	heart_web
[Mon Feb 18 07:45:00 2019]	heart_mobile
[Mon Feb 18 07:45:00 2019]	heart_web
[Mon Feb 18 07:45:00 2019]	heart_mobile
[Mon Feb 18 07:45:00 2019]	heart_web
[Mon Feb 18 07:45:00 2019]	heart_mobile
[Mon Feb 18 07:45:00 2019]	heart_web
[Mon Feb 18 07:45:00 2019]	heart_mobile
[Mon Feb 18 07:50:00 2019]	heart_web
[Mon Feb 18 07:50:00 2019]	heart_mobile
[Mon Feb 18 07:50:00 2019]	heart_web
[Mon Feb 18 07:50:00 2019]	heart_mobile
[Mon Feb 18 07:50:00 2019]	heart_web
[Mon Feb 18 07:50:00 2019]	heart_mobile
[Mon Feb 18 07:50:00 2019]	heart_web
[Mon Feb 18 07:50:01 2019]	heart_mobile
[Mon Feb 18 07:55:00 2019]	heart_web
[Mon Feb 18 07:55:00 2019]	heart_mobile
[Mon Feb 18 07:55:00 2019]	heart_web
[Mon Feb 18 07:55:00 2019]	heart_mobile
[Mon Feb 18 07:55:00 2019]	heart_web
[Mon Feb 18 07:55:00 2019]	heart_mobile
[Mon Feb 18 07:55:00 2019]	heart_web
[Mon Feb 18 07:55:00 2019]	heart_mobile
[Mon Feb 18 08:00:00 2019]	heart_web
[Mon Feb 18 08:00:00 2019]	heart_mobile
[Mon Feb 18 08:00:00 2019]	heart_web
[Mon Feb 18 08:00:00 2019]	heart_mobile
[Mon Feb 18 08:00:00 2019]	heart_web
[Mon Feb 18 08:00:00 2019]	heart_mobile
[Mon Feb 18 08:00:00 2019]	heart_web
[Mon Feb 18 08:00:00 2019]	heart_mobile
[u'43823195', u'43861163', u'43792675', u'43880119', u'43871255']
15824397397
zsj0911*
0
------------------
17367078621
weiyuxin
45
------------------
15127529708
shijizhe
231.58
------------------
13306522935
zjuZSJ0911*
0
------------------
[Mon Feb 18 08:05:00 2019]	heart_web
[Mon Feb 18 08:05:00 2019]	heart_mobile
[Mon Feb 18 08:05:00 2019]	heart_web
[Mon Feb 18 08:05:00 2019]	heart_mobile
[Mon Feb 18 08:05:00 2019]	heart_web
[Mon Feb 18 08:05:00 2019]	heart_mobile
[Mon Feb 18 08:05:00 2019]	heart_web
[Mon Feb 18 08:05:00 2019]	heart_mobile
[Mon Feb 18 08:10:00 2019]	heart_web
[Mon Feb 18 08:10:00 2019]	heart_mobile
[Mon Feb 18 08:10:00 2019]	heart_web
[Mon Feb 18 08:10:00 2019]	heart_mobile
[Mon Feb 18 08:10:00 2019]	heart_web
[Mon Feb 18 08:10:00 2019]	heart_mobile
[Mon Feb 18 08:10:00 2019]	heart_web
[Mon Feb 18 08:10:00 2019]	heart_mobile
[Mon Feb 18 08:15:00 2019]	heart_web
[Mon Feb 18 08:15:00 2019]	heart_mobile
[Mon Feb 18 08:15:00 2019]	heart_web
[Mon Feb 18 08:15:00 2019]	heart_mobile
[Mon Feb 18 08:15:00 2019]	heart_web
[Mon Feb 18 08:15:00 2019]	heart_mobile
[Mon Feb 18 08:15:00 2019]	heart_web
[Mon Feb 18 08:15:00 2019]	heart_mobile
[Mon Feb 18 08:20:00 2019]	heart_web
[Mon Feb 18 08:20:00 2019]	heart_mobile
[Mon Feb 18 08:20:00 2019]	heart_web
[Mon Feb 18 08:20:00 2019]	heart_mobile
[Mon Feb 18 08:20:00 2019]	heart_web
[Mon Feb 18 08:20:00 2019]	heart_mobile
[Mon Feb 18 08:20:00 2019]	heart_web
[Mon Feb 18 08:20:00 2019]	heart_mobile
[Mon Feb 18 08:25:00 2019]	heart_web
[Mon Feb 18 08:25:00 2019]	heart_mobile
[Mon Feb 18 08:25:00 2019]	heart_web
[Mon Feb 18 08:25:00 2019]	heart_mobile
[Mon Feb 18 08:25:00 2019]	heart_web
[Mon Feb 18 08:25:00 2019]	heart_mobile
[Mon Feb 18 08:25:00 2019]	heart_web
[Mon Feb 18 08:25:00 2019]	heart_mobile
[Mon Feb 18 08:30:00 2019]	heart_web
[Mon Feb 18 08:30:00 2019]	heart_mobile
[Mon Feb 18 08:30:00 2019]	heart_web
[Mon Feb 18 08:30:00 2019]	heart_mobile
[Mon Feb 18 08:30:00 2019]	heart_web
[Mon Feb 18 08:30:00 2019]	heart_mobile
[Mon Feb 18 08:30:00 2019]	heart_web
[Mon Feb 18 08:30:00 2019]	heart_mobile
[Mon Feb 18 08:35:00 2019]	heart_web
[Mon Feb 18 08:35:00 2019]	heart_mobile
[Mon Feb 18 08:35:00 2019]	heart_web
[Mon Feb 18 08:35:00 2019]	heart_mobile
[Mon Feb 18 08:35:00 2019]	heart_web
[Mon Feb 18 08:35:00 2019]	heart_mobile
[Mon Feb 18 08:35:00 2019]	heart_web
[Mon Feb 18 08:35:00 2019]	heart_mobile
[Mon Feb 18 08:40:00 2019]	heart_web
[Mon Feb 18 08:40:00 2019]	heart_mobile
[Mon Feb 18 08:40:00 2019]	heart_web
[Mon Feb 18 08:40:00 2019]	heart_mobile
[Mon Feb 18 08:40:00 2019]	heart_web
[Mon Feb 18 08:40:00 2019]	heart_mobile
[Mon Feb 18 08:40:00 2019]	heart_web
[Mon Feb 18 08:40:00 2019]	heart_mobile
[Mon Feb 18 08:45:00 2019]	heart_web
[Mon Feb 18 08:45:00 2019]	heart_mobile
[Mon Feb 18 08:45:00 2019]	heart_web
[Mon Feb 18 08:45:00 2019]	heart_mobile
[Mon Feb 18 08:45:00 2019]	heart_web
[Mon Feb 18 08:45:00 2019]	heart_mobile
[Mon Feb 18 08:45:00 2019]	heart_web
[Mon Feb 18 08:45:00 2019]	heart_mobile
[Mon Feb 18 08:50:00 2019]	heart_web
[Mon Feb 18 08:50:00 2019]	heart_mobile
[Mon Feb 18 08:50:00 2019]	heart_web
[Mon Feb 18 08:50:00 2019]	heart_mobile
[Mon Feb 18 08:50:00 2019]	heart_web
[Mon Feb 18 08:50:00 2019]	heart_mobile
[Mon Feb 18 08:50:00 2019]	heart_web
[Mon Feb 18 08:50:00 2019]	heart_mobile
[Mon Feb 18 08:55:00 2019]	heart_web
[Mon Feb 18 08:55:00 2019]	heart_mobile
[Mon Feb 18 08:55:00 2019]	heart_web
[Mon Feb 18 08:55:00 2019]	heart_mobile
[Mon Feb 18 08:55:00 2019]	heart_web
[Mon Feb 18 08:55:00 2019]	heart_mobile
[Mon Feb 18 08:55:00 2019]	heart_web
[Mon Feb 18 08:55:00 2019]	heart_mobile
[Mon Feb 18 09:00:00 2019]	heart_web
[Mon Feb 18 09:00:00 2019]	heart_mobile
[Mon Feb 18 09:00:00 2019]	heart_web
[Mon Feb 18 09:00:00 2019]	heart_mobile
[Mon Feb 18 09:00:00 2019]	heart_web
[Mon Feb 18 09:00:00 2019]	heart_mobile
[Mon Feb 18 09:00:00 2019]	heart_web
[Mon Feb 18 09:00:00 2019]	heart_mobile
[u'43823195', u'43861163', u'43792675', u'43880119', u'43871255']
15824397397
zsj0911*
0
------------------
17367078621
weiyuxin
45
------------------
15127529708
shijizhe
231.58
------------------
13306522935
zjuZSJ0911*
0
------------------
[Mon Feb 18 09:05:00 2019]	heart_web
[Mon Feb 18 09:05:00 2019]	heart_mobile
[Mon Feb 18 09:05:00 2019]	heart_web
[Mon Feb 18 09:05:00 2019]	heart_mobile
[Mon Feb 18 09:05:00 2019]	heart_web
[Mon Feb 18 09:05:00 2019]	heart_mobile
[Mon Feb 18 09:05:00 2019]	heart_web
[Mon Feb 18 09:05:01 2019]	heart_mobile
[Mon Feb 18 09:10:00 2019]	heart_web
[Mon Feb 18 09:10:00 2019]	heart_mobile
[Mon Feb 18 09:10:00 2019]	heart_web
[Mon Feb 18 09:10:00 2019]	heart_mobile
[Mon Feb 18 09:10:00 2019]	heart_web
[Mon Feb 18 09:10:00 2019]	heart_mobile
[Mon Feb 18 09:10:00 2019]	heart_web
[Mon Feb 18 09:10:00 2019]	heart_mobile
[Mon Feb 18 09:15:00 2019]	heart_web
[Mon Feb 18 09:15:00 2019]	heart_mobile
[Mon Feb 18 09:15:00 2019]	heart_web
[Mon Feb 18 09:15:00 2019]	heart_mobile
[Mon Feb 18 09:15:00 2019]	heart_web
[Mon Feb 18 09:15:00 2019]	heart_mobile
[Mon Feb 18 09:15:00 2019]	heart_web
[Mon Feb 18 09:15:00 2019]	heart_mobile
[Mon Feb 18 09:20:00 2019]	heart_web
[Mon Feb 18 09:20:00 2019]	heart_mobile
[Mon Feb 18 09:20:00 2019]	heart_web
[Mon Feb 18 09:20:00 2019]	heart_mobile
[Mon Feb 18 09:20:00 2019]	heart_web
[Mon Feb 18 09:20:00 2019]	heart_mobile
[Mon Feb 18 09:20:00 2019]	heart_web
[Mon Feb 18 09:20:00 2019]	heart_mobile
[Mon Feb 18 09:25:00 2019]	heart_web
[Mon Feb 18 09:25:00 2019]	heart_mobile
[Mon Feb 18 09:25:00 2019]	heart_web
[Mon Feb 18 09:25:00 2019]	heart_mobile
[Mon Feb 18 09:25:00 2019]	heart_web
[Mon Feb 18 09:25:00 2019]	heart_mobile
[Mon Feb 18 09:25:00 2019]	heart_web
[Mon Feb 18 09:25:00 2019]	heart_mobile
[Mon Feb 18 09:30:00 2019]	heart_web
[Mon Feb 18 09:30:00 2019]	heart_mobile
[Mon Feb 18 09:30:00 2019]	heart_web
[Mon Feb 18 09:30:00 2019]	heart_mobile
[Mon Feb 18 09:30:00 2019]	heart_web
[Mon Feb 18 09:30:00 2019]	heart_mobile
[Mon Feb 18 09:30:00 2019]	heart_web
[Mon Feb 18 09:30:01 2019]	heart_mobile
[Mon Feb 18 09:35:00 2019]	heart_web
[Mon Feb 18 09:35:00 2019]	heart_mobile
[Mon Feb 18 09:35:00 2019]	heart_web
[Mon Feb 18 09:35:00 2019]	heart_mobile
[Mon Feb 18 09:35:00 2019]	heart_web
[Mon Feb 18 09:35:00 2019]	heart_mobile
[Mon Feb 18 09:35:00 2019]	heart_web
[Mon Feb 18 09:35:01 2019]	heart_mobile
[Mon Feb 18 09:40:00 2019]	heart_web
[Mon Feb 18 09:40:00 2019]	heart_mobile
[Mon Feb 18 09:40:00 2019]	heart_web
[Mon Feb 18 09:40:00 2019]	heart_mobile
[Mon Feb 18 09:40:00 2019]	heart_web
[Mon Feb 18 09:40:00 2019]	heart_mobile
[Mon Feb 18 09:40:00 2019]	heart_web
[Mon Feb 18 09:40:00 2019]	heart_mobile
[Mon Feb 18 09:45:00 2019]	heart_web
[Mon Feb 18 09:45:00 2019]	heart_mobile
[Mon Feb 18 09:45:00 2019]	heart_web
[Mon Feb 18 09:45:00 2019]	heart_mobile
[Mon Feb 18 09:45:00 2019]	heart_web
[Mon Feb 18 09:45:00 2019]	heart_mobile
[Mon Feb 18 09:45:00 2019]	heart_web
[Mon Feb 18 09:45:00 2019]	heart_mobile
[Mon Feb 18 09:50:00 2019]	heart_web
[Mon Feb 18 09:50:00 2019]	heart_mobile
[Mon Feb 18 09:50:00 2019]	heart_web
[Mon Feb 18 09:50:00 2019]	heart_mobile
[Mon Feb 18 09:50:00 2019]	heart_web
[Mon Feb 18 09:50:00 2019]	heart_mobile
[Mon Feb 18 09:50:00 2019]	heart_web
[Mon Feb 18 09:50:01 2019]	heart_mobile
[Mon Feb 18 09:55:00 2019]	heart_web
[Mon Feb 18 09:55:00 2019]	heart_mobile
[Mon Feb 18 09:55:00 2019]	heart_web
[Mon Feb 18 09:55:00 2019]	heart_mobile
[Mon Feb 18 09:55:00 2019]	heart_web
[Mon Feb 18 09:55:00 2019]	heart_mobile
[Mon Feb 18 09:55:00 2019]	heart_web
[Mon Feb 18 09:55:00 2019]	heart_mobile
[Mon Feb 18 10:00:00 2019]	heart_web
[Mon Feb 18 10:00:00 2019]	heart_mobile
[Mon Feb 18 10:00:00 2019]	heart_web
[Mon Feb 18 10:00:00 2019]	heart_mobile
[Mon Feb 18 10:00:00 2019]	heart_web
[Mon Feb 18 10:00:00 2019]	heart_mobile
[Mon Feb 18 10:00:00 2019]	heart_web
[Mon Feb 18 10:00:01 2019]	heart_mobile
[u'43882404', u'43861163', u'43792675', u'43871255', u'43885390']
15824397397
zsj0911*
0
------------------
17367078621
weiyuxin
45
------------------
15127529708
shijizhe
231.58
------------------
13306522935
zjuZSJ0911*
0
------------------
[Mon Feb 18 10:05:00 2019]	heart_web
[Mon Feb 18 10:05:00 2019]	heart_mobile
[Mon Feb 18 10:05:00 2019]	heart_web
[Mon Feb 18 10:05:00 2019]	heart_mobile
[Mon Feb 18 10:05:00 2019]	heart_web
[Mon Feb 18 10:05:00 2019]	heart_mobile
[Mon Feb 18 10:05:00 2019]	heart_web
[Mon Feb 18 10:05:00 2019]	heart_mobile
[Mon Feb 18 10:10:00 2019]	heart_web
[Mon Feb 18 10:10:00 2019]	heart_mobile
[Mon Feb 18 10:10:00 2019]	heart_web
[Mon Feb 18 10:10:00 2019]	heart_mobile
[Mon Feb 18 10:10:00 2019]	heart_web
[Mon Feb 18 10:10:00 2019]	heart_mobile
[Mon Feb 18 10:10:00 2019]	heart_web
[Mon Feb 18 10:10:00 2019]	heart_mobile
[Mon Feb 18 10:15:00 2019]	heart_web
[Mon Feb 18 10:15:00 2019]	heart_mobile
[Mon Feb 18 10:15:00 2019]	heart_web
[Mon Feb 18 10:15:00 2019]	heart_mobile
[Mon Feb 18 10:15:00 2019]	heart_web
[Mon Feb 18 10:15:00 2019]	heart_mobile
[Mon Feb 18 10:15:00 2019]	heart_web
[Mon Feb 18 10:15:00 2019]	heart_mobile
[Mon Feb 18 10:20:00 2019]	heart_web
[Mon Feb 18 10:20:00 2019]	heart_mobile
[Mon Feb 18 10:20:00 2019]	heart_web
[Mon Feb 18 10:20:00 2019]	heart_mobile
[Mon Feb 18 10:20:00 2019]	heart_web
[Mon Feb 18 10:20:00 2019]	heart_mobile
[Mon Feb 18 10:20:00 2019]	heart_web
[Mon Feb 18 10:20:01 2019]	heart_mobile
[Mon Feb 18 10:25:00 2019]	heart_web
[Mon Feb 18 10:25:00 2019]	heart_mobile
[Mon Feb 18 10:25:00 2019]	heart_web
[Mon Feb 18 10:25:00 2019]	heart_mobile
[Mon Feb 18 10:25:00 2019]	heart_web
[Mon Feb 18 10:25:00 2019]	heart_mobile
[Mon Feb 18 10:25:00 2019]	heart_web
[Mon Feb 18 10:25:00 2019]	heart_mobile
[Mon Feb 18 10:30:00 2019]	heart_web
[Mon Feb 18 10:30:00 2019]	heart_mobile
[Mon Feb 18 10:30:00 2019]	heart_web
[Mon Feb 18 10:30:00 2019]	heart_mobile
[Mon Feb 18 10:30:00 2019]	heart_web
[Mon Feb 18 10:30:00 2019]	heart_mobile
[Mon Feb 18 10:30:00 2019]	heart_web
[Mon Feb 18 10:30:00 2019]	heart_mobile
[Mon Feb 18 10:35:00 2019]	heart_web
[Mon Feb 18 10:35:00 2019]	heart_mobile
[Mon Feb 18 10:35:00 2019]	heart_web
[Mon Feb 18 10:35:00 2019]	heart_mobile
[Mon Feb 18 10:35:00 2019]	heart_web
[Mon Feb 18 10:35:00 2019]	heart_mobile
[Mon Feb 18 10:35:00 2019]	heart_web
[Mon Feb 18 10:35:00 2019]	heart_mobile
[Mon Feb 18 10:40:00 2019]	heart_web
[Mon Feb 18 10:40:00 2019]	heart_mobile
[Mon Feb 18 10:40:00 2019]	heart_web
[Mon Feb 18 10:40:00 2019]	heart_mobile
[Mon Feb 18 10:40:00 2019]	heart_web
[Mon Feb 18 10:40:00 2019]	heart_mobile
[Mon Feb 18 10:40:00 2019]	heart_web
[Mon Feb 18 10:40:00 2019]	heart_mobile
[Mon Feb 18 10:45:00 2019]	heart_web
[Mon Feb 18 10:45:00 2019]	heart_mobile
[Mon Feb 18 10:45:00 2019]	heart_web
[Mon Feb 18 10:45:00 2019]	heart_mobile
[Mon Feb 18 10:45:00 2019]	heart_web
[Mon Feb 18 10:45:00 2019]	heart_mobile
[Mon Feb 18 10:45:00 2019]	heart_web
[Mon Feb 18 10:45:01 2019]	heart_mobile
[Mon Feb 18 10:50:00 2019]	heart_web
[Mon Feb 18 10:50:00 2019]	heart_mobile
[Mon Feb 18 10:50:00 2019]	heart_web
[Mon Feb 18 10:50:00 2019]	heart_mobile
[Mon Feb 18 10:50:00 2019]	heart_web
[Mon Feb 18 10:50:00 2019]	heart_mobile
[Mon Feb 18 10:50:00 2019]	heart_web
[Mon Feb 18 10:50:00 2019]	heart_mobile
[Mon Feb 18 10:55:00 2019]	heart_web
[Mon Feb 18 10:55:00 2019]	heart_mobile
[Mon Feb 18 10:55:00 2019]	heart_web
[Mon Feb 18 10:55:00 2019]	heart_mobile
[Mon Feb 18 10:55:00 2019]	heart_web
[Mon Feb 18 10:55:00 2019]	heart_mobile
[Mon Feb 18 10:55:00 2019]	heart_web
[Mon Feb 18 10:55:00 2019]	heart_mobile
[Mon Feb 18 11:00:00 2019]	heart_web
[Mon Feb 18 11:00:00 2019]	heart_mobile
[Mon Feb 18 11:00:00 2019]	heart_web
[Mon Feb 18 11:00:00 2019]	heart_mobile
[Mon Feb 18 11:00:00 2019]	heart_web
[Mon Feb 18 11:00:00 2019]	heart_mobile
[Mon Feb 18 11:00:00 2019]	heart_web
[Mon Feb 18 11:00:00 2019]	heart_mobile
[u'43882404', u'43861163', u'43871255', u'43885390', u'43847615']
15824397397
zsj0911*
0
------------------
17367078621
weiyuxin
45
------------------
15127529708
shijizhe
231.58
------------------
13306522935
zjuZSJ0911*
0
------------------
[Mon Feb 18 11:05:00 2019]	heart_web
[Mon Feb 18 11:05:00 2019]	heart_mobile
[Mon Feb 18 11:05:00 2019]	heart_web
[Mon Feb 18 11:05:00 2019]	heart_mobile
[Mon Feb 18 11:05:00 2019]	heart_web
[Mon Feb 18 11:05:00 2019]	heart_mobile
[Mon Feb 18 11:05:01 2019]	heart_web
[Mon Feb 18 11:05:01 2019]	heart_mobile
[Mon Feb 18 11:10:00 2019]	heart_web
[Mon Feb 18 11:10:00 2019]	heart_mobile
[Mon Feb 18 11:10:00 2019]	heart_web
[Mon Feb 18 11:10:00 2019]	heart_mobile
[Mon Feb 18 11:10:00 2019]	heart_web
[Mon Feb 18 11:10:00 2019]	heart_mobile
[Mon Feb 18 11:10:00 2019]	heart_web
[Mon Feb 18 11:10:00 2019]	heart_mobile
[Mon Feb 18 11:15:00 2019]	heart_web
[Mon Feb 18 11:15:00 2019]	heart_mobile
[Mon Feb 18 11:15:00 2019]	heart_web
[Mon Feb 18 11:15:00 2019]	heart_mobile
[Mon Feb 18 11:15:00 2019]	heart_web
[Mon Feb 18 11:15:00 2019]	heart_mobile
[Mon Feb 18 11:15:00 2019]	heart_web
[Mon Feb 18 11:15:00 2019]	heart_mobile
[Mon Feb 18 11:20:00 2019]	heart_web
[Mon Feb 18 11:20:00 2019]	heart_mobile
[Mon Feb 18 11:20:00 2019]	heart_web
[Mon Feb 18 11:20:00 2019]	heart_mobile
[Mon Feb 18 11:20:00 2019]	heart_web
[Mon Feb 18 11:20:00 2019]	heart_mobile
[Mon Feb 18 11:20:01 2019]	heart_web
[Mon Feb 18 11:20:01 2019]	heart_mobile
[Mon Feb 18 11:25:00 2019]	heart_web
[Mon Feb 18 11:25:00 2019]	heart_mobile
[Mon Feb 18 11:25:00 2019]	heart_web
[Mon Feb 18 11:25:00 2019]	heart_mobile
[Mon Feb 18 11:25:00 2019]	heart_web
[Mon Feb 18 11:25:00 2019]	heart_mobile
[Mon Feb 18 11:25:00 2019]	heart_web
[Mon Feb 18 11:25:01 2019]	heart_mobile
[Mon Feb 18 11:30:00 2019]	heart_web
[Mon Feb 18 11:30:00 2019]	heart_mobile
[Mon Feb 18 11:30:00 2019]	heart_web
[Mon Feb 18 11:30:00 2019]	heart_mobile
[Mon Feb 18 11:30:00 2019]	heart_web
[Mon Feb 18 11:30:00 2019]	heart_mobile
[Mon Feb 18 11:30:00 2019]	heart_web
[Mon Feb 18 11:30:00 2019]	heart_mobile
[Mon Feb 18 11:35:00 2019]	heart_web
[Mon Feb 18 11:35:00 2019]	heart_mobile
[Mon Feb 18 11:35:00 2019]	heart_web
[Mon Feb 18 11:35:00 2019]	heart_mobile
[Mon Feb 18 11:35:00 2019]	heart_web
[Mon Feb 18 11:35:00 2019]	heart_mobile
[Mon Feb 18 11:35:00 2019]	heart_web
[Mon Feb 18 11:35:01 2019]	heart_mobile
[Mon Feb 18 11:40:00 2019]	heart_web
[Mon Feb 18 11:40:00 2019]	heart_mobile
[Mon Feb 18 11:40:00 2019]	heart_web
[Mon Feb 18 11:40:00 2019]	heart_mobile
[Mon Feb 18 11:40:00 2019]	heart_web
[Mon Feb 18 11:40:00 2019]	heart_mobile
[Mon Feb 18 11:40:00 2019]	heart_web
[Mon Feb 18 11:40:01 2019]	heart_mobile
[Mon Feb 18 11:45:00 2019]	heart_web
[Mon Feb 18 11:45:00 2019]	heart_mobile
[Mon Feb 18 11:45:00 2019]	heart_web
[Mon Feb 18 11:45:00 2019]	heart_mobile
[Mon Feb 18 11:45:00 2019]	heart_web
[Mon Feb 18 11:45:00 2019]	heart_mobile
[Mon Feb 18 11:45:01 2019]	heart_web
[Mon Feb 18 11:45:01 2019]	heart_mobile
[Mon Feb 18 11:50:00 2019]	heart_web
[Mon Feb 18 11:50:00 2019]	heart_mobile
[Mon Feb 18 11:50:00 2019]	heart_web
[Mon Feb 18 11:50:00 2019]	heart_mobile
[Mon Feb 18 11:50:00 2019]	heart_web
[Mon Feb 18 11:50:00 2019]	heart_mobile
[Mon Feb 18 11:50:00 2019]	heart_web
[Mon Feb 18 11:50:00 2019]	heart_mobile
[Mon Feb 18 11:55:00 2019]	heart_web
[Mon Feb 18 11:55:00 2019]	heart_mobile
[Mon Feb 18 11:55:00 2019]	heart_web
[Mon Feb 18 11:55:00 2019]	heart_mobile
[Mon Feb 18 11:55:00 2019]	heart_web
[Mon Feb 18 11:55:00 2019]	heart_mobile
[Mon Feb 18 11:55:00 2019]	heart_web
[Mon Feb 18 11:55:00 2019]	heart_mobile
[Mon Feb 18 12:00:00 2019]	heart_web
[Mon Feb 18 12:00:00 2019]	heart_mobile
[Mon Feb 18 12:00:00 2019]	heart_web
[Mon Feb 18 12:00:00 2019]	heart_mobile
[Mon Feb 18 12:00:00 2019]	heart_web
[Mon Feb 18 12:00:00 2019]	heart_mobile
[Mon Feb 18 12:00:00 2019]	heart_web
[Mon Feb 18 12:00:01 2019]	heart_mobile
[u'43882404', u'43924754', u'43880119', u'43871255', u'43885390']
15824397397
zsj0911*
0
------------------
17367078621
weiyuxin
45
------------------
15127529708
shijizhe
231.58
------------------
13306522935
zjuZSJ0911*
0
------------------
[Mon Feb 18 12:05:00 2019]	heart_web
[Mon Feb 18 12:05:00 2019]	heart_mobile
[Mon Feb 18 12:05:00 2019]	heart_web
[Mon Feb 18 12:05:00 2019]	heart_mobile
[Mon Feb 18 12:05:00 2019]	heart_web
[Mon Feb 18 12:05:00 2019]	heart_mobile
[Mon Feb 18 12:05:00 2019]	heart_web
[Mon Feb 18 12:05:00 2019]	heart_mobile
[Mon Feb 18 12:10:00 2019]	heart_web
[Mon Feb 18 12:10:00 2019]	heart_mobile
[Mon Feb 18 12:10:00 2019]	heart_web
[Mon Feb 18 12:10:00 2019]	heart_mobile
[Mon Feb 18 12:10:00 2019]	heart_web
[Mon Feb 18 12:10:00 2019]	heart_mobile
[Mon Feb 18 12:10:00 2019]	heart_web
[Mon Feb 18 12:10:01 2019]	heart_mobile
[Mon Feb 18 12:15:00 2019]	heart_web
[Mon Feb 18 12:15:00 2019]	heart_mobile
[Mon Feb 18 12:15:00 2019]	heart_web
[Mon Feb 18 12:15:00 2019]	heart_mobile
[Mon Feb 18 12:15:00 2019]	heart_web
[Mon Feb 18 12:15:00 2019]	heart_mobile
[Mon Feb 18 12:15:00 2019]	heart_web
[Mon Feb 18 12:15:00 2019]	heart_mobile
[Mon Feb 18 12:20:00 2019]	heart_web
[Mon Feb 18 12:20:00 2019]	heart_mobile
[Mon Feb 18 12:20:00 2019]	heart_web
[Mon Feb 18 12:20:00 2019]	heart_mobile
[Mon Feb 18 12:20:00 2019]	heart_web
[Mon Feb 18 12:20:00 2019]	heart_mobile
[Mon Feb 18 12:20:00 2019]	heart_web
[Mon Feb 18 12:20:01 2019]	heart_mobile
[Mon Feb 18 12:25:00 2019]	heart_web
[Mon Feb 18 12:25:00 2019]	heart_mobile
[Mon Feb 18 12:25:00 2019]	heart_web
[Mon Feb 18 12:25:00 2019]	heart_mobile
[Mon Feb 18 12:25:00 2019]	heart_web
[Mon Feb 18 12:25:00 2019]	heart_mobile
[Mon Feb 18 12:25:00 2019]	heart_web
[Mon Feb 18 12:25:00 2019]	heart_mobile
[Mon Feb 18 12:30:00 2019]	heart_web
[Mon Feb 18 12:30:00 2019]	heart_mobile
[Mon Feb 18 12:30:00 2019]	heart_web
[Mon Feb 18 12:30:00 2019]	heart_mobile
[Mon Feb 18 12:30:00 2019]	heart_web
[Mon Feb 18 12:30:00 2019]	heart_mobile
[Mon Feb 18 12:30:00 2019]	heart_web
[Mon Feb 18 12:30:00 2019]	heart_mobile
[Mon Feb 18 12:35:01 2019]	heart_web
[Mon Feb 18 12:35:01 2019]	heart_mobile
[Mon Feb 18 12:35:01 2019]	heart_web
[Mon Feb 18 12:35:01 2019]	heart_mobile
[Mon Feb 18 12:35:01 2019]	heart_web
[Mon Feb 18 12:35:01 2019]	heart_mobile
[Mon Feb 18 12:35:02 2019]	heart_web
[Mon Feb 18 12:35:02 2019]	heart_mobile
[Mon Feb 18 12:40:00 2019]	heart_web
[Mon Feb 18 12:40:00 2019]	heart_mobile
[Mon Feb 18 12:40:00 2019]	heart_web
[Mon Feb 18 12:40:00 2019]	heart_mobile
[Mon Feb 18 12:40:00 2019]	heart_web
[Mon Feb 18 12:40:00 2019]	heart_mobile
[Mon Feb 18 12:40:00 2019]	heart_web
[Mon Feb 18 12:40:00 2019]	heart_mobile
[Mon Feb 18 12:45:00 2019]	heart_web
[Mon Feb 18 12:45:00 2019]	heart_mobile
[Mon Feb 18 12:45:00 2019]	heart_web
[Mon Feb 18 12:45:00 2019]	heart_mobile
[Mon Feb 18 12:45:00 2019]	heart_web
[Mon Feb 18 12:45:00 2019]	heart_mobile
[Mon Feb 18 12:45:00 2019]	heart_web
[Mon Feb 18 12:45:01 2019]	heart_mobile
[Mon Feb 18 12:50:00 2019]	heart_web
[Mon Feb 18 12:50:00 2019]	heart_mobile
[Mon Feb 18 12:50:00 2019]	heart_web
[Mon Feb 18 12:50:00 2019]	heart_mobile
[Mon Feb 18 12:50:00 2019]	heart_web
[Mon Feb 18 12:50:00 2019]	heart_mobile
[Mon Feb 18 12:50:00 2019]	heart_web
[Mon Feb 18 12:50:00 2019]	heart_mobile
[Mon Feb 18 12:55:00 2019]	heart_web
[Mon Feb 18 12:55:00 2019]	heart_mobile
[Mon Feb 18 12:55:00 2019]	heart_web
[Mon Feb 18 12:55:00 2019]	heart_mobile
[Mon Feb 18 12:55:00 2019]	heart_web
[Mon Feb 18 12:55:00 2019]	heart_mobile
[Mon Feb 18 12:55:00 2019]	heart_web
[Mon Feb 18 12:55:00 2019]	heart_mobile
[Mon Feb 18 13:00:00 2019]	heart_web
[Mon Feb 18 13:00:00 2019]	heart_mobile
[Mon Feb 18 13:00:00 2019]	heart_web
[Mon Feb 18 13:00:00 2019]	heart_mobile
[Mon Feb 18 13:00:00 2019]	heart_web
[Mon Feb 18 13:00:00 2019]	heart_mobile
[Mon Feb 18 13:00:00 2019]	heart_web
[Mon Feb 18 13:00:00 2019]	heart_mobile
[u'43882404', u'43900098', u'43924754', u'43895697', u'43880119']
15824397397
zsj0911*
0
------------------
17367078621
weiyuxin
45
------------------
15127529708
shijizhe
231.58
------------------
13306522935
zjuZSJ0911*
0
------------------
[Mon Feb 18 13:05:00 2019]	heart_web
[Mon Feb 18 13:05:00 2019]	heart_mobile
[Mon Feb 18 13:05:00 2019]	heart_web
[Mon Feb 18 13:05:00 2019]	heart_mobile
[Mon Feb 18 13:05:00 2019]	heart_web
[Mon Feb 18 13:05:00 2019]	heart_mobile
[Mon Feb 18 13:05:01 2019]	heart_web
[Mon Feb 18 13:05:01 2019]	heart_mobile
[Mon Feb 18 13:10:00 2019]	heart_web
[Mon Feb 18 13:10:00 2019]	heart_mobile
[Mon Feb 18 13:10:00 2019]	heart_web
[Mon Feb 18 13:10:00 2019]	heart_mobile
[Mon Feb 18 13:10:00 2019]	heart_web
[Mon Feb 18 13:10:00 2019]	heart_mobile
[Mon Feb 18 13:10:00 2019]	heart_web
[Mon Feb 18 13:10:00 2019]	heart_mobile
[Mon Feb 18 13:15:00 2019]	heart_web
[Mon Feb 18 13:15:00 2019]	heart_mobile
[Mon Feb 18 13:15:00 2019]	heart_web
[Mon Feb 18 13:15:00 2019]	heart_mobile
[Mon Feb 18 13:15:00 2019]	heart_web
[Mon Feb 18 13:15:00 2019]	heart_mobile
[Mon Feb 18 13:15:00 2019]	heart_web
[Mon Feb 18 13:15:01 2019]	heart_mobile
[Mon Feb 18 13:20:00 2019]	heart_web
[Mon Feb 18 13:20:00 2019]	heart_mobile
[Mon Feb 18 13:20:00 2019]	heart_web
[Mon Feb 18 13:20:00 2019]	heart_mobile
[Mon Feb 18 13:20:00 2019]	heart_web
[Mon Feb 18 13:20:00 2019]	heart_mobile
[Mon Feb 18 13:20:00 2019]	heart_web
[Mon Feb 18 13:20:01 2019]	heart_mobile
[Mon Feb 18 13:25:00 2019]	heart_web
[Mon Feb 18 13:25:00 2019]	heart_mobile
[Mon Feb 18 13:25:00 2019]	heart_web
[Mon Feb 18 13:25:00 2019]	heart_mobile
[Mon Feb 18 13:25:00 2019]	heart_web
[Mon Feb 18 13:25:00 2019]	heart_mobile
[Mon Feb 18 13:25:01 2019]	heart_web
[Mon Feb 18 13:25:01 2019]	heart_mobile
[Mon Feb 18 13:30:00 2019]	heart_web
[Mon Feb 18 13:30:00 2019]	heart_mobile
[Mon Feb 18 13:30:00 2019]	heart_web
[Mon Feb 18 13:30:00 2019]	heart_mobile
[Mon Feb 18 13:30:00 2019]	heart_web
[Mon Feb 18 13:30:00 2019]	heart_mobile
[Mon Feb 18 13:30:00 2019]	heart_web
[Mon Feb 18 13:30:00 2019]	heart_mobile
[Mon Feb 18 13:35:00 2019]	heart_web
[Mon Feb 18 13:35:00 2019]	heart_mobile
[Mon Feb 18 13:35:00 2019]	heart_web
[Mon Feb 18 13:35:00 2019]	heart_mobile
[Mon Feb 18 13:35:00 2019]	heart_web
[Mon Feb 18 13:35:00 2019]	heart_mobile
[Mon Feb 18 13:35:00 2019]	heart_web
[Mon Feb 18 13:35:00 2019]	heart_mobile
[Mon Feb 18 13:40:00 2019]	heart_web
[Mon Feb 18 13:40:00 2019]	heart_mobile
[Mon Feb 18 13:40:00 2019]	heart_web
[Mon Feb 18 13:40:00 2019]	heart_mobile
[Mon Feb 18 13:40:00 2019]	heart_web
[Mon Feb 18 13:40:00 2019]	heart_mobile
[Mon Feb 18 13:40:00 2019]	heart_web
[Mon Feb 18 13:40:00 2019]	heart_mobile
[Mon Feb 18 13:45:00 2019]	heart_web
[Mon Feb 18 13:45:00 2019]	heart_mobile
[Mon Feb 18 13:45:00 2019]	heart_web
[Mon Feb 18 13:45:00 2019]	heart_mobile
[Mon Feb 18 13:45:00 2019]	heart_web
[Mon Feb 18 13:45:00 2019]	heart_mobile
[Mon Feb 18 13:45:00 2019]	heart_web
[Mon Feb 18 13:45:00 2019]	heart_mobile
[Mon Feb 18 13:50:00 2019]	heart_web
[Mon Feb 18 13:50:00 2019]	heart_mobile
[Mon Feb 18 13:50:00 2019]	heart_web
[Mon Feb 18 13:50:00 2019]	heart_mobile
[Mon Feb 18 13:50:00 2019]	heart_web
[Mon Feb 18 13:50:00 2019]	heart_mobile
[Mon Feb 18 13:50:00 2019]	heart_web
[Mon Feb 18 13:50:00 2019]	heart_mobile
[Mon Feb 18 13:55:00 2019]	heart_web
[Mon Feb 18 13:55:00 2019]	heart_mobile
[Mon Feb 18 13:55:00 2019]	heart_web
[Mon Feb 18 13:55:00 2019]	heart_mobile
[Mon Feb 18 13:55:00 2019]	heart_web
[Mon Feb 18 13:55:00 2019]	heart_mobile
[Mon Feb 18 13:55:00 2019]	heart_web
[Mon Feb 18 13:55:01 2019]	heart_mobile
[Mon Feb 18 14:00:00 2019]	heart_web
[Mon Feb 18 14:00:00 2019]	heart_mobile
[Mon Feb 18 14:00:00 2019]	heart_web
[Mon Feb 18 14:00:00 2019]	heart_mobile
[Mon Feb 18 14:00:00 2019]	heart_web
[Mon Feb 18 14:00:00 2019]	heart_mobile
[Mon Feb 18 14:00:00 2019]	heart_web
[Mon Feb 18 14:00:00 2019]	heart_mobile
[u'43882404', u'43900098', u'43924754', u'43895697', u'43880119']
15824397397
zsj0911*
0
------------------
17367078621
weiyuxin
45
------------------
15127529708
shijizhe
231.58
------------------
13306522935
zjuZSJ0911*
0
------------------
[Mon Feb 18 14:05:00 2019]	heart_web
[Mon Feb 18 14:05:00 2019]	heart_mobile
[Mon Feb 18 14:05:00 2019]	heart_web
[Mon Feb 18 14:05:00 2019]	heart_mobile
[Mon Feb 18 14:05:00 2019]	heart_web
[Mon Feb 18 14:05:00 2019]	heart_mobile
[Mon Feb 18 14:05:00 2019]	heart_web
[Mon Feb 18 14:05:00 2019]	heart_mobile
[Mon Feb 18 14:10:00 2019]	heart_web
[Mon Feb 18 14:10:00 2019]	heart_mobile
[Mon Feb 18 14:10:00 2019]	heart_web
[Mon Feb 18 14:10:00 2019]	heart_mobile
[Mon Feb 18 14:10:00 2019]	heart_web
[Mon Feb 18 14:10:00 2019]	heart_mobile
[Mon Feb 18 14:10:00 2019]	heart_web
[Mon Feb 18 14:10:00 2019]	heart_mobile
[Mon Feb 18 14:15:00 2019]	heart_web
[Mon Feb 18 14:15:00 2019]	heart_mobile
[Mon Feb 18 14:15:00 2019]	heart_web
[Mon Feb 18 14:15:00 2019]	heart_mobile
[Mon Feb 18 14:15:00 2019]	heart_web
[Mon Feb 18 14:15:00 2019]	heart_mobile
[Mon Feb 18 14:15:00 2019]	heart_web
[Mon Feb 18 14:15:00 2019]	heart_mobile
[Mon Feb 18 14:20:00 2019]	heart_web
[Mon Feb 18 14:20:00 2019]	heart_mobile
[Mon Feb 18 14:20:00 2019]	heart_web
[Mon Feb 18 14:20:00 2019]	heart_mobile
[Mon Feb 18 14:20:00 2019]	heart_web
[Mon Feb 18 14:20:00 2019]	heart_mobile
[Mon Feb 18 14:20:01 2019]	heart_web
[Mon Feb 18 14:20:01 2019]	heart_mobile
[Mon Feb 18 14:25:00 2019]	heart_web
[Mon Feb 18 14:25:00 2019]	heart_mobile
[Mon Feb 18 14:25:00 2019]	heart_web
[Mon Feb 18 14:25:00 2019]	heart_mobile
[Mon Feb 18 14:25:00 2019]	heart_web
[Mon Feb 18 14:25:00 2019]	heart_mobile
[Mon Feb 18 14:25:00 2019]	heart_web
[Mon Feb 18 14:25:00 2019]	heart_mobile
[Mon Feb 18 14:30:00 2019]	heart_web
[Mon Feb 18 14:30:00 2019]	heart_mobile
[Mon Feb 18 14:30:00 2019]	heart_web
[Mon Feb 18 14:30:00 2019]	heart_mobile
[Mon Feb 18 14:30:00 2019]	heart_web
[Mon Feb 18 14:30:00 2019]	heart_mobile
[Mon Feb 18 14:30:00 2019]	heart_web
[Mon Feb 18 14:30:00 2019]	heart_mobile
[Mon Feb 18 14:35:00 2019]	heart_web
[Mon Feb 18 14:35:00 2019]	heart_mobile
[Mon Feb 18 14:35:00 2019]	heart_web
[Mon Feb 18 14:35:00 2019]	heart_mobile
[Mon Feb 18 14:35:00 2019]	heart_web
[Mon Feb 18 14:35:00 2019]	heart_mobile
[Mon Feb 18 14:35:00 2019]	heart_web
[Mon Feb 18 14:35:00 2019]	heart_mobile
[Mon Feb 18 14:40:00 2019]	heart_web
[Mon Feb 18 14:40:00 2019]	heart_mobile
[Mon Feb 18 14:40:00 2019]	heart_web
[Mon Feb 18 14:40:00 2019]	heart_mobile
[Mon Feb 18 14:40:00 2019]	heart_web
[Mon Feb 18 14:40:00 2019]	heart_mobile
[Mon Feb 18 14:40:00 2019]	heart_web
[Mon Feb 18 14:40:00 2019]	heart_mobile
[Mon Feb 18 14:45:00 2019]	heart_web
[Mon Feb 18 14:45:00 2019]	heart_mobile
[Mon Feb 18 14:45:00 2019]	heart_web
[Mon Feb 18 14:45:00 2019]	heart_mobile
[Mon Feb 18 14:45:00 2019]	heart_web
[Mon Feb 18 14:45:00 2019]	heart_mobile
[Mon Feb 18 14:45:01 2019]	heart_web
[Mon Feb 18 14:45:01 2019]	heart_mobile
[Mon Feb 18 14:50:00 2019]	heart_web
[Mon Feb 18 14:50:00 2019]	heart_mobile
[Mon Feb 18 14:50:00 2019]	heart_web
[Mon Feb 18 14:50:00 2019]	heart_mobile
[Mon Feb 18 14:50:00 2019]	heart_web
[Mon Feb 18 14:50:00 2019]	heart_mobile
[Mon Feb 18 14:50:00 2019]	heart_web
[Mon Feb 18 14:50:00 2019]	heart_mobile
[Mon Feb 18 14:55:00 2019]	heart_web
[Mon Feb 18 14:55:00 2019]	heart_mobile
[Mon Feb 18 14:55:00 2019]	heart_web
[Mon Feb 18 14:55:00 2019]	heart_mobile
[Mon Feb 18 14:55:00 2019]	heart_web
[Mon Feb 18 14:55:00 2019]	heart_mobile
[Mon Feb 18 14:55:00 2019]	heart_web
[Mon Feb 18 14:55:00 2019]	heart_mobile
[Mon Feb 18 15:00:00 2019]	heart_web
[Mon Feb 18 15:00:00 2019]	heart_mobile
[Mon Feb 18 15:00:00 2019]	heart_web
[Mon Feb 18 15:00:00 2019]	heart_mobile
[Mon Feb 18 15:00:00 2019]	heart_web
[Mon Feb 18 15:00:00 2019]	heart_mobile
[Mon Feb 18 15:00:00 2019]	heart_web
[Mon Feb 18 15:00:00 2019]	heart_mobile
[u'43882404', u'43900098', u'43924754', u'43895697', u'43880119']
15824397397
zsj0911*
0
------------------
17367078621
weiyuxin
45
------------------
15127529708
shijizhe
231.58
------------------
13306522935
zjuZSJ0911*
0
------------------
[Mon Feb 18 15:05:00 2019]	heart_web
[Mon Feb 18 15:05:00 2019]	heart_mobile
[Mon Feb 18 15:05:00 2019]	heart_web
[Mon Feb 18 15:05:00 2019]	heart_mobile
[Mon Feb 18 15:05:00 2019]	heart_web
[Mon Feb 18 15:05:00 2019]	heart_mobile
[Mon Feb 18 15:05:00 2019]	heart_web
[Mon Feb 18 15:05:00 2019]	heart_mobile
[Mon Feb 18 15:10:00 2019]	heart_web
[Mon Feb 18 15:10:00 2019]	heart_mobile
[Mon Feb 18 15:10:00 2019]	heart_web
[Mon Feb 18 15:10:00 2019]	heart_mobile
[Mon Feb 18 15:10:00 2019]	heart_web
[Mon Feb 18 15:10:00 2019]	heart_mobile
[Mon Feb 18 15:10:00 2019]	heart_web
[Mon Feb 18 15:10:01 2019]	heart_mobile
[Mon Feb 18 15:15:00 2019]	heart_web
[Mon Feb 18 15:15:00 2019]	heart_mobile
[Mon Feb 18 15:15:00 2019]	heart_web
[Mon Feb 18 15:15:00 2019]	heart_mobile
[Mon Feb 18 15:15:00 2019]	heart_web
[Mon Feb 18 15:15:00 2019]	heart_mobile
[Mon Feb 18 15:15:00 2019]	heart_web
[Mon Feb 18 15:15:00 2019]	heart_mobile
[Mon Feb 18 15:20:00 2019]	heart_web
[Mon Feb 18 15:20:00 2019]	heart_mobile
[Mon Feb 18 15:20:00 2019]	heart_web
[Mon Feb 18 15:20:00 2019]	heart_mobile
[Mon Feb 18 15:20:00 2019]	heart_web
[Mon Feb 18 15:20:00 2019]	heart_mobile
[Mon Feb 18 15:20:00 2019]	heart_web
[Mon Feb 18 15:20:00 2019]	heart_mobile
[Mon Feb 18 15:25:00 2019]	heart_web
[Mon Feb 18 15:25:00 2019]	heart_mobile
[Mon Feb 18 15:25:00 2019]	heart_web
[Mon Feb 18 15:25:00 2019]	heart_mobile
[Mon Feb 18 15:25:00 2019]	heart_web
[Mon Feb 18 15:25:00 2019]	heart_mobile
[Mon Feb 18 15:25:00 2019]	heart_web
[Mon Feb 18 15:25:00 2019]	heart_mobile
[Mon Feb 18 15:30:00 2019]	heart_web
[Mon Feb 18 15:30:00 2019]	heart_mobile
[Mon Feb 18 15:30:00 2019]	heart_web
[Mon Feb 18 15:30:00 2019]	heart_mobile
[Mon Feb 18 15:30:00 2019]	heart_web
[Mon Feb 18 15:30:00 2019]	heart_mobile
[Mon Feb 18 15:30:00 2019]	heart_web
[Mon Feb 18 15:30:01 2019]	heart_mobile
[Mon Feb 18 15:35:00 2019]	heart_web
[Mon Feb 18 15:35:00 2019]	heart_mobile
[Mon Feb 18 15:35:00 2019]	heart_web
[Mon Feb 18 15:35:00 2019]	heart_mobile
[Mon Feb 18 15:35:00 2019]	heart_web
[Mon Feb 18 15:35:00 2019]	heart_mobile
[Mon Feb 18 15:35:00 2019]	heart_web
[Mon Feb 18 15:35:00 2019]	heart_mobile
[Mon Feb 18 15:40:00 2019]	heart_web
[Mon Feb 18 15:40:00 2019]	heart_mobile
[Mon Feb 18 15:40:00 2019]	heart_web
[Mon Feb 18 15:40:00 2019]	heart_mobile
[Mon Feb 18 15:40:00 2019]	heart_web
[Mon Feb 18 15:40:00 2019]	heart_mobile
[Mon Feb 18 15:40:00 2019]	heart_web
[Mon Feb 18 15:40:00 2019]	heart_mobile
[Mon Feb 18 15:45:00 2019]	heart_web
[Mon Feb 18 15:45:00 2019]	heart_mobile
[Mon Feb 18 15:45:00 2019]	heart_web
[Mon Feb 18 15:45:00 2019]	heart_mobile
[Mon Feb 18 15:45:00 2019]	heart_web
[Mon Feb 18 15:45:00 2019]	heart_mobile
[Mon Feb 18 15:45:00 2019]	heart_web
[Mon Feb 18 15:45:00 2019]	heart_mobile
[Mon Feb 18 15:50:00 2019]	heart_web
[Mon Feb 18 15:50:00 2019]	heart_mobile
[Mon Feb 18 15:50:00 2019]	heart_web
[Mon Feb 18 15:50:00 2019]	heart_mobile
[Mon Feb 18 15:50:00 2019]	heart_web
[Mon Feb 18 15:50:00 2019]	heart_mobile
[Mon Feb 18 15:50:00 2019]	heart_web
[Mon Feb 18 15:50:00 2019]	heart_mobile
[Mon Feb 18 15:55:00 2019]	heart_web
[Mon Feb 18 15:55:00 2019]	heart_mobile
[Mon Feb 18 15:55:00 2019]	heart_web
[Mon Feb 18 15:55:00 2019]	heart_mobile
[Mon Feb 18 15:55:00 2019]	heart_web
[Mon Feb 18 15:55:00 2019]	heart_mobile
[Mon Feb 18 15:55:00 2019]	heart_web
[Mon Feb 18 15:55:00 2019]	heart_mobile
[Mon Feb 18 16:00:00 2019]	heart_web
[Mon Feb 18 16:00:00 2019]	heart_mobile
[Mon Feb 18 16:00:00 2019]	heart_web
[Mon Feb 18 16:00:00 2019]	heart_mobile
[Mon Feb 18 16:00:00 2019]	heart_web
[Mon Feb 18 16:00:00 2019]	heart_mobile
[Mon Feb 18 16:00:00 2019]	heart_web
[Mon Feb 18 16:00:01 2019]	heart_mobile
[u'43882404', u'43900098', u'43924754', u'43895697', u'43880119']
15824397397
zsj0911*
0
------------------
17367078621
weiyuxin
45
------------------
15127529708
shijizhe
231.58
------------------
13306522935
zjuZSJ0911*
0
------------------
[Mon Feb 18 16:05:00 2019]	heart_web
[Mon Feb 18 16:05:00 2019]	heart_mobile
[Mon Feb 18 16:05:00 2019]	heart_web
[Mon Feb 18 16:05:00 2019]	heart_mobile
[Mon Feb 18 16:05:00 2019]	heart_web
[Mon Feb 18 16:05:00 2019]	heart_mobile
[Mon Feb 18 16:05:00 2019]	heart_web
[Mon Feb 18 16:05:00 2019]	heart_mobile
[Mon Feb 18 16:10:00 2019]	heart_web
[Mon Feb 18 16:10:00 2019]	heart_mobile
[Mon Feb 18 16:10:00 2019]	heart_web
[Mon Feb 18 16:10:00 2019]	heart_mobile
[Mon Feb 18 16:10:00 2019]	heart_web
[Mon Feb 18 16:10:00 2019]	heart_mobile
[Mon Feb 18 16:10:00 2019]	heart_web
[Mon Feb 18 16:10:00 2019]	heart_mobile
[Mon Feb 18 16:15:00 2019]	heart_web
[Mon Feb 18 16:15:00 2019]	heart_mobile
[Mon Feb 18 16:15:00 2019]	heart_web
[Mon Feb 18 16:15:00 2019]	heart_mobile
[Mon Feb 18 16:15:00 2019]	heart_web
[Mon Feb 18 16:15:00 2019]	heart_mobile
[Mon Feb 18 16:15:00 2019]	heart_web
[Mon Feb 18 16:15:00 2019]	heart_mobile
[Mon Feb 18 16:20:00 2019]	heart_web
[Mon Feb 18 16:20:00 2019]	heart_mobile
[Mon Feb 18 16:20:00 2019]	heart_web
[Mon Feb 18 16:20:00 2019]	heart_mobile
[Mon Feb 18 16:20:00 2019]	heart_web
[Mon Feb 18 16:20:00 2019]	heart_mobile
[Mon Feb 18 16:20:00 2019]	heart_web
[Mon Feb 18 16:20:00 2019]	heart_mobile
[Mon Feb 18 16:25:00 2019]	heart_web
[Mon Feb 18 16:25:00 2019]	heart_mobile
[Mon Feb 18 16:25:00 2019]	heart_web
[Mon Feb 18 16:25:00 2019]	heart_mobile
[Mon Feb 18 16:25:00 2019]	heart_web
[Mon Feb 18 16:25:00 2019]	heart_mobile
[Mon Feb 18 16:25:01 2019]	heart_web
[Mon Feb 18 16:25:01 2019]	heart_mobile
[Mon Feb 18 16:30:00 2019]	heart_web
[Mon Feb 18 16:30:00 2019]	heart_mobile
[Mon Feb 18 16:30:00 2019]	heart_web
[Mon Feb 18 16:30:00 2019]	heart_mobile
[Mon Feb 18 16:30:00 2019]	heart_web
[Mon Feb 18 16:30:00 2019]	heart_mobile
[Mon Feb 18 16:30:00 2019]	heart_web
[Mon Feb 18 16:30:01 2019]	heart_mobile
[Mon Feb 18 16:35:00 2019]	heart_web
[Mon Feb 18 16:35:00 2019]	heart_mobile
[Mon Feb 18 16:35:00 2019]	heart_web
[Mon Feb 18 16:35:00 2019]	heart_mobile
[Mon Feb 18 16:35:00 2019]	heart_web
[Mon Feb 18 16:35:00 2019]	heart_mobile
[Mon Feb 18 16:35:01 2019]	heart_web
[Mon Feb 18 16:35:01 2019]	heart_mobile
[Mon Feb 18 16:40:00 2019]	heart_web
[Mon Feb 18 16:40:00 2019]	heart_mobile
[Mon Feb 18 16:40:00 2019]	heart_web
[Mon Feb 18 16:40:00 2019]	heart_mobile
[Mon Feb 18 16:40:00 2019]	heart_web
[Mon Feb 18 16:40:00 2019]	heart_mobile
[Mon Feb 18 16:40:00 2019]	heart_web
[Mon Feb 18 16:40:00 2019]	heart_mobile
[Mon Feb 18 16:45:00 2019]	heart_web
[Mon Feb 18 16:45:00 2019]	heart_mobile
[Mon Feb 18 16:45:00 2019]	heart_web
[Mon Feb 18 16:45:00 2019]	heart_mobile
[Mon Feb 18 16:45:00 2019]	heart_web
[Mon Feb 18 16:45:00 2019]	heart_mobile
[Mon Feb 18 16:45:00 2019]	heart_web
[Mon Feb 18 16:45:00 2019]	heart_mobile
[Mon Feb 18 16:50:00 2019]	heart_web
[Mon Feb 18 16:50:00 2019]	heart_mobile
[Mon Feb 18 16:50:00 2019]	heart_web
[Mon Feb 18 16:50:00 2019]	heart_mobile
[Mon Feb 18 16:50:00 2019]	heart_web
[Mon Feb 18 16:50:00 2019]	heart_mobile
[Mon Feb 18 16:50:00 2019]	heart_web
[Mon Feb 18 16:50:00 2019]	heart_mobile
[Mon Feb 18 16:55:00 2019]	heart_web
[Mon Feb 18 16:55:00 2019]	heart_mobile
[Mon Feb 18 16:55:00 2019]	heart_web
[Mon Feb 18 16:55:00 2019]	heart_mobile
[Mon Feb 18 16:55:01 2019]	heart_web
[Mon Feb 18 16:55:01 2019]	heart_mobile
[Mon Feb 18 16:55:01 2019]	heart_web
[Mon Feb 18 16:55:01 2019]	heart_mobile
[Mon Feb 18 17:00:00 2019]	heart_web
[Mon Feb 18 17:00:00 2019]	heart_mobile
[Mon Feb 18 17:00:00 2019]	heart_web
[Mon Feb 18 17:00:00 2019]	heart_mobile
[Mon Feb 18 17:00:00 2019]	heart_web
[Mon Feb 18 17:00:00 2019]	heart_mobile
[Mon Feb 18 17:00:00 2019]	heart_web
[Mon Feb 18 17:00:00 2019]	heart_mobile
[u'43882404', u'43900098', u'43924754', u'43895697', u'43880119']
15824397397
zsj0911*
0
------------------
17367078621
weiyuxin
45
------------------
15127529708
shijizhe
231.58
------------------
13306522935
zjuZSJ0911*
0
------------------
[Mon Feb 18 17:05:00 2019]	heart_web
[Mon Feb 18 17:05:00 2019]	heart_mobile
[Mon Feb 18 17:05:00 2019]	heart_web
[Mon Feb 18 17:05:00 2019]	heart_mobile
[Mon Feb 18 17:05:00 2019]	heart_web
[Mon Feb 18 17:05:00 2019]	heart_mobile
[Mon Feb 18 17:05:00 2019]	heart_web
[Mon Feb 18 17:05:00 2019]	heart_mobile
[Mon Feb 18 17:10:00 2019]	heart_web
[Mon Feb 18 17:10:00 2019]	heart_mobile
[Mon Feb 18 17:10:00 2019]	heart_web
[Mon Feb 18 17:10:00 2019]	heart_mobile
[Mon Feb 18 17:10:00 2019]	heart_web
[Mon Feb 18 17:10:00 2019]	heart_mobile
[Mon Feb 18 17:10:00 2019]	heart_web
[Mon Feb 18 17:10:00 2019]	heart_mobile
[Mon Feb 18 17:15:00 2019]	heart_web
[Mon Feb 18 17:15:00 2019]	heart_mobile
[Mon Feb 18 17:15:00 2019]	heart_web
[Mon Feb 18 17:15:00 2019]	heart_mobile
[Mon Feb 18 17:15:00 2019]	heart_web
[Mon Feb 18 17:15:00 2019]	heart_mobile
[Mon Feb 18 17:15:00 2019]	heart_web
[Mon Feb 18 17:15:00 2019]	heart_mobile
[Mon Feb 18 17:20:00 2019]	heart_web
[Mon Feb 18 17:20:00 2019]	heart_mobile
[Mon Feb 18 17:20:00 2019]	heart_web
[Mon Feb 18 17:20:00 2019]	heart_mobile
[Mon Feb 18 17:20:00 2019]	heart_web
[Mon Feb 18 17:20:00 2019]	heart_mobile
[Mon Feb 18 17:20:00 2019]	heart_web
[Mon Feb 18 17:20:00 2019]	heart_mobile
[Mon Feb 18 17:25:00 2019]	heart_web
[Mon Feb 18 17:25:00 2019]	heart_mobile
[Mon Feb 18 17:25:00 2019]	heart_web
[Mon Feb 18 17:25:00 2019]	heart_mobile
[Mon Feb 18 17:25:00 2019]	heart_web
[Mon Feb 18 17:25:00 2019]	heart_mobile
[Mon Feb 18 17:25:00 2019]	heart_web
[Mon Feb 18 17:25:00 2019]	heart_mobile
[Mon Feb 18 17:30:00 2019]	heart_web
[Mon Feb 18 17:30:00 2019]	heart_mobile
[Mon Feb 18 17:30:00 2019]	heart_web
[Mon Feb 18 17:30:00 2019]	heart_mobile
[Mon Feb 18 17:30:00 2019]	heart_web
[Mon Feb 18 17:30:00 2019]	heart_mobile
[Mon Feb 18 17:30:00 2019]	heart_web
[Mon Feb 18 17:30:00 2019]	heart_mobile
[Mon Feb 18 17:35:00 2019]	heart_web
[Mon Feb 18 17:35:00 2019]	heart_mobile
[Mon Feb 18 17:35:00 2019]	heart_web
[Mon Feb 18 17:35:00 2019]	heart_mobile
[Mon Feb 18 17:35:00 2019]	heart_web
[Mon Feb 18 17:35:00 2019]	heart_mobile
[Mon Feb 18 17:35:01 2019]	heart_web
[Mon Feb 18 17:35:01 2019]	heart_mobile
[Mon Feb 18 17:40:00 2019]	heart_web
[Mon Feb 18 17:40:00 2019]	heart_mobile
[Mon Feb 18 17:40:00 2019]	heart_web
[Mon Feb 18 17:40:00 2019]	heart_mobile
[Mon Feb 18 17:40:00 2019]	heart_web
[Mon Feb 18 17:40:00 2019]	heart_mobile
[Mon Feb 18 17:40:00 2019]	heart_web
[Mon Feb 18 17:40:01 2019]	heart_mobile
[Mon Feb 18 17:45:00 2019]	heart_web
[Mon Feb 18 17:45:00 2019]	heart_mobile
[Mon Feb 18 17:45:00 2019]	heart_web
[Mon Feb 18 17:45:00 2019]	heart_mobile
[Mon Feb 18 17:45:00 2019]	heart_web
[Mon Feb 18 17:45:00 2019]	heart_mobile
[Mon Feb 18 17:45:00 2019]	heart_web
[Mon Feb 18 17:45:00 2019]	heart_mobile
[Mon Feb 18 17:50:00 2019]	heart_web
[Mon Feb 18 17:50:00 2019]	heart_mobile
[Mon Feb 18 17:50:00 2019]	heart_web
[Mon Feb 18 17:50:00 2019]	heart_mobile
[Mon Feb 18 17:50:00 2019]	heart_web
[Mon Feb 18 17:50:00 2019]	heart_mobile
[Mon Feb 18 17:50:00 2019]	heart_web
[Mon Feb 18 17:50:00 2019]	heart_mobile
[Mon Feb 18 17:55:00 2019]	heart_web
[Mon Feb 18 17:55:00 2019]	heart_mobile
[Mon Feb 18 17:55:00 2019]	heart_web
[Mon Feb 18 17:55:00 2019]	heart_mobile
[Mon Feb 18 17:55:00 2019]	heart_web
[Mon Feb 18 17:55:00 2019]	heart_mobile
[Mon Feb 18 17:55:00 2019]	heart_web
[Mon Feb 18 17:55:00 2019]	heart_mobile
[Mon Feb 18 18:00:00 2019]	heart_web
[Mon Feb 18 18:00:00 2019]	heart_mobile
[Mon Feb 18 18:00:00 2019]	heart_web
[Mon Feb 18 18:00:00 2019]	heart_mobile
[Mon Feb 18 18:00:00 2019]	heart_web
[Mon Feb 18 18:00:00 2019]	heart_mobile
[Mon Feb 18 18:00:00 2019]	heart_web
[Mon Feb 18 18:00:00 2019]	heart_mobile
[u'43882404', u'43900098', u'43924754', u'43895697', u'43880119']
15824397397
zsj0911*
0
------------------
17367078621
weiyuxin
45
------------------
15127529708
shijizhe
231.58
------------------
13306522935
zjuZSJ0911*
0
------------------
[Mon Feb 18 18:05:00 2019]	heart_web
[Mon Feb 18 18:05:00 2019]	heart_mobile
[Mon Feb 18 18:05:00 2019]	heart_web
[Mon Feb 18 18:05:00 2019]	heart_mobile
[Mon Feb 18 18:05:00 2019]	heart_web
[Mon Feb 18 18:05:00 2019]	heart_mobile
[Mon Feb 18 18:05:00 2019]	heart_web
[Mon Feb 18 18:05:00 2019]	heart_mobile
[Mon Feb 18 18:10:00 2019]	heart_web
[Mon Feb 18 18:10:00 2019]	heart_mobile
[Mon Feb 18 18:10:00 2019]	heart_web
[Mon Feb 18 18:10:00 2019]	heart_mobile
[Mon Feb 18 18:10:00 2019]	heart_web
[Mon Feb 18 18:10:00 2019]	heart_mobile
[Mon Feb 18 18:10:00 2019]	heart_web
[Mon Feb 18 18:10:01 2019]	heart_mobile
[Mon Feb 18 18:15:00 2019]	heart_web
[Mon Feb 18 18:15:00 2019]	heart_mobile
[Mon Feb 18 18:15:00 2019]	heart_web
[Mon Feb 18 18:15:00 2019]	heart_mobile
[Mon Feb 18 18:15:00 2019]	heart_web
[Mon Feb 18 18:15:00 2019]	heart_mobile
[Mon Feb 18 18:15:00 2019]	heart_web
[Mon Feb 18 18:15:01 2019]	heart_mobile
[Mon Feb 18 18:20:00 2019]	heart_web
[Mon Feb 18 18:20:00 2019]	heart_mobile
[Mon Feb 18 18:20:00 2019]	heart_web
[Mon Feb 18 18:20:00 2019]	heart_mobile
[Mon Feb 18 18:20:00 2019]	heart_web
[Mon Feb 18 18:20:00 2019]	heart_mobile
[Mon Feb 18 18:20:00 2019]	heart_web
[Mon Feb 18 18:20:01 2019]	heart_mobile
[Mon Feb 18 18:25:00 2019]	heart_web
[Mon Feb 18 18:25:00 2019]	heart_mobile
[Mon Feb 18 18:25:00 2019]	heart_web
[Mon Feb 18 18:25:00 2019]	heart_mobile
[Mon Feb 18 18:25:00 2019]	heart_web
[Mon Feb 18 18:25:00 2019]	heart_mobile
[Mon Feb 18 18:25:00 2019]	heart_web
[Mon Feb 18 18:25:00 2019]	heart_mobile
[Mon Feb 18 18:30:00 2019]	heart_web
[Mon Feb 18 18:30:00 2019]	heart_mobile
[Mon Feb 18 18:30:00 2019]	heart_web
[Mon Feb 18 18:30:00 2019]	heart_mobile
[Mon Feb 18 18:30:00 2019]	heart_web
[Mon Feb 18 18:30:00 2019]	heart_mobile
[Mon Feb 18 18:30:00 2019]	heart_web
[Mon Feb 18 18:30:00 2019]	heart_mobile
[Mon Feb 18 18:35:00 2019]	heart_web
[Mon Feb 18 18:35:00 2019]	heart_mobile
[Mon Feb 18 18:35:00 2019]	heart_web
[Mon Feb 18 18:35:00 2019]	heart_mobile
[Mon Feb 18 18:35:00 2019]	heart_web
[Mon Feb 18 18:35:00 2019]	heart_mobile
[Mon Feb 18 18:35:00 2019]	heart_web
[Mon Feb 18 18:35:00 2019]	heart_mobile
[Mon Feb 18 18:40:00 2019]	heart_web
[Mon Feb 18 18:40:00 2019]	heart_mobile
[Mon Feb 18 18:40:00 2019]	heart_web
[Mon Feb 18 18:40:00 2019]	heart_mobile
[Mon Feb 18 18:40:00 2019]	heart_web
[Mon Feb 18 18:40:00 2019]	heart_mobile
[Mon Feb 18 18:40:00 2019]	heart_web
[Mon Feb 18 18:40:00 2019]	heart_mobile
[Mon Feb 18 18:45:00 2019]	heart_web
[Mon Feb 18 18:45:00 2019]	heart_mobile
[Mon Feb 18 18:45:00 2019]	heart_web
[Mon Feb 18 18:45:00 2019]	heart_mobile
[Mon Feb 18 18:45:00 2019]	heart_web
[Mon Feb 18 18:45:00 2019]	heart_mobile
[Mon Feb 18 18:45:00 2019]	heart_web
[Mon Feb 18 18:45:00 2019]	heart_mobile
[Mon Feb 18 18:50:00 2019]	heart_web
[Mon Feb 18 18:50:00 2019]	heart_mobile
[Mon Feb 18 18:50:00 2019]	heart_web
[Mon Feb 18 18:50:00 2019]	heart_mobile
[Mon Feb 18 18:50:00 2019]	heart_web
[Mon Feb 18 18:50:00 2019]	heart_mobile
[Mon Feb 18 18:50:00 2019]	heart_web
[Mon Feb 18 18:50:00 2019]	heart_mobile
[Mon Feb 18 18:55:00 2019]	heart_web
[Mon Feb 18 18:55:00 2019]	heart_mobile
[Mon Feb 18 18:55:00 2019]	heart_web
[Mon Feb 18 18:55:00 2019]	heart_mobile
[Mon Feb 18 18:55:00 2019]	heart_web
[Mon Feb 18 18:55:00 2019]	heart_mobile
[Mon Feb 18 18:55:00 2019]	heart_web
[Mon Feb 18 18:55:00 2019]	heart_mobile
[Mon Feb 18 19:00:00 2019]	heart_web
[Mon Feb 18 19:00:00 2019]	heart_mobile
[Mon Feb 18 19:00:00 2019]	heart_web
[Mon Feb 18 19:00:00 2019]	heart_mobile
[Mon Feb 18 19:00:00 2019]	heart_web
[Mon Feb 18 19:00:00 2019]	heart_mobile
[Mon Feb 18 19:00:00 2019]	heart_web
[Mon Feb 18 19:00:00 2019]	heart_mobile
[u'43882404', u'43900098', u'43924754', u'43895697', u'43880119']
15824397397
zsj0911*
0
------------------
17367078621
weiyuxin
45
------------------
15127529708
shijizhe
231.58
------------------
13306522935
zjuZSJ0911*
0
------------------
[Mon Feb 18 19:05:00 2019]	heart_web
[Mon Feb 18 19:05:00 2019]	heart_mobile
[Mon Feb 18 19:05:00 2019]	heart_web
[Mon Feb 18 19:05:00 2019]	heart_mobile
[Mon Feb 18 19:05:00 2019]	heart_web
[Mon Feb 18 19:05:00 2019]	heart_mobile
[Mon Feb 18 19:05:00 2019]	heart_web
[Mon Feb 18 19:05:00 2019]	heart_mobile
[Mon Feb 18 19:10:00 2019]	heart_web
[Mon Feb 18 19:10:00 2019]	heart_mobile
[Mon Feb 18 19:10:00 2019]	heart_web
[Mon Feb 18 19:10:00 2019]	heart_mobile
[Mon Feb 18 19:10:00 2019]	heart_web
[Mon Feb 18 19:10:00 2019]	heart_mobile
[Mon Feb 18 19:10:01 2019]	heart_web
[Mon Feb 18 19:10:01 2019]	heart_mobile
[Mon Feb 18 19:15:00 2019]	heart_web
[Mon Feb 18 19:15:00 2019]	heart_mobile
[Mon Feb 18 19:15:00 2019]	heart_web
[Mon Feb 18 19:15:00 2019]	heart_mobile
[Mon Feb 18 19:15:00 2019]	heart_web
[Mon Feb 18 19:15:00 2019]	heart_mobile
[Mon Feb 18 19:15:00 2019]	heart_web
[Mon Feb 18 19:15:00 2019]	heart_mobile
[Mon Feb 18 19:20:00 2019]	heart_web
[Mon Feb 18 19:20:00 2019]	heart_mobile
[Mon Feb 18 19:20:00 2019]	heart_web
[Mon Feb 18 19:20:00 2019]	heart_mobile
[Mon Feb 18 19:20:00 2019]	heart_web
[Mon Feb 18 19:20:00 2019]	heart_mobile
[Mon Feb 18 19:20:00 2019]	heart_web
[Mon Feb 18 19:20:00 2019]	heart_mobile
[Mon Feb 18 19:25:00 2019]	heart_web
[Mon Feb 18 19:25:00 2019]	heart_mobile
[Mon Feb 18 19:25:00 2019]	heart_web
[Mon Feb 18 19:25:00 2019]	heart_mobile
[Mon Feb 18 19:25:00 2019]	heart_web
[Mon Feb 18 19:25:00 2019]	heart_mobile
[Mon Feb 18 19:25:00 2019]	heart_web
[Mon Feb 18 19:25:00 2019]	heart_mobile
[Mon Feb 18 19:30:00 2019]	heart_web
[Mon Feb 18 19:30:00 2019]	heart_mobile
[Mon Feb 18 19:30:00 2019]	heart_web
[Mon Feb 18 19:30:00 2019]	heart_mobile
[Mon Feb 18 19:30:00 2019]	heart_web
[Mon Feb 18 19:30:00 2019]	heart_mobile
[Mon Feb 18 19:30:01 2019]	heart_web
[Mon Feb 18 19:30:01 2019]	heart_mobile
[Mon Feb 18 19:35:00 2019]	heart_web
[Mon Feb 18 19:35:00 2019]	heart_mobile
[Mon Feb 18 19:35:00 2019]	heart_web
[Mon Feb 18 19:35:00 2019]	heart_mobile
[Mon Feb 18 19:35:00 2019]	heart_web
[Mon Feb 18 19:35:00 2019]	heart_mobile
[Mon Feb 18 19:35:01 2019]	heart_web
[Mon Feb 18 19:35:01 2019]	heart_mobile
[Mon Feb 18 19:40:00 2019]	heart_web
[Mon Feb 18 19:40:00 2019]	heart_mobile
[Mon Feb 18 19:40:00 2019]	heart_web
[Mon Feb 18 19:40:00 2019]	heart_mobile
[Mon Feb 18 19:40:00 2019]	heart_web
[Mon Feb 18 19:40:00 2019]	heart_mobile
[Mon Feb 18 19:40:00 2019]	heart_web
[Mon Feb 18 19:40:00 2019]	heart_mobile
[Mon Feb 18 19:45:00 2019]	heart_web
[Mon Feb 18 19:45:00 2019]	heart_mobile
[Mon Feb 18 19:45:00 2019]	heart_web
[Mon Feb 18 19:45:00 2019]	heart_mobile
[Mon Feb 18 19:45:00 2019]	heart_web
[Mon Feb 18 19:45:00 2019]	heart_mobile
[Mon Feb 18 19:45:00 2019]	heart_web
[Mon Feb 18 19:45:00 2019]	heart_mobile
[Mon Feb 18 19:50:00 2019]	heart_web
[Mon Feb 18 19:50:00 2019]	heart_mobile
[Mon Feb 18 19:50:00 2019]	heart_web
[Mon Feb 18 19:50:00 2019]	heart_mobile
[Mon Feb 18 19:50:00 2019]	heart_web
[Mon Feb 18 19:50:00 2019]	heart_mobile
[Mon Feb 18 19:50:00 2019]	heart_web
[Mon Feb 18 19:50:00 2019]	heart_mobile
[Mon Feb 18 19:55:00 2019]	heart_web
[Mon Feb 18 19:55:00 2019]	heart_mobile
[Mon Feb 18 19:55:00 2019]	heart_web
[Mon Feb 18 19:55:00 2019]	heart_mobile
[Mon Feb 18 19:55:00 2019]	heart_web
[Mon Feb 18 19:55:00 2019]	heart_mobile
[Mon Feb 18 19:55:00 2019]	heart_web
[Mon Feb 18 19:55:01 2019]	heart_mobile
[Mon Feb 18 20:00:00 2019]	heart_web
[Mon Feb 18 20:00:00 2019]	heart_mobile
[Mon Feb 18 20:00:00 2019]	heart_web
[Mon Feb 18 20:00:00 2019]	heart_mobile
[Mon Feb 18 20:00:00 2019]	heart_web
[Mon Feb 18 20:00:00 2019]	heart_mobile
[Mon Feb 18 20:00:00 2019]	heart_web
[Mon Feb 18 20:00:00 2019]	heart_mobile
[u'43937308', u'43900098', u'43924754', u'43895697', u'43885390']
15824397397
zsj0911*
0
------------------
17367078621
weiyuxin
45
------------------
15127529708
shijizhe
231.58
------------------
13306522935
zjuZSJ0911*
0
------------------
[Mon Feb 18 20:05:00 2019]	heart_web
[Mon Feb 18 20:05:00 2019]	heart_mobile
[Mon Feb 18 20:05:00 2019]	heart_web
[Mon Feb 18 20:05:00 2019]	heart_mobile
[Mon Feb 18 20:05:00 2019]	heart_web
[Mon Feb 18 20:05:00 2019]	heart_mobile
[Mon Feb 18 20:05:00 2019]	heart_web
[Mon Feb 18 20:05:01 2019]	heart_mobile
[Mon Feb 18 20:10:00 2019]	heart_web
[Mon Feb 18 20:10:00 2019]	heart_mobile
[Mon Feb 18 20:10:00 2019]	heart_web
[Mon Feb 18 20:10:00 2019]	heart_mobile
[Mon Feb 18 20:10:00 2019]	heart_web
[Mon Feb 18 20:10:00 2019]	heart_mobile
[Mon Feb 18 20:10:00 2019]	heart_web
[Mon Feb 18 20:10:00 2019]	heart_mobile
[Mon Feb 18 20:15:00 2019]	heart_web
[Mon Feb 18 20:15:00 2019]	heart_mobile
[Mon Feb 18 20:15:00 2019]	heart_web
[Mon Feb 18 20:15:00 2019]	heart_mobile
[Mon Feb 18 20:15:00 2019]	heart_web
[Mon Feb 18 20:15:00 2019]	heart_mobile
[Mon Feb 18 20:15:00 2019]	heart_web
[Mon Feb 18 20:15:00 2019]	heart_mobile
[Mon Feb 18 20:20:00 2019]	heart_web
[Mon Feb 18 20:20:00 2019]	heart_mobile
[Mon Feb 18 20:20:00 2019]	heart_web
[Mon Feb 18 20:20:00 2019]	heart_mobile
[Mon Feb 18 20:20:00 2019]	heart_web
[Mon Feb 18 20:20:00 2019]	heart_mobile
[Mon Feb 18 20:20:00 2019]	heart_web
[Mon Feb 18 20:20:00 2019]	heart_mobile
[Mon Feb 18 20:25:00 2019]	heart_web
[Mon Feb 18 20:25:00 2019]	heart_mobile
[Mon Feb 18 20:25:00 2019]	heart_web
[Mon Feb 18 20:25:00 2019]	heart_mobile
[Mon Feb 18 20:25:00 2019]	heart_web
[Mon Feb 18 20:25:00 2019]	heart_mobile
[Mon Feb 18 20:25:01 2019]	heart_web
[Mon Feb 18 20:25:01 2019]	heart_mobile
[Mon Feb 18 20:30:00 2019]	heart_web
[Mon Feb 18 20:30:00 2019]	heart_mobile
[Mon Feb 18 20:30:01 2019]	heart_web
[Mon Feb 18 20:30:01 2019]	heart_mobile
[Mon Feb 18 20:30:01 2019]	heart_web
[Mon Feb 18 20:30:01 2019]	heart_mobile
[Mon Feb 18 20:30:01 2019]	heart_web
[Mon Feb 18 20:30:01 2019]	heart_mobile
[Mon Feb 18 20:35:00 2019]	heart_web
[Mon Feb 18 20:35:00 2019]	heart_mobile
[Mon Feb 18 20:35:00 2019]	heart_web
[Mon Feb 18 20:35:00 2019]	heart_mobile
[Mon Feb 18 20:35:00 2019]	heart_web
[Mon Feb 18 20:35:00 2019]	heart_mobile
[Mon Feb 18 20:35:00 2019]	heart_web
[Mon Feb 18 20:35:00 2019]	heart_mobile
[Mon Feb 18 20:40:00 2019]	heart_web
[Mon Feb 18 20:40:00 2019]	heart_mobile
[Mon Feb 18 20:40:00 2019]	heart_web
[Mon Feb 18 20:40:00 2019]	heart_mobile
[Mon Feb 18 20:40:00 2019]	heart_web
[Mon Feb 18 20:40:00 2019]	heart_mobile
[Mon Feb 18 20:40:00 2019]	heart_web
[Mon Feb 18 20:40:01 2019]	heart_mobile
[Mon Feb 18 20:45:00 2019]	heart_web
[Mon Feb 18 20:45:00 2019]	heart_mobile
[Mon Feb 18 20:45:00 2019]	heart_web
[Mon Feb 18 20:45:00 2019]	heart_mobile
[Mon Feb 18 20:45:00 2019]	heart_web
[Mon Feb 18 20:45:00 2019]	heart_mobile
[Mon Feb 18 20:45:00 2019]	heart_web
[Mon Feb 18 20:45:01 2019]	heart_mobile
[Mon Feb 18 20:50:00 2019]	heart_web
[Mon Feb 18 20:50:00 2019]	heart_mobile
[Mon Feb 18 20:50:00 2019]	heart_web
[Mon Feb 18 20:50:00 2019]	heart_mobile
[Mon Feb 18 20:50:00 2019]	heart_web
[Mon Feb 18 20:50:00 2019]	heart_mobile
[Mon Feb 18 20:50:00 2019]	heart_web
[Mon Feb 18 20:50:01 2019]	heart_mobile
[Mon Feb 18 20:55:00 2019]	heart_web
[Mon Feb 18 20:55:00 2019]	heart_mobile
[Mon Feb 18 20:55:04 2019]	heart_web
[Mon Feb 18 20:55:04 2019]	heart_mobile
[Mon Feb 18 20:55:04 2019]	heart_web
[Mon Feb 18 20:55:04 2019]	heart_mobile
[Mon Feb 18 20:55:04 2019]	heart_web
[Mon Feb 18 20:55:05 2019]	heart_mobile
[Mon Feb 18 21:00:00 2019]	heart_web
[Mon Feb 18 21:00:00 2019]	heart_mobile
[Mon Feb 18 21:00:00 2019]	heart_web
[Mon Feb 18 21:00:00 2019]	heart_mobile
[Mon Feb 18 21:00:00 2019]	heart_web
[Mon Feb 18 21:00:00 2019]	heart_mobile
[Mon Feb 18 21:00:00 2019]	heart_web
[Mon Feb 18 21:00:00 2019]	heart_mobile
[Mon Feb 18 21:05:00 2019]	heart_web
[Mon Feb 18 21:05:00 2019]	heart_mobile
[Mon Feb 18 21:05:00 2019]	heart_web
[Mon Feb 18 21:05:00 2019]	heart_mobile
[Mon Feb 18 21:05:00 2019]	heart_web
[Mon Feb 18 21:05:00 2019]	heart_mobile
[Mon Feb 18 21:05:00 2019]	heart_web
[Mon Feb 18 21:05:00 2019]	heart_mobile
[Mon Feb 18 21:10:00 2019]	heart_web
[Mon Feb 18 21:10:00 2019]	heart_mobile
[Mon Feb 18 21:10:00 2019]	heart_web
[Mon Feb 18 21:10:00 2019]	heart_mobile
[Mon Feb 18 21:10:00 2019]	heart_web
[Mon Feb 18 21:10:00 2019]	heart_mobile
[Mon Feb 18 21:10:00 2019]	heart_web
[Mon Feb 18 21:10:00 2019]	heart_mobile
[Mon Feb 18 21:15:00 2019]	heart_web
[Mon Feb 18 21:15:00 2019]	heart_mobile
[Mon Feb 18 21:15:00 2019]	heart_web
[Mon Feb 18 21:15:00 2019]	heart_mobile
[Mon Feb 18 21:15:00 2019]	heart_web
[Mon Feb 18 21:15:00 2019]	heart_mobile
[Mon Feb 18 21:15:00 2019]	heart_web
[Mon Feb 18 21:15:00 2019]	heart_mobile
[Mon Feb 18 21:20:00 2019]	heart_web
[Mon Feb 18 21:20:00 2019]	heart_mobile
[Mon Feb 18 21:20:00 2019]	heart_web
[Mon Feb 18 21:20:00 2019]	heart_mobile
[Mon Feb 18 21:20:00 2019]	heart_web
[Mon Feb 18 21:20:00 2019]	heart_mobile
[Mon Feb 18 21:20:00 2019]	heart_web
[Mon Feb 18 21:20:01 2019]	heart_mobile
[Mon Feb 18 21:25:00 2019]	heart_web
[Mon Feb 18 21:25:00 2019]	heart_mobile
[Mon Feb 18 21:25:00 2019]	heart_web
[Mon Feb 18 21:25:00 2019]	heart_mobile
[Mon Feb 18 21:25:00 2019]	heart_web
[Mon Feb 18 21:25:00 2019]	heart_mobile
[Mon Feb 18 21:25:00 2019]	heart_web
[Mon Feb 18 21:25:02 2019]	heart_mobile
[Mon Feb 18 21:30:00 2019]	heart_web
[Mon Feb 18 21:30:00 2019]	heart_mobile
[Mon Feb 18 21:30:00 2019]	heart_web
[Mon Feb 18 21:30:00 2019]	heart_mobile
[Mon Feb 18 21:30:00 2019]	heart_web
[Mon Feb 18 21:30:00 2019]	heart_mobile
[Mon Feb 18 21:30:00 2019]	heart_web
[Mon Feb 18 21:30:01 2019]	heart_mobile
[Mon Feb 18 21:35:00 2019]	heart_web
[Mon Feb 18 21:35:00 2019]	heart_mobile
[Mon Feb 18 21:35:00 2019]	heart_web
[Mon Feb 18 21:35:00 2019]	heart_mobile
[Mon Feb 18 21:35:00 2019]	heart_web
[Mon Feb 18 21:35:00 2019]	heart_mobile
[Mon Feb 18 21:35:00 2019]	heart_web
[Mon Feb 18 21:35:00 2019]	heart_mobile
[Mon Feb 18 21:40:00 2019]	heart_web
[Mon Feb 18 21:40:00 2019]	heart_mobile
[Mon Feb 18 21:40:00 2019]	heart_web
[Mon Feb 18 21:40:00 2019]	heart_mobile
[Mon Feb 18 21:40:00 2019]	heart_web
[Mon Feb 18 21:40:00 2019]	heart_mobile
[Mon Feb 18 21:40:00 2019]	heart_web
[Mon Feb 18 21:40:00 2019]	heart_mobile
[Mon Feb 18 21:45:00 2019]	heart_web
[Mon Feb 18 21:45:00 2019]	heart_mobile
[Mon Feb 18 21:45:00 2019]	heart_web
[Mon Feb 18 21:45:00 2019]	heart_mobile
[Mon Feb 18 21:45:00 2019]	heart_web
[Mon Feb 18 21:45:00 2019]	heart_mobile
[Mon Feb 18 21:45:00 2019]	heart_web
[Mon Feb 18 21:45:01 2019]	heart_mobile
[Mon Feb 18 21:50:00 2019]	heart_web
[Mon Feb 18 21:50:00 2019]	heart_mobile
[Mon Feb 18 21:50:00 2019]	heart_web
[Mon Feb 18 21:50:00 2019]	heart_mobile
[Mon Feb 18 21:50:00 2019]	heart_web
[Mon Feb 18 21:50:00 2019]	heart_mobile
[Mon Feb 18 21:50:00 2019]	heart_web
[Mon Feb 18 21:50:00 2019]	heart_mobile
[Mon Feb 18 21:55:00 2019]	heart_web
[Mon Feb 18 21:55:00 2019]	heart_mobile
[Mon Feb 18 21:55:00 2019]	heart_web
[Mon Feb 18 21:55:00 2019]	heart_mobile
[Mon Feb 18 21:55:00 2019]	heart_web
[Mon Feb 18 21:55:00 2019]	heart_mobile
[Mon Feb 18 21:55:00 2019]	heart_web
[Mon Feb 18 21:55:00 2019]	heart_mobile
[Mon Feb 18 22:00:00 2019]	heart_web
[Mon Feb 18 22:00:00 2019]	heart_mobile
[Mon Feb 18 22:00:00 2019]	heart_web
[Mon Feb 18 22:00:00 2019]	heart_mobile
[Mon Feb 18 22:00:00 2019]	heart_web
[Mon Feb 18 22:00:00 2019]	heart_mobile
[Mon Feb 18 22:00:00 2019]	heart_web
[Mon Feb 18 22:00:00 2019]	heart_mobile
[Mon Feb 18 22:05:00 2019]	heart_web
[Mon Feb 18 22:05:00 2019]	heart_mobile
[Mon Feb 18 22:05:02 2019]	heart_web
[Mon Feb 18 22:05:02 2019]	heart_mobile
[Mon Feb 18 22:05:02 2019]	heart_web
[Mon Feb 18 22:05:02 2019]	heart_mobile
[Mon Feb 18 22:05:03 2019]	heart_web
[Mon Feb 18 22:05:03 2019]	heart_mobile
[Mon Feb 18 22:10:00 2019]	heart_web
[Mon Feb 18 22:10:00 2019]	heart_mobile
[Mon Feb 18 22:10:00 2019]	heart_web
[Mon Feb 18 22:10:00 2019]	heart_mobile
[Mon Feb 18 22:10:00 2019]	heart_web
[Mon Feb 18 22:10:00 2019]	heart_mobile
[Mon Feb 18 22:10:01 2019]	heart_web
[Mon Feb 18 22:10:01 2019]	heart_mobile
[Mon Feb 18 22:15:00 2019]	heart_web
[Mon Feb 18 22:15:00 2019]	heart_mobile
[Mon Feb 18 22:15:00 2019]	heart_web
[Mon Feb 18 22:15:00 2019]	heart_mobile
[Mon Feb 18 22:15:00 2019]	heart_web
[Mon Feb 18 22:15:00 2019]	heart_mobile
[Mon Feb 18 22:15:01 2019]	heart_web
[Mon Feb 18 22:15:01 2019]	heart_mobile
[Mon Feb 18 22:20:00 2019]	heart_web
[Mon Feb 18 22:20:00 2019]	heart_mobile
[Mon Feb 18 22:20:00 2019]	heart_web
[Mon Feb 18 22:20:00 2019]	heart_mobile
[Mon Feb 18 22:20:00 2019]	heart_web
[Mon Feb 18 22:20:00 2019]	heart_mobile
[Mon Feb 18 22:20:01 2019]	heart_web
[Mon Feb 18 22:20:01 2019]	heart_mobile
[Mon Feb 18 22:25:00 2019]	heart_web
[Mon Feb 18 22:25:00 2019]	heart_mobile
[Mon Feb 18 22:25:00 2019]	heart_web
[Mon Feb 18 22:25:00 2019]	heart_mobile
[Mon Feb 18 22:25:00 2019]	heart_web
[Mon Feb 18 22:25:00 2019]	heart_mobile
[Mon Feb 18 22:25:00 2019]	heart_web
[Mon Feb 18 22:25:00 2019]	heart_mobile
[Mon Feb 18 22:30:00 2019]	heart_web
[Mon Feb 18 22:30:00 2019]	heart_mobile
[Mon Feb 18 22:30:00 2019]	heart_web
[Mon Feb 18 22:30:00 2019]	heart_mobile
[Mon Feb 18 22:30:00 2019]	heart_web
[Mon Feb 18 22:30:00 2019]	heart_mobile
[Mon Feb 18 22:30:01 2019]	heart_web
[Mon Feb 18 22:30:01 2019]	heart_mobile
[Mon Feb 18 22:35:00 2019]	heart_web
[Mon Feb 18 22:35:00 2019]	heart_mobile
[Mon Feb 18 22:35:00 2019]	heart_web
[Mon Feb 18 22:35:00 2019]	heart_mobile
[Mon Feb 18 22:35:00 2019]	heart_web
[Mon Feb 18 22:35:00 2019]	heart_mobile
[Mon Feb 18 22:35:00 2019]	heart_web
[Mon Feb 18 22:35:00 2019]	heart_mobile
[Mon Feb 18 22:40:00 2019]	heart_web
[Mon Feb 18 22:40:00 2019]	heart_mobile
[Mon Feb 18 22:40:00 2019]	heart_web
[Mon Feb 18 22:40:00 2019]	heart_mobile
[Mon Feb 18 22:40:00 2019]	heart_web
[Mon Feb 18 22:40:00 2019]	heart_mobile
[Mon Feb 18 22:40:00 2019]	heart_web
[Mon Feb 18 22:40:00 2019]	heart_mobile
[Mon Feb 18 22:45:00 2019]	heart_web
[Mon Feb 18 22:45:00 2019]	heart_mobile
[Mon Feb 18 22:45:00 2019]	heart_web
[Mon Feb 18 22:45:00 2019]	heart_mobile
[Mon Feb 18 22:45:00 2019]	heart_web
[Mon Feb 18 22:45:00 2019]	heart_mobile
[Mon Feb 18 22:45:00 2019]	heart_web
[Mon Feb 18 22:45:00 2019]	heart_mobile
[Mon Feb 18 22:50:00 2019]	heart_web
[Mon Feb 18 22:50:00 2019]	heart_mobile
[Mon Feb 18 22:50:00 2019]	heart_web
[Mon Feb 18 22:50:00 2019]	heart_mobile
[Mon Feb 18 22:50:00 2019]	heart_web
[Mon Feb 18 22:50:00 2019]	heart_mobile
[Mon Feb 18 22:50:00 2019]	heart_web
[Mon Feb 18 22:50:00 2019]	heart_mobile
[Mon Feb 18 22:55:00 2019]	heart_web
[Mon Feb 18 22:55:00 2019]	heart_mobile
[Mon Feb 18 22:55:00 2019]	heart_web
[Mon Feb 18 22:55:00 2019]	heart_mobile
[Mon Feb 18 22:55:00 2019]	heart_web
[Mon Feb 18 22:55:00 2019]	heart_mobile
[Mon Feb 18 22:55:00 2019]	heart_web
[Mon Feb 18 22:55:01 2019]	heart_mobile
[Mon Feb 18 23:00:00 2019]	heart_web
[Mon Feb 18 23:00:00 2019]	heart_mobile
[Mon Feb 18 23:00:00 2019]	heart_web
[Mon Feb 18 23:00:00 2019]	heart_mobile
[Mon Feb 18 23:00:00 2019]	heart_web
[Mon Feb 18 23:00:00 2019]	heart_mobile
[Mon Feb 18 23:00:01 2019]	heart_web
[Mon Feb 18 23:00:01 2019]	heart_mobile
[Mon Feb 18 23:05:00 2019]	heart_web
[Mon Feb 18 23:05:00 2019]	heart_mobile
[Mon Feb 18 23:05:00 2019]	heart_web
[Mon Feb 18 23:05:00 2019]	heart_mobile
[Mon Feb 18 23:05:00 2019]	heart_web
[Mon Feb 18 23:05:00 2019]	heart_mobile
[Mon Feb 18 23:05:01 2019]	heart_web
[Mon Feb 18 23:05:01 2019]	heart_mobile
[Mon Feb 18 23:10:00 2019]	heart_web
[Mon Feb 18 23:10:00 2019]	heart_mobile
[Mon Feb 18 23:10:00 2019]	heart_web
[Mon Feb 18 23:10:00 2019]	heart_mobile
[Mon Feb 18 23:10:00 2019]	heart_web
[Mon Feb 18 23:10:00 2019]	heart_mobile
[Mon Feb 18 23:10:00 2019]	heart_web
[Mon Feb 18 23:10:00 2019]	heart_mobile
[Mon Feb 18 23:15:00 2019]	heart_web
[Mon Feb 18 23:15:00 2019]	heart_mobile
[Mon Feb 18 23:15:00 2019]	heart_web
[Mon Feb 18 23:15:00 2019]	heart_mobile
[Mon Feb 18 23:15:00 2019]	heart_web
[Mon Feb 18 23:15:00 2019]	heart_mobile
[Mon Feb 18 23:15:01 2019]	heart_web
[Mon Feb 18 23:15:01 2019]	heart_mobile
[Mon Feb 18 23:20:00 2019]	heart_web
[Mon Feb 18 23:20:00 2019]	heart_mobile
[Mon Feb 18 23:20:00 2019]	heart_web
[Mon Feb 18 23:20:00 2019]	heart_mobile
[Mon Feb 18 23:20:00 2019]	heart_web
[Mon Feb 18 23:20:00 2019]	heart_mobile
[Mon Feb 18 23:20:00 2019]	heart_web
[Mon Feb 18 23:20:00 2019]	heart_mobile
[Mon Feb 18 23:25:00 2019]	heart_web
[Mon Feb 18 23:25:00 2019]	heart_mobile
[Mon Feb 18 23:25:00 2019]	heart_web
[Mon Feb 18 23:25:00 2019]	heart_mobile
[Mon Feb 18 23:25:00 2019]	heart_web
[Mon Feb 18 23:25:00 2019]	heart_mobile
[Mon Feb 18 23:25:01 2019]	heart_web
[Mon Feb 18 23:25:01 2019]	heart_mobile
[Mon Feb 18 23:30:00 2019]	heart_web
[Mon Feb 18 23:30:00 2019]	heart_mobile
[Mon Feb 18 23:30:00 2019]	heart_web
[Mon Feb 18 23:30:00 2019]	heart_mobile
[Mon Feb 18 23:30:00 2019]	heart_web
[Mon Feb 18 23:30:00 2019]	heart_mobile
[Mon Feb 18 23:30:00 2019]	heart_web
[Mon Feb 18 23:30:00 2019]	heart_mobile
[Mon Feb 18 23:35:00 2019]	heart_web
[Mon Feb 18 23:35:00 2019]	heart_mobile
[Mon Feb 18 23:35:00 2019]	heart_web
[Mon Feb 18 23:35:00 2019]	heart_mobile
[Mon Feb 18 23:35:00 2019]	heart_web
[Mon Feb 18 23:35:00 2019]	heart_mobile
[Mon Feb 18 23:35:01 2019]	heart_web
[Mon Feb 18 23:35:01 2019]	heart_mobile
[Mon Feb 18 23:40:00 2019]	heart_web
[Mon Feb 18 23:40:00 2019]	heart_mobile
[Mon Feb 18 23:40:00 2019]	heart_web
[Mon Feb 18 23:40:00 2019]	heart_mobile
[Mon Feb 18 23:40:00 2019]	heart_web
[Mon Feb 18 23:40:00 2019]	heart_mobile
[Mon Feb 18 23:40:00 2019]	heart_web
[Mon Feb 18 23:40:00 2019]	heart_mobile
[Mon Feb 18 23:45:00 2019]	heart_web
[Mon Feb 18 23:45:00 2019]	heart_mobile
[Mon Feb 18 23:45:00 2019]	heart_web
[Mon Feb 18 23:45:00 2019]	heart_mobile
[Mon Feb 18 23:45:00 2019]	heart_web
[Mon Feb 18 23:45:00 2019]	heart_mobile
[Mon Feb 18 23:45:00 2019]	heart_web
[Mon Feb 18 23:45:00 2019]	heart_mobile
[Mon Feb 18 23:50:00 2019]	heart_web
[Mon Feb 18 23:50:00 2019]	heart_mobile
[Mon Feb 18 23:50:00 2019]	heart_web
[Mon Feb 18 23:50:00 2019]	heart_mobile
[Mon Feb 18 23:50:00 2019]	heart_web
[Mon Feb 18 23:50:00 2019]	heart_mobile
[Mon Feb 18 23:50:00 2019]	heart_web
[Mon Feb 18 23:50:00 2019]	heart_mobile
[Mon Feb 18 23:55:00 2019]	heart_web
[Mon Feb 18 23:55:00 2019]	heart_mobile
[Mon Feb 18 23:55:00 2019]	heart_web
[Mon Feb 18 23:55:00 2019]	heart_mobile
[Mon Feb 18 23:55:01 2019]	heart_web
[Mon Feb 18 23:55:01 2019]	heart_mobile
[Mon Feb 18 23:55:01 2019]	heart_web
[Mon Feb 18 23:55:01 2019]	heart_mobile
[Tue Feb 19 00:00:00 2019]	heart_web
[Tue Feb 19 00:00:00 2019]	heart_mobile
[Tue Feb 19 00:00:00 2019]	heart_web
[Tue Feb 19 00:00:00 2019]	heart_mobile
[Tue Feb 19 00:00:00 2019]	heart_web
[Tue Feb 19 00:00:00 2019]	heart_mobile
[Tue Feb 19 00:00:00 2019]	heart_web
[Tue Feb 19 00:00:00 2019]	heart_mobile
UPDATE Account SET finished = False,logined = False,watched = False,shared = False,coin_added = False,double_watch = False,s2c = False,signed = False
[u'43937308', u'43924754', u'43992812', u'43895697', u'43977743']
15824397397
zsj0911*
0
av43937308观看成功
银瓜子兑换成功
投币成功
------------------
17367078621
weiyuxin
45
av43937308观看成功
银瓜子兑换成功
投币成功
投币成功
投币成功
投币成功
投币成功
------------------
15127529708
shijizhe
231.58
av43937308观看成功
银瓜子兑换成功
投币成功
投币成功
投币成功
投币成功
投币成功
------------------
13306522935
zjuZSJ0911*
0
av43937308观看成功
银瓜子兑换成功
投币成功
------------------
[Tue Feb 19 00:05:00 2019]	heart_web
[Tue Feb 19 00:05:00 2019]	heart_mobile
[Tue Feb 19 00:05:00 2019]	heart_web
[Tue Feb 19 00:05:00 2019]	heart_mobile
[Tue Feb 19 00:05:00 2019]	heart_web
[Tue Feb 19 00:05:00 2019]	heart_mobile
[Tue Feb 19 00:05:00 2019]	heart_web
[Tue Feb 19 00:05:00 2019]	heart_mobile
[Tue Feb 19 00:10:00 2019]	heart_web
[Tue Feb 19 00:10:00 2019]	heart_mobile
[Tue Feb 19 00:10:00 2019]	heart_web
[Tue Feb 19 00:10:00 2019]	heart_mobile
[Tue Feb 19 00:10:00 2019]	heart_web
[Tue Feb 19 00:10:00 2019]	heart_mobile
[Tue Feb 19 00:10:01 2019]	heart_web
[Tue Feb 19 00:10:01 2019]	heart_mobile
[Tue Feb 19 00:15:00 2019]	heart_web
[Tue Feb 19 00:15:00 2019]	heart_mobile
[Tue Feb 19 00:15:00 2019]	heart_web
[Tue Feb 19 00:15:00 2019]	heart_mobile
[Tue Feb 19 00:15:00 2019]	heart_web
[Tue Feb 19 00:15:00 2019]	heart_mobile
[Tue Feb 19 00:15:00 2019]	heart_web
[Tue Feb 19 00:15:01 2019]	heart_mobile
[Tue Feb 19 00:20:00 2019]	heart_web
[Tue Feb 19 00:20:00 2019]	heart_mobile
[Tue Feb 19 00:20:00 2019]	heart_web
[Tue Feb 19 00:20:00 2019]	heart_mobile
[Tue Feb 19 00:20:00 2019]	heart_web
[Tue Feb 19 00:20:00 2019]	heart_mobile
[Tue Feb 19 00:20:00 2019]	heart_web
[Tue Feb 19 00:20:00 2019]	heart_mobile
[Tue Feb 19 00:25:00 2019]	heart_web
[Tue Feb 19 00:25:00 2019]	heart_mobile
[Tue Feb 19 00:25:00 2019]	heart_web
[Tue Feb 19 00:25:00 2019]	heart_mobile
[Tue Feb 19 00:25:00 2019]	heart_web
[Tue Feb 19 00:25:00 2019]	heart_mobile
[Tue Feb 19 00:25:00 2019]	heart_web
[Tue Feb 19 00:25:01 2019]	heart_mobile
[Tue Feb 19 00:30:00 2019]	heart_web
[Tue Feb 19 00:30:00 2019]	heart_mobile
[Tue Feb 19 00:30:00 2019]	heart_web
[Tue Feb 19 00:30:00 2019]	heart_mobile
[Tue Feb 19 00:30:00 2019]	heart_web
[Tue Feb 19 00:30:00 2019]	heart_mobile
[Tue Feb 19 00:30:00 2019]	heart_web
[Tue Feb 19 00:30:00 2019]	heart_mobile
[Tue Feb 19 00:35:00 2019]	heart_web
[Tue Feb 19 00:35:00 2019]	heart_mobile
[Tue Feb 19 00:35:00 2019]	heart_web
[Tue Feb 19 00:35:00 2019]	heart_mobile
[Tue Feb 19 00:35:00 2019]	heart_web
[Tue Feb 19 00:35:00 2019]	heart_mobile
[Tue Feb 19 00:35:00 2019]	heart_web
[Tue Feb 19 00:35:00 2019]	heart_mobile
[Tue Feb 19 00:40:00 2019]	heart_web
[Tue Feb 19 00:40:00 2019]	heart_mobile
[Tue Feb 19 00:40:00 2019]	heart_web
[Tue Feb 19 00:40:00 2019]	heart_mobile
[Tue Feb 19 00:40:00 2019]	heart_web
[Tue Feb 19 00:40:00 2019]	heart_mobile
[Tue Feb 19 00:40:00 2019]	heart_web
[Tue Feb 19 00:40:00 2019]	heart_mobile
[Tue Feb 19 00:45:00 2019]	heart_web
[Tue Feb 19 00:45:00 2019]	heart_mobile
[Tue Feb 19 00:45:00 2019]	heart_web
[Tue Feb 19 00:45:00 2019]	heart_mobile
[Tue Feb 19 00:45:00 2019]	heart_web
[Tue Feb 19 00:45:00 2019]	heart_mobile
[Tue Feb 19 00:45:00 2019]	heart_web
[Tue Feb 19 00:45:00 2019]	heart_mobile
[Tue Feb 19 00:50:00 2019]	heart_web
[Tue Feb 19 00:50:00 2019]	heart_mobile
[Tue Feb 19 00:50:00 2019]	heart_web
[Tue Feb 19 00:50:00 2019]	heart_mobile
[Tue Feb 19 00:50:00 2019]	heart_web
[Tue Feb 19 00:50:00 2019]	heart_mobile
[Tue Feb 19 00:50:00 2019]	heart_web
[Tue Feb 19 00:50:01 2019]	heart_mobile
[Tue Feb 19 00:55:00 2019]	heart_web
[Tue Feb 19 00:55:00 2019]	heart_mobile
[Tue Feb 19 00:55:00 2019]	heart_web
[Tue Feb 19 00:55:00 2019]	heart_mobile
[Tue Feb 19 00:55:00 2019]	heart_web
[Tue Feb 19 00:55:00 2019]	heart_mobile
[Tue Feb 19 00:55:00 2019]	heart_web
[Tue Feb 19 00:55:01 2019]	heart_mobile
[Tue Feb 19 01:00:00 2019]	heart_web
[Tue Feb 19 01:00:00 2019]	heart_mobile
[Tue Feb 19 01:00:00 2019]	heart_web
[Tue Feb 19 01:00:00 2019]	heart_mobile
[Tue Feb 19 01:00:00 2019]	heart_web
[Tue Feb 19 01:00:00 2019]	heart_mobile
[Tue Feb 19 01:00:00 2019]	heart_web
[Tue Feb 19 01:00:00 2019]	heart_mobile
[u'43937308', u'43924754', u'43992812', u'43895697', u'43977743']
15824397397
zsj0911*
1

av43937308观看成功
今日已换硬币
投币成功
------------------
17367078621
weiyuxin
41

av43937308观看成功
今日已换硬币
------------------
15127529708
shijizhe
228.58

av43937308观看成功
今日已换硬币
------------------
13306522935
zjuZSJ0911*
1

av43937308观看成功
今日已换硬币
投币成功
------------------
[Tue Feb 19 01:05:00 2019]	heart_web
[Tue Feb 19 01:05:00 2019]	heart_mobile
[Tue Feb 19 01:05:00 2019]	heart_web
[Tue Feb 19 01:05:00 2019]	heart_mobile
[Tue Feb 19 01:05:00 2019]	heart_web
[Tue Feb 19 01:05:00 2019]	heart_mobile
[Tue Feb 19 01:05:00 2019]	heart_web
[Tue Feb 19 01:05:00 2019]	heart_mobile
[Tue Feb 19 01:10:00 2019]	heart_web
[Tue Feb 19 01:10:00 2019]	heart_mobile
[Tue Feb 19 01:10:00 2019]	heart_web
[Tue Feb 19 01:10:00 2019]	heart_mobile
[Tue Feb 19 01:10:00 2019]	heart_web
[Tue Feb 19 01:10:00 2019]	heart_mobile
[Tue Feb 19 01:10:00 2019]	heart_web
[Tue Feb 19 01:10:00 2019]	heart_mobile
[Tue Feb 19 01:15:00 2019]	heart_web
[Tue Feb 19 01:15:00 2019]	heart_mobile
[Tue Feb 19 01:15:00 2019]	heart_web
[Tue Feb 19 01:15:00 2019]	heart_mobile
[Tue Feb 19 01:15:00 2019]	heart_web
[Tue Feb 19 01:15:00 2019]	heart_mobile
[Tue Feb 19 01:15:00 2019]	heart_web
[Tue Feb 19 01:15:00 2019]	heart_mobile
[Tue Feb 19 01:20:00 2019]	heart_web
[Tue Feb 19 01:20:00 2019]	heart_mobile
[Tue Feb 19 01:20:00 2019]	heart_web
[Tue Feb 19 01:20:00 2019]	heart_mobile
[Tue Feb 19 01:20:00 2019]	heart_web
[Tue Feb 19 01:20:00 2019]	heart_mobile
[Tue Feb 19 01:20:00 2019]	heart_web
[Tue Feb 19 01:20:01 2019]	heart_mobile
[Tue Feb 19 01:25:00 2019]	heart_web
[Tue Feb 19 01:25:00 2019]	heart_mobile
[Tue Feb 19 01:25:00 2019]	heart_web
[Tue Feb 19 01:25:00 2019]	heart_mobile
[Tue Feb 19 01:25:00 2019]	heart_web
[Tue Feb 19 01:25:00 2019]	heart_mobile
[Tue Feb 19 01:25:00 2019]	heart_web
[Tue Feb 19 01:25:00 2019]	heart_mobile
[Tue Feb 19 01:30:00 2019]	heart_web
[Tue Feb 19 01:30:00 2019]	heart_mobile
[Tue Feb 19 01:30:00 2019]	heart_web
[Tue Feb 19 01:30:00 2019]	heart_mobile
[Tue Feb 19 01:30:00 2019]	heart_web
[Tue Feb 19 01:30:00 2019]	heart_mobile
[Tue Feb 19 01:30:00 2019]	heart_web
[Tue Feb 19 01:30:00 2019]	heart_mobile
[Tue Feb 19 01:35:00 2019]	heart_web
[Tue Feb 19 01:35:00 2019]	heart_mobile
[Tue Feb 19 01:35:00 2019]	heart_web
[Tue Feb 19 01:35:00 2019]	heart_mobile
[Tue Feb 19 01:35:00 2019]	heart_web
[Tue Feb 19 01:35:00 2019]	heart_mobile
[Tue Feb 19 01:35:00 2019]	heart_web
[Tue Feb 19 01:35:00 2019]	heart_mobile
[Tue Feb 19 01:40:00 2019]	heart_web
[Tue Feb 19 01:40:00 2019]	heart_mobile
[Tue Feb 19 01:40:00 2019]	heart_web
[Tue Feb 19 01:40:00 2019]	heart_mobile
[Tue Feb 19 01:40:00 2019]	heart_web
[Tue Feb 19 01:40:00 2019]	heart_mobile
[Tue Feb 19 01:40:00 2019]	heart_web
[Tue Feb 19 01:40:00 2019]	heart_mobile
[Tue Feb 19 01:45:00 2019]	heart_web
[Tue Feb 19 01:45:00 2019]	heart_mobile
[Tue Feb 19 01:45:00 2019]	heart_web
[Tue Feb 19 01:45:00 2019]	heart_mobile
[Tue Feb 19 01:45:00 2019]	heart_web
[Tue Feb 19 01:45:00 2019]	heart_mobile
[Tue Feb 19 01:45:00 2019]	heart_web
[Tue Feb 19 01:45:00 2019]	heart_mobile
[Tue Feb 19 01:50:00 2019]	heart_web
[Tue Feb 19 01:50:00 2019]	heart_mobile
[Tue Feb 19 01:50:00 2019]	heart_web
[Tue Feb 19 01:50:00 2019]	heart_mobile
[Tue Feb 19 01:50:00 2019]	heart_web
[Tue Feb 19 01:50:00 2019]	heart_mobile
[Tue Feb 19 01:50:00 2019]	heart_web
[Tue Feb 19 01:50:00 2019]	heart_mobile
[Tue Feb 19 01:55:00 2019]	heart_web
[Tue Feb 19 01:55:00 2019]	heart_mobile
[Tue Feb 19 01:55:00 2019]	heart_web
[Tue Feb 19 01:55:00 2019]	heart_mobile
[Tue Feb 19 01:55:00 2019]	heart_web
[Tue Feb 19 01:55:00 2019]	heart_mobile
[Tue Feb 19 01:55:00 2019]	heart_web
[Tue Feb 19 01:55:00 2019]	heart_mobile
[Tue Feb 19 02:00:00 2019]	heart_web
[Tue Feb 19 02:00:00 2019]	heart_mobile
[Tue Feb 19 02:00:00 2019]	heart_web
[Tue Feb 19 02:00:00 2019]	heart_mobile
[Tue Feb 19 02:00:00 2019]	heart_web
[Tue Feb 19 02:00:00 2019]	heart_mobile
[Tue Feb 19 02:00:00 2019]	heart_web
[Tue Feb 19 02:00:00 2019]	heart_mobile
[u'43937308', u'43924754', u'43895697', u'43970907', u'43977743']
15824397397
zsj0911*
0
------------------
17367078621
weiyuxin
42
------------------
15127529708
shijizhe
228.58
------------------
13306522935
zjuZSJ0911*
0
------------------
[Tue Feb 19 02:05:00 2019]	heart_web
[Tue Feb 19 02:05:00 2019]	heart_mobile
[Tue Feb 19 02:05:00 2019]	heart_web
[Tue Feb 19 02:05:00 2019]	heart_mobile
[Tue Feb 19 02:05:00 2019]	heart_web
[Tue Feb 19 02:05:00 2019]	heart_mobile
[Tue Feb 19 02:05:00 2019]	heart_web
[Tue Feb 19 02:05:01 2019]	heart_mobile
[Tue Feb 19 02:10:00 2019]	heart_web
[Tue Feb 19 02:10:00 2019]	heart_mobile
[Tue Feb 19 02:10:00 2019]	heart_web
[Tue Feb 19 02:10:00 2019]	heart_mobile
[Tue Feb 19 02:10:00 2019]	heart_web
[Tue Feb 19 02:10:00 2019]	heart_mobile
[Tue Feb 19 02:10:01 2019]	heart_web
[Tue Feb 19 02:10:01 2019]	heart_mobile
[Tue Feb 19 02:15:00 2019]	heart_web
[Tue Feb 19 02:15:00 2019]	heart_mobile
[Tue Feb 19 02:15:00 2019]	heart_web
[Tue Feb 19 02:15:00 2019]	heart_mobile
[Tue Feb 19 02:15:00 2019]	heart_web
[Tue Feb 19 02:15:00 2019]	heart_mobile
[Tue Feb 19 02:15:00 2019]	heart_web
[Tue Feb 19 02:15:00 2019]	heart_mobile
[Tue Feb 19 02:20:00 2019]	heart_web
[Tue Feb 19 02:20:00 2019]	heart_mobile
[Tue Feb 19 02:20:00 2019]	heart_web
[Tue Feb 19 02:20:00 2019]	heart_mobile
[Tue Feb 19 02:20:00 2019]	heart_web
[Tue Feb 19 02:20:00 2019]	heart_mobile
[Tue Feb 19 02:20:00 2019]	heart_web
[Tue Feb 19 02:20:00 2019]	heart_mobile
[Tue Feb 19 02:25:00 2019]	heart_web
[Tue Feb 19 02:25:00 2019]	heart_mobile
[Tue Feb 19 02:25:00 2019]	heart_web
[Tue Feb 19 02:25:00 2019]	heart_mobile
[Tue Feb 19 02:25:00 2019]	heart_web
[Tue Feb 19 02:25:00 2019]	heart_mobile
[Tue Feb 19 02:25:00 2019]	heart_web
[Tue Feb 19 02:25:01 2019]	heart_mobile
[Tue Feb 19 02:30:00 2019]	heart_web
[Tue Feb 19 02:30:00 2019]	heart_mobile
[Tue Feb 19 02:30:00 2019]	heart_web
[Tue Feb 19 02:30:00 2019]	heart_mobile
[Tue Feb 19 02:30:00 2019]	heart_web
[Tue Feb 19 02:30:00 2019]	heart_mobile
[Tue Feb 19 02:30:00 2019]	heart_web
[Tue Feb 19 02:30:00 2019]	heart_mobile
[Tue Feb 19 02:35:00 2019]	heart_web
[Tue Feb 19 02:35:00 2019]	heart_mobile
[Tue Feb 19 02:35:00 2019]	heart_web
[Tue Feb 19 02:35:00 2019]	heart_mobile
[Tue Feb 19 02:35:00 2019]	heart_web
[Tue Feb 19 02:35:00 2019]	heart_mobile
[Tue Feb 19 02:35:00 2019]	heart_web
[Tue Feb 19 02:35:01 2019]	heart_mobile
[Tue Feb 19 02:40:00 2019]	heart_web
[Tue Feb 19 02:40:00 2019]	heart_mobile
[Tue Feb 19 02:40:00 2019]	heart_web
[Tue Feb 19 02:40:00 2019]	heart_mobile
[Tue Feb 19 02:40:00 2019]	heart_web
[Tue Feb 19 02:40:00 2019]	heart_mobile
[Tue Feb 19 02:40:00 2019]	heart_web
[Tue Feb 19 02:40:00 2019]	heart_mobile
[Tue Feb 19 02:45:00 2019]	heart_web
[Tue Feb 19 02:45:00 2019]	heart_mobile
[Tue Feb 19 02:45:00 2019]	heart_web
[Tue Feb 19 02:45:00 2019]	heart_mobile
[Tue Feb 19 02:45:00 2019]	heart_web
[Tue Feb 19 02:45:00 2019]	heart_mobile
[Tue Feb 19 02:45:00 2019]	heart_web
[Tue Feb 19 02:45:00 2019]	heart_mobile
[Tue Feb 19 02:50:00 2019]	heart_web
[Tue Feb 19 02:50:00 2019]	heart_mobile
[Tue Feb 19 02:50:00 2019]	heart_web
[Tue Feb 19 02:50:00 2019]	heart_mobile
[Tue Feb 19 02:50:00 2019]	heart_web
[Tue Feb 19 02:50:00 2019]	heart_mobile
[Tue Feb 19 02:50:00 2019]	heart_web
[Tue Feb 19 02:50:00 2019]	heart_mobile
[Tue Feb 19 02:55:00 2019]	heart_web
[Tue Feb 19 02:55:00 2019]	heart_mobile
[Tue Feb 19 02:55:00 2019]	heart_web
[Tue Feb 19 02:55:00 2019]	heart_mobile
[Tue Feb 19 02:55:00 2019]	heart_web
[Tue Feb 19 02:55:00 2019]	heart_mobile
[Tue Feb 19 02:55:00 2019]	heart_web
[Tue Feb 19 02:55:00 2019]	heart_mobile
[Tue Feb 19 03:00:00 2019]	heart_web
[Tue Feb 19 03:00:00 2019]	heart_mobile
[Tue Feb 19 03:00:00 2019]	heart_web
[Tue Feb 19 03:00:00 2019]	heart_mobile
[Tue Feb 19 03:00:00 2019]	heart_web
[Tue Feb 19 03:00:00 2019]	heart_mobile
[Tue Feb 19 03:00:00 2019]	heart_web
[Tue Feb 19 03:00:00 2019]	heart_mobile
[u'43937308', u'43924754', u'43895697', u'43970907', u'43977743']
15824397397
zsj0911*
0
------------------
17367078621
weiyuxin
42
------------------
15127529708
shijizhe
228.58
------------------
13306522935
zjuZSJ0911*
0
------------------
[Tue Feb 19 03:05:00 2019]	heart_web
[Tue Feb 19 03:05:00 2019]	heart_mobile
[Tue Feb 19 03:05:00 2019]	heart_web
[Tue Feb 19 03:05:00 2019]	heart_mobile
[Tue Feb 19 03:05:00 2019]	heart_web
[Tue Feb 19 03:05:00 2019]	heart_mobile
[Tue Feb 19 03:05:00 2019]	heart_web
[Tue Feb 19 03:05:00 2019]	heart_mobile
[Tue Feb 19 03:10:00 2019]	heart_web
[Tue Feb 19 03:10:00 2019]	heart_mobile
[Tue Feb 19 03:10:00 2019]	heart_web
[Tue Feb 19 03:10:00 2019]	heart_mobile
[Tue Feb 19 03:10:00 2019]	heart_web
[Tue Feb 19 03:10:00 2019]	heart_mobile
[Tue Feb 19 03:10:00 2019]	heart_web
[Tue Feb 19 03:10:01 2019]	heart_mobile
[Tue Feb 19 03:15:00 2019]	heart_web
[Tue Feb 19 03:15:00 2019]	heart_mobile
[Tue Feb 19 03:15:00 2019]	heart_web
[Tue Feb 19 03:15:00 2019]	heart_mobile
[Tue Feb 19 03:15:00 2019]	heart_web
[Tue Feb 19 03:15:00 2019]	heart_mobile
[Tue Feb 19 03:15:00 2019]	heart_web
[Tue Feb 19 03:15:00 2019]	heart_mobile
[Tue Feb 19 03:20:00 2019]	heart_web
[Tue Feb 19 03:20:00 2019]	heart_mobile
[Tue Feb 19 03:20:00 2019]	heart_web
[Tue Feb 19 03:20:00 2019]	heart_mobile
[Tue Feb 19 03:20:00 2019]	heart_web
[Tue Feb 19 03:20:00 2019]	heart_mobile
[Tue Feb 19 03:20:00 2019]	heart_web
[Tue Feb 19 03:20:00 2019]	heart_mobile
[Tue Feb 19 03:25:00 2019]	heart_web
[Tue Feb 19 03:25:00 2019]	heart_mobile
[Tue Feb 19 03:25:00 2019]	heart_web
[Tue Feb 19 03:25:00 2019]	heart_mobile
[Tue Feb 19 03:25:00 2019]	heart_web
[Tue Feb 19 03:25:00 2019]	heart_mobile
[Tue Feb 19 03:25:01 2019]	heart_web
[Tue Feb 19 03:25:01 2019]	heart_mobile
[Tue Feb 19 03:30:00 2019]	heart_web
[Tue Feb 19 03:30:00 2019]	heart_mobile
[Tue Feb 19 03:30:00 2019]	heart_web
[Tue Feb 19 03:30:00 2019]	heart_mobile
[Tue Feb 19 03:30:00 2019]	heart_web
[Tue Feb 19 03:30:00 2019]	heart_mobile
[Tue Feb 19 03:30:00 2019]	heart_web
[Tue Feb 19 03:30:00 2019]	heart_mobile
[Tue Feb 19 03:35:00 2019]	heart_web
[Tue Feb 19 03:35:00 2019]	heart_mobile
[Tue Feb 19 03:35:00 2019]	heart_web
[Tue Feb 19 03:35:00 2019]	heart_mobile
[Tue Feb 19 03:35:00 2019]	heart_web
[Tue Feb 19 03:35:00 2019]	heart_mobile
[Tue Feb 19 03:35:00 2019]	heart_web
[Tue Feb 19 03:35:00 2019]	heart_mobile
[Tue Feb 19 03:40:00 2019]	heart_web
[Tue Feb 19 03:40:00 2019]	heart_mobile
[Tue Feb 19 03:40:00 2019]	heart_web
[Tue Feb 19 03:40:00 2019]	heart_mobile
[Tue Feb 19 03:40:00 2019]	heart_web
[Tue Feb 19 03:40:00 2019]	heart_mobile
[Tue Feb 19 03:40:00 2019]	heart_web
[Tue Feb 19 03:40:00 2019]	heart_mobile
[Tue Feb 19 03:45:00 2019]	heart_web
[Tue Feb 19 03:45:00 2019]	heart_mobile
[Tue Feb 19 03:45:00 2019]	heart_web
[Tue Feb 19 03:45:00 2019]	heart_mobile
[Tue Feb 19 03:45:00 2019]	heart_web
[Tue Feb 19 03:45:00 2019]	heart_mobile
[Tue Feb 19 03:45:00 2019]	heart_web
[Tue Feb 19 03:45:00 2019]	heart_mobile
[Tue Feb 19 03:50:00 2019]	heart_web
[Tue Feb 19 03:50:00 2019]	heart_mobile
[Tue Feb 19 03:50:00 2019]	heart_web
[Tue Feb 19 03:50:00 2019]	heart_mobile
[Tue Feb 19 03:50:00 2019]	heart_web
[Tue Feb 19 03:50:00 2019]	heart_mobile
[Tue Feb 19 03:50:00 2019]	heart_web
[Tue Feb 19 03:50:00 2019]	heart_mobile
[Tue Feb 19 03:55:00 2019]	heart_web
[Tue Feb 19 03:55:00 2019]	heart_mobile
[Tue Feb 19 03:55:00 2019]	heart_web
[Tue Feb 19 03:55:00 2019]	heart_mobile
[Tue Feb 19 03:55:00 2019]	heart_web
[Tue Feb 19 03:55:00 2019]	heart_mobile
[Tue Feb 19 03:55:00 2019]	heart_web
[Tue Feb 19 03:55:00 2019]	heart_mobile
[Tue Feb 19 04:00:00 2019]	heart_web
[Tue Feb 19 04:00:00 2019]	heart_mobile
[Tue Feb 19 04:00:00 2019]	heart_web
[Tue Feb 19 04:00:00 2019]	heart_mobile
[Tue Feb 19 04:00:00 2019]	heart_web
[Tue Feb 19 04:00:00 2019]	heart_mobile
[Tue Feb 19 04:00:00 2019]	heart_web
[Tue Feb 19 04:00:00 2019]	heart_mobile
[u'43937308', u'43924754', u'43895697', u'43970907', u'43977743']
15824397397
zsj0911*
0
------------------
17367078621
weiyuxin
42
------------------
15127529708
shijizhe
228.58
------------------
13306522935
zjuZSJ0911*
0
------------------
[Tue Feb 19 04:05:00 2019]	heart_web
[Tue Feb 19 04:05:00 2019]	heart_mobile
[Tue Feb 19 04:05:00 2019]	heart_web
[Tue Feb 19 04:05:00 2019]	heart_mobile
[Tue Feb 19 04:05:00 2019]	heart_web
[Tue Feb 19 04:05:00 2019]	heart_mobile
[Tue Feb 19 04:05:00 2019]	heart_web
[Tue Feb 19 04:05:00 2019]	heart_mobile
[Tue Feb 19 04:10:00 2019]	heart_web
[Tue Feb 19 04:10:00 2019]	heart_mobile
[Tue Feb 19 04:10:00 2019]	heart_web
[Tue Feb 19 04:10:00 2019]	heart_mobile
[Tue Feb 19 04:10:00 2019]	heart_web
[Tue Feb 19 04:10:00 2019]	heart_mobile
[Tue Feb 19 04:10:00 2019]	heart_web
[Tue Feb 19 04:10:00 2019]	heart_mobile
[Tue Feb 19 04:15:00 2019]	heart_web
[Tue Feb 19 04:15:00 2019]	heart_mobile
[Tue Feb 19 04:15:00 2019]	heart_web
[Tue Feb 19 04:15:00 2019]	heart_mobile
[Tue Feb 19 04:15:00 2019]	heart_web
[Tue Feb 19 04:15:00 2019]	heart_mobile
[Tue Feb 19 04:15:00 2019]	heart_web
[Tue Feb 19 04:15:00 2019]	heart_mobile
[Tue Feb 19 04:20:00 2019]	heart_web
[Tue Feb 19 04:20:00 2019]	heart_mobile
[Tue Feb 19 04:20:00 2019]	heart_web
[Tue Feb 19 04:20:00 2019]	heart_mobile
[Tue Feb 19 04:20:00 2019]	heart_web
[Tue Feb 19 04:20:00 2019]	heart_mobile
[Tue Feb 19 04:20:00 2019]	heart_web
[Tue Feb 19 04:20:00 2019]	heart_mobile
[Tue Feb 19 04:25:00 2019]	heart_web
[Tue Feb 19 04:25:00 2019]	heart_mobile
[Tue Feb 19 04:25:00 2019]	heart_web
[Tue Feb 19 04:25:00 2019]	heart_mobile
[Tue Feb 19 04:25:00 2019]	heart_web
[Tue Feb 19 04:25:00 2019]	heart_mobile
[Tue Feb 19 04:25:00 2019]	heart_web
[Tue Feb 19 04:25:01 2019]	heart_mobile
[Tue Feb 19 04:30:00 2019]	heart_web
[Tue Feb 19 04:30:00 2019]	heart_mobile
[Tue Feb 19 04:30:00 2019]	heart_web
[Tue Feb 19 04:30:00 2019]	heart_mobile
[Tue Feb 19 04:30:00 2019]	heart_web
[Tue Feb 19 04:30:00 2019]	heart_mobile
[Tue Feb 19 04:30:00 2019]	heart_web
[Tue Feb 19 04:30:00 2019]	heart_mobile
[Tue Feb 19 04:35:00 2019]	heart_web
[Tue Feb 19 04:35:00 2019]	heart_mobile
[Tue Feb 19 04:35:00 2019]	heart_web
[Tue Feb 19 04:35:00 2019]	heart_mobile
[Tue Feb 19 04:35:00 2019]	heart_web
[Tue Feb 19 04:35:00 2019]	heart_mobile
[Tue Feb 19 04:35:00 2019]	heart_web
[Tue Feb 19 04:35:00 2019]	heart_mobile
[Tue Feb 19 04:40:00 2019]	heart_web
[Tue Feb 19 04:40:00 2019]	heart_mobile
[Tue Feb 19 04:40:00 2019]	heart_web
[Tue Feb 19 04:40:00 2019]	heart_mobile
[Tue Feb 19 04:40:00 2019]	heart_web
[Tue Feb 19 04:40:00 2019]	heart_mobile
[Tue Feb 19 04:40:00 2019]	heart_web
[Tue Feb 19 04:40:00 2019]	heart_mobile
[Tue Feb 19 04:45:00 2019]	heart_web
[Tue Feb 19 04:45:00 2019]	heart_mobile
[Tue Feb 19 04:45:00 2019]	heart_web
[Tue Feb 19 04:45:00 2019]	heart_mobile
[Tue Feb 19 04:45:00 2019]	heart_web
[Tue Feb 19 04:45:00 2019]	heart_mobile
[Tue Feb 19 04:45:00 2019]	heart_web
[Tue Feb 19 04:45:00 2019]	heart_mobile
[Tue Feb 19 04:50:00 2019]	heart_web
[Tue Feb 19 04:50:00 2019]	heart_mobile
[Tue Feb 19 04:50:00 2019]	heart_web
[Tue Feb 19 04:50:00 2019]	heart_mobile
[Tue Feb 19 04:50:00 2019]	heart_web
[Tue Feb 19 04:50:00 2019]	heart_mobile
[Tue Feb 19 04:50:00 2019]	heart_web
[Tue Feb 19 04:50:00 2019]	heart_mobile
[Tue Feb 19 04:55:00 2019]	heart_web
[Tue Feb 19 04:55:00 2019]	heart_mobile
[Tue Feb 19 04:55:00 2019]	heart_web
[Tue Feb 19 04:55:00 2019]	heart_mobile
[Tue Feb 19 04:55:00 2019]	heart_web
[Tue Feb 19 04:55:00 2019]	heart_mobile
[Tue Feb 19 04:55:00 2019]	heart_web
[Tue Feb 19 04:55:00 2019]	heart_mobile
[Tue Feb 19 05:00:00 2019]	heart_web
[Tue Feb 19 05:00:00 2019]	heart_mobile
[Tue Feb 19 05:00:00 2019]	heart_web
[Tue Feb 19 05:00:00 2019]	heart_mobile
[Tue Feb 19 05:00:00 2019]	heart_web
[Tue Feb 19 05:00:00 2019]	heart_mobile
[Tue Feb 19 05:00:00 2019]	heart_web
[Tue Feb 19 05:00:00 2019]	heart_mobile
[u'43937308', u'43924754', u'43992812', u'43895697', u'43970907']
15824397397
zsj0911*
0
------------------
17367078621
weiyuxin
42
------------------
15127529708
shijizhe
228.58
------------------
13306522935
zjuZSJ0911*
0
------------------
[Tue Feb 19 05:05:00 2019]	heart_web
[Tue Feb 19 05:05:00 2019]	heart_mobile
[Tue Feb 19 05:05:00 2019]	heart_web
[Tue Feb 19 05:05:00 2019]	heart_mobile
[Tue Feb 19 05:05:00 2019]	heart_web
[Tue Feb 19 05:05:00 2019]	heart_mobile
[Tue Feb 19 05:05:00 2019]	heart_web
[Tue Feb 19 05:05:00 2019]	heart_mobile
[Tue Feb 19 05:10:00 2019]	heart_web
[Tue Feb 19 05:10:00 2019]	heart_mobile
[Tue Feb 19 05:10:00 2019]	heart_web
[Tue Feb 19 05:10:00 2019]	heart_mobile
[Tue Feb 19 05:10:00 2019]	heart_web
[Tue Feb 19 05:10:00 2019]	heart_mobile
[Tue Feb 19 05:10:00 2019]	heart_web
[Tue Feb 19 05:10:00 2019]	heart_mobile
[Tue Feb 19 05:15:00 2019]	heart_web
[Tue Feb 19 05:15:00 2019]	heart_mobile
[Tue Feb 19 05:15:00 2019]	heart_web
[Tue Feb 19 05:15:00 2019]	heart_mobile
[Tue Feb 19 05:15:00 2019]	heart_web
[Tue Feb 19 05:15:00 2019]	heart_mobile
[Tue Feb 19 05:15:00 2019]	heart_web
[Tue Feb 19 05:15:00 2019]	heart_mobile
[Tue Feb 19 05:20:00 2019]	heart_web
[Tue Feb 19 05:20:00 2019]	heart_mobile
[Tue Feb 19 05:20:00 2019]	heart_web
[Tue Feb 19 05:20:00 2019]	heart_mobile
[Tue Feb 19 05:20:00 2019]	heart_web
[Tue Feb 19 05:20:00 2019]	heart_mobile
[Tue Feb 19 05:20:00 2019]	heart_web
[Tue Feb 19 05:20:00 2019]	heart_mobile
[Tue Feb 19 05:25:00 2019]	heart_web
[Tue Feb 19 05:25:00 2019]	heart_mobile
[Tue Feb 19 05:25:00 2019]	heart_web
[Tue Feb 19 05:25:00 2019]	heart_mobile
[Tue Feb 19 05:25:00 2019]	heart_web
[Tue Feb 19 05:25:00 2019]	heart_mobile
[Tue Feb 19 05:25:00 2019]	heart_web
[Tue Feb 19 05:25:00 2019]	heart_mobile
[Tue Feb 19 05:30:00 2019]	heart_web
[Tue Feb 19 05:30:00 2019]	heart_mobile
[Tue Feb 19 05:30:00 2019]	heart_web
[Tue Feb 19 05:30:00 2019]	heart_mobile
[Tue Feb 19 05:30:00 2019]	heart_web
[Tue Feb 19 05:30:00 2019]	heart_mobile
[Tue Feb 19 05:30:00 2019]	heart_web
[Tue Feb 19 05:30:00 2019]	heart_mobile
[Tue Feb 19 05:35:00 2019]	heart_web
[Tue Feb 19 05:35:00 2019]	heart_mobile
[Tue Feb 19 05:35:00 2019]	heart_web
[Tue Feb 19 05:35:00 2019]	heart_mobile
[Tue Feb 19 05:35:00 2019]	heart_web
[Tue Feb 19 05:35:00 2019]	heart_mobile
[Tue Feb 19 05:35:00 2019]	heart_web
[Tue Feb 19 05:35:00 2019]	heart_mobile
[Tue Feb 19 05:40:00 2019]	heart_web
[Tue Feb 19 05:40:00 2019]	heart_mobile
[Tue Feb 19 05:40:00 2019]	heart_web
[Tue Feb 19 05:40:00 2019]	heart_mobile
[Tue Feb 19 05:40:00 2019]	heart_web
[Tue Feb 19 05:40:00 2019]	heart_mobile
[Tue Feb 19 05:40:00 2019]	heart_web
[Tue Feb 19 05:40:00 2019]	heart_mobile
[Tue Feb 19 05:45:00 2019]	heart_web
[Tue Feb 19 05:45:00 2019]	heart_mobile
[Tue Feb 19 05:45:00 2019]	heart_web
[Tue Feb 19 05:45:00 2019]	heart_mobile
[Tue Feb 19 05:45:00 2019]	heart_web
[Tue Feb 19 05:45:00 2019]	heart_mobile
[Tue Feb 19 05:45:00 2019]	heart_web
[Tue Feb 19 05:45:00 2019]	heart_mobile
[Tue Feb 19 05:50:00 2019]	heart_web
[Tue Feb 19 05:50:00 2019]	heart_mobile
[Tue Feb 19 05:50:00 2019]	heart_web
[Tue Feb 19 05:50:00 2019]	heart_mobile
[Tue Feb 19 05:50:00 2019]	heart_web
[Tue Feb 19 05:50:00 2019]	heart_mobile
[Tue Feb 19 05:50:00 2019]	heart_web
[Tue Feb 19 05:50:00 2019]	heart_mobile
[Tue Feb 19 05:55:00 2019]	heart_web
[Tue Feb 19 05:55:00 2019]	heart_mobile
[Tue Feb 19 05:55:00 2019]	heart_web
[Tue Feb 19 05:55:00 2019]	heart_mobile
[Tue Feb 19 05:55:00 2019]	heart_web
[Tue Feb 19 05:55:00 2019]	heart_mobile
[Tue Feb 19 05:55:01 2019]	heart_web
[Tue Feb 19 05:55:01 2019]	heart_mobile
[Tue Feb 19 06:00:00 2019]	heart_web
[Tue Feb 19 06:00:00 2019]	heart_mobile
[Tue Feb 19 06:00:00 2019]	heart_web
[Tue Feb 19 06:00:00 2019]	heart_mobile
[Tue Feb 19 06:00:00 2019]	heart_web
[Tue Feb 19 06:00:00 2019]	heart_mobile
[Tue Feb 19 06:00:00 2019]	heart_web
[Tue Feb 19 06:00:00 2019]	heart_mobile
[u'43937308', u'43924754', u'43992812', u'43895697', u'43970907']
15824397397
zsj0911*
0
------------------
17367078621
weiyuxin
42
------------------
15127529708
shijizhe
228.58
------------------
13306522935
zjuZSJ0911*
0
------------------
[Tue Feb 19 06:05:00 2019]	heart_web
[Tue Feb 19 06:05:00 2019]	heart_mobile
[Tue Feb 19 06:05:00 2019]	heart_web
[Tue Feb 19 06:05:00 2019]	heart_mobile
[Tue Feb 19 06:05:00 2019]	heart_web
[Tue Feb 19 06:05:00 2019]	heart_mobile
[Tue Feb 19 06:05:00 2019]	heart_web
[Tue Feb 19 06:05:00 2019]	heart_mobile
[Tue Feb 19 06:10:00 2019]	heart_web
[Tue Feb 19 06:10:00 2019]	heart_mobile
[Tue Feb 19 06:10:00 2019]	heart_web
[Tue Feb 19 06:10:00 2019]	heart_mobile
[Tue Feb 19 06:10:00 2019]	heart_web
[Tue Feb 19 06:10:00 2019]	heart_mobile
[Tue Feb 19 06:10:00 2019]	heart_web
[Tue Feb 19 06:10:00 2019]	heart_mobile
[Tue Feb 19 06:15:00 2019]	heart_web
[Tue Feb 19 06:15:00 2019]	heart_mobile
[Tue Feb 19 06:15:00 2019]	heart_web
[Tue Feb 19 06:15:00 2019]	heart_mobile
[Tue Feb 19 06:15:00 2019]	heart_web
[Tue Feb 19 06:15:00 2019]	heart_mobile
[Tue Feb 19 06:15:00 2019]	heart_web
[Tue Feb 19 06:15:00 2019]	heart_mobile
[Tue Feb 19 06:20:00 2019]	heart_web
[Tue Feb 19 06:20:00 2019]	heart_mobile
[Tue Feb 19 06:20:00 2019]	heart_web
[Tue Feb 19 06:20:00 2019]	heart_mobile
[Tue Feb 19 06:20:00 2019]	heart_web
[Tue Feb 19 06:20:00 2019]	heart_mobile
[Tue Feb 19 06:20:00 2019]	heart_web
[Tue Feb 19 06:20:00 2019]	heart_mobile
[Tue Feb 19 06:25:00 2019]	heart_web
[Tue Feb 19 06:25:00 2019]	heart_mobile
[Tue Feb 19 06:25:00 2019]	heart_web
[Tue Feb 19 06:25:00 2019]	heart_mobile
[Tue Feb 19 06:25:00 2019]	heart_web
[Tue Feb 19 06:25:00 2019]	heart_mobile
[Tue Feb 19 06:25:00 2019]	heart_web
[Tue Feb 19 06:25:00 2019]	heart_mobile
[Tue Feb 19 06:30:00 2019]	heart_web
[Tue Feb 19 06:30:00 2019]	heart_mobile
[Tue Feb 19 06:30:00 2019]	heart_web
[Tue Feb 19 06:30:00 2019]	heart_mobile
[Tue Feb 19 06:30:00 2019]	heart_web
[Tue Feb 19 06:30:00 2019]	heart_mobile
[Tue Feb 19 06:30:00 2019]	heart_web
[Tue Feb 19 06:30:00 2019]	heart_mobile
[Tue Feb 19 06:35:00 2019]	heart_web
[Tue Feb 19 06:35:00 2019]	heart_mobile
[Tue Feb 19 06:35:00 2019]	heart_web
[Tue Feb 19 06:35:00 2019]	heart_mobile
[Tue Feb 19 06:35:00 2019]	heart_web
[Tue Feb 19 06:35:01 2019]	heart_mobile
[Tue Feb 19 06:35:01 2019]	heart_web
[Tue Feb 19 06:35:01 2019]	heart_mobile
[Tue Feb 19 06:40:00 2019]	heart_web
[Tue Feb 19 06:40:00 2019]	heart_mobile
[Tue Feb 19 06:40:00 2019]	heart_web
[Tue Feb 19 06:40:00 2019]	heart_mobile
[Tue Feb 19 06:40:00 2019]	heart_web
[Tue Feb 19 06:40:00 2019]	heart_mobile
[Tue Feb 19 06:40:00 2019]	heart_web
[Tue Feb 19 06:40:00 2019]	heart_mobile
[Tue Feb 19 06:45:00 2019]	heart_web
[Tue Feb 19 06:45:00 2019]	heart_mobile
[Tue Feb 19 06:45:00 2019]	heart_web
[Tue Feb 19 06:45:00 2019]	heart_mobile
[Tue Feb 19 06:45:00 2019]	heart_web
[Tue Feb 19 06:45:00 2019]	heart_mobile
[Tue Feb 19 06:45:00 2019]	heart_web
[Tue Feb 19 06:45:00 2019]	heart_mobile
[Tue Feb 19 06:50:00 2019]	heart_web
[Tue Feb 19 06:50:00 2019]	heart_mobile
[Tue Feb 19 06:50:00 2019]	heart_web
[Tue Feb 19 06:50:00 2019]	heart_mobile
[Tue Feb 19 06:50:00 2019]	heart_web
[Tue Feb 19 06:50:00 2019]	heart_mobile
[Tue Feb 19 06:50:00 2019]	heart_web
[Tue Feb 19 06:50:00 2019]	heart_mobile
[Tue Feb 19 06:55:00 2019]	heart_web
[Tue Feb 19 06:55:00 2019]	heart_mobile
[Tue Feb 19 06:55:00 2019]	heart_web
[Tue Feb 19 06:55:00 2019]	heart_mobile
[Tue Feb 19 06:55:00 2019]	heart_web
[Tue Feb 19 06:55:00 2019]	heart_mobile
[Tue Feb 19 06:55:00 2019]	heart_web
[Tue Feb 19 06:55:00 2019]	heart_mobile
[Tue Feb 19 07:00:00 2019]	heart_web
[Tue Feb 19 07:00:00 2019]	heart_mobile
[Tue Feb 19 07:00:00 2019]	heart_web
[Tue Feb 19 07:00:00 2019]	heart_mobile
[Tue Feb 19 07:00:00 2019]	heart_web
[Tue Feb 19 07:00:00 2019]	heart_mobile
[Tue Feb 19 07:00:00 2019]	heart_web
[Tue Feb 19 07:00:00 2019]	heart_mobile
[u'43937308', u'43924754', u'43992812', u'43895697', u'43970907']
15824397397
zsj0911*
0
------------------
17367078621
weiyuxin
42
------------------
15127529708
shijizhe
228.58
------------------
13306522935
zjuZSJ0911*
0
------------------
[Tue Feb 19 07:05:00 2019]	heart_web
[Tue Feb 19 07:05:00 2019]	heart_mobile
[Tue Feb 19 07:05:00 2019]	heart_web
[Tue Feb 19 07:05:00 2019]	heart_mobile
[Tue Feb 19 07:05:00 2019]	heart_web
[Tue Feb 19 07:05:00 2019]	heart_mobile
[Tue Feb 19 07:05:00 2019]	heart_web
[Tue Feb 19 07:05:00 2019]	heart_mobile
[Tue Feb 19 07:10:00 2019]	heart_web
[Tue Feb 19 07:10:00 2019]	heart_mobile
[Tue Feb 19 07:10:00 2019]	heart_web
[Tue Feb 19 07:10:00 2019]	heart_mobile
[Tue Feb 19 07:10:00 2019]	heart_web
[Tue Feb 19 07:10:00 2019]	heart_mobile
[Tue Feb 19 07:10:00 2019]	heart_web
[Tue Feb 19 07:10:00 2019]	heart_mobile
[Tue Feb 19 07:15:00 2019]	heart_web
[Tue Feb 19 07:15:00 2019]	heart_mobile
[Tue Feb 19 07:15:00 2019]	heart_web
[Tue Feb 19 07:15:00 2019]	heart_mobile
[Tue Feb 19 07:15:00 2019]	heart_web
[Tue Feb 19 07:15:00 2019]	heart_mobile
[Tue Feb 19 07:15:00 2019]	heart_web
[Tue Feb 19 07:15:00 2019]	heart_mobile
[Tue Feb 19 07:20:00 2019]	heart_web
[Tue Feb 19 07:20:00 2019]	heart_mobile
[Tue Feb 19 07:20:00 2019]	heart_web
[Tue Feb 19 07:20:00 2019]	heart_mobile
[Tue Feb 19 07:20:00 2019]	heart_web
[Tue Feb 19 07:20:00 2019]	heart_mobile
[Tue Feb 19 07:20:00 2019]	heart_web
[Tue Feb 19 07:20:00 2019]	heart_mobile
[Tue Feb 19 07:25:00 2019]	heart_web
[Tue Feb 19 07:25:00 2019]	heart_mobile
[Tue Feb 19 07:25:00 2019]	heart_web
[Tue Feb 19 07:25:00 2019]	heart_mobile
[Tue Feb 19 07:25:00 2019]	heart_web
[Tue Feb 19 07:25:00 2019]	heart_mobile
[Tue Feb 19 07:25:00 2019]	heart_web
[Tue Feb 19 07:25:00 2019]	heart_mobile
[Tue Feb 19 07:30:00 2019]	heart_web
[Tue Feb 19 07:30:00 2019]	heart_mobile
[Tue Feb 19 07:30:00 2019]	heart_web
[Tue Feb 19 07:30:00 2019]	heart_mobile
[Tue Feb 19 07:30:00 2019]	heart_web
[Tue Feb 19 07:30:00 2019]	heart_mobile
[Tue Feb 19 07:30:00 2019]	heart_web
[Tue Feb 19 07:30:00 2019]	heart_mobile
[Tue Feb 19 07:35:00 2019]	heart_web
[Tue Feb 19 07:35:00 2019]	heart_mobile
[Tue Feb 19 07:35:00 2019]	heart_web
[Tue Feb 19 07:35:00 2019]	heart_mobile
[Tue Feb 19 07:35:00 2019]	heart_web
[Tue Feb 19 07:35:00 2019]	heart_mobile
[Tue Feb 19 07:35:00 2019]	heart_web
[Tue Feb 19 07:35:01 2019]	heart_mobile
[Tue Feb 19 07:40:00 2019]	heart_web
[Tue Feb 19 07:40:00 2019]	heart_mobile
[Tue Feb 19 07:40:00 2019]	heart_web
[Tue Feb 19 07:40:00 2019]	heart_mobile
[Tue Feb 19 07:40:00 2019]	heart_web
[Tue Feb 19 07:40:00 2019]	heart_mobile
[Tue Feb 19 07:40:00 2019]	heart_web
[Tue Feb 19 07:40:00 2019]	heart_mobile
[Tue Feb 19 07:45:00 2019]	heart_web
[Tue Feb 19 07:45:00 2019]	heart_mobile
[Tue Feb 19 07:45:00 2019]	heart_web
[Tue Feb 19 07:45:00 2019]	heart_mobile
[Tue Feb 19 07:45:00 2019]	heart_web
[Tue Feb 19 07:45:00 2019]	heart_mobile
[Tue Feb 19 07:45:00 2019]	heart_web
[Tue Feb 19 07:45:00 2019]	heart_mobile
[Tue Feb 19 07:50:00 2019]	heart_web
[Tue Feb 19 07:50:00 2019]	heart_mobile
[Tue Feb 19 07:50:00 2019]	heart_web
[Tue Feb 19 07:50:00 2019]	heart_mobile
[Tue Feb 19 07:50:00 2019]	heart_web
[Tue Feb 19 07:50:00 2019]	heart_mobile
[Tue Feb 19 07:50:00 2019]	heart_web
[Tue Feb 19 07:50:00 2019]	heart_mobile
[Tue Feb 19 07:55:00 2019]	heart_web
[Tue Feb 19 07:55:00 2019]	heart_mobile
[Tue Feb 19 07:55:00 2019]	heart_web
[Tue Feb 19 07:55:00 2019]	heart_mobile
[Tue Feb 19 07:55:00 2019]	heart_web
[Tue Feb 19 07:55:00 2019]	heart_mobile
[Tue Feb 19 07:55:00 2019]	heart_web
[Tue Feb 19 07:55:00 2019]	heart_mobile
[Tue Feb 19 08:00:00 2019]	heart_web
[Tue Feb 19 08:00:00 2019]	heart_mobile
[Tue Feb 19 08:00:00 2019]	heart_web
[Tue Feb 19 08:00:00 2019]	heart_mobile
[Tue Feb 19 08:00:00 2019]	heart_web
[Tue Feb 19 08:00:00 2019]	heart_mobile
[Tue Feb 19 08:00:00 2019]	heart_web
[Tue Feb 19 08:00:00 2019]	heart_mobile
[u'43937308', u'43624157', u'43992812', u'43895697', u'43970907']
15824397397
zsj0911*
0
------------------
17367078621
weiyuxin
42
------------------
15127529708
shijizhe
228.58
------------------
13306522935
zjuZSJ0911*
0
------------------
[Tue Feb 19 08:05:00 2019]	heart_web
[Tue Feb 19 08:05:00 2019]	heart_mobile
[Tue Feb 19 08:05:00 2019]	heart_web
[Tue Feb 19 08:05:00 2019]	heart_mobile
[Tue Feb 19 08:05:00 2019]	heart_web
[Tue Feb 19 08:05:00 2019]	heart_mobile
[Tue Feb 19 08:05:00 2019]	heart_web
[Tue Feb 19 08:05:00 2019]	heart_mobile
[Tue Feb 19 08:10:00 2019]	heart_web
[Tue Feb 19 08:10:00 2019]	heart_mobile
[Tue Feb 19 08:10:00 2019]	heart_web
[Tue Feb 19 08:10:00 2019]	heart_mobile
[Tue Feb 19 08:10:00 2019]	heart_web
[Tue Feb 19 08:10:00 2019]	heart_mobile
[Tue Feb 19 08:10:00 2019]	heart_web
[Tue Feb 19 08:10:00 2019]	heart_mobile
[Tue Feb 19 08:15:00 2019]	heart_web
[Tue Feb 19 08:15:00 2019]	heart_mobile
[Tue Feb 19 08:15:00 2019]	heart_web
[Tue Feb 19 08:15:00 2019]	heart_mobile
[Tue Feb 19 08:15:00 2019]	heart_web
[Tue Feb 19 08:15:00 2019]	heart_mobile
[Tue Feb 19 08:15:00 2019]	heart_web
[Tue Feb 19 08:15:00 2019]	heart_mobile
[Tue Feb 19 08:20:00 2019]	heart_web
[Tue Feb 19 08:20:00 2019]	heart_mobile
[Tue Feb 19 08:20:00 2019]	heart_web
[Tue Feb 19 08:20:00 2019]	heart_mobile
[Tue Feb 19 08:20:00 2019]	heart_web
[Tue Feb 19 08:20:00 2019]	heart_mobile
[Tue Feb 19 08:20:00 2019]	heart_web
[Tue Feb 19 08:20:00 2019]	heart_mobile
[Tue Feb 19 08:25:00 2019]	heart_web
[Tue Feb 19 08:25:00 2019]	heart_mobile
[Tue Feb 19 08:25:00 2019]	heart_web
[Tue Feb 19 08:25:00 2019]	heart_mobile
[Tue Feb 19 08:25:00 2019]	heart_web
[Tue Feb 19 08:25:00 2019]	heart_mobile
[Tue Feb 19 08:25:00 2019]	heart_web
[Tue Feb 19 08:25:00 2019]	heart_mobile
[Tue Feb 19 08:30:00 2019]	heart_web
[Tue Feb 19 08:30:00 2019]	heart_mobile
[Tue Feb 19 08:30:00 2019]	heart_web
[Tue Feb 19 08:30:00 2019]	heart_mobile
[Tue Feb 19 08:30:00 2019]	heart_web
[Tue Feb 19 08:30:00 2019]	heart_mobile
[Tue Feb 19 08:30:00 2019]	heart_web
[Tue Feb 19 08:30:00 2019]	heart_mobile
[Tue Feb 19 08:35:00 2019]	heart_web
[Tue Feb 19 08:35:00 2019]	heart_mobile
[Tue Feb 19 08:35:00 2019]	heart_web
[Tue Feb 19 08:35:00 2019]	heart_mobile
[Tue Feb 19 08:35:00 2019]	heart_web
[Tue Feb 19 08:35:00 2019]	heart_mobile
[Tue Feb 19 08:35:00 2019]	heart_web
[Tue Feb 19 08:35:00 2019]	heart_mobile
[Tue Feb 19 08:40:00 2019]	heart_web
[Tue Feb 19 08:40:00 2019]	heart_mobile
[Tue Feb 19 08:40:00 2019]	heart_web
[Tue Feb 19 08:40:00 2019]	heart_mobile
[Tue Feb 19 08:40:00 2019]	heart_web
[Tue Feb 19 08:40:00 2019]	heart_mobile
[Tue Feb 19 08:40:00 2019]	heart_web
[Tue Feb 19 08:40:01 2019]	heart_mobile
[Tue Feb 19 08:45:00 2019]	heart_web
[Tue Feb 19 08:45:00 2019]	heart_mobile
[Tue Feb 19 08:45:00 2019]	heart_web
[Tue Feb 19 08:45:00 2019]	heart_mobile
[Tue Feb 19 08:45:00 2019]	heart_web
[Tue Feb 19 08:45:00 2019]	heart_mobile
[Tue Feb 19 08:45:00 2019]	heart_web
[Tue Feb 19 08:45:01 2019]	heart_mobile
[Tue Feb 19 08:50:00 2019]	heart_web
[Tue Feb 19 08:50:00 2019]	heart_mobile
[Tue Feb 19 08:50:00 2019]	heart_web
[Tue Feb 19 08:50:00 2019]	heart_mobile
[Tue Feb 19 08:50:00 2019]	heart_web
[Tue Feb 19 08:50:00 2019]	heart_mobile
[Tue Feb 19 08:50:00 2019]	heart_web
[Tue Feb 19 08:50:01 2019]	heart_mobile
[Tue Feb 19 08:55:00 2019]	heart_web
[Tue Feb 19 08:55:00 2019]	heart_mobile
[Tue Feb 19 08:55:00 2019]	heart_web
[Tue Feb 19 08:55:00 2019]	heart_mobile
[Tue Feb 19 08:55:00 2019]	heart_web
[Tue Feb 19 08:55:00 2019]	heart_mobile
[Tue Feb 19 08:55:00 2019]	heart_web
[Tue Feb 19 08:55:00 2019]	heart_mobile
[Tue Feb 19 09:00:00 2019]	heart_web
[Tue Feb 19 09:00:00 2019]	heart_mobile
[Tue Feb 19 09:00:00 2019]	heart_web
[Tue Feb 19 09:00:00 2019]	heart_mobile
[Tue Feb 19 09:00:00 2019]	heart_web
[Tue Feb 19 09:00:00 2019]	heart_mobile
[Tue Feb 19 09:00:00 2019]	heart_web
[Tue Feb 19 09:00:00 2019]	heart_mobile
[u'43937308', u'43624157', u'43992812', u'43895697', u'43970907']
15824397397
zsj0911*
0
------------------
17367078621
weiyuxin
42
------------------
15127529708
shijizhe
228.58
------------------
13306522935
zjuZSJ0911*
0
------------------
[Tue Feb 19 09:05:00 2019]	heart_web
[Tue Feb 19 09:05:00 2019]	heart_mobile
[Tue Feb 19 09:05:00 2019]	heart_web
[Tue Feb 19 09:05:00 2019]	heart_mobile
[Tue Feb 19 09:05:00 2019]	heart_web
[Tue Feb 19 09:05:00 2019]	heart_mobile
[Tue Feb 19 09:05:00 2019]	heart_web
[Tue Feb 19 09:05:00 2019]	heart_mobile
[Tue Feb 19 09:10:00 2019]	heart_web
[Tue Feb 19 09:10:00 2019]	heart_mobile
[Tue Feb 19 09:10:00 2019]	heart_web
[Tue Feb 19 09:10:00 2019]	heart_mobile
[Tue Feb 19 09:10:00 2019]	heart_web
[Tue Feb 19 09:10:00 2019]	heart_mobile
[Tue Feb 19 09:10:00 2019]	heart_web
[Tue Feb 19 09:10:00 2019]	heart_mobile
[Tue Feb 19 09:15:00 2019]	heart_web
[Tue Feb 19 09:15:00 2019]	heart_mobile
[Tue Feb 19 09:15:00 2019]	heart_web
[Tue Feb 19 09:15:00 2019]	heart_mobile
[Tue Feb 19 09:15:00 2019]	heart_web
[Tue Feb 19 09:15:00 2019]	heart_mobile
[Tue Feb 19 09:15:00 2019]	heart_web
[Tue Feb 19 09:15:00 2019]	heart_mobile
[Tue Feb 19 09:20:00 2019]	heart_web
[Tue Feb 19 09:20:00 2019]	heart_mobile
[Tue Feb 19 09:20:00 2019]	heart_web
[Tue Feb 19 09:20:00 2019]	heart_mobile
[Tue Feb 19 09:20:00 2019]	heart_web
[Tue Feb 19 09:20:00 2019]	heart_mobile
[Tue Feb 19 09:20:00 2019]	heart_web
[Tue Feb 19 09:20:00 2019]	heart_mobile
[Tue Feb 19 09:25:00 2019]	heart_web
[Tue Feb 19 09:25:00 2019]	heart_mobile
[Tue Feb 19 09:25:00 2019]	heart_web
[Tue Feb 19 09:25:00 2019]	heart_mobile
[Tue Feb 19 09:25:00 2019]	heart_web
[Tue Feb 19 09:25:00 2019]	heart_mobile
[Tue Feb 19 09:25:00 2019]	heart_web
[Tue Feb 19 09:25:00 2019]	heart_mobile
[Tue Feb 19 09:30:00 2019]	heart_web
[Tue Feb 19 09:30:00 2019]	heart_mobile
[Tue Feb 19 09:30:00 2019]	heart_web
[Tue Feb 19 09:30:00 2019]	heart_mobile
[Tue Feb 19 09:30:00 2019]	heart_web
[Tue Feb 19 09:30:00 2019]	heart_mobile
[Tue Feb 19 09:30:00 2019]	heart_web
[Tue Feb 19 09:30:00 2019]	heart_mobile
[Tue Feb 19 09:35:00 2019]	heart_web
[Tue Feb 19 09:35:00 2019]	heart_mobile
[Tue Feb 19 09:35:00 2019]	heart_web
[Tue Feb 19 09:35:00 2019]	heart_mobile
[Tue Feb 19 09:35:00 2019]	heart_web
[Tue Feb 19 09:35:00 2019]	heart_mobile
[Tue Feb 19 09:35:00 2019]	heart_web
[Tue Feb 19 09:35:00 2019]	heart_mobile
[Tue Feb 19 09:40:00 2019]	heart_web
[Tue Feb 19 09:40:00 2019]	heart_mobile
[Tue Feb 19 09:40:00 2019]	heart_web
[Tue Feb 19 09:40:00 2019]	heart_mobile
[Tue Feb 19 09:40:00 2019]	heart_web
[Tue Feb 19 09:40:00 2019]	heart_mobile
[Tue Feb 19 09:40:00 2019]	heart_web
[Tue Feb 19 09:40:00 2019]	heart_mobile
[Tue Feb 19 09:45:00 2019]	heart_web
[Tue Feb 19 09:45:00 2019]	heart_mobile
[Tue Feb 19 09:45:00 2019]	heart_web
[Tue Feb 19 09:45:00 2019]	heart_mobile
[Tue Feb 19 09:45:00 2019]	heart_web
[Tue Feb 19 09:45:00 2019]	heart_mobile
[Tue Feb 19 09:45:01 2019]	heart_web
[Tue Feb 19 09:45:01 2019]	heart_mobile
[Tue Feb 19 09:50:00 2019]	heart_web
[Tue Feb 19 09:50:00 2019]	heart_mobile
[Tue Feb 19 09:50:00 2019]	heart_web
[Tue Feb 19 09:50:00 2019]	heart_mobile
[Tue Feb 19 09:50:00 2019]	heart_web
[Tue Feb 19 09:50:00 2019]	heart_mobile
[Tue Feb 19 09:50:00 2019]	heart_web
[Tue Feb 19 09:50:01 2019]	heart_mobile
[Tue Feb 19 09:55:00 2019]	heart_web
[Tue Feb 19 09:55:00 2019]	heart_mobile
[Tue Feb 19 09:55:00 2019]	heart_web
[Tue Feb 19 09:55:00 2019]	heart_mobile
[Tue Feb 19 09:55:00 2019]	heart_web
[Tue Feb 19 09:55:00 2019]	heart_mobile
[Tue Feb 19 09:55:00 2019]	heart_web
[Tue Feb 19 09:55:00 2019]	heart_mobile
[Tue Feb 19 10:00:00 2019]	heart_web
[Tue Feb 19 10:00:00 2019]	heart_mobile
[Tue Feb 19 10:00:00 2019]	heart_web
[Tue Feb 19 10:00:00 2019]	heart_mobile
[Tue Feb 19 10:00:00 2019]	heart_web
[Tue Feb 19 10:00:00 2019]	heart_mobile
[Tue Feb 19 10:00:00 2019]	heart_web
[Tue Feb 19 10:00:01 2019]	heart_mobile
[u'43937308', u'43624157', u'43992812', u'43970907', u'43940749']
15824397397
zsj0911*
0
------------------
17367078621
weiyuxin
42
------------------
15127529708
shijizhe
228.58
------------------
13306522935
zjuZSJ0911*
0
------------------
[Tue Feb 19 10:05:00 2019]	heart_web
[Tue Feb 19 10:05:00 2019]	heart_mobile
[Tue Feb 19 10:05:00 2019]	heart_web
[Tue Feb 19 10:05:00 2019]	heart_mobile
[Tue Feb 19 10:05:00 2019]	heart_web
[Tue Feb 19 10:05:00 2019]	heart_mobile
[Tue Feb 19 10:05:00 2019]	heart_web
[Tue Feb 19 10:05:00 2019]	heart_mobile
[Tue Feb 19 10:10:00 2019]	heart_web
[Tue Feb 19 10:10:00 2019]	heart_mobile
[Tue Feb 19 10:10:00 2019]	heart_web
[Tue Feb 19 10:10:00 2019]	heart_mobile
[Tue Feb 19 10:10:00 2019]	heart_web
[Tue Feb 19 10:10:00 2019]	heart_mobile
[Tue Feb 19 10:10:00 2019]	heart_web
[Tue Feb 19 10:10:00 2019]	heart_mobile
[Tue Feb 19 10:15:00 2019]	heart_web
[Tue Feb 19 10:15:00 2019]	heart_mobile
[Tue Feb 19 10:15:00 2019]	heart_web
[Tue Feb 19 10:15:00 2019]	heart_mobile
[Tue Feb 19 10:15:00 2019]	heart_web
[Tue Feb 19 10:15:00 2019]	heart_mobile
[Tue Feb 19 10:15:00 2019]	heart_web
[Tue Feb 19 10:15:00 2019]	heart_mobile
[Tue Feb 19 10:20:00 2019]	heart_web
[Tue Feb 19 10:20:00 2019]	heart_mobile
[Tue Feb 19 10:20:00 2019]	heart_web
[Tue Feb 19 10:20:00 2019]	heart_mobile
[Tue Feb 19 10:20:00 2019]	heart_web
[Tue Feb 19 10:20:00 2019]	heart_mobile
[Tue Feb 19 10:20:00 2019]	heart_web
[Tue Feb 19 10:20:00 2019]	heart_mobile
[Tue Feb 19 10:25:00 2019]	heart_web
[Tue Feb 19 10:25:00 2019]	heart_mobile
[Tue Feb 19 10:25:00 2019]	heart_web
[Tue Feb 19 10:25:00 2019]	heart_mobile
[Tue Feb 19 10:25:00 2019]	heart_web
[Tue Feb 19 10:25:00 2019]	heart_mobile
[Tue Feb 19 10:25:00 2019]	heart_web
[Tue Feb 19 10:25:00 2019]	heart_mobile
[Tue Feb 19 10:30:00 2019]	heart_web
[Tue Feb 19 10:30:00 2019]	heart_mobile
[Tue Feb 19 10:30:00 2019]	heart_web
[Tue Feb 19 10:30:00 2019]	heart_mobile
[Tue Feb 19 10:30:00 2019]	heart_web
[Tue Feb 19 10:30:00 2019]	heart_mobile
[Tue Feb 19 10:30:00 2019]	heart_web
[Tue Feb 19 10:30:01 2019]	heart_mobile
[Tue Feb 19 10:35:00 2019]	heart_web
[Tue Feb 19 10:35:00 2019]	heart_mobile
[Tue Feb 19 10:35:00 2019]	heart_web
[Tue Feb 19 10:35:00 2019]	heart_mobile
[Tue Feb 19 10:35:00 2019]	heart_web
[Tue Feb 19 10:35:00 2019]	heart_mobile
[Tue Feb 19 10:35:00 2019]	heart_web
[Tue Feb 19 10:35:00 2019]	heart_mobile
[Tue Feb 19 10:40:00 2019]	heart_web
[Tue Feb 19 10:40:00 2019]	heart_mobile
[Tue Feb 19 10:40:00 2019]	heart_web
[Tue Feb 19 10:40:00 2019]	heart_mobile
[Tue Feb 19 10:40:00 2019]	heart_web
[Tue Feb 19 10:40:00 2019]	heart_mobile
[Tue Feb 19 10:40:00 2019]	heart_web
[Tue Feb 19 10:40:00 2019]	heart_mobile
[Tue Feb 19 10:45:00 2019]	heart_web
[Tue Feb 19 10:45:00 2019]	heart_mobile
[Tue Feb 19 10:45:00 2019]	heart_web
[Tue Feb 19 10:45:00 2019]	heart_mobile
[Tue Feb 19 10:45:00 2019]	heart_web
[Tue Feb 19 10:45:00 2019]	heart_mobile
[Tue Feb 19 10:45:00 2019]	heart_web
[Tue Feb 19 10:45:00 2019]	heart_mobile
[Tue Feb 19 10:50:00 2019]	heart_web
[Tue Feb 19 10:50:00 2019]	heart_mobile
[Tue Feb 19 10:50:00 2019]	heart_web
[Tue Feb 19 10:50:00 2019]	heart_mobile
[Tue Feb 19 10:50:00 2019]	heart_web
[Tue Feb 19 10:50:00 2019]	heart_mobile
[Tue Feb 19 10:50:00 2019]	heart_web
[Tue Feb 19 10:50:00 2019]	heart_mobile
[Tue Feb 19 10:55:00 2019]	heart_web
[Tue Feb 19 10:55:00 2019]	heart_mobile
[Tue Feb 19 10:55:00 2019]	heart_web
[Tue Feb 19 10:55:00 2019]	heart_mobile
[Tue Feb 19 10:55:00 2019]	heart_web
[Tue Feb 19 10:55:00 2019]	heart_mobile
[Tue Feb 19 10:55:00 2019]	heart_web
[Tue Feb 19 10:55:01 2019]	heart_mobile
[Tue Feb 19 11:00:00 2019]	heart_web
[Tue Feb 19 11:00:00 2019]	heart_mobile
[Tue Feb 19 11:00:00 2019]	heart_web
[Tue Feb 19 11:00:00 2019]	heart_mobile
[Tue Feb 19 11:00:00 2019]	heart_web
[Tue Feb 19 11:00:00 2019]	heart_mobile
[Tue Feb 19 11:00:00 2019]	heart_web
[Tue Feb 19 11:00:00 2019]	heart_mobile
[u'43937308', u'43992812', u'43970907', u'43940749', u'43970876']
15824397397
zsj0911*
0
------------------
17367078621
weiyuxin
42
------------------
15127529708
shijizhe
228.58
------------------
13306522935
zjuZSJ0911*
0
------------------
[Tue Feb 19 11:05:00 2019]	heart_web
[Tue Feb 19 11:05:00 2019]	heart_mobile
[Tue Feb 19 11:05:00 2019]	heart_web
[Tue Feb 19 11:05:00 2019]	heart_mobile
[Tue Feb 19 11:05:00 2019]	heart_web
[Tue Feb 19 11:05:00 2019]	heart_mobile
[Tue Feb 19 11:05:00 2019]	heart_web
[Tue Feb 19 11:05:00 2019]	heart_mobile
[Tue Feb 19 11:10:00 2019]	heart_web
[Tue Feb 19 11:10:00 2019]	heart_mobile
[Tue Feb 19 11:10:00 2019]	heart_web
[Tue Feb 19 11:10:00 2019]	heart_mobile
[Tue Feb 19 11:10:00 2019]	heart_web
[Tue Feb 19 11:10:00 2019]	heart_mobile
[Tue Feb 19 11:10:00 2019]	heart_web
[Tue Feb 19 11:10:00 2019]	heart_mobile
[Tue Feb 19 11:15:00 2019]	heart_web
[Tue Feb 19 11:15:00 2019]	heart_mobile
[Tue Feb 19 11:15:00 2019]	heart_web
[Tue Feb 19 11:15:00 2019]	heart_mobile
[Tue Feb 19 11:15:00 2019]	heart_web
[Tue Feb 19 11:15:00 2019]	heart_mobile
[Tue Feb 19 11:15:00 2019]	heart_web
[Tue Feb 19 11:15:00 2019]	heart_mobile
[Tue Feb 19 11:20:00 2019]	heart_web
[Tue Feb 19 11:20:00 2019]	heart_mobile
[Tue Feb 19 11:20:00 2019]	heart_web
[Tue Feb 19 11:20:00 2019]	heart_mobile
[Tue Feb 19 11:20:00 2019]	heart_web
[Tue Feb 19 11:20:00 2019]	heart_mobile
[Tue Feb 19 11:20:00 2019]	heart_web
[Tue Feb 19 11:20:00 2019]	heart_mobile
[Tue Feb 19 11:25:00 2019]	heart_web
[Tue Feb 19 11:25:00 2019]	heart_mobile
[Tue Feb 19 11:25:00 2019]	heart_web
[Tue Feb 19 11:25:00 2019]	heart_mobile
[Tue Feb 19 11:25:00 2019]	heart_web
[Tue Feb 19 11:25:00 2019]	heart_mobile
[Tue Feb 19 11:25:00 2019]	heart_web
[Tue Feb 19 11:25:00 2019]	heart_mobile
[Tue Feb 19 11:30:00 2019]	heart_web
[Tue Feb 19 11:30:00 2019]	heart_mobile
[Tue Feb 19 11:30:00 2019]	heart_web
[Tue Feb 19 11:30:00 2019]	heart_mobile
[Tue Feb 19 11:30:00 2019]	heart_web
[Tue Feb 19 11:30:00 2019]	heart_mobile
[Tue Feb 19 11:30:00 2019]	heart_web
[Tue Feb 19 11:30:00 2019]	heart_mobile
[Tue Feb 19 11:35:00 2019]	heart_web
[Tue Feb 19 11:35:00 2019]	heart_mobile
[Tue Feb 19 11:35:00 2019]	heart_web
[Tue Feb 19 11:35:00 2019]	heart_mobile
[Tue Feb 19 11:35:00 2019]	heart_web
[Tue Feb 19 11:35:00 2019]	heart_mobile
[Tue Feb 19 11:35:00 2019]	heart_web
[Tue Feb 19 11:35:00 2019]	heart_mobile
[Tue Feb 19 11:40:00 2019]	heart_web
[Tue Feb 19 11:40:00 2019]	heart_mobile
[Tue Feb 19 11:40:00 2019]	heart_web
[Tue Feb 19 11:40:00 2019]	heart_mobile
[Tue Feb 19 11:40:00 2019]	heart_web
[Tue Feb 19 11:40:00 2019]	heart_mobile
[Tue Feb 19 11:40:00 2019]	heart_web
[Tue Feb 19 11:40:00 2019]	heart_mobile
[Tue Feb 19 11:45:00 2019]	heart_web
[Tue Feb 19 11:45:00 2019]	heart_mobile
[Tue Feb 19 11:45:00 2019]	heart_web
[Tue Feb 19 11:45:00 2019]	heart_mobile
[Tue Feb 19 11:45:00 2019]	heart_web
[Tue Feb 19 11:45:00 2019]	heart_mobile
[Tue Feb 19 11:45:00 2019]	heart_web
[Tue Feb 19 11:45:01 2019]	heart_mobile
[Tue Feb 19 11:50:00 2019]	heart_web
[Tue Feb 19 11:50:00 2019]	heart_mobile
[Tue Feb 19 11:50:00 2019]	heart_web
[Tue Feb 19 11:50:00 2019]	heart_mobile
[Tue Feb 19 11:50:00 2019]	heart_web
[Tue Feb 19 11:50:00 2019]	heart_mobile
[Tue Feb 19 11:50:01 2019]	heart_web
[Tue Feb 19 11:50:01 2019]	heart_mobile
[Tue Feb 19 11:55:00 2019]	heart_web
[Tue Feb 19 11:55:00 2019]	heart_mobile
[Tue Feb 19 11:55:00 2019]	heart_web
[Tue Feb 19 11:55:00 2019]	heart_mobile
[Tue Feb 19 11:55:00 2019]	heart_web
[Tue Feb 19 11:55:00 2019]	heart_mobile
[Tue Feb 19 11:55:00 2019]	heart_web
[Tue Feb 19 11:55:00 2019]	heart_mobile
[Tue Feb 19 12:00:00 2019]	heart_web
[Tue Feb 19 12:00:00 2019]	heart_mobile
[Tue Feb 19 12:00:00 2019]	heart_web
[Tue Feb 19 12:00:00 2019]	heart_mobile
[Tue Feb 19 12:00:00 2019]	heart_web
[Tue Feb 19 12:00:00 2019]	heart_mobile
[Tue Feb 19 12:00:00 2019]	heart_web
[Tue Feb 19 12:00:00 2019]	heart_mobile
[u'43992812', u'43970907', u'43940749', u'43970876', u'43914022']
15824397397
zsj0911*
0
------------------
17367078621
weiyuxin
42
------------------
15127529708
shijizhe
228.58
------------------
13306522935
zjuZSJ0911*
0
------------------
[Tue Feb 19 12:05:00 2019]	heart_web
[Tue Feb 19 12:05:00 2019]	heart_mobile
[Tue Feb 19 12:05:00 2019]	heart_web
[Tue Feb 19 12:05:00 2019]	heart_mobile
[Tue Feb 19 12:05:00 2019]	heart_web
[Tue Feb 19 12:05:01 2019]	heart_mobile
[Tue Feb 19 12:05:01 2019]	heart_web
[Tue Feb 19 12:05:01 2019]	heart_mobile
[Tue Feb 19 12:10:00 2019]	heart_web
[Tue Feb 19 12:10:00 2019]	heart_mobile
[Tue Feb 19 12:10:00 2019]	heart_web
[Tue Feb 19 12:10:00 2019]	heart_mobile
[Tue Feb 19 12:10:00 2019]	heart_web
[Tue Feb 19 12:10:00 2019]	heart_mobile
[Tue Feb 19 12:10:00 2019]	heart_web
[Tue Feb 19 12:10:00 2019]	heart_mobile
[Tue Feb 19 12:15:00 2019]	heart_web
[Tue Feb 19 12:15:00 2019]	heart_mobile
[Tue Feb 19 12:15:00 2019]	heart_web
[Tue Feb 19 12:15:00 2019]	heart_mobile
[Tue Feb 19 12:15:00 2019]	heart_web
[Tue Feb 19 12:15:00 2019]	heart_mobile
[Tue Feb 19 12:15:00 2019]	heart_web
[Tue Feb 19 12:15:00 2019]	heart_mobile
[Tue Feb 19 12:20:00 2019]	heart_web
[Tue Feb 19 12:20:00 2019]	heart_mobile
[Tue Feb 19 12:20:00 2019]	heart_web
[Tue Feb 19 12:20:00 2019]	heart_mobile
[Tue Feb 19 12:20:00 2019]	heart_web
[Tue Feb 19 12:20:00 2019]	heart_mobile
[Tue Feb 19 12:20:00 2019]	heart_web
[Tue Feb 19 12:20:00 2019]	heart_mobile
[Tue Feb 19 12:25:00 2019]	heart_web
[Tue Feb 19 12:25:00 2019]	heart_mobile
[Tue Feb 19 12:25:00 2019]	heart_web
[Tue Feb 19 12:25:00 2019]	heart_mobile
[Tue Feb 19 12:25:00 2019]	heart_web
[Tue Feb 19 12:25:00 2019]	heart_mobile
[Tue Feb 19 12:25:00 2019]	heart_web
[Tue Feb 19 12:25:00 2019]	heart_mobile
[Tue Feb 19 12:30:00 2019]	heart_web
[Tue Feb 19 12:30:00 2019]	heart_mobile
[Tue Feb 19 12:30:00 2019]	heart_web
[Tue Feb 19 12:30:00 2019]	heart_mobile
[Tue Feb 19 12:30:00 2019]	heart_web
[Tue Feb 19 12:30:00 2019]	heart_mobile
[Tue Feb 19 12:30:00 2019]	heart_web
[Tue Feb 19 12:30:00 2019]	heart_mobile
[Tue Feb 19 12:35:00 2019]	heart_web
[Tue Feb 19 12:35:00 2019]	heart_mobile
[Tue Feb 19 12:35:00 2019]	heart_web
[Tue Feb 19 12:35:00 2019]	heart_mobile
[Tue Feb 19 12:35:00 2019]	heart_web
[Tue Feb 19 12:35:00 2019]	heart_mobile
[Tue Feb 19 12:35:00 2019]	heart_web
[Tue Feb 19 12:35:01 2019]	heart_mobile
[Tue Feb 19 12:40:00 2019]	heart_web
[Tue Feb 19 12:40:00 2019]	heart_mobile
[Tue Feb 19 12:40:00 2019]	heart_web
[Tue Feb 19 12:40:00 2019]	heart_mobile
[Tue Feb 19 12:40:00 2019]	heart_web
[Tue Feb 19 12:40:00 2019]	heart_mobile
[Tue Feb 19 12:40:00 2019]	heart_web
[Tue Feb 19 12:40:01 2019]	heart_mobile
[Tue Feb 19 12:45:00 2019]	heart_web
[Tue Feb 19 12:45:00 2019]	heart_mobile
[Tue Feb 19 12:45:00 2019]	heart_web
[Tue Feb 19 12:45:00 2019]	heart_mobile
[Tue Feb 19 12:45:00 2019]	heart_web
[Tue Feb 19 12:45:00 2019]	heart_mobile
[Tue Feb 19 12:45:00 2019]	heart_web
[Tue Feb 19 12:45:00 2019]	heart_mobile
[Tue Feb 19 12:50:00 2019]	heart_web
[Tue Feb 19 12:50:00 2019]	heart_mobile
[Tue Feb 19 12:50:00 2019]	heart_web
[Tue Feb 19 12:50:00 2019]	heart_mobile
[Tue Feb 19 12:50:00 2019]	heart_web
[Tue Feb 19 12:50:00 2019]	heart_mobile
[Tue Feb 19 12:50:00 2019]	heart_web
[Tue Feb 19 12:50:01 2019]	heart_mobile
[Tue Feb 19 12:55:00 2019]	heart_web
[Tue Feb 19 12:55:00 2019]	heart_mobile
[Tue Feb 19 12:55:00 2019]	heart_web
[Tue Feb 19 12:55:00 2019]	heart_mobile
[Tue Feb 19 12:55:00 2019]	heart_web
[Tue Feb 19 12:55:00 2019]	heart_mobile
[Tue Feb 19 12:55:00 2019]	heart_web
[Tue Feb 19 12:55:00 2019]	heart_mobile
[Tue Feb 19 13:00:00 2019]	heart_web
[Tue Feb 19 13:00:00 2019]	heart_mobile
[Tue Feb 19 13:00:00 2019]	heart_web
[Tue Feb 19 13:00:00 2019]	heart_mobile
[Tue Feb 19 13:00:00 2019]	heart_web
[Tue Feb 19 13:00:00 2019]	heart_mobile
[Tue Feb 19 13:00:00 2019]	heart_web
[Tue Feb 19 13:00:01 2019]	heart_mobile
[u'43970907', u'43970876', u'43914022', u'43945791', u'43983049']
15824397397
zsj0911*
0
------------------
17367078621
weiyuxin
42
------------------
15127529708
shijizhe
228.58
------------------
13306522935
zjuZSJ0911*
0
------------------
[Tue Feb 19 13:05:00 2019]	heart_web
[Tue Feb 19 13:05:00 2019]	heart_mobile
[Tue Feb 19 13:05:00 2019]	heart_web
[Tue Feb 19 13:05:00 2019]	heart_mobile
[Tue Feb 19 13:05:00 2019]	heart_web
[Tue Feb 19 13:05:00 2019]	heart_mobile
[Tue Feb 19 13:05:00 2019]	heart_web
[Tue Feb 19 13:05:01 2019]	heart_mobile
[Tue Feb 19 13:10:00 2019]	heart_web
[Tue Feb 19 13:10:00 2019]	heart_mobile
[Tue Feb 19 13:10:00 2019]	heart_web
[Tue Feb 19 13:10:00 2019]	heart_mobile
[Tue Feb 19 13:10:00 2019]	heart_web
[Tue Feb 19 13:10:00 2019]	heart_mobile
[Tue Feb 19 13:10:00 2019]	heart_web
[Tue Feb 19 13:10:00 2019]	heart_mobile
[Tue Feb 19 13:15:00 2019]	heart_web
[Tue Feb 19 13:15:00 2019]	heart_mobile
[Tue Feb 19 13:15:00 2019]	heart_web
[Tue Feb 19 13:15:00 2019]	heart_mobile
[Tue Feb 19 13:15:00 2019]	heart_web
[Tue Feb 19 13:15:00 2019]	heart_mobile
[Tue Feb 19 13:15:00 2019]	heart_web
[Tue Feb 19 13:15:00 2019]	heart_mobile
[Tue Feb 19 13:20:00 2019]	heart_web
[Tue Feb 19 13:20:00 2019]	heart_mobile
[Tue Feb 19 13:20:00 2019]	heart_web
[Tue Feb 19 13:20:00 2019]	heart_mobile
[Tue Feb 19 13:20:00 2019]	heart_web
[Tue Feb 19 13:20:00 2019]	heart_mobile
[Tue Feb 19 13:20:00 2019]	heart_web
[Tue Feb 19 13:20:00 2019]	heart_mobile
[Tue Feb 19 13:25:00 2019]	heart_web
[Tue Feb 19 13:25:00 2019]	heart_mobile
[Tue Feb 19 13:25:00 2019]	heart_web
[Tue Feb 19 13:25:00 2019]	heart_mobile
[Tue Feb 19 13:25:00 2019]	heart_web
[Tue Feb 19 13:25:00 2019]	heart_mobile
[Tue Feb 19 13:25:01 2019]	heart_web
[Tue Feb 19 13:25:01 2019]	heart_mobile
[Tue Feb 19 13:30:00 2019]	heart_web
[Tue Feb 19 13:30:00 2019]	heart_mobile
[Tue Feb 19 13:30:00 2019]	heart_web
[Tue Feb 19 13:30:00 2019]	heart_mobile
[Tue Feb 19 13:30:00 2019]	heart_web
[Tue Feb 19 13:30:00 2019]	heart_mobile
[Tue Feb 19 13:30:00 2019]	heart_web
[Tue Feb 19 13:30:00 2019]	heart_mobile
[Tue Feb 19 13:35:00 2019]	heart_web
[Tue Feb 19 13:35:00 2019]	heart_mobile
[Tue Feb 19 13:35:00 2019]	heart_web
[Tue Feb 19 13:35:00 2019]	heart_mobile
[Tue Feb 19 13:35:00 2019]	heart_web
[Tue Feb 19 13:35:00 2019]	heart_mobile
[Tue Feb 19 13:35:00 2019]	heart_web
[Tue Feb 19 13:35:01 2019]	heart_mobile
[Tue Feb 19 13:40:00 2019]	heart_web
[Tue Feb 19 13:40:00 2019]	heart_mobile
[Tue Feb 19 13:40:00 2019]	heart_web
[Tue Feb 19 13:40:00 2019]	heart_mobile
[Tue Feb 19 13:40:00 2019]	heart_web
[Tue Feb 19 13:40:00 2019]	heart_mobile
[Tue Feb 19 13:40:00 2019]	heart_web
[Tue Feb 19 13:40:00 2019]	heart_mobile
[Tue Feb 19 13:45:00 2019]	heart_web
[Tue Feb 19 13:45:00 2019]	heart_mobile
[Tue Feb 19 13:45:00 2019]	heart_web
[Tue Feb 19 13:45:00 2019]	heart_mobile
[Tue Feb 19 13:45:00 2019]	heart_web
[Tue Feb 19 13:45:00 2019]	heart_mobile
[Tue Feb 19 13:45:00 2019]	heart_web
[Tue Feb 19 13:45:00 2019]	heart_mobile
[Tue Feb 19 13:50:00 2019]	heart_web
[Tue Feb 19 13:50:00 2019]	heart_mobile
[Tue Feb 19 13:50:00 2019]	heart_web
[Tue Feb 19 13:50:00 2019]	heart_mobile
[Tue Feb 19 13:50:00 2019]	heart_web
[Tue Feb 19 13:50:00 2019]	heart_mobile
[Tue Feb 19 13:50:00 2019]	heart_web
[Tue Feb 19 13:50:00 2019]	heart_mobile
[Tue Feb 19 13:55:00 2019]	heart_web
[Tue Feb 19 13:55:00 2019]	heart_mobile
[Tue Feb 19 13:55:00 2019]	heart_web
[Tue Feb 19 13:55:00 2019]	heart_mobile
[Tue Feb 19 13:55:00 2019]	heart_web
[Tue Feb 19 13:55:00 2019]	heart_mobile
[Tue Feb 19 13:55:00 2019]	heart_web
[Tue Feb 19 13:55:00 2019]	heart_mobile
[Tue Feb 19 14:00:00 2019]	heart_web
[Tue Feb 19 14:00:00 2019]	heart_mobile
[Tue Feb 19 14:00:00 2019]	heart_web
[Tue Feb 19 14:00:00 2019]	heart_mobile
[Tue Feb 19 14:00:00 2019]	heart_web
[Tue Feb 19 14:00:00 2019]	heart_mobile
[Tue Feb 19 14:00:00 2019]	heart_web
[Tue Feb 19 14:00:00 2019]	heart_mobile
[u'43970907', u'43970876', u'43914022', u'43945791', u'43983049']
15824397397
zsj0911*
0
------------------
17367078621
weiyuxin
42
------------------
15127529708
shijizhe
228.58
------------------
13306522935
zjuZSJ0911*
0
------------------
[Tue Feb 19 14:05:00 2019]	heart_web
[Tue Feb 19 14:05:00 2019]	heart_mobile
[Tue Feb 19 14:05:00 2019]	heart_web
[Tue Feb 19 14:05:00 2019]	heart_mobile
[Tue Feb 19 14:05:00 2019]	heart_web
[Tue Feb 19 14:05:00 2019]	heart_mobile
[Tue Feb 19 14:05:00 2019]	heart_web
[Tue Feb 19 14:05:00 2019]	heart_mobile
[Tue Feb 19 14:10:00 2019]	heart_web
[Tue Feb 19 14:10:00 2019]	heart_mobile
[Tue Feb 19 14:10:00 2019]	heart_web
[Tue Feb 19 14:10:00 2019]	heart_mobile
[Tue Feb 19 14:10:00 2019]	heart_web
[Tue Feb 19 14:10:00 2019]	heart_mobile
[Tue Feb 19 14:10:00 2019]	heart_web
[Tue Feb 19 14:10:00 2019]	heart_mobile
[Tue Feb 19 14:15:00 2019]	heart_web
[Tue Feb 19 14:15:00 2019]	heart_mobile
[Tue Feb 19 14:15:00 2019]	heart_web
[Tue Feb 19 14:15:00 2019]	heart_mobile
[Tue Feb 19 14:15:00 2019]	heart_web
[Tue Feb 19 14:15:00 2019]	heart_mobile
[Tue Feb 19 14:15:00 2019]	heart_web
[Tue Feb 19 14:15:00 2019]	heart_mobile
[Tue Feb 19 14:20:00 2019]	heart_web
[Tue Feb 19 14:20:00 2019]	heart_mobile
[Tue Feb 19 14:20:00 2019]	heart_web
[Tue Feb 19 14:20:00 2019]	heart_mobile
[Tue Feb 19 14:20:00 2019]	heart_web
[Tue Feb 19 14:20:00 2019]	heart_mobile
[Tue Feb 19 14:20:00 2019]	heart_web
[Tue Feb 19 14:20:00 2019]	heart_mobile
[Tue Feb 19 14:25:00 2019]	heart_web
[Tue Feb 19 14:25:00 2019]	heart_mobile
[Tue Feb 19 14:25:00 2019]	heart_web
[Tue Feb 19 14:25:00 2019]	heart_mobile
[Tue Feb 19 14:25:00 2019]	heart_web
[Tue Feb 19 14:25:00 2019]	heart_mobile
[Tue Feb 19 14:25:00 2019]	heart_web
[Tue Feb 19 14:25:00 2019]	heart_mobile
[Tue Feb 19 14:30:00 2019]	heart_web
[Tue Feb 19 14:30:00 2019]	heart_mobile
[Tue Feb 19 14:30:00 2019]	heart_web
[Tue Feb 19 14:30:00 2019]	heart_mobile
[Tue Feb 19 14:30:00 2019]	heart_web
[Tue Feb 19 14:30:00 2019]	heart_mobile
[Tue Feb 19 14:30:00 2019]	heart_web
[Tue Feb 19 14:30:01 2019]	heart_mobile
[Tue Feb 19 14:35:00 2019]	heart_web
[Tue Feb 19 14:35:00 2019]	heart_mobile
[Tue Feb 19 14:35:00 2019]	heart_web
[Tue Feb 19 14:35:00 2019]	heart_mobile
[Tue Feb 19 14:35:00 2019]	heart_web
[Tue Feb 19 14:35:00 2019]	heart_mobile
[Tue Feb 19 14:35:00 2019]	heart_web
[Tue Feb 19 14:35:00 2019]	heart_mobile
[Tue Feb 19 14:40:00 2019]	heart_web
[Tue Feb 19 14:40:00 2019]	heart_mobile
[Tue Feb 19 14:40:00 2019]	heart_web
[Tue Feb 19 14:40:00 2019]	heart_mobile
[Tue Feb 19 14:40:00 2019]	heart_web
[Tue Feb 19 14:40:00 2019]	heart_mobile
[Tue Feb 19 14:40:00 2019]	heart_web
[Tue Feb 19 14:40:00 2019]	heart_mobile
[Tue Feb 19 14:45:00 2019]	heart_web
[Tue Feb 19 14:45:00 2019]	heart_mobile
[Tue Feb 19 14:45:00 2019]	heart_web
[Tue Feb 19 14:45:00 2019]	heart_mobile
[Tue Feb 19 14:45:00 2019]	heart_web
[Tue Feb 19 14:45:00 2019]	heart_mobile
[Tue Feb 19 14:45:00 2019]	heart_web
[Tue Feb 19 14:45:00 2019]	heart_mobile
[Tue Feb 19 14:50:00 2019]	heart_web
[Tue Feb 19 14:50:00 2019]	heart_mobile
[Tue Feb 19 14:50:00 2019]	heart_web
[Tue Feb 19 14:50:00 2019]	heart_mobile
[Tue Feb 19 14:50:00 2019]	heart_web
[Tue Feb 19 14:50:00 2019]	heart_mobile
[Tue Feb 19 14:50:00 2019]	heart_web
[Tue Feb 19 14:50:00 2019]	heart_mobile
[Tue Feb 19 14:55:00 2019]	heart_web
[Tue Feb 19 14:55:00 2019]	heart_mobile
[Tue Feb 19 14:55:00 2019]	heart_web
[Tue Feb 19 14:55:00 2019]	heart_mobile
[Tue Feb 19 14:55:00 2019]	heart_web
[Tue Feb 19 14:55:00 2019]	heart_mobile
[Tue Feb 19 14:55:00 2019]	heart_web
[Tue Feb 19 14:55:00 2019]	heart_mobile
[Tue Feb 19 15:00:00 2019]	heart_web
[Tue Feb 19 15:00:00 2019]	heart_mobile
[Tue Feb 19 15:00:00 2019]	heart_web
[Tue Feb 19 15:00:00 2019]	heart_mobile
[Tue Feb 19 15:00:00 2019]	heart_web
[Tue Feb 19 15:00:00 2019]	heart_mobile
[Tue Feb 19 15:00:00 2019]	heart_web
[Tue Feb 19 15:00:00 2019]	heart_mobile
[u'43992812', u'44013426', u'43970907', u'43970876', u'43914022']
15824397397
zsj0911*
0
------------------
17367078621
weiyuxin
42
------------------
15127529708
shijizhe
228.58
------------------
13306522935
zjuZSJ0911*
0
------------------
[Tue Feb 19 15:05:00 2019]	heart_web
[Tue Feb 19 15:05:00 2019]	heart_mobile
[Tue Feb 19 15:05:00 2019]	heart_web
[Tue Feb 19 15:05:00 2019]	heart_mobile
[Tue Feb 19 15:05:00 2019]	heart_web
[Tue Feb 19 15:05:00 2019]	heart_mobile
[Tue Feb 19 15:05:00 2019]	heart_web
[Tue Feb 19 15:05:01 2019]	heart_mobile
[Tue Feb 19 15:10:01 2019]	heart_web
[Tue Feb 19 15:10:01 2019]	heart_mobile
[Tue Feb 19 15:10:01 2019]	heart_web
[Tue Feb 19 15:10:01 2019]	heart_mobile
[Tue Feb 19 15:10:01 2019]	heart_web
[Tue Feb 19 15:10:01 2019]	heart_mobile
[Tue Feb 19 15:10:01 2019]	heart_web
[Tue Feb 19 15:10:01 2019]	heart_mobile
[Tue Feb 19 15:15:00 2019]	heart_web
[Tue Feb 19 15:15:00 2019]	heart_mobile
[Tue Feb 19 15:15:00 2019]	heart_web
[Tue Feb 19 15:15:00 2019]	heart_mobile
[Tue Feb 19 15:15:00 2019]	heart_web
[Tue Feb 19 15:15:00 2019]	heart_mobile
[Tue Feb 19 15:15:00 2019]	heart_web
[Tue Feb 19 15:15:00 2019]	heart_mobile
[Tue Feb 19 15:20:00 2019]	heart_web
[Tue Feb 19 15:20:00 2019]	heart_mobile
[Tue Feb 19 15:20:00 2019]	heart_web
[Tue Feb 19 15:20:00 2019]	heart_mobile
[Tue Feb 19 15:20:00 2019]	heart_web
[Tue Feb 19 15:20:00 2019]	heart_mobile
[Tue Feb 19 15:20:00 2019]	heart_web
[Tue Feb 19 15:20:00 2019]	heart_mobile
[Tue Feb 19 15:25:00 2019]	heart_web
[Tue Feb 19 15:25:00 2019]	heart_mobile
[Tue Feb 19 15:25:00 2019]	heart_web
[Tue Feb 19 15:25:00 2019]	heart_mobile
[Tue Feb 19 15:25:00 2019]	heart_web
[Tue Feb 19 15:25:00 2019]	heart_mobile
[Tue Feb 19 15:25:00 2019]	heart_web
[Tue Feb 19 15:25:00 2019]	heart_mobile
[Tue Feb 19 15:30:00 2019]	heart_web
[Tue Feb 19 15:30:00 2019]	heart_mobile
[Tue Feb 19 15:30:00 2019]	heart_web
[Tue Feb 19 15:30:00 2019]	heart_mobile
[Tue Feb 19 15:30:00 2019]	heart_web
[Tue Feb 19 15:30:00 2019]	heart_mobile
[Tue Feb 19 15:30:00 2019]	heart_web
[Tue Feb 19 15:30:00 2019]	heart_mobile
[Tue Feb 19 15:35:00 2019]	heart_web
[Tue Feb 19 15:35:00 2019]	heart_mobile
[Tue Feb 19 15:35:00 2019]	heart_web
[Tue Feb 19 15:35:00 2019]	heart_mobile
[Tue Feb 19 15:35:00 2019]	heart_web
[Tue Feb 19 15:35:00 2019]	heart_mobile
[Tue Feb 19 15:35:00 2019]	heart_web
[Tue Feb 19 15:35:00 2019]	heart_mobile
[Tue Feb 19 15:40:00 2019]	heart_web
[Tue Feb 19 15:40:00 2019]	heart_mobile
[Tue Feb 19 15:40:00 2019]	heart_web
[Tue Feb 19 15:40:00 2019]	heart_mobile
[Tue Feb 19 15:40:00 2019]	heart_web
[Tue Feb 19 15:40:00 2019]	heart_mobile
[Tue Feb 19 15:40:00 2019]	heart_web
[Tue Feb 19 15:40:00 2019]	heart_mobile
[Tue Feb 19 15:45:00 2019]	heart_web
[Tue Feb 19 15:45:00 2019]	heart_mobile
[Tue Feb 19 15:45:00 2019]	heart_web
[Tue Feb 19 15:45:00 2019]	heart_mobile
[Tue Feb 19 15:45:00 2019]	heart_web
[Tue Feb 19 15:45:00 2019]	heart_mobile
[Tue Feb 19 15:45:00 2019]	heart_web
[Tue Feb 19 15:45:01 2019]	heart_mobile
[Tue Feb 19 15:50:00 2019]	heart_web
[Tue Feb 19 15:50:00 2019]	heart_mobile
[Tue Feb 19 15:50:00 2019]	heart_web
[Tue Feb 19 15:50:00 2019]	heart_mobile
[Tue Feb 19 15:50:00 2019]	heart_web
[Tue Feb 19 15:50:00 2019]	heart_mobile
[Tue Feb 19 15:50:00 2019]	heart_web
[Tue Feb 19 15:50:00 2019]	heart_mobile
[Tue Feb 19 15:55:00 2019]	heart_web
[Tue Feb 19 15:55:00 2019]	heart_mobile
[Tue Feb 19 15:55:00 2019]	heart_web
[Tue Feb 19 15:55:00 2019]	heart_mobile
[Tue Feb 19 15:55:00 2019]	heart_web
[Tue Feb 19 15:55:00 2019]	heart_mobile
[Tue Feb 19 15:55:00 2019]	heart_web
[Tue Feb 19 15:55:00 2019]	heart_mobile
[Tue Feb 19 16:00:00 2019]	heart_web
[Tue Feb 19 16:00:00 2019]	heart_mobile
[Tue Feb 19 16:00:00 2019]	heart_web
[Tue Feb 19 16:00:00 2019]	heart_mobile
[Tue Feb 19 16:00:00 2019]	heart_web
[Tue Feb 19 16:00:00 2019]	heart_mobile
[Tue Feb 19 16:00:00 2019]	heart_web
[Tue Feb 19 16:00:00 2019]	heart_mobile
[u'44008197', u'43970907', u'43970876', u'43914022', u'43983049']
15824397397
zsj0911*
0
------------------
17367078621
weiyuxin
42
------------------
15127529708
shijizhe
228.58
------------------
13306522935
zjuZSJ0911*
0
------------------
[Tue Feb 19 16:05:00 2019]	heart_web
[Tue Feb 19 16:05:00 2019]	heart_mobile
[Tue Feb 19 16:05:00 2019]	heart_web
[Tue Feb 19 16:05:00 2019]	heart_mobile
[Tue Feb 19 16:05:00 2019]	heart_web
[Tue Feb 19 16:05:00 2019]	heart_mobile
[Tue Feb 19 16:05:00 2019]	heart_web
[Tue Feb 19 16:05:00 2019]	heart_mobile
[Tue Feb 19 16:10:00 2019]	heart_web
[Tue Feb 19 16:10:00 2019]	heart_mobile
[Tue Feb 19 16:10:00 2019]	heart_web
[Tue Feb 19 16:10:00 2019]	heart_mobile
[Tue Feb 19 16:10:00 2019]	heart_web
[Tue Feb 19 16:10:00 2019]	heart_mobile
[Tue Feb 19 16:10:00 2019]	heart_web
[Tue Feb 19 16:10:00 2019]	heart_mobile
[Tue Feb 19 16:15:00 2019]	heart_web
[Tue Feb 19 16:15:00 2019]	heart_mobile
[Tue Feb 19 16:15:00 2019]	heart_web
[Tue Feb 19 16:15:00 2019]	heart_mobile
[Tue Feb 19 16:15:00 2019]	heart_web
[Tue Feb 19 16:15:00 2019]	heart_mobile
[Tue Feb 19 16:15:00 2019]	heart_web
[Tue Feb 19 16:15:00 2019]	heart_mobile
[Tue Feb 19 16:20:00 2019]	heart_web
[Tue Feb 19 16:20:00 2019]	heart_mobile
[Tue Feb 19 16:20:00 2019]	heart_web
[Tue Feb 19 16:20:00 2019]	heart_mobile
[Tue Feb 19 16:20:00 2019]	heart_web
[Tue Feb 19 16:20:00 2019]	heart_mobile
[Tue Feb 19 16:20:00 2019]	heart_web
[Tue Feb 19 16:20:00 2019]	heart_mobile
[Tue Feb 19 16:25:00 2019]	heart_web
[Tue Feb 19 16:25:00 2019]	heart_mobile
[Tue Feb 19 16:25:00 2019]	heart_web
[Tue Feb 19 16:25:00 2019]	heart_mobile
[Tue Feb 19 16:25:00 2019]	heart_web
[Tue Feb 19 16:25:00 2019]	heart_mobile
[Tue Feb 19 16:25:00 2019]	heart_web
[Tue Feb 19 16:25:00 2019]	heart_mobile
[Tue Feb 19 16:30:00 2019]	heart_web
[Tue Feb 19 16:30:00 2019]	heart_mobile
[Tue Feb 19 16:30:00 2019]	heart_web
[Tue Feb 19 16:30:00 2019]	heart_mobile
[Tue Feb 19 16:30:00 2019]	heart_web
[Tue Feb 19 16:30:00 2019]	heart_mobile
[Tue Feb 19 16:30:00 2019]	heart_web
[Tue Feb 19 16:30:00 2019]	heart_mobile
[Tue Feb 19 16:35:00 2019]	heart_web
[Tue Feb 19 16:35:00 2019]	heart_mobile
[Tue Feb 19 16:35:00 2019]	heart_web
[Tue Feb 19 16:35:00 2019]	heart_mobile
[Tue Feb 19 16:35:00 2019]	heart_web
[Tue Feb 19 16:35:00 2019]	heart_mobile
[Tue Feb 19 16:35:00 2019]	heart_web
[Tue Feb 19 16:35:00 2019]	heart_mobile
[Tue Feb 19 16:40:00 2019]	heart_web
[Tue Feb 19 16:40:00 2019]	heart_mobile
[Tue Feb 19 16:40:00 2019]	heart_web
[Tue Feb 19 16:40:00 2019]	heart_mobile
[Tue Feb 19 16:40:00 2019]	heart_web
[Tue Feb 19 16:40:00 2019]	heart_mobile
[Tue Feb 19 16:40:00 2019]	heart_web
[Tue Feb 19 16:40:00 2019]	heart_mobile
[Tue Feb 19 16:45:00 2019]	heart_web
[Tue Feb 19 16:45:00 2019]	heart_mobile
[Tue Feb 19 16:45:00 2019]	heart_web
[Tue Feb 19 16:45:00 2019]	heart_mobile
[Tue Feb 19 16:45:00 2019]	heart_web
[Tue Feb 19 16:45:00 2019]	heart_mobile
[Tue Feb 19 16:45:00 2019]	heart_web
[Tue Feb 19 16:45:00 2019]	heart_mobile
[Tue Feb 19 16:50:00 2019]	heart_web
[Tue Feb 19 16:50:00 2019]	heart_mobile
[Tue Feb 19 16:50:00 2019]	heart_web
[Tue Feb 19 16:50:00 2019]	heart_mobile
[Tue Feb 19 16:50:00 2019]	heart_web
[Tue Feb 19 16:50:00 2019]	heart_mobile
[Tue Feb 19 16:50:00 2019]	heart_web
[Tue Feb 19 16:50:00 2019]	heart_mobile
[Tue Feb 19 16:55:00 2019]	heart_web
[Tue Feb 19 16:55:00 2019]	heart_mobile
[Tue Feb 19 16:55:00 2019]	heart_web
[Tue Feb 19 16:55:00 2019]	heart_mobile
[Tue Feb 19 16:55:00 2019]	heart_web
[Tue Feb 19 16:55:00 2019]	heart_mobile
[Tue Feb 19 16:55:00 2019]	heart_web
[Tue Feb 19 16:55:00 2019]	heart_mobile
[Tue Feb 19 17:00:00 2019]	heart_web
[Tue Feb 19 17:00:00 2019]	heart_mobile
[Tue Feb 19 17:00:00 2019]	heart_web
[Tue Feb 19 17:00:00 2019]	heart_mobile
[Tue Feb 19 17:00:00 2019]	heart_web
[Tue Feb 19 17:00:00 2019]	heart_mobile
[Tue Feb 19 17:00:00 2019]	heart_web
[Tue Feb 19 17:00:00 2019]	heart_mobile
[u'43970907', u'43970876', u'43914022', u'44067979', u'43983049']
15824397397
zsj0911*
0
------------------
17367078621
weiyuxin
42
------------------
15127529708
shijizhe
228.58
------------------
13306522935
zjuZSJ0911*
0
------------------
[Tue Feb 19 17:05:00 2019]	heart_web
[Tue Feb 19 17:05:00 2019]	heart_mobile
[Tue Feb 19 17:05:00 2019]	heart_web
[Tue Feb 19 17:05:00 2019]	heart_mobile
[Tue Feb 19 17:05:00 2019]	heart_web
[Tue Feb 19 17:05:00 2019]	heart_mobile
[Tue Feb 19 17:05:00 2019]	heart_web
[Tue Feb 19 17:05:00 2019]	heart_mobile
[Tue Feb 19 17:10:00 2019]	heart_web
[Tue Feb 19 17:10:00 2019]	heart_mobile
[Tue Feb 19 17:10:00 2019]	heart_web
[Tue Feb 19 17:10:00 2019]	heart_mobile
[Tue Feb 19 17:10:00 2019]	heart_web
[Tue Feb 19 17:10:00 2019]	heart_mobile
[Tue Feb 19 17:10:00 2019]	heart_web
[Tue Feb 19 17:10:00 2019]	heart_mobile
[Tue Feb 19 17:15:00 2019]	heart_web
[Tue Feb 19 17:15:00 2019]	heart_mobile
[Tue Feb 19 17:15:00 2019]	heart_web
[Tue Feb 19 17:15:00 2019]	heart_mobile
[Tue Feb 19 17:15:00 2019]	heart_web
[Tue Feb 19 17:15:00 2019]	heart_mobile
[Tue Feb 19 17:15:00 2019]	heart_web
[Tue Feb 19 17:15:00 2019]	heart_mobile
[Tue Feb 19 17:20:00 2019]	heart_web
[Tue Feb 19 17:20:00 2019]	heart_mobile
[Tue Feb 19 17:20:00 2019]	heart_web
[Tue Feb 19 17:20:00 2019]	heart_mobile
[Tue Feb 19 17:20:00 2019]	heart_web
[Tue Feb 19 17:20:00 2019]	heart_mobile
[Tue Feb 19 17:20:00 2019]	heart_web
[Tue Feb 19 17:20:00 2019]	heart_mobile
[Tue Feb 19 17:25:00 2019]	heart_web
[Tue Feb 19 17:25:00 2019]	heart_mobile
[Tue Feb 19 17:25:00 2019]	heart_web
[Tue Feb 19 17:25:00 2019]	heart_mobile
[Tue Feb 19 17:25:00 2019]	heart_web
[Tue Feb 19 17:25:00 2019]	heart_mobile
[Tue Feb 19 17:25:01 2019]	heart_web
[Tue Feb 19 17:25:01 2019]	heart_mobile
[Tue Feb 19 17:30:00 2019]	heart_web
[Tue Feb 19 17:30:00 2019]	heart_mobile
[Tue Feb 19 17:30:00 2019]	heart_web
[Tue Feb 19 17:30:00 2019]	heart_mobile
[Tue Feb 19 17:30:00 2019]	heart_web
[Tue Feb 19 17:30:00 2019]	heart_mobile
[Tue Feb 19 17:30:00 2019]	heart_web
[Tue Feb 19 17:30:00 2019]	heart_mobile
[Tue Feb 19 17:35:00 2019]	heart_web
[Tue Feb 19 17:35:00 2019]	heart_mobile
[Tue Feb 19 17:35:00 2019]	heart_web
[Tue Feb 19 17:35:00 2019]	heart_mobile
[Tue Feb 19 17:35:00 2019]	heart_web
[Tue Feb 19 17:35:00 2019]	heart_mobile
[Tue Feb 19 17:35:00 2019]	heart_web
[Tue Feb 19 17:35:00 2019]	heart_mobile
[Tue Feb 19 17:40:00 2019]	heart_web
[Tue Feb 19 17:40:00 2019]	heart_mobile
[Tue Feb 19 17:40:00 2019]	heart_web
[Tue Feb 19 17:40:00 2019]	heart_mobile
[Tue Feb 19 17:40:00 2019]	heart_web
[Tue Feb 19 17:40:00 2019]	heart_mobile
[Tue Feb 19 17:40:00 2019]	heart_web
[Tue Feb 19 17:40:00 2019]	heart_mobile
[Tue Feb 19 17:45:00 2019]	heart_web
[Tue Feb 19 17:45:00 2019]	heart_mobile
[Tue Feb 19 17:45:00 2019]	heart_web
[Tue Feb 19 17:45:00 2019]	heart_mobile
[Tue Feb 19 17:45:00 2019]	heart_web
[Tue Feb 19 17:45:00 2019]	heart_mobile
[Tue Feb 19 17:45:00 2019]	heart_web
[Tue Feb 19 17:45:00 2019]	heart_mobile
[Tue Feb 19 17:50:00 2019]	heart_web
[Tue Feb 19 17:50:00 2019]	heart_mobile
[Tue Feb 19 17:50:00 2019]	heart_web
[Tue Feb 19 17:50:00 2019]	heart_mobile
[Tue Feb 19 17:50:00 2019]	heart_web
[Tue Feb 19 17:50:00 2019]	heart_mobile
[Tue Feb 19 17:50:00 2019]	heart_web
[Tue Feb 19 17:50:00 2019]	heart_mobile
[Tue Feb 19 17:55:00 2019]	heart_web
[Tue Feb 19 17:55:00 2019]	heart_mobile
[Tue Feb 19 17:55:00 2019]	heart_web
[Tue Feb 19 17:55:00 2019]	heart_mobile
[Tue Feb 19 17:55:00 2019]	heart_web
[Tue Feb 19 17:55:00 2019]	heart_mobile
[Tue Feb 19 17:55:00 2019]	heart_web
[Tue Feb 19 17:55:00 2019]	heart_mobile
[Tue Feb 19 18:00:00 2019]	heart_web
[Tue Feb 19 18:00:00 2019]	heart_mobile
[Tue Feb 19 18:00:00 2019]	heart_web
[Tue Feb 19 18:00:00 2019]	heart_mobile
[Tue Feb 19 18:00:00 2019]	heart_web
[Tue Feb 19 18:00:00 2019]	heart_mobile
[Tue Feb 19 18:00:00 2019]	heart_web
[Tue Feb 19 18:00:00 2019]	heart_mobile
[u'44008197', u'43970907', u'44067979', u'43983049', u'44050307']
15824397397
zsj0911*
0
------------------
17367078621
weiyuxin
42
------------------
15127529708
shijizhe
228.58
------------------
13306522935
zjuZSJ0911*
0
------------------
[Tue Feb 19 18:05:00 2019]	heart_web
[Tue Feb 19 18:05:00 2019]	heart_mobile
[Tue Feb 19 18:05:00 2019]	heart_web
[Tue Feb 19 18:05:00 2019]	heart_mobile
[Tue Feb 19 18:05:00 2019]	heart_web
[Tue Feb 19 18:05:00 2019]	heart_mobile
[Tue Feb 19 18:05:00 2019]	heart_web
[Tue Feb 19 18:05:00 2019]	heart_mobile
[Tue Feb 19 18:10:00 2019]	heart_web
[Tue Feb 19 18:10:00 2019]	heart_mobile
[Tue Feb 19 18:10:00 2019]	heart_web
[Tue Feb 19 18:10:00 2019]	heart_mobile
[Tue Feb 19 18:10:00 2019]	heart_web
[Tue Feb 19 18:10:00 2019]	heart_mobile
[Tue Feb 19 18:10:00 2019]	heart_web
[Tue Feb 19 18:10:00 2019]	heart_mobile
[Tue Feb 19 18:15:00 2019]	heart_web
[Tue Feb 19 18:15:00 2019]	heart_mobile
[Tue Feb 19 18:15:00 2019]	heart_web
[Tue Feb 19 18:15:00 2019]	heart_mobile
[Tue Feb 19 18:15:00 2019]	heart_web
[Tue Feb 19 18:15:00 2019]	heart_mobile
[Tue Feb 19 18:15:00 2019]	heart_web
[Tue Feb 19 18:15:01 2019]	heart_mobile
[Tue Feb 19 18:20:00 2019]	heart_web
[Tue Feb 19 18:20:00 2019]	heart_mobile
[Tue Feb 19 18:20:00 2019]	heart_web
[Tue Feb 19 18:20:00 2019]	heart_mobile
[Tue Feb 19 18:20:00 2019]	heart_web
[Tue Feb 19 18:20:00 2019]	heart_mobile
[Tue Feb 19 18:20:00 2019]	heart_web
[Tue Feb 19 18:20:01 2019]	heart_mobile
[Tue Feb 19 18:25:00 2019]	heart_web
[Tue Feb 19 18:25:00 2019]	heart_mobile
[Tue Feb 19 18:25:00 2019]	heart_web
[Tue Feb 19 18:25:00 2019]	heart_mobile
[Tue Feb 19 18:25:00 2019]	heart_web
[Tue Feb 19 18:25:00 2019]	heart_mobile
[Tue Feb 19 18:25:00 2019]	heart_web
[Tue Feb 19 18:25:00 2019]	heart_mobile
[Tue Feb 19 18:30:00 2019]	heart_web
[Tue Feb 19 18:30:00 2019]	heart_mobile
[Tue Feb 19 18:30:00 2019]	heart_web
[Tue Feb 19 18:30:00 2019]	heart_mobile
[Tue Feb 19 18:30:00 2019]	heart_web
[Tue Feb 19 18:30:00 2019]	heart_mobile
[Tue Feb 19 18:30:00 2019]	heart_web
[Tue Feb 19 18:30:00 2019]	heart_mobile
[Tue Feb 19 18:35:00 2019]	heart_web
[Tue Feb 19 18:35:00 2019]	heart_mobile
[Tue Feb 19 18:35:00 2019]	heart_web
[Tue Feb 19 18:35:00 2019]	heart_mobile
[Tue Feb 19 18:35:00 2019]	heart_web
[Tue Feb 19 18:35:00 2019]	heart_mobile
[Tue Feb 19 18:35:00 2019]	heart_web
[Tue Feb 19 18:35:00 2019]	heart_mobile
[Tue Feb 19 18:40:00 2019]	heart_web
[Tue Feb 19 18:40:00 2019]	heart_mobile
[Tue Feb 19 18:40:00 2019]	heart_web
[Tue Feb 19 18:40:00 2019]	heart_mobile
[Tue Feb 19 18:40:00 2019]	heart_web
[Tue Feb 19 18:40:00 2019]	heart_mobile
[Tue Feb 19 18:40:01 2019]	heart_web
[Tue Feb 19 18:40:01 2019]	heart_mobile
[Tue Feb 19 18:45:00 2019]	heart_web
[Tue Feb 19 18:45:00 2019]	heart_mobile
[Tue Feb 19 18:45:00 2019]	heart_web
[Tue Feb 19 18:45:00 2019]	heart_mobile
[Tue Feb 19 18:45:00 2019]	heart_web
[Tue Feb 19 18:45:00 2019]	heart_mobile
[Tue Feb 19 18:45:00 2019]	heart_web
[Tue Feb 19 18:45:01 2019]	heart_mobile
[Tue Feb 19 18:50:00 2019]	heart_web
[Tue Feb 19 18:50:00 2019]	heart_mobile
[Tue Feb 19 18:50:00 2019]	heart_web
[Tue Feb 19 18:50:00 2019]	heart_mobile
[Tue Feb 19 18:50:00 2019]	heart_web
[Tue Feb 19 18:50:00 2019]	heart_mobile
[Tue Feb 19 18:50:00 2019]	heart_web
[Tue Feb 19 18:50:01 2019]	heart_mobile
[Tue Feb 19 18:55:00 2019]	heart_web
[Tue Feb 19 18:55:00 2019]	heart_mobile
[Tue Feb 19 18:55:00 2019]	heart_web
[Tue Feb 19 18:55:00 2019]	heart_mobile
[Tue Feb 19 18:55:00 2019]	heart_web
[Tue Feb 19 18:55:00 2019]	heart_mobile
[Tue Feb 19 18:55:00 2019]	heart_web
[Tue Feb 19 18:55:00 2019]	heart_mobile
[Tue Feb 19 19:00:00 2019]	heart_web
[Tue Feb 19 19:00:00 2019]	heart_mobile
[Tue Feb 19 19:00:00 2019]	heart_web
[Tue Feb 19 19:00:00 2019]	heart_mobile
[Tue Feb 19 19:00:00 2019]	heart_web
[Tue Feb 19 19:00:00 2019]	heart_mobile
[Tue Feb 19 19:00:00 2019]	heart_web
[Tue Feb 19 19:00:00 2019]	heart_mobile
[u'44008197', u'44067979', u'44056634', u'44050307', u'43992450']
15824397397
zsj0911*
0
------------------
17367078621
weiyuxin
42
------------------
15127529708
shijizhe
228.58
------------------
13306522935
zjuZSJ0911*
0
------------------
[Tue Feb 19 19:05:00 2019]	heart_web
[Tue Feb 19 19:05:00 2019]	heart_mobile
[Tue Feb 19 19:05:00 2019]	heart_web
[Tue Feb 19 19:05:00 2019]	heart_mobile
[Tue Feb 19 19:05:00 2019]	heart_web
[Tue Feb 19 19:05:00 2019]	heart_mobile
[Tue Feb 19 19:05:00 2019]	heart_web
[Tue Feb 19 19:05:00 2019]	heart_mobile
[Tue Feb 19 19:10:00 2019]	heart_web
[Tue Feb 19 19:10:00 2019]	heart_mobile
[Tue Feb 19 19:10:00 2019]	heart_web
[Tue Feb 19 19:10:00 2019]	heart_mobile
[Tue Feb 19 19:10:00 2019]	heart_web
[Tue Feb 19 19:10:00 2019]	heart_mobile
[Tue Feb 19 19:10:00 2019]	heart_web
[Tue Feb 19 19:10:01 2019]	heart_mobile
[Tue Feb 19 19:15:00 2019]	heart_web
[Tue Feb 19 19:15:00 2019]	heart_mobile
[Tue Feb 19 19:15:00 2019]	heart_web
[Tue Feb 19 19:15:00 2019]	heart_mobile
[Tue Feb 19 19:15:00 2019]	heart_web
[Tue Feb 19 19:15:00 2019]	heart_mobile
[Tue Feb 19 19:15:00 2019]	heart_web
[Tue Feb 19 19:15:00 2019]	heart_mobile
[Tue Feb 19 19:20:00 2019]	heart_web
[Tue Feb 19 19:20:00 2019]	heart_mobile
[Tue Feb 19 19:20:00 2019]	heart_web
[Tue Feb 19 19:20:00 2019]	heart_mobile
[Tue Feb 19 19:20:00 2019]	heart_web
[Tue Feb 19 19:20:00 2019]	heart_mobile
[Tue Feb 19 19:20:00 2019]	heart_web
[Tue Feb 19 19:20:01 2019]	heart_mobile
[Tue Feb 19 19:25:00 2019]	heart_web
[Tue Feb 19 19:25:00 2019]	heart_mobile
[Tue Feb 19 19:25:00 2019]	heart_web
[Tue Feb 19 19:25:00 2019]	heart_mobile
[Tue Feb 19 19:25:00 2019]	heart_web
[Tue Feb 19 19:25:00 2019]	heart_mobile
[Tue Feb 19 19:25:01 2019]	heart_web
[Tue Feb 19 19:25:01 2019]	heart_mobile
[Tue Feb 19 19:30:00 2019]	heart_web
[Tue Feb 19 19:30:00 2019]	heart_mobile
[Tue Feb 19 19:30:00 2019]	heart_web
[Tue Feb 19 19:30:00 2019]	heart_mobile
[Tue Feb 19 19:30:00 2019]	heart_web
[Tue Feb 19 19:30:00 2019]	heart_mobile
[Tue Feb 19 19:30:01 2019]	heart_web
[Tue Feb 19 19:30:01 2019]	heart_mobile
[Tue Feb 19 19:35:00 2019]	heart_web
[Tue Feb 19 19:35:00 2019]	heart_mobile
[Tue Feb 19 19:35:00 2019]	heart_web
[Tue Feb 19 19:35:00 2019]	heart_mobile
[Tue Feb 19 19:35:00 2019]	heart_web
[Tue Feb 19 19:35:00 2019]	heart_mobile
[Tue Feb 19 19:35:00 2019]	heart_web
[Tue Feb 19 19:35:00 2019]	heart_mobile
[Tue Feb 19 19:40:00 2019]	heart_web
[Tue Feb 19 19:40:00 2019]	heart_mobile
[Tue Feb 19 19:40:00 2019]	heart_web
[Tue Feb 19 19:40:00 2019]	heart_mobile
[Tue Feb 19 19:40:00 2019]	heart_web
[Tue Feb 19 19:40:00 2019]	heart_mobile
[Tue Feb 19 19:40:00 2019]	heart_web
[Tue Feb 19 19:40:00 2019]	heart_mobile
[Tue Feb 19 19:45:00 2019]	heart_web
[Tue Feb 19 19:45:00 2019]	heart_mobile
[Tue Feb 19 19:45:00 2019]	heart_web
[Tue Feb 19 19:45:00 2019]	heart_mobile
[Tue Feb 19 19:45:00 2019]	heart_web
[Tue Feb 19 19:45:00 2019]	heart_mobile
[Tue Feb 19 19:45:01 2019]	heart_web
[Tue Feb 19 19:45:01 2019]	heart_mobile
[Tue Feb 19 19:50:00 2019]	heart_web
[Tue Feb 19 19:50:00 2019]	heart_mobile
[Tue Feb 19 19:50:00 2019]	heart_web
[Tue Feb 19 19:50:00 2019]	heart_mobile
[Tue Feb 19 19:50:00 2019]	heart_web
[Tue Feb 19 19:50:00 2019]	heart_mobile
[Tue Feb 19 19:50:01 2019]	heart_web
[Tue Feb 19 19:50:01 2019]	heart_mobile
[Tue Feb 19 19:55:00 2019]	heart_web
[Tue Feb 19 19:55:00 2019]	heart_mobile
[Tue Feb 19 19:55:00 2019]	heart_web
[Tue Feb 19 19:55:00 2019]	heart_mobile
[Tue Feb 19 19:55:00 2019]	heart_web
[Tue Feb 19 19:55:00 2019]	heart_mobile
[Tue Feb 19 19:55:00 2019]	heart_web
[Tue Feb 19 19:55:00 2019]	heart_mobile
[Tue Feb 19 20:00:00 2019]	heart_web
[Tue Feb 19 20:00:00 2019]	heart_mobile
[Tue Feb 19 20:00:00 2019]	heart_web
[Tue Feb 19 20:00:00 2019]	heart_mobile
[Tue Feb 19 20:00:00 2019]	heart_web
[Tue Feb 19 20:00:00 2019]	heart_mobile
[Tue Feb 19 20:00:01 2019]	heart_web
[Tue Feb 19 20:00:01 2019]	heart_mobile
[u'44008197', u'44050050', u'44056634', u'44005300', u'43992450']
15824397397
zsj0911*
0
------------------
17367078621
weiyuxin
42
------------------
15127529708
shijizhe
228.58
------------------
13306522935
zjuZSJ0911*
0
------------------
[Tue Feb 19 20:05:00 2019]	heart_web
[Tue Feb 19 20:05:00 2019]	heart_mobile
[Tue Feb 19 20:05:00 2019]	heart_web
[Tue Feb 19 20:05:00 2019]	heart_mobile
[Tue Feb 19 20:05:00 2019]	heart_web
[Tue Feb 19 20:05:00 2019]	heart_mobile
[Tue Feb 19 20:05:00 2019]	heart_web
[Tue Feb 19 20:05:00 2019]	heart_mobile
[Tue Feb 19 20:10:00 2019]	heart_web
[Tue Feb 19 20:10:00 2019]	heart_mobile
[Tue Feb 19 20:10:00 2019]	heart_web
[Tue Feb 19 20:10:00 2019]	heart_mobile
[Tue Feb 19 20:10:00 2019]	heart_web
[Tue Feb 19 20:10:00 2019]	heart_mobile
[Tue Feb 19 20:10:00 2019]	heart_web
[Tue Feb 19 20:10:00 2019]	heart_mobile
[Tue Feb 19 20:15:00 2019]	heart_web
[Tue Feb 19 20:15:00 2019]	heart_mobile
[Tue Feb 19 20:15:00 2019]	heart_web
[Tue Feb 19 20:15:00 2019]	heart_mobile
[Tue Feb 19 20:15:00 2019]	heart_web
[Tue Feb 19 20:15:00 2019]	heart_mobile
[Tue Feb 19 20:15:00 2019]	heart_web
[Tue Feb 19 20:15:00 2019]	heart_mobile
[Tue Feb 19 20:20:00 2019]	heart_web
[Tue Feb 19 20:20:00 2019]	heart_mobile
[Tue Feb 19 20:20:00 2019]	heart_web
[Tue Feb 19 20:20:00 2019]	heart_mobile
[Tue Feb 19 20:20:00 2019]	heart_web
[Tue Feb 19 20:20:00 2019]	heart_mobile
[Tue Feb 19 20:20:00 2019]	heart_web
[Tue Feb 19 20:20:00 2019]	heart_mobile
[Tue Feb 19 20:25:00 2019]	heart_web
[Tue Feb 19 20:25:00 2019]	heart_mobile
[Tue Feb 19 20:25:00 2019]	heart_web
[Tue Feb 19 20:25:00 2019]	heart_mobile
[Tue Feb 19 20:25:00 2019]	heart_web
[Tue Feb 19 20:25:00 2019]	heart_mobile
[Tue Feb 19 20:25:00 2019]	heart_web
[Tue Feb 19 20:25:00 2019]	heart_mobile
[Tue Feb 19 20:30:00 2019]	heart_web
[Tue Feb 19 20:30:00 2019]	heart_mobile
[Tue Feb 19 20:30:00 2019]	heart_web
[Tue Feb 19 20:30:00 2019]	heart_mobile
[Tue Feb 19 20:30:00 2019]	heart_web
[Tue Feb 19 20:30:00 2019]	heart_mobile
[Tue Feb 19 20:30:00 2019]	heart_web
[Tue Feb 19 20:30:01 2019]	heart_mobile
[Tue Feb 19 20:35:00 2019]	heart_web
[Tue Feb 19 20:35:00 2019]	heart_mobile
[Tue Feb 19 20:35:00 2019]	heart_web
[Tue Feb 19 20:35:00 2019]	heart_mobile
[Tue Feb 19 20:35:00 2019]	heart_web
[Tue Feb 19 20:35:00 2019]	heart_mobile
[Tue Feb 19 20:35:00 2019]	heart_web
[Tue Feb 19 20:35:00 2019]	heart_mobile
[Tue Feb 19 20:40:00 2019]	heart_web
[Tue Feb 19 20:40:00 2019]	heart_mobile
[Tue Feb 19 20:40:00 2019]	heart_web
[Tue Feb 19 20:40:00 2019]	heart_mobile
[Tue Feb 19 20:40:00 2019]	heart_web
[Tue Feb 19 20:40:00 2019]	heart_mobile
[Tue Feb 19 20:40:00 2019]	heart_web
[Tue Feb 19 20:40:00 2019]	heart_mobile
[Tue Feb 19 20:45:00 2019]	heart_web
[Tue Feb 19 20:45:00 2019]	heart_mobile
[Tue Feb 19 20:45:00 2019]	heart_web
[Tue Feb 19 20:45:00 2019]	heart_mobile
[Tue Feb 19 20:45:00 2019]	heart_web
[Tue Feb 19 20:45:00 2019]	heart_mobile
[Tue Feb 19 20:45:00 2019]	heart_web
[Tue Feb 19 20:45:00 2019]	heart_mobile
[Tue Feb 19 20:50:00 2019]	heart_web
[Tue Feb 19 20:50:00 2019]	heart_mobile
[Tue Feb 19 20:50:00 2019]	heart_web
[Tue Feb 19 20:50:00 2019]	heart_mobile
[Tue Feb 19 20:50:00 2019]	heart_web
[Tue Feb 19 20:50:00 2019]	heart_mobile
[Tue Feb 19 20:50:00 2019]	heart_web
[Tue Feb 19 20:50:01 2019]	heart_mobile
[Tue Feb 19 20:55:00 2019]	heart_web
[Tue Feb 19 20:55:00 2019]	heart_mobile
[Tue Feb 19 20:55:00 2019]	heart_web
[Tue Feb 19 20:55:00 2019]	heart_mobile
[Tue Feb 19 20:55:00 2019]	heart_web
[Tue Feb 19 20:55:00 2019]	heart_mobile
[Tue Feb 19 20:55:00 2019]	heart_web
[Tue Feb 19 20:55:00 2019]	heart_mobile
[Tue Feb 19 21:00:00 2019]	heart_web
[Tue Feb 19 21:00:00 2019]	heart_mobile
[Tue Feb 19 21:00:00 2019]	heart_web
[Tue Feb 19 21:00:00 2019]	heart_mobile
[Tue Feb 19 21:00:00 2019]	heart_web
[Tue Feb 19 21:00:00 2019]	heart_mobile
[Tue Feb 19 21:00:01 2019]	heart_web
[Tue Feb 19 21:00:01 2019]	heart_mobile
[Tue Feb 19 21:05:00 2019]	heart_web
[Tue Feb 19 21:05:00 2019]	heart_mobile
[Tue Feb 19 21:05:00 2019]	heart_web
[Tue Feb 19 21:05:00 2019]	heart_mobile
[Tue Feb 19 21:05:00 2019]	heart_web
[Tue Feb 19 21:05:01 2019]	heart_mobile
[Tue Feb 19 21:05:01 2019]	heart_web
[Tue Feb 19 21:05:01 2019]	heart_mobile
[Tue Feb 19 21:10:00 2019]	heart_web
[Tue Feb 19 21:10:00 2019]	heart_mobile
[Tue Feb 19 21:10:00 2019]	heart_web
[Tue Feb 19 21:10:00 2019]	heart_mobile
[Tue Feb 19 21:10:00 2019]	heart_web
[Tue Feb 19 21:10:00 2019]	heart_mobile
[Tue Feb 19 21:10:00 2019]	heart_web
[Tue Feb 19 21:10:00 2019]	heart_mobile
[Tue Feb 19 21:15:00 2019]	heart_web
[Tue Feb 19 21:15:00 2019]	heart_mobile
[Tue Feb 19 21:15:00 2019]	heart_web
[Tue Feb 19 21:15:00 2019]	heart_mobile
[Tue Feb 19 21:15:00 2019]	heart_web
[Tue Feb 19 21:15:00 2019]	heart_mobile
[Tue Feb 19 21:15:01 2019]	heart_web
[Tue Feb 19 21:15:01 2019]	heart_mobile
[Tue Feb 19 21:20:00 2019]	heart_web
[Tue Feb 19 21:20:00 2019]	heart_mobile
[Tue Feb 19 21:20:00 2019]	heart_web
[Tue Feb 19 21:20:00 2019]	heart_mobile
[Tue Feb 19 21:20:00 2019]	heart_web
[Tue Feb 19 21:20:00 2019]	heart_mobile
[Tue Feb 19 21:20:01 2019]	heart_web
[Tue Feb 19 21:20:01 2019]	heart_mobile
[Tue Feb 19 21:25:00 2019]	heart_web
[Tue Feb 19 21:25:00 2019]	heart_mobile
[Tue Feb 19 21:25:00 2019]	heart_web
[Tue Feb 19 21:25:00 2019]	heart_mobile
[Tue Feb 19 21:25:00 2019]	heart_web
[Tue Feb 19 21:25:00 2019]	heart_mobile
[Tue Feb 19 21:25:00 2019]	heart_web
[Tue Feb 19 21:25:01 2019]	heart_mobile
[Tue Feb 19 21:30:00 2019]	heart_web
[Tue Feb 19 21:30:00 2019]	heart_mobile
[Tue Feb 19 21:30:00 2019]	heart_web
[Tue Feb 19 21:30:00 2019]	heart_mobile
[Tue Feb 19 21:30:00 2019]	heart_web
[Tue Feb 19 21:30:00 2019]	heart_mobile
[Tue Feb 19 21:30:00 2019]	heart_web
[Tue Feb 19 21:30:00 2019]	heart_mobile
[Tue Feb 19 21:35:00 2019]	heart_web
[Tue Feb 19 21:35:00 2019]	heart_mobile
[Tue Feb 19 21:35:00 2019]	heart_web
[Tue Feb 19 21:35:00 2019]	heart_mobile
[Tue Feb 19 21:35:00 2019]	heart_web
[Tue Feb 19 21:35:00 2019]	heart_mobile
[Tue Feb 19 21:35:01 2019]	heart_web
[Tue Feb 19 21:35:01 2019]	heart_mobile
[Tue Feb 19 21:40:00 2019]	heart_web
[Tue Feb 19 21:40:00 2019]	heart_mobile
[Tue Feb 19 21:40:00 2019]	heart_web
[Tue Feb 19 21:40:00 2019]	heart_mobile
[Tue Feb 19 21:40:00 2019]	heart_web
[Tue Feb 19 21:40:00 2019]	heart_mobile
[Tue Feb 19 21:40:00 2019]	heart_web
[Tue Feb 19 21:40:00 2019]	heart_mobile
[Tue Feb 19 21:45:00 2019]	heart_web
[Tue Feb 19 21:45:00 2019]	heart_mobile
[Tue Feb 19 21:45:00 2019]	heart_web
[Tue Feb 19 21:45:00 2019]	heart_mobile
[Tue Feb 19 21:45:00 2019]	heart_web
[Tue Feb 19 21:45:00 2019]	heart_mobile
[Tue Feb 19 21:45:00 2019]	heart_web
[Tue Feb 19 21:45:01 2019]	heart_mobile
[Tue Feb 19 21:50:00 2019]	heart_web
[Tue Feb 19 21:50:00 2019]	heart_mobile
[Tue Feb 19 21:50:00 2019]	heart_web
[Tue Feb 19 21:50:00 2019]	heart_mobile
[Tue Feb 19 21:50:00 2019]	heart_web
[Tue Feb 19 21:50:00 2019]	heart_mobile
[Tue Feb 19 21:50:00 2019]	heart_web
[Tue Feb 19 21:50:00 2019]	heart_mobile
[Tue Feb 19 21:55:00 2019]	heart_web
[Tue Feb 19 21:55:00 2019]	heart_mobile
[Tue Feb 19 21:55:00 2019]	heart_web
[Tue Feb 19 21:55:00 2019]	heart_mobile
[Tue Feb 19 21:55:00 2019]	heart_web
[Tue Feb 19 21:55:00 2019]	heart_mobile
[Tue Feb 19 21:55:00 2019]	heart_web
[Tue Feb 19 21:55:00 2019]	heart_mobile
[Tue Feb 19 22:00:00 2019]	heart_web
[Tue Feb 19 22:00:00 2019]	heart_mobile
[Tue Feb 19 22:00:00 2019]	heart_web
[Tue Feb 19 22:00:00 2019]	heart_mobile
[Tue Feb 19 22:00:00 2019]	heart_web
[Tue Feb 19 22:00:00 2019]	heart_mobile
[Tue Feb 19 22:00:00 2019]	heart_web
[Tue Feb 19 22:00:00 2019]	heart_mobile
[Tue Feb 19 22:05:00 2019]	heart_web
[Tue Feb 19 22:05:00 2019]	heart_mobile
[Tue Feb 19 22:05:00 2019]	heart_web
[Tue Feb 19 22:05:00 2019]	heart_mobile
[Tue Feb 19 22:05:00 2019]	heart_web
[Tue Feb 19 22:05:00 2019]	heart_mobile
[Tue Feb 19 22:05:00 2019]	heart_web
[Tue Feb 19 22:05:01 2019]	heart_mobile
[Tue Feb 19 22:10:00 2019]	heart_web
[Tue Feb 19 22:10:00 2019]	heart_mobile
[Tue Feb 19 22:10:00 2019]	heart_web
[Tue Feb 19 22:10:00 2019]	heart_mobile
[Tue Feb 19 22:10:00 2019]	heart_web
[Tue Feb 19 22:10:00 2019]	heart_mobile
[Tue Feb 19 22:10:00 2019]	heart_web
[Tue Feb 19 22:10:00 2019]	heart_mobile
[Tue Feb 19 22:15:00 2019]	heart_web
[Tue Feb 19 22:15:00 2019]	heart_mobile
[Tue Feb 19 22:15:00 2019]	heart_web
[Tue Feb 19 22:15:00 2019]	heart_mobile
[Tue Feb 19 22:15:00 2019]	heart_web
[Tue Feb 19 22:15:00 2019]	heart_mobile
[Tue Feb 19 22:15:00 2019]	heart_web
[Tue Feb 19 22:15:00 2019]	heart_mobile
[Tue Feb 19 22:20:00 2019]	heart_web
[Tue Feb 19 22:20:00 2019]	heart_mobile
[Tue Feb 19 22:20:00 2019]	heart_web
[Tue Feb 19 22:20:00 2019]	heart_mobile
[Tue Feb 19 22:20:00 2019]	heart_web
[Tue Feb 19 22:20:00 2019]	heart_mobile
[Tue Feb 19 22:20:00 2019]	heart_web
[Tue Feb 19 22:20:00 2019]	heart_mobile
[Tue Feb 19 22:25:00 2019]	heart_web
[Tue Feb 19 22:25:00 2019]	heart_mobile
[Tue Feb 19 22:25:00 2019]	heart_web
[Tue Feb 19 22:25:00 2019]	heart_mobile
[Tue Feb 19 22:25:00 2019]	heart_web
[Tue Feb 19 22:25:00 2019]	heart_mobile
[Tue Feb 19 22:25:00 2019]	heart_web
[Tue Feb 19 22:25:01 2019]	heart_mobile
[Tue Feb 19 22:30:00 2019]	heart_web
[Tue Feb 19 22:30:00 2019]	heart_mobile
[Tue Feb 19 22:30:00 2019]	heart_web
[Tue Feb 19 22:30:00 2019]	heart_mobile
[Tue Feb 19 22:30:00 2019]	heart_web
[Tue Feb 19 22:30:00 2019]	heart_mobile
[Tue Feb 19 22:30:00 2019]	heart_web
[Tue Feb 19 22:30:00 2019]	heart_mobile
[Tue Feb 19 22:35:00 2019]	heart_web
[Tue Feb 19 22:35:00 2019]	heart_mobile
[Tue Feb 19 22:35:00 2019]	heart_web
[Tue Feb 19 22:35:00 2019]	heart_mobile
[Tue Feb 19 22:35:00 2019]	heart_web
[Tue Feb 19 22:35:00 2019]	heart_mobile
[Tue Feb 19 22:35:00 2019]	heart_web
[Tue Feb 19 22:35:00 2019]	heart_mobile
[Tue Feb 19 22:40:00 2019]	heart_web
[Tue Feb 19 22:40:00 2019]	heart_mobile
[Tue Feb 19 22:40:00 2019]	heart_web
[Tue Feb 19 22:40:00 2019]	heart_mobile
[Tue Feb 19 22:40:00 2019]	heart_web
[Tue Feb 19 22:40:00 2019]	heart_mobile
[Tue Feb 19 22:40:00 2019]	heart_web
[Tue Feb 19 22:40:00 2019]	heart_mobile
[Tue Feb 19 22:45:00 2019]	heart_web
[Tue Feb 19 22:45:00 2019]	heart_mobile
[Tue Feb 19 22:45:00 2019]	heart_web
[Tue Feb 19 22:45:00 2019]	heart_mobile
[Tue Feb 19 22:45:00 2019]	heart_web
[Tue Feb 19 22:45:00 2019]	heart_mobile
[Tue Feb 19 22:45:00 2019]	heart_web
[Tue Feb 19 22:45:00 2019]	heart_mobile
[Tue Feb 19 22:50:00 2019]	heart_web
[Tue Feb 19 22:50:00 2019]	heart_mobile
[Tue Feb 19 22:50:00 2019]	heart_web
[Tue Feb 19 22:50:00 2019]	heart_mobile
[Tue Feb 19 22:50:00 2019]	heart_web
[Tue Feb 19 22:50:00 2019]	heart_mobile
[Tue Feb 19 22:50:01 2019]	heart_web
[Tue Feb 19 22:50:01 2019]	heart_mobile
[Tue Feb 19 22:55:00 2019]	heart_web
[Tue Feb 19 22:55:00 2019]	heart_mobile
[Tue Feb 19 22:55:00 2019]	heart_web
[Tue Feb 19 22:55:00 2019]	heart_mobile
[Tue Feb 19 22:55:00 2019]	heart_web
[Tue Feb 19 22:55:00 2019]	heart_mobile
[Tue Feb 19 22:55:00 2019]	heart_web
[Tue Feb 19 22:55:00 2019]	heart_mobile
[Tue Feb 19 23:00:00 2019]	heart_web
[Tue Feb 19 23:00:00 2019]	heart_mobile
[Tue Feb 19 23:00:00 2019]	heart_web
[Tue Feb 19 23:00:00 2019]	heart_mobile
[Tue Feb 19 23:00:00 2019]	heart_web
[Tue Feb 19 23:00:00 2019]	heart_mobile
[Tue Feb 19 23:00:01 2019]	heart_web
[Tue Feb 19 23:00:01 2019]	heart_mobile
[Tue Feb 19 23:05:00 2019]	heart_web
[Tue Feb 19 23:05:00 2019]	heart_mobile
[Tue Feb 19 23:05:00 2019]	heart_web
[Tue Feb 19 23:05:00 2019]	heart_mobile
[Tue Feb 19 23:05:00 2019]	heart_web
[Tue Feb 19 23:05:00 2019]	heart_mobile
[Tue Feb 19 23:05:01 2019]	heart_web
[Tue Feb 19 23:05:01 2019]	heart_mobile
[Tue Feb 19 23:10:00 2019]	heart_web
[Tue Feb 19 23:10:00 2019]	heart_mobile
[Tue Feb 19 23:10:00 2019]	heart_web
[Tue Feb 19 23:10:00 2019]	heart_mobile
[Tue Feb 19 23:10:00 2019]	heart_web
[Tue Feb 19 23:10:00 2019]	heart_mobile
[Tue Feb 19 23:10:00 2019]	heart_web
[Tue Feb 19 23:10:00 2019]	heart_mobile
[Tue Feb 19 23:15:00 2019]	heart_web
[Tue Feb 19 23:15:00 2019]	heart_mobile
[Tue Feb 19 23:15:00 2019]	heart_web
[Tue Feb 19 23:15:00 2019]	heart_mobile
[Tue Feb 19 23:15:00 2019]	heart_web
[Tue Feb 19 23:15:00 2019]	heart_mobile
[Tue Feb 19 23:15:00 2019]	heart_web
[Tue Feb 19 23:15:01 2019]	heart_mobile
[Tue Feb 19 23:20:00 2019]	heart_web
[Tue Feb 19 23:20:00 2019]	heart_mobile
[Tue Feb 19 23:20:00 2019]	heart_web
[Tue Feb 19 23:20:00 2019]	heart_mobile
[Tue Feb 19 23:20:00 2019]	heart_web
[Tue Feb 19 23:20:00 2019]	heart_mobile
[Tue Feb 19 23:20:00 2019]	heart_web
[Tue Feb 19 23:20:00 2019]	heart_mobile
[Tue Feb 19 23:25:00 2019]	heart_web
[Tue Feb 19 23:25:00 2019]	heart_mobile
[Tue Feb 19 23:25:00 2019]	heart_web
[Tue Feb 19 23:25:00 2019]	heart_mobile
[Tue Feb 19 23:25:00 2019]	heart_web
[Tue Feb 19 23:25:00 2019]	heart_mobile
[Tue Feb 19 23:25:01 2019]	heart_web
[Tue Feb 19 23:25:01 2019]	heart_mobile
[Tue Feb 19 23:30:00 2019]	heart_web
[Tue Feb 19 23:30:00 2019]	heart_mobile
[Tue Feb 19 23:30:00 2019]	heart_web
[Tue Feb 19 23:30:00 2019]	heart_mobile
[Tue Feb 19 23:30:00 2019]	heart_web
[Tue Feb 19 23:30:00 2019]	heart_mobile
[Tue Feb 19 23:30:00 2019]	heart_web
[Tue Feb 19 23:30:00 2019]	heart_mobile
[Tue Feb 19 23:35:00 2019]	heart_web
[Tue Feb 19 23:35:00 2019]	heart_mobile
[Tue Feb 19 23:35:00 2019]	heart_web
[Tue Feb 19 23:35:00 2019]	heart_mobile
[Tue Feb 19 23:35:00 2019]	heart_web
[Tue Feb 19 23:35:00 2019]	heart_mobile
[Tue Feb 19 23:35:01 2019]	heart_web
[Tue Feb 19 23:35:01 2019]	heart_mobile
[Tue Feb 19 23:40:00 2019]	heart_web
[Tue Feb 19 23:40:00 2019]	heart_mobile
[Tue Feb 19 23:40:00 2019]	heart_web
[Tue Feb 19 23:40:00 2019]	heart_mobile
[Tue Feb 19 23:40:00 2019]	heart_web
[Tue Feb 19 23:40:00 2019]	heart_mobile
[Tue Feb 19 23:40:01 2019]	heart_web
[Tue Feb 19 23:40:01 2019]	heart_mobile
[Tue Feb 19 23:45:00 2019]	heart_web
[Tue Feb 19 23:45:00 2019]	heart_mobile
[Tue Feb 19 23:45:00 2019]	heart_web
[Tue Feb 19 23:45:00 2019]	heart_mobile
[Tue Feb 19 23:45:00 2019]	heart_web
[Tue Feb 19 23:45:00 2019]	heart_mobile
[Tue Feb 19 23:45:01 2019]	heart_web
[Tue Feb 19 23:45:01 2019]	heart_mobile
[Tue Feb 19 23:50:00 2019]	heart_web
[Tue Feb 19 23:50:00 2019]	heart_mobile
[Tue Feb 19 23:50:00 2019]	heart_web
[Tue Feb 19 23:50:00 2019]	heart_mobile
[Tue Feb 19 23:50:00 2019]	heart_web
[Tue Feb 19 23:50:00 2019]	heart_mobile
[Tue Feb 19 23:50:00 2019]	heart_web
[Tue Feb 19 23:50:01 2019]	heart_mobile
[Tue Feb 19 23:55:00 2019]	heart_web
[Tue Feb 19 23:55:00 2019]	heart_mobile
[Tue Feb 19 23:55:00 2019]	heart_web
[Tue Feb 19 23:55:00 2019]	heart_mobile
[Tue Feb 19 23:55:00 2019]	heart_web
[Tue Feb 19 23:55:00 2019]	heart_mobile
[Tue Feb 19 23:55:00 2019]	heart_web
[Tue Feb 19 23:55:01 2019]	heart_mobile
[Wed Feb 20 00:00:00 2019]	heart_web
[Wed Feb 20 00:00:00 2019]	heart_mobile
[Wed Feb 20 00:00:00 2019]	heart_web
[Wed Feb 20 00:00:00 2019]	heart_mobile
[Wed Feb 20 00:00:00 2019]	heart_web
[Wed Feb 20 00:00:00 2019]	heart_mobile
[Wed Feb 20 00:00:00 2019]	heart_web
[Wed Feb 20 00:00:00 2019]	heart_mobile
UPDATE Account SET finished = False,logined = False,watched = False,shared = False,coin_added = False,double_watch = False,s2c = False,signed = False
[u'44074456', u'44013426', u'43962809', u'44079532', u'44067979']
15824397397
zsj0911*
0
av44074456观看成功
银瓜子兑换成功
投币成功
------------------
17367078621
weiyuxin
42
av44074456观看成功
银瓜子兑换成功
投币成功
投币成功
投币成功
投币成功
投币成功
------------------
15127529708
shijizhe
229.58
av44074456观看成功
银瓜子兑换成功
投币成功
投币成功
投币成功
投币成功
投币成功
------------------
13306522935
zjuZSJ0911*
0
av44074456观看成功
银瓜子兑换成功
投币成功
------------------
[Wed Feb 20 00:05:00 2019]	heart_web
[Wed Feb 20 00:05:00 2019]	heart_mobile
[Wed Feb 20 00:05:00 2019]	heart_web
[Wed Feb 20 00:05:00 2019]	heart_mobile
[Wed Feb 20 00:05:00 2019]	heart_web
[Wed Feb 20 00:05:00 2019]	heart_mobile
[Wed Feb 20 00:05:00 2019]	heart_web
[Wed Feb 20 00:05:01 2019]	heart_mobile
[Wed Feb 20 00:10:00 2019]	heart_web
[Wed Feb 20 00:10:00 2019]	heart_mobile
[Wed Feb 20 00:10:00 2019]	heart_web
[Wed Feb 20 00:10:00 2019]	heart_mobile
[Wed Feb 20 00:10:00 2019]	heart_web
[Wed Feb 20 00:10:00 2019]	heart_mobile
[Wed Feb 20 00:10:00 2019]	heart_web
[Wed Feb 20 00:10:00 2019]	heart_mobile
[Wed Feb 20 00:15:00 2019]	heart_web
[Wed Feb 20 00:15:00 2019]	heart_mobile
[Wed Feb 20 00:15:00 2019]	heart_web
[Wed Feb 20 00:15:00 2019]	heart_mobile
[Wed Feb 20 00:15:00 2019]	heart_web
[Wed Feb 20 00:15:00 2019]	heart_mobile
[Wed Feb 20 00:15:00 2019]	heart_web
[Wed Feb 20 00:15:00 2019]	heart_mobile
[Wed Feb 20 00:20:00 2019]	heart_web
[Wed Feb 20 00:20:00 2019]	heart_mobile
[Wed Feb 20 00:20:00 2019]	heart_web
[Wed Feb 20 00:20:00 2019]	heart_mobile
[Wed Feb 20 00:20:00 2019]	heart_web
[Wed Feb 20 00:20:00 2019]	heart_mobile
[Wed Feb 20 00:20:00 2019]	heart_web
[Wed Feb 20 00:20:00 2019]	heart_mobile
[Wed Feb 20 00:25:00 2019]	heart_web
[Wed Feb 20 00:25:00 2019]	heart_mobile
[Wed Feb 20 00:25:00 2019]	heart_web
[Wed Feb 20 00:25:00 2019]	heart_mobile
[Wed Feb 20 00:25:00 2019]	heart_web
[Wed Feb 20 00:25:00 2019]	heart_mobile
[Wed Feb 20 00:25:00 2019]	heart_web
[Wed Feb 20 00:25:00 2019]	heart_mobile
[Wed Feb 20 00:30:00 2019]	heart_web
[Wed Feb 20 00:30:00 2019]	heart_mobile
[Wed Feb 20 00:30:00 2019]	heart_web
[Wed Feb 20 00:30:00 2019]	heart_mobile
[Wed Feb 20 00:30:00 2019]	heart_web
[Wed Feb 20 00:30:00 2019]	heart_mobile
[Wed Feb 20 00:30:00 2019]	heart_web
[Wed Feb 20 00:30:00 2019]	heart_mobile
[Wed Feb 20 00:35:00 2019]	heart_web
[Wed Feb 20 00:35:00 2019]	heart_mobile
[Wed Feb 20 00:35:00 2019]	heart_web
[Wed Feb 20 00:35:00 2019]	heart_mobile
[Wed Feb 20 00:35:00 2019]	heart_web
[Wed Feb 20 00:35:00 2019]	heart_mobile
[Wed Feb 20 00:35:00 2019]	heart_web
[Wed Feb 20 00:35:00 2019]	heart_mobile
[Wed Feb 20 00:40:00 2019]	heart_web
[Wed Feb 20 00:40:00 2019]	heart_mobile
[Wed Feb 20 00:40:00 2019]	heart_web
[Wed Feb 20 00:40:00 2019]	heart_mobile
[Wed Feb 20 00:40:00 2019]	heart_web
[Wed Feb 20 00:40:00 2019]	heart_mobile
[Wed Feb 20 00:40:00 2019]	heart_web
[Wed Feb 20 00:40:00 2019]	heart_mobile
[Wed Feb 20 00:45:00 2019]	heart_web
[Wed Feb 20 00:45:00 2019]	heart_mobile
[Wed Feb 20 00:45:00 2019]	heart_web
[Wed Feb 20 00:45:00 2019]	heart_mobile
[Wed Feb 20 00:45:00 2019]	heart_web
[Wed Feb 20 00:45:00 2019]	heart_mobile
[Wed Feb 20 00:45:00 2019]	heart_web
[Wed Feb 20 00:45:00 2019]	heart_mobile
[Wed Feb 20 00:50:00 2019]	heart_web
[Wed Feb 20 00:50:00 2019]	heart_mobile
[Wed Feb 20 00:50:00 2019]	heart_web
[Wed Feb 20 00:50:00 2019]	heart_mobile
[Wed Feb 20 00:50:00 2019]	heart_web
[Wed Feb 20 00:50:00 2019]	heart_mobile
[Wed Feb 20 00:50:00 2019]	heart_web
[Wed Feb 20 00:50:00 2019]	heart_mobile
[Wed Feb 20 00:55:00 2019]	heart_web
[Wed Feb 20 00:55:00 2019]	heart_mobile
[Wed Feb 20 00:55:00 2019]	heart_web
[Wed Feb 20 00:55:00 2019]	heart_mobile
[Wed Feb 20 00:55:00 2019]	heart_web
[Wed Feb 20 00:55:00 2019]	heart_mobile
[Wed Feb 20 00:55:00 2019]	heart_web
[Wed Feb 20 00:55:00 2019]	heart_mobile
[Wed Feb 20 01:00:00 2019]	heart_web
[Wed Feb 20 01:00:00 2019]	heart_mobile
[Wed Feb 20 01:00:00 2019]	heart_web
[Wed Feb 20 01:00:00 2019]	heart_mobile
[Wed Feb 20 01:00:00 2019]	heart_web
[Wed Feb 20 01:00:00 2019]	heart_mobile
[Wed Feb 20 01:00:00 2019]	heart_web
[Wed Feb 20 01:00:00 2019]	heart_mobile
[u'44093370', u'44074456', u'43962809', u'44079532', u'44067979']
15824397397
zsj0911*
1

今日已换硬币
投币成功
------------------
17367078621
weiyuxin
39

av44093370观看成功
今日已换硬币
------------------
15127529708
shijizhe
225.58

今日已换硬币
------------------
13306522935
zjuZSJ0911*
1

av44093370观看成功
今日已换硬币
投币成功
------------------
[Wed Feb 20 01:05:00 2019]	heart_web
[Wed Feb 20 01:05:00 2019]	heart_mobile
[Wed Feb 20 01:05:00 2019]	heart_web
[Wed Feb 20 01:05:00 2019]	heart_mobile
[Wed Feb 20 01:05:00 2019]	heart_web
[Wed Feb 20 01:05:00 2019]	heart_mobile
[Wed Feb 20 01:05:00 2019]	heart_web
[Wed Feb 20 01:05:01 2019]	heart_mobile
[Wed Feb 20 01:10:00 2019]	heart_web
[Wed Feb 20 01:10:00 2019]	heart_mobile
[Wed Feb 20 01:10:00 2019]	heart_web
[Wed Feb 20 01:10:00 2019]	heart_mobile
[Wed Feb 20 01:10:00 2019]	heart_web
[Wed Feb 20 01:10:00 2019]	heart_mobile
[Wed Feb 20 01:10:00 2019]	heart_web
[Wed Feb 20 01:10:01 2019]	heart_mobile
[Wed Feb 20 01:15:00 2019]	heart_web
[Wed Feb 20 01:15:00 2019]	heart_mobile
[Wed Feb 20 01:15:00 2019]	heart_web
[Wed Feb 20 01:15:00 2019]	heart_mobile
[Wed Feb 20 01:15:00 2019]	heart_web
[Wed Feb 20 01:15:00 2019]	heart_mobile
[Wed Feb 20 01:15:00 2019]	heart_web
[Wed Feb 20 01:15:00 2019]	heart_mobile
[Wed Feb 20 01:20:00 2019]	heart_web
[Wed Feb 20 01:20:00 2019]	heart_mobile
[Wed Feb 20 01:20:00 2019]	heart_web
[Wed Feb 20 01:20:00 2019]	heart_mobile
[Wed Feb 20 01:20:00 2019]	heart_web
[Wed Feb 20 01:20:00 2019]	heart_mobile
[Wed Feb 20 01:20:00 2019]	heart_web
[Wed Feb 20 01:20:00 2019]	heart_mobile
[Wed Feb 20 01:25:00 2019]	heart_web
[Wed Feb 20 01:25:00 2019]	heart_mobile
[Wed Feb 20 01:25:00 2019]	heart_web
[Wed Feb 20 01:25:00 2019]	heart_mobile
[Wed Feb 20 01:25:00 2019]	heart_web
[Wed Feb 20 01:25:00 2019]	heart_mobile
[Wed Feb 20 01:25:00 2019]	heart_web
[Wed Feb 20 01:25:00 2019]	heart_mobile
[Wed Feb 20 01:30:00 2019]	heart_web
[Wed Feb 20 01:30:00 2019]	heart_mobile
[Wed Feb 20 01:30:00 2019]	heart_web
[Wed Feb 20 01:30:00 2019]	heart_mobile
[Wed Feb 20 01:30:00 2019]	heart_web
[Wed Feb 20 01:30:00 2019]	heart_mobile
[Wed Feb 20 01:30:00 2019]	heart_web
[Wed Feb 20 01:30:00 2019]	heart_mobile
[Wed Feb 20 01:35:00 2019]	heart_web
[Wed Feb 20 01:35:00 2019]	heart_mobile
[Wed Feb 20 01:35:00 2019]	heart_web
[Wed Feb 20 01:35:00 2019]	heart_mobile
[Wed Feb 20 01:35:00 2019]	heart_web
[Wed Feb 20 01:35:00 2019]	heart_mobile
[Wed Feb 20 01:35:00 2019]	heart_web
[Wed Feb 20 01:35:00 2019]	heart_mobile
[Wed Feb 20 01:40:00 2019]	heart_web
[Wed Feb 20 01:40:00 2019]	heart_mobile
[Wed Feb 20 01:40:00 2019]	heart_web
[Wed Feb 20 01:40:00 2019]	heart_mobile
[Wed Feb 20 01:40:00 2019]	heart_web
[Wed Feb 20 01:40:00 2019]	heart_mobile
[Wed Feb 20 01:40:00 2019]	heart_web
[Wed Feb 20 01:40:00 2019]	heart_mobile
[Wed Feb 20 01:45:00 2019]	heart_web
[Wed Feb 20 01:45:00 2019]	heart_mobile
[Wed Feb 20 01:45:00 2019]	heart_web
[Wed Feb 20 01:45:00 2019]	heart_mobile
[Wed Feb 20 01:45:00 2019]	heart_web
[Wed Feb 20 01:45:00 2019]	heart_mobile
[Wed Feb 20 01:45:00 2019]	heart_web
[Wed Feb 20 01:45:00 2019]	heart_mobile
[Wed Feb 20 01:50:00 2019]	heart_web
[Wed Feb 20 01:50:00 2019]	heart_mobile
[Wed Feb 20 01:50:00 2019]	heart_web
[Wed Feb 20 01:50:00 2019]	heart_mobile
[Wed Feb 20 01:50:00 2019]	heart_web
[Wed Feb 20 01:50:00 2019]	heart_mobile
[Wed Feb 20 01:50:00 2019]	heart_web
[Wed Feb 20 01:50:00 2019]	heart_mobile
[Wed Feb 20 01:55:00 2019]	heart_web
[Wed Feb 20 01:55:00 2019]	heart_mobile
[Wed Feb 20 01:55:00 2019]	heart_web
[Wed Feb 20 01:55:00 2019]	heart_mobile
[Wed Feb 20 01:55:00 2019]	heart_web
[Wed Feb 20 01:55:00 2019]	heart_mobile
[Wed Feb 20 01:55:00 2019]	heart_web
[Wed Feb 20 01:55:00 2019]	heart_mobile
[Wed Feb 20 02:00:00 2019]	heart_web
[Wed Feb 20 02:00:00 2019]	heart_mobile
[Wed Feb 20 02:00:00 2019]	heart_web
[Wed Feb 20 02:00:00 2019]	heart_mobile
[Wed Feb 20 02:00:00 2019]	heart_web
[Wed Feb 20 02:00:00 2019]	heart_mobile
[Wed Feb 20 02:00:00 2019]	heart_web
[Wed Feb 20 02:00:00 2019]	heart_mobile
[u'44093370', u'44074456', u'44079261', u'43962809', u'44079532']
15824397397
zsj0911*
0
------------------
17367078621
weiyuxin
39
------------------
15127529708
shijizhe
225.58
------------------
13306522935
zjuZSJ0911*
0
------------------
[Wed Feb 20 02:05:00 2019]	heart_web
[Wed Feb 20 02:05:00 2019]	heart_mobile
[Wed Feb 20 02:05:00 2019]	heart_web
[Wed Feb 20 02:05:00 2019]	heart_mobile
[Wed Feb 20 02:05:00 2019]	heart_web
[Wed Feb 20 02:05:00 2019]	heart_mobile
[Wed Feb 20 02:05:00 2019]	heart_web
[Wed Feb 20 02:05:00 2019]	heart_mobile
[Wed Feb 20 02:10:00 2019]	heart_web
[Wed Feb 20 02:10:00 2019]	heart_mobile
[Wed Feb 20 02:10:00 2019]	heart_web
[Wed Feb 20 02:10:00 2019]	heart_mobile
[Wed Feb 20 02:10:00 2019]	heart_web
[Wed Feb 20 02:10:00 2019]	heart_mobile
[Wed Feb 20 02:10:00 2019]	heart_web
[Wed Feb 20 02:10:00 2019]	heart_mobile
[Wed Feb 20 02:15:00 2019]	heart_web
[Wed Feb 20 02:15:00 2019]	heart_mobile
[Wed Feb 20 02:15:00 2019]	heart_web
[Wed Feb 20 02:15:00 2019]	heart_mobile
[Wed Feb 20 02:15:00 2019]	heart_web
[Wed Feb 20 02:15:00 2019]	heart_mobile
[Wed Feb 20 02:15:00 2019]	heart_web
[Wed Feb 20 02:15:00 2019]	heart_mobile
[Wed Feb 20 02:20:00 2019]	heart_web
[Wed Feb 20 02:20:00 2019]	heart_mobile
[Wed Feb 20 02:20:00 2019]	heart_web
[Wed Feb 20 02:20:00 2019]	heart_mobile
[Wed Feb 20 02:20:00 2019]	heart_web
[Wed Feb 20 02:20:00 2019]	heart_mobile
[Wed Feb 20 02:20:00 2019]	heart_web
[Wed Feb 20 02:20:00 2019]	heart_mobile
[Wed Feb 20 02:25:00 2019]	heart_web
[Wed Feb 20 02:25:00 2019]	heart_mobile
[Wed Feb 20 02:25:00 2019]	heart_web
[Wed Feb 20 02:25:00 2019]	heart_mobile
[Wed Feb 20 02:25:00 2019]	heart_web
[Wed Feb 20 02:25:00 2019]	heart_mobile
[Wed Feb 20 02:25:00 2019]	heart_web
[Wed Feb 20 02:25:00 2019]	heart_mobile
[Wed Feb 20 02:30:00 2019]	heart_web
[Wed Feb 20 02:30:00 2019]	heart_mobile
[Wed Feb 20 02:30:00 2019]	heart_web
[Wed Feb 20 02:30:00 2019]	heart_mobile
[Wed Feb 20 02:30:00 2019]	heart_web
[Wed Feb 20 02:30:00 2019]	heart_mobile
[Wed Feb 20 02:30:00 2019]	heart_web
[Wed Feb 20 02:30:00 2019]	heart_mobile
[Wed Feb 20 02:35:00 2019]	heart_web
[Wed Feb 20 02:35:00 2019]	heart_mobile
[Wed Feb 20 02:35:00 2019]	heart_web
[Wed Feb 20 02:35:00 2019]	heart_mobile
[Wed Feb 20 02:35:00 2019]	heart_web
[Wed Feb 20 02:35:00 2019]	heart_mobile
[Wed Feb 20 02:35:00 2019]	heart_web
[Wed Feb 20 02:35:00 2019]	heart_mobile
[Wed Feb 20 02:40:00 2019]	heart_web
[Wed Feb 20 02:40:00 2019]	heart_mobile
[Wed Feb 20 02:40:00 2019]	heart_web
[Wed Feb 20 02:40:00 2019]	heart_mobile
[Wed Feb 20 02:40:00 2019]	heart_web
[Wed Feb 20 02:40:00 2019]	heart_mobile
[Wed Feb 20 02:40:00 2019]	heart_web
[Wed Feb 20 02:40:00 2019]	heart_mobile
[Wed Feb 20 02:45:00 2019]	heart_web
[Wed Feb 20 02:45:00 2019]	heart_mobile
[Wed Feb 20 02:45:00 2019]	heart_web
[Wed Feb 20 02:45:00 2019]	heart_mobile
[Wed Feb 20 02:45:00 2019]	heart_web
[Wed Feb 20 02:45:00 2019]	heart_mobile
[Wed Feb 20 02:45:00 2019]	heart_web
[Wed Feb 20 02:45:00 2019]	heart_mobile
[Wed Feb 20 02:50:00 2019]	heart_web
[Wed Feb 20 02:50:00 2019]	heart_mobile
[Wed Feb 20 02:50:00 2019]	heart_web
[Wed Feb 20 02:50:00 2019]	heart_mobile
[Wed Feb 20 02:50:00 2019]	heart_web
[Wed Feb 20 02:50:00 2019]	heart_mobile
[Wed Feb 20 02:50:00 2019]	heart_web
[Wed Feb 20 02:50:00 2019]	heart_mobile
[Wed Feb 20 02:55:00 2019]	heart_web
[Wed Feb 20 02:55:00 2019]	heart_mobile
[Wed Feb 20 02:55:00 2019]	heart_web
[Wed Feb 20 02:55:00 2019]	heart_mobile
[Wed Feb 20 02:55:00 2019]	heart_web
[Wed Feb 20 02:55:00 2019]	heart_mobile
[Wed Feb 20 02:55:00 2019]	heart_web
[Wed Feb 20 02:55:00 2019]	heart_mobile
[Wed Feb 20 03:00:00 2019]	heart_web
[Wed Feb 20 03:00:00 2019]	heart_mobile
[Wed Feb 20 03:00:00 2019]	heart_web
[Wed Feb 20 03:00:00 2019]	heart_mobile
[Wed Feb 20 03:00:00 2019]	heart_web
[Wed Feb 20 03:00:00 2019]	heart_mobile
[Wed Feb 20 03:00:00 2019]	heart_web
[Wed Feb 20 03:00:00 2019]	heart_mobile
[u'44093370', u'44074456', u'44079261', u'43962809', u'44079532']
15824397397
zsj0911*
0
------------------
17367078621
weiyuxin
39
------------------
15127529708
shijizhe
225.58
------------------
13306522935
zjuZSJ0911*
0
------------------
[Wed Feb 20 03:05:00 2019]	heart_web
[Wed Feb 20 03:05:00 2019]	heart_mobile
[Wed Feb 20 03:05:00 2019]	heart_web
[Wed Feb 20 03:05:00 2019]	heart_mobile
[Wed Feb 20 03:05:00 2019]	heart_web
[Wed Feb 20 03:05:00 2019]	heart_mobile
[Wed Feb 20 03:05:00 2019]	heart_web
[Wed Feb 20 03:05:00 2019]	heart_mobile
[Wed Feb 20 03:10:00 2019]	heart_web
[Wed Feb 20 03:10:00 2019]	heart_mobile
[Wed Feb 20 03:10:00 2019]	heart_web
[Wed Feb 20 03:10:00 2019]	heart_mobile
[Wed Feb 20 03:10:00 2019]	heart_web
[Wed Feb 20 03:10:00 2019]	heart_mobile
[Wed Feb 20 03:10:00 2019]	heart_web
[Wed Feb 20 03:10:00 2019]	heart_mobile
[Wed Feb 20 03:15:00 2019]	heart_web
[Wed Feb 20 03:15:00 2019]	heart_mobile
[Wed Feb 20 03:15:00 2019]	heart_web
[Wed Feb 20 03:15:00 2019]	heart_mobile
[Wed Feb 20 03:15:00 2019]	heart_web
[Wed Feb 20 03:15:00 2019]	heart_mobile
[Wed Feb 20 03:15:00 2019]	heart_web
[Wed Feb 20 03:15:00 2019]	heart_mobile
[Wed Feb 20 03:20:00 2019]	heart_web
[Wed Feb 20 03:20:00 2019]	heart_mobile
[Wed Feb 20 03:20:00 2019]	heart_web
[Wed Feb 20 03:20:00 2019]	heart_mobile
[Wed Feb 20 03:20:00 2019]	heart_web
[Wed Feb 20 03:20:00 2019]	heart_mobile
[Wed Feb 20 03:20:00 2019]	heart_web
[Wed Feb 20 03:20:01 2019]	heart_mobile
[Wed Feb 20 03:25:00 2019]	heart_web
[Wed Feb 20 03:25:00 2019]	heart_mobile
[Wed Feb 20 03:25:00 2019]	heart_web
[Wed Feb 20 03:25:00 2019]	heart_mobile
[Wed Feb 20 03:25:00 2019]	heart_web
[Wed Feb 20 03:25:00 2019]	heart_mobile
[Wed Feb 20 03:25:00 2019]	heart_web
[Wed Feb 20 03:25:00 2019]	heart_mobile
[Wed Feb 20 03:30:00 2019]	heart_web
[Wed Feb 20 03:30:00 2019]	heart_mobile
[Wed Feb 20 03:30:00 2019]	heart_web
[Wed Feb 20 03:30:00 2019]	heart_mobile
[Wed Feb 20 03:30:00 2019]	heart_web
[Wed Feb 20 03:30:00 2019]	heart_mobile
[Wed Feb 20 03:30:00 2019]	heart_web
[Wed Feb 20 03:30:00 2019]	heart_mobile
[Wed Feb 20 03:35:00 2019]	heart_web
[Wed Feb 20 03:35:00 2019]	heart_mobile
[Wed Feb 20 03:35:00 2019]	heart_web
[Wed Feb 20 03:35:00 2019]	heart_mobile
[Wed Feb 20 03:35:00 2019]	heart_web
[Wed Feb 20 03:35:00 2019]	heart_mobile
[Wed Feb 20 03:35:00 2019]	heart_web
[Wed Feb 20 03:35:00 2019]	heart_mobile
[Wed Feb 20 03:40:00 2019]	heart_web
[Wed Feb 20 03:40:00 2019]	heart_mobile
[Wed Feb 20 03:40:00 2019]	heart_web
[Wed Feb 20 03:40:00 2019]	heart_mobile
[Wed Feb 20 03:40:00 2019]	heart_web
[Wed Feb 20 03:40:00 2019]	heart_mobile
[Wed Feb 20 03:40:00 2019]	heart_web
[Wed Feb 20 03:40:00 2019]	heart_mobile
[Wed Feb 20 03:45:00 2019]	heart_web
[Wed Feb 20 03:45:00 2019]	heart_mobile
[Wed Feb 20 03:45:00 2019]	heart_web
[Wed Feb 20 03:45:00 2019]	heart_mobile
[Wed Feb 20 03:45:00 2019]	heart_web
[Wed Feb 20 03:45:00 2019]	heart_mobile
[Wed Feb 20 03:45:00 2019]	heart_web
[Wed Feb 20 03:45:00 2019]	heart_mobile
[Wed Feb 20 03:50:00 2019]	heart_web
[Wed Feb 20 03:50:00 2019]	heart_mobile
[Wed Feb 20 03:50:00 2019]	heart_web
[Wed Feb 20 03:50:00 2019]	heart_mobile
[Wed Feb 20 03:50:00 2019]	heart_web
[Wed Feb 20 03:50:00 2019]	heart_mobile
[Wed Feb 20 03:50:00 2019]	heart_web
[Wed Feb 20 03:50:00 2019]	heart_mobile
[Wed Feb 20 03:55:00 2019]	heart_web
[Wed Feb 20 03:55:00 2019]	heart_mobile
[Wed Feb 20 03:55:00 2019]	heart_web
[Wed Feb 20 03:55:00 2019]	heart_mobile
[Wed Feb 20 03:55:00 2019]	heart_web
[Wed Feb 20 03:55:00 2019]	heart_mobile
[Wed Feb 20 03:55:00 2019]	heart_web
[Wed Feb 20 03:55:01 2019]	heart_mobile
[Wed Feb 20 04:00:00 2019]	heart_web
[Wed Feb 20 04:00:00 2019]	heart_mobile
[Wed Feb 20 04:00:00 2019]	heart_web
[Wed Feb 20 04:00:00 2019]	heart_mobile
[Wed Feb 20 04:00:00 2019]	heart_web
[Wed Feb 20 04:00:00 2019]	heart_mobile
[Wed Feb 20 04:00:01 2019]	heart_web
[Wed Feb 20 04:00:01 2019]	heart_mobile
[u'44093370', u'44074456', u'44079261', u'43962809', u'44079532']
15824397397
zsj0911*
0
------------------
17367078621
weiyuxin
39
------------------
15127529708
shijizhe
225.58
------------------
13306522935
zjuZSJ0911*
0
------------------
[Wed Feb 20 04:05:00 2019]	heart_web
[Wed Feb 20 04:05:00 2019]	heart_mobile
[Wed Feb 20 04:05:00 2019]	heart_web
[Wed Feb 20 04:05:00 2019]	heart_mobile
[Wed Feb 20 04:05:00 2019]	heart_web
[Wed Feb 20 04:05:00 2019]	heart_mobile
[Wed Feb 20 04:05:00 2019]	heart_web
[Wed Feb 20 04:05:00 2019]	heart_mobile
[Wed Feb 20 04:10:00 2019]	heart_web
[Wed Feb 20 04:10:00 2019]	heart_mobile
[Wed Feb 20 04:10:00 2019]	heart_web
[Wed Feb 20 04:10:00 2019]	heart_mobile
[Wed Feb 20 04:10:00 2019]	heart_web
[Wed Feb 20 04:10:00 2019]	heart_mobile
[Wed Feb 20 04:10:00 2019]	heart_web
[Wed Feb 20 04:10:00 2019]	heart_mobile
[Wed Feb 20 04:15:00 2019]	heart_web
[Wed Feb 20 04:15:00 2019]	heart_mobile
[Wed Feb 20 04:15:00 2019]	heart_web
[Wed Feb 20 04:15:00 2019]	heart_mobile
[Wed Feb 20 04:15:00 2019]	heart_web
[Wed Feb 20 04:15:00 2019]	heart_mobile
[Wed Feb 20 04:15:00 2019]	heart_web
[Wed Feb 20 04:15:00 2019]	heart_mobile
[Wed Feb 20 04:20:00 2019]	heart_web
[Wed Feb 20 04:20:00 2019]	heart_mobile
[Wed Feb 20 04:20:00 2019]	heart_web
[Wed Feb 20 04:20:00 2019]	heart_mobile
[Wed Feb 20 04:20:00 2019]	heart_web
[Wed Feb 20 04:20:00 2019]	heart_mobile
[Wed Feb 20 04:20:00 2019]	heart_web
[Wed Feb 20 04:20:00 2019]	heart_mobile
[Wed Feb 20 04:25:00 2019]	heart_web
[Wed Feb 20 04:25:00 2019]	heart_mobile
[Wed Feb 20 04:25:00 2019]	heart_web
[Wed Feb 20 04:25:00 2019]	heart_mobile
[Wed Feb 20 04:25:00 2019]	heart_web
[Wed Feb 20 04:25:00 2019]	heart_mobile
[Wed Feb 20 04:25:00 2019]	heart_web
[Wed Feb 20 04:25:00 2019]	heart_mobile
[Wed Feb 20 04:30:00 2019]	heart_web
[Wed Feb 20 04:30:00 2019]	heart_mobile
[Wed Feb 20 04:30:00 2019]	heart_web
[Wed Feb 20 04:30:00 2019]	heart_mobile
[Wed Feb 20 04:30:00 2019]	heart_web
[Wed Feb 20 04:30:00 2019]	heart_mobile
[Wed Feb 20 04:30:00 2019]	heart_web
[Wed Feb 20 04:30:00 2019]	heart_mobile
[Wed Feb 20 04:35:00 2019]	heart_web
[Wed Feb 20 04:35:00 2019]	heart_mobile
[Wed Feb 20 04:35:00 2019]	heart_web
[Wed Feb 20 04:35:00 2019]	heart_mobile
[Wed Feb 20 04:35:00 2019]	heart_web
[Wed Feb 20 04:35:00 2019]	heart_mobile
[Wed Feb 20 04:35:00 2019]	heart_web
[Wed Feb 20 04:35:00 2019]	heart_mobile
[Wed Feb 20 04:40:00 2019]	heart_web
[Wed Feb 20 04:40:00 2019]	heart_mobile
[Wed Feb 20 04:40:00 2019]	heart_web
[Wed Feb 20 04:40:00 2019]	heart_mobile
[Wed Feb 20 04:40:00 2019]	heart_web
[Wed Feb 20 04:40:00 2019]	heart_mobile
[Wed Feb 20 04:40:00 2019]	heart_web
[Wed Feb 20 04:40:00 2019]	heart_mobile
[Wed Feb 20 04:45:00 2019]	heart_web
[Wed Feb 20 04:45:00 2019]	heart_mobile
[Wed Feb 20 04:45:00 2019]	heart_web
[Wed Feb 20 04:45:00 2019]	heart_mobile
[Wed Feb 20 04:45:00 2019]	heart_web
[Wed Feb 20 04:45:00 2019]	heart_mobile
[Wed Feb 20 04:45:00 2019]	heart_web
[Wed Feb 20 04:45:00 2019]	heart_mobile
[Wed Feb 20 04:50:00 2019]	heart_web
[Wed Feb 20 04:50:00 2019]	heart_mobile
[Wed Feb 20 04:50:00 2019]	heart_web
[Wed Feb 20 04:50:00 2019]	heart_mobile
[Wed Feb 20 04:50:00 2019]	heart_web
[Wed Feb 20 04:50:00 2019]	heart_mobile
[Wed Feb 20 04:50:00 2019]	heart_web
[Wed Feb 20 04:50:00 2019]	heart_mobile
[Wed Feb 20 04:55:00 2019]	heart_web
[Wed Feb 20 04:55:00 2019]	heart_mobile
[Wed Feb 20 04:55:00 2019]	heart_web
[Wed Feb 20 04:55:00 2019]	heart_mobile
[Wed Feb 20 04:55:00 2019]	heart_web
[Wed Feb 20 04:55:00 2019]	heart_mobile
[Wed Feb 20 04:55:00 2019]	heart_web
[Wed Feb 20 04:55:00 2019]	heart_mobile
[Wed Feb 20 05:00:00 2019]	heart_web
[Wed Feb 20 05:00:00 2019]	heart_mobile
[Wed Feb 20 05:00:00 2019]	heart_web
[Wed Feb 20 05:00:00 2019]	heart_mobile
[Wed Feb 20 05:00:00 2019]	heart_web
[Wed Feb 20 05:00:00 2019]	heart_mobile
[Wed Feb 20 05:00:00 2019]	heart_web
[Wed Feb 20 05:00:00 2019]	heart_mobile
[u'44093370', u'44074456', u'44079261', u'43962809', u'44079532']
15824397397
zsj0911*
0
------------------
17367078621
weiyuxin
39
------------------
15127529708
shijizhe
225.58
------------------
13306522935
zjuZSJ0911*
0
------------------
[Wed Feb 20 05:05:00 2019]	heart_web
[Wed Feb 20 05:05:00 2019]	heart_mobile
[Wed Feb 20 05:05:00 2019]	heart_web
[Wed Feb 20 05:05:00 2019]	heart_mobile
[Wed Feb 20 05:05:00 2019]	heart_web
[Wed Feb 20 05:05:00 2019]	heart_mobile
[Wed Feb 20 05:05:00 2019]	heart_web
[Wed Feb 20 05:05:01 2019]	heart_mobile
[Wed Feb 20 05:10:00 2019]	heart_web
[Wed Feb 20 05:10:00 2019]	heart_mobile
[Wed Feb 20 05:10:00 2019]	heart_web
[Wed Feb 20 05:10:00 2019]	heart_mobile
[Wed Feb 20 05:10:00 2019]	heart_web
[Wed Feb 20 05:10:00 2019]	heart_mobile
[Wed Feb 20 05:10:00 2019]	heart_web
[Wed Feb 20 05:10:00 2019]	heart_mobile
[Wed Feb 20 05:15:00 2019]	heart_web
[Wed Feb 20 05:15:00 2019]	heart_mobile
[Wed Feb 20 05:15:00 2019]	heart_web
[Wed Feb 20 05:15:00 2019]	heart_mobile
[Wed Feb 20 05:15:00 2019]	heart_web
[Wed Feb 20 05:15:00 2019]	heart_mobile
[Wed Feb 20 05:15:00 2019]	heart_web
[Wed Feb 20 05:15:00 2019]	heart_mobile
[Wed Feb 20 05:20:00 2019]	heart_web
[Wed Feb 20 05:20:00 2019]	heart_mobile
[Wed Feb 20 05:20:00 2019]	heart_web
[Wed Feb 20 05:20:00 2019]	heart_mobile
[Wed Feb 20 05:20:00 2019]	heart_web
[Wed Feb 20 05:20:00 2019]	heart_mobile
[Wed Feb 20 05:20:00 2019]	heart_web
[Wed Feb 20 05:20:00 2019]	heart_mobile
[Wed Feb 20 05:25:00 2019]	heart_web
[Wed Feb 20 05:25:00 2019]	heart_mobile
[Wed Feb 20 05:25:00 2019]	heart_web
[Wed Feb 20 05:25:00 2019]	heart_mobile
[Wed Feb 20 05:25:00 2019]	heart_web
[Wed Feb 20 05:25:00 2019]	heart_mobile
[Wed Feb 20 05:25:00 2019]	heart_web
[Wed Feb 20 05:25:00 2019]	heart_mobile
[Wed Feb 20 05:30:00 2019]	heart_web
[Wed Feb 20 05:30:00 2019]	heart_mobile
[Wed Feb 20 05:30:00 2019]	heart_web
[Wed Feb 20 05:30:00 2019]	heart_mobile
[Wed Feb 20 05:30:00 2019]	heart_web
[Wed Feb 20 05:30:00 2019]	heart_mobile
[Wed Feb 20 05:30:00 2019]	heart_web
[Wed Feb 20 05:30:00 2019]	heart_mobile
[Wed Feb 20 05:35:00 2019]	heart_web
[Wed Feb 20 05:35:00 2019]	heart_mobile
[Wed Feb 20 05:35:00 2019]	heart_web
[Wed Feb 20 05:35:00 2019]	heart_mobile
[Wed Feb 20 05:35:00 2019]	heart_web
[Wed Feb 20 05:35:00 2019]	heart_mobile
[Wed Feb 20 05:35:01 2019]	heart_web
[Wed Feb 20 05:35:01 2019]	heart_mobile
[Wed Feb 20 05:40:00 2019]	heart_web
[Wed Feb 20 05:40:00 2019]	heart_mobile
[Wed Feb 20 05:40:00 2019]	heart_web
[Wed Feb 20 05:40:00 2019]	heart_mobile
[Wed Feb 20 05:40:00 2019]	heart_web
[Wed Feb 20 05:40:00 2019]	heart_mobile
[Wed Feb 20 05:40:00 2019]	heart_web
[Wed Feb 20 05:40:00 2019]	heart_mobile
[Wed Feb 20 05:45:00 2019]	heart_web
[Wed Feb 20 05:45:00 2019]	heart_mobile
[Wed Feb 20 05:45:00 2019]	heart_web
[Wed Feb 20 05:45:00 2019]	heart_mobile
[Wed Feb 20 05:45:00 2019]	heart_web
[Wed Feb 20 05:45:00 2019]	heart_mobile
[Wed Feb 20 05:45:00 2019]	heart_web
[Wed Feb 20 05:45:00 2019]	heart_mobile
[Wed Feb 20 05:50:00 2019]	heart_web
[Wed Feb 20 05:50:00 2019]	heart_mobile
[Wed Feb 20 05:50:00 2019]	heart_web
[Wed Feb 20 05:50:00 2019]	heart_mobile
[Wed Feb 20 05:50:00 2019]	heart_web
[Wed Feb 20 05:50:00 2019]	heart_mobile
[Wed Feb 20 05:50:00 2019]	heart_web
[Wed Feb 20 05:50:00 2019]	heart_mobile
[Wed Feb 20 05:55:00 2019]	heart_web
[Wed Feb 20 05:55:00 2019]	heart_mobile
[Wed Feb 20 05:55:00 2019]	heart_web
[Wed Feb 20 05:55:00 2019]	heart_mobile
[Wed Feb 20 05:55:00 2019]	heart_web
[Wed Feb 20 05:55:00 2019]	heart_mobile
[Wed Feb 20 05:55:00 2019]	heart_web
[Wed Feb 20 05:55:00 2019]	heart_mobile
[Wed Feb 20 06:00:00 2019]	heart_web
[Wed Feb 20 06:00:00 2019]	heart_mobile
[Wed Feb 20 06:00:00 2019]	heart_web
[Wed Feb 20 06:00:00 2019]	heart_mobile
[Wed Feb 20 06:00:00 2019]	heart_web
[Wed Feb 20 06:00:00 2019]	heart_mobile
[Wed Feb 20 06:00:00 2019]	heart_web
[Wed Feb 20 06:00:01 2019]	heart_mobile
[u'44093370', u'44074456', u'44079261', u'43962809', u'44079532']
15824397397
zsj0911*
0
------------------
17367078621
weiyuxin
39
------------------
15127529708
shijizhe
225.58
------------------
13306522935
zjuZSJ0911*
0
------------------
[Wed Feb 20 06:05:00 2019]	heart_web
[Wed Feb 20 06:05:00 2019]	heart_mobile
[Wed Feb 20 06:05:00 2019]	heart_web
[Wed Feb 20 06:05:00 2019]	heart_mobile
[Wed Feb 20 06:05:00 2019]	heart_web
[Wed Feb 20 06:05:00 2019]	heart_mobile
[Wed Feb 20 06:05:00 2019]	heart_web
[Wed Feb 20 06:05:00 2019]	heart_mobile
[Wed Feb 20 06:10:00 2019]	heart_web
[Wed Feb 20 06:10:00 2019]	heart_mobile
[Wed Feb 20 06:10:00 2019]	heart_web
[Wed Feb 20 06:10:00 2019]	heart_mobile
[Wed Feb 20 06:10:00 2019]	heart_web
[Wed Feb 20 06:10:00 2019]	heart_mobile
[Wed Feb 20 06:10:00 2019]	heart_web
[Wed Feb 20 06:10:00 2019]	heart_mobile
[Wed Feb 20 06:15:00 2019]	heart_web
[Wed Feb 20 06:15:00 2019]	heart_mobile
[Wed Feb 20 06:15:00 2019]	heart_web
[Wed Feb 20 06:15:00 2019]	heart_mobile
[Wed Feb 20 06:15:00 2019]	heart_web
[Wed Feb 20 06:15:00 2019]	heart_mobile
[Wed Feb 20 06:15:00 2019]	heart_web
[Wed Feb 20 06:15:00 2019]	heart_mobile
[Wed Feb 20 06:20:00 2019]	heart_web
[Wed Feb 20 06:20:00 2019]	heart_mobile
[Wed Feb 20 06:20:00 2019]	heart_web
[Wed Feb 20 06:20:00 2019]	heart_mobile
[Wed Feb 20 06:20:00 2019]	heart_web
[Wed Feb 20 06:20:00 2019]	heart_mobile
[Wed Feb 20 06:20:00 2019]	heart_web
[Wed Feb 20 06:20:00 2019]	heart_mobile
[Wed Feb 20 06:25:00 2019]	heart_web
[Wed Feb 20 06:25:00 2019]	heart_mobile
[Wed Feb 20 06:25:00 2019]	heart_web
[Wed Feb 20 06:25:00 2019]	heart_mobile
[Wed Feb 20 06:25:00 2019]	heart_web
[Wed Feb 20 06:25:00 2019]	heart_mobile
[Wed Feb 20 06:25:00 2019]	heart_web
[Wed Feb 20 06:25:01 2019]	heart_mobile
[Wed Feb 20 06:30:00 2019]	heart_web
[Wed Feb 20 06:30:00 2019]	heart_mobile
[Wed Feb 20 06:30:00 2019]	heart_web
[Wed Feb 20 06:30:00 2019]	heart_mobile
[Wed Feb 20 06:30:00 2019]	heart_web
[Wed Feb 20 06:30:00 2019]	heart_mobile
[Wed Feb 20 06:30:00 2019]	heart_web
[Wed Feb 20 06:30:00 2019]	heart_mobile
[Wed Feb 20 06:35:00 2019]	heart_web
[Wed Feb 20 06:35:00 2019]	heart_mobile
[Wed Feb 20 06:35:00 2019]	heart_web
[Wed Feb 20 06:35:00 2019]	heart_mobile
[Wed Feb 20 06:35:00 2019]	heart_web
[Wed Feb 20 06:35:00 2019]	heart_mobile
[Wed Feb 20 06:35:00 2019]	heart_web
[Wed Feb 20 06:35:00 2019]	heart_mobile
[Wed Feb 20 06:40:00 2019]	heart_web
[Wed Feb 20 06:40:00 2019]	heart_mobile
[Wed Feb 20 06:40:00 2019]	heart_web
[Wed Feb 20 06:40:00 2019]	heart_mobile
[Wed Feb 20 06:40:00 2019]	heart_web
[Wed Feb 20 06:40:00 2019]	heart_mobile
[Wed Feb 20 06:40:00 2019]	heart_web
[Wed Feb 20 06:40:00 2019]	heart_mobile
[Wed Feb 20 06:45:00 2019]	heart_web
[Wed Feb 20 06:45:00 2019]	heart_mobile
[Wed Feb 20 06:45:00 2019]	heart_web
[Wed Feb 20 06:45:00 2019]	heart_mobile
[Wed Feb 20 06:45:00 2019]	heart_web
[Wed Feb 20 06:45:00 2019]	heart_mobile
[Wed Feb 20 06:45:00 2019]	heart_web
[Wed Feb 20 06:45:00 2019]	heart_mobile
[Wed Feb 20 06:50:00 2019]	heart_web
[Wed Feb 20 06:50:00 2019]	heart_mobile
[Wed Feb 20 06:50:00 2019]	heart_web
[Wed Feb 20 06:50:00 2019]	heart_mobile
[Wed Feb 20 06:50:00 2019]	heart_web
[Wed Feb 20 06:50:00 2019]	heart_mobile
[Wed Feb 20 06:50:01 2019]	heart_web
[Wed Feb 20 06:50:01 2019]	heart_mobile
[Wed Feb 20 06:55:00 2019]	heart_web
[Wed Feb 20 06:55:00 2019]	heart_mobile
[Wed Feb 20 06:55:00 2019]	heart_web
[Wed Feb 20 06:55:00 2019]	heart_mobile
[Wed Feb 20 06:55:00 2019]	heart_web
[Wed Feb 20 06:55:00 2019]	heart_mobile
[Wed Feb 20 06:55:00 2019]	heart_web
[Wed Feb 20 06:55:00 2019]	heart_mobile
[Wed Feb 20 07:00:00 2019]	heart_web
[Wed Feb 20 07:00:00 2019]	heart_mobile
[Wed Feb 20 07:00:00 2019]	heart_web
[Wed Feb 20 07:00:00 2019]	heart_mobile
[Wed Feb 20 07:00:00 2019]	heart_web
[Wed Feb 20 07:00:00 2019]	heart_mobile
[Wed Feb 20 07:00:00 2019]	heart_web
[Wed Feb 20 07:00:00 2019]	heart_mobile
[u'44093370', u'44074456', u'44079261', u'43962809', u'44079532']
15824397397
zsj0911*
0
------------------
17367078621
weiyuxin
39
------------------
15127529708
shijizhe
225.58
------------------
13306522935
zjuZSJ0911*
0
------------------
[Wed Feb 20 07:05:00 2019]	heart_web
[Wed Feb 20 07:05:00 2019]	heart_mobile
[Wed Feb 20 07:05:00 2019]	heart_web
[Wed Feb 20 07:05:00 2019]	heart_mobile
[Wed Feb 20 07:05:00 2019]	heart_web
[Wed Feb 20 07:05:00 2019]	heart_mobile
[Wed Feb 20 07:05:00 2019]	heart_web
[Wed Feb 20 07:05:00 2019]	heart_mobile
[Wed Feb 20 07:10:00 2019]	heart_web
[Wed Feb 20 07:10:00 2019]	heart_mobile
[Wed Feb 20 07:10:00 2019]	heart_web
[Wed Feb 20 07:10:00 2019]	heart_mobile
[Wed Feb 20 07:10:00 2019]	heart_web
[Wed Feb 20 07:10:00 2019]	heart_mobile
[Wed Feb 20 07:10:00 2019]	heart_web
[Wed Feb 20 07:10:00 2019]	heart_mobile
[Wed Feb 20 07:15:00 2019]	heart_web
[Wed Feb 20 07:15:00 2019]	heart_mobile
[Wed Feb 20 07:15:00 2019]	heart_web
[Wed Feb 20 07:15:00 2019]	heart_mobile
[Wed Feb 20 07:15:00 2019]	heart_web
[Wed Feb 20 07:15:00 2019]	heart_mobile
[Wed Feb 20 07:15:00 2019]	heart_web
[Wed Feb 20 07:15:00 2019]	heart_mobile
[Wed Feb 20 07:20:00 2019]	heart_web
[Wed Feb 20 07:20:00 2019]	heart_mobile
[Wed Feb 20 07:20:00 2019]	heart_web
[Wed Feb 20 07:20:00 2019]	heart_mobile
[Wed Feb 20 07:20:00 2019]	heart_web
[Wed Feb 20 07:20:00 2019]	heart_mobile
[Wed Feb 20 07:20:00 2019]	heart_web
[Wed Feb 20 07:20:00 2019]	heart_mobile
[Wed Feb 20 07:25:00 2019]	heart_web
[Wed Feb 20 07:25:00 2019]	heart_mobile
[Wed Feb 20 07:25:00 2019]	heart_web
[Wed Feb 20 07:25:00 2019]	heart_mobile
[Wed Feb 20 07:25:00 2019]	heart_web
[Wed Feb 20 07:25:00 2019]	heart_mobile
[Wed Feb 20 07:25:00 2019]	heart_web
[Wed Feb 20 07:25:00 2019]	heart_mobile
[Wed Feb 20 07:30:00 2019]	heart_web
[Wed Feb 20 07:30:00 2019]	heart_mobile
[Wed Feb 20 07:30:00 2019]	heart_web
[Wed Feb 20 07:30:00 2019]	heart_mobile
[Wed Feb 20 07:30:00 2019]	heart_web
[Wed Feb 20 07:30:00 2019]	heart_mobile
[Wed Feb 20 07:30:00 2019]	heart_web
[Wed Feb 20 07:30:00 2019]	heart_mobile
[Wed Feb 20 07:35:00 2019]	heart_web
[Wed Feb 20 07:35:00 2019]	heart_mobile
[Wed Feb 20 07:35:00 2019]	heart_web
[Wed Feb 20 07:35:00 2019]	heart_mobile
[Wed Feb 20 07:35:00 2019]	heart_web
[Wed Feb 20 07:35:00 2019]	heart_mobile
[Wed Feb 20 07:35:00 2019]	heart_web
[Wed Feb 20 07:35:00 2019]	heart_mobile
[Wed Feb 20 07:40:00 2019]	heart_web
[Wed Feb 20 07:40:00 2019]	heart_mobile
[Wed Feb 20 07:40:00 2019]	heart_web
[Wed Feb 20 07:40:00 2019]	heart_mobile
[Wed Feb 20 07:40:00 2019]	heart_web
[Wed Feb 20 07:40:00 2019]	heart_mobile
[Wed Feb 20 07:40:00 2019]	heart_web
[Wed Feb 20 07:40:00 2019]	heart_mobile
[Wed Feb 20 07:45:00 2019]	heart_web
[Wed Feb 20 07:45:00 2019]	heart_mobile
[Wed Feb 20 07:45:00 2019]	heart_web
[Wed Feb 20 07:45:00 2019]	heart_mobile
[Wed Feb 20 07:45:00 2019]	heart_web
[Wed Feb 20 07:45:00 2019]	heart_mobile
[Wed Feb 20 07:45:01 2019]	heart_web
[Wed Feb 20 07:45:01 2019]	heart_mobile
[Wed Feb 20 07:50:00 2019]	heart_web
[Wed Feb 20 07:50:00 2019]	heart_mobile
[Wed Feb 20 07:50:00 2019]	heart_web
[Wed Feb 20 07:50:00 2019]	heart_mobile
[Wed Feb 20 07:50:00 2019]	heart_web
[Wed Feb 20 07:50:00 2019]	heart_mobile
[Wed Feb 20 07:50:00 2019]	heart_web
[Wed Feb 20 07:50:00 2019]	heart_mobile
[Wed Feb 20 07:55:00 2019]	heart_web
[Wed Feb 20 07:55:00 2019]	heart_mobile
[Wed Feb 20 07:55:00 2019]	heart_web
[Wed Feb 20 07:55:00 2019]	heart_mobile
[Wed Feb 20 07:55:00 2019]	heart_web
[Wed Feb 20 07:55:00 2019]	heart_mobile
[Wed Feb 20 07:55:00 2019]	heart_web
[Wed Feb 20 07:55:00 2019]	heart_mobile
[Wed Feb 20 08:00:00 2019]	heart_web
[Wed Feb 20 08:00:00 2019]	heart_mobile
[Wed Feb 20 08:00:00 2019]	heart_web
[Wed Feb 20 08:00:00 2019]	heart_mobile
[Wed Feb 20 08:00:00 2019]	heart_web
[Wed Feb 20 08:00:00 2019]	heart_mobile
[Wed Feb 20 08:00:00 2019]	heart_web
[Wed Feb 20 08:00:00 2019]	heart_mobile
[u'44093370', u'44074456', u'44079261', u'43962809', u'44079532']
15824397397
zsj0911*
0
------------------
17367078621
weiyuxin
39
------------------
15127529708
shijizhe
225.58
------------------
13306522935
zjuZSJ0911*
0
------------------
[Wed Feb 20 08:05:00 2019]	heart_web
[Wed Feb 20 08:05:00 2019]	heart_mobile
[Wed Feb 20 08:05:00 2019]	heart_web
[Wed Feb 20 08:05:00 2019]	heart_mobile
[Wed Feb 20 08:05:00 2019]	heart_web
[Wed Feb 20 08:05:00 2019]	heart_mobile
[Wed Feb 20 08:05:00 2019]	heart_web
[Wed Feb 20 08:05:00 2019]	heart_mobile
[Wed Feb 20 08:10:00 2019]	heart_web
[Wed Feb 20 08:10:00 2019]	heart_mobile
[Wed Feb 20 08:10:00 2019]	heart_web
[Wed Feb 20 08:10:00 2019]	heart_mobile
[Wed Feb 20 08:10:00 2019]	heart_web
[Wed Feb 20 08:10:00 2019]	heart_mobile
[Wed Feb 20 08:10:00 2019]	heart_web
[Wed Feb 20 08:10:00 2019]	heart_mobile
[Wed Feb 20 08:15:00 2019]	heart_web
[Wed Feb 20 08:15:00 2019]	heart_mobile
[Wed Feb 20 08:15:00 2019]	heart_web
[Wed Feb 20 08:15:00 2019]	heart_mobile
[Wed Feb 20 08:15:00 2019]	heart_web
[Wed Feb 20 08:15:00 2019]	heart_mobile
[Wed Feb 20 08:15:00 2019]	heart_web
[Wed Feb 20 08:15:00 2019]	heart_mobile
[Wed Feb 20 08:20:00 2019]	heart_web
[Wed Feb 20 08:20:00 2019]	heart_mobile
[Wed Feb 20 08:20:00 2019]	heart_web
[Wed Feb 20 08:20:00 2019]	heart_mobile
[Wed Feb 20 08:20:00 2019]	heart_web
[Wed Feb 20 08:20:00 2019]	heart_mobile
[Wed Feb 20 08:20:00 2019]	heart_web
[Wed Feb 20 08:20:00 2019]	heart_mobile
[Wed Feb 20 08:25:00 2019]	heart_web
[Wed Feb 20 08:25:00 2019]	heart_mobile
[Wed Feb 20 08:25:00 2019]	heart_web
[Wed Feb 20 08:25:00 2019]	heart_mobile
[Wed Feb 20 08:25:00 2019]	heart_web
[Wed Feb 20 08:25:00 2019]	heart_mobile
[Wed Feb 20 08:25:00 2019]	heart_web
[Wed Feb 20 08:25:00 2019]	heart_mobile
[Wed Feb 20 08:30:00 2019]	heart_web
[Wed Feb 20 08:30:00 2019]	heart_mobile
[Wed Feb 20 08:30:00 2019]	heart_web
[Wed Feb 20 08:30:00 2019]	heart_mobile
[Wed Feb 20 08:30:00 2019]	heart_web
[Wed Feb 20 08:30:00 2019]	heart_mobile
[Wed Feb 20 08:30:00 2019]	heart_web
[Wed Feb 20 08:30:00 2019]	heart_mobile
[Wed Feb 20 08:35:00 2019]	heart_web
[Wed Feb 20 08:35:00 2019]	heart_mobile
[Wed Feb 20 08:35:00 2019]	heart_web
[Wed Feb 20 08:35:00 2019]	heart_mobile
[Wed Feb 20 08:35:00 2019]	heart_web
[Wed Feb 20 08:35:00 2019]	heart_mobile
[Wed Feb 20 08:35:00 2019]	heart_web
[Wed Feb 20 08:35:00 2019]	heart_mobile
[Wed Feb 20 08:40:00 2019]	heart_web
[Wed Feb 20 08:40:00 2019]	heart_mobile
[Wed Feb 20 08:40:00 2019]	heart_web
[Wed Feb 20 08:40:00 2019]	heart_mobile
[Wed Feb 20 08:40:00 2019]	heart_web
[Wed Feb 20 08:40:00 2019]	heart_mobile
[Wed Feb 20 08:40:00 2019]	heart_web
[Wed Feb 20 08:40:00 2019]	heart_mobile
[Wed Feb 20 08:45:00 2019]	heart_web
[Wed Feb 20 08:45:00 2019]	heart_mobile
[Wed Feb 20 08:45:00 2019]	heart_web
[Wed Feb 20 08:45:00 2019]	heart_mobile
[Wed Feb 20 08:45:00 2019]	heart_web
[Wed Feb 20 08:45:00 2019]	heart_mobile
[Wed Feb 20 08:45:00 2019]	heart_web
[Wed Feb 20 08:45:01 2019]	heart_mobile
[Wed Feb 20 08:50:00 2019]	heart_web
[Wed Feb 20 08:50:00 2019]	heart_mobile
[Wed Feb 20 08:50:00 2019]	heart_web
[Wed Feb 20 08:50:00 2019]	heart_mobile
[Wed Feb 20 08:50:00 2019]	heart_web
[Wed Feb 20 08:50:00 2019]	heart_mobile
[Wed Feb 20 08:50:00 2019]	heart_web
[Wed Feb 20 08:50:00 2019]	heart_mobile
[Wed Feb 20 08:55:00 2019]	heart_web
[Wed Feb 20 08:55:00 2019]	heart_mobile
[Wed Feb 20 08:55:00 2019]	heart_web
[Wed Feb 20 08:55:00 2019]	heart_mobile
[Wed Feb 20 08:55:00 2019]	heart_web
[Wed Feb 20 08:55:00 2019]	heart_mobile
[Wed Feb 20 08:55:00 2019]	heart_web
[Wed Feb 20 08:55:00 2019]	heart_mobile
[Wed Feb 20 09:00:00 2019]	heart_web
[Wed Feb 20 09:00:00 2019]	heart_mobile
[Wed Feb 20 09:00:00 2019]	heart_web
[Wed Feb 20 09:00:00 2019]	heart_mobile
[Wed Feb 20 09:00:00 2019]	heart_web
[Wed Feb 20 09:00:00 2019]	heart_mobile
[Wed Feb 20 09:00:00 2019]	heart_web
[Wed Feb 20 09:00:00 2019]	heart_mobile
[u'44093370', u'44074456', u'44079261', u'44048597', u'43962809']
15824397397
zsj0911*
0
------------------
17367078621
weiyuxin
39
------------------
15127529708
shijizhe
225.58
------------------
13306522935
zjuZSJ0911*
0
------------------
[Wed Feb 20 09:05:00 2019]	heart_web
[Wed Feb 20 09:05:00 2019]	heart_mobile
[Wed Feb 20 09:05:00 2019]	heart_web
[Wed Feb 20 09:05:00 2019]	heart_mobile
[Wed Feb 20 09:05:00 2019]	heart_web
[Wed Feb 20 09:05:00 2019]	heart_mobile
[Wed Feb 20 09:05:00 2019]	heart_web
[Wed Feb 20 09:05:00 2019]	heart_mobile
[Wed Feb 20 09:10:00 2019]	heart_web
[Wed Feb 20 09:10:00 2019]	heart_mobile
[Wed Feb 20 09:10:00 2019]	heart_web
[Wed Feb 20 09:10:00 2019]	heart_mobile
[Wed Feb 20 09:10:00 2019]	heart_web
[Wed Feb 20 09:10:00 2019]	heart_mobile
[Wed Feb 20 09:10:00 2019]	heart_web
[Wed Feb 20 09:10:00 2019]	heart_mobile
[Wed Feb 20 09:15:00 2019]	heart_web
[Wed Feb 20 09:15:00 2019]	heart_mobile
[Wed Feb 20 09:15:00 2019]	heart_web
[Wed Feb 20 09:15:00 2019]	heart_mobile
[Wed Feb 20 09:15:00 2019]	heart_web
[Wed Feb 20 09:15:00 2019]	heart_mobile
[Wed Feb 20 09:15:00 2019]	heart_web
[Wed Feb 20 09:15:00 2019]	heart_mobile
[Wed Feb 20 09:20:00 2019]	heart_web
[Wed Feb 20 09:20:00 2019]	heart_mobile
[Wed Feb 20 09:20:00 2019]	heart_web
[Wed Feb 20 09:20:00 2019]	heart_mobile
[Wed Feb 20 09:20:00 2019]	heart_web
[Wed Feb 20 09:20:00 2019]	heart_mobile
[Wed Feb 20 09:20:00 2019]	heart_web
[Wed Feb 20 09:20:01 2019]	heart_mobile
[Wed Feb 20 09:25:00 2019]	heart_web
[Wed Feb 20 09:25:00 2019]	heart_mobile
[Wed Feb 20 09:25:00 2019]	heart_web
[Wed Feb 20 09:25:00 2019]	heart_mobile
[Wed Feb 20 09:25:00 2019]	heart_web
[Wed Feb 20 09:25:00 2019]	heart_mobile
[Wed Feb 20 09:25:00 2019]	heart_web
[Wed Feb 20 09:25:00 2019]	heart_mobile
[Wed Feb 20 09:30:00 2019]	heart_web
[Wed Feb 20 09:30:00 2019]	heart_mobile
[Wed Feb 20 09:30:00 2019]	heart_web
[Wed Feb 20 09:30:00 2019]	heart_mobile
[Wed Feb 20 09:30:00 2019]	heart_web
[Wed Feb 20 09:30:00 2019]	heart_mobile
[Wed Feb 20 09:30:00 2019]	heart_web
[Wed Feb 20 09:30:00 2019]	heart_mobile
[Wed Feb 20 09:35:00 2019]	heart_web
[Wed Feb 20 09:35:00 2019]	heart_mobile
[Wed Feb 20 09:35:00 2019]	heart_web
[Wed Feb 20 09:35:00 2019]	heart_mobile
[Wed Feb 20 09:35:00 2019]	heart_web
[Wed Feb 20 09:35:00 2019]	heart_mobile
[Wed Feb 20 09:35:00 2019]	heart_web
[Wed Feb 20 09:35:00 2019]	heart_mobile
[Wed Feb 20 09:40:00 2019]	heart_web
[Wed Feb 20 09:40:00 2019]	heart_mobile
[Wed Feb 20 09:40:00 2019]	heart_web
[Wed Feb 20 09:40:00 2019]	heart_mobile
[Wed Feb 20 09:40:00 2019]	heart_web
[Wed Feb 20 09:40:00 2019]	heart_mobile
[Wed Feb 20 09:40:00 2019]	heart_web
[Wed Feb 20 09:40:00 2019]	heart_mobile
[Wed Feb 20 09:45:00 2019]	heart_web
[Wed Feb 20 09:45:00 2019]	heart_mobile
[Wed Feb 20 09:45:00 2019]	heart_web
[Wed Feb 20 09:45:00 2019]	heart_mobile
[Wed Feb 20 09:45:00 2019]	heart_web
[Wed Feb 20 09:45:00 2019]	heart_mobile
[Wed Feb 20 09:45:00 2019]	heart_web
[Wed Feb 20 09:45:00 2019]	heart_mobile
[Wed Feb 20 09:50:00 2019]	heart_web
[Wed Feb 20 09:50:00 2019]	heart_mobile
[Wed Feb 20 09:50:00 2019]	heart_web
[Wed Feb 20 09:50:00 2019]	heart_mobile
[Wed Feb 20 09:50:00 2019]	heart_web
[Wed Feb 20 09:50:00 2019]	heart_mobile
[Wed Feb 20 09:50:00 2019]	heart_web
[Wed Feb 20 09:50:01 2019]	heart_mobile
[Wed Feb 20 09:55:00 2019]	heart_web
[Wed Feb 20 09:55:00 2019]	heart_mobile
[Wed Feb 20 09:55:00 2019]	heart_web
[Wed Feb 20 09:55:00 2019]	heart_mobile
[Wed Feb 20 09:55:00 2019]	heart_web
[Wed Feb 20 09:55:00 2019]	heart_mobile
[Wed Feb 20 09:55:00 2019]	heart_web
[Wed Feb 20 09:55:00 2019]	heart_mobile
[Wed Feb 20 10:00:00 2019]	heart_web
[Wed Feb 20 10:00:00 2019]	heart_mobile
[Wed Feb 20 10:00:00 2019]	heart_web
[Wed Feb 20 10:00:00 2019]	heart_mobile
[Wed Feb 20 10:00:00 2019]	heart_web
[Wed Feb 20 10:00:00 2019]	heart_mobile
[Wed Feb 20 10:00:00 2019]	heart_web
[Wed Feb 20 10:00:00 2019]	heart_mobile
[u'44093370', u'44074456', u'44079261', u'43962809', u'44079532']
15824397397
zsj0911*
0
------------------
17367078621
weiyuxin
39
------------------
15127529708
shijizhe
225.58
------------------
13306522935
zjuZSJ0911*
0
------------------
[Wed Feb 20 10:05:00 2019]	heart_web
[Wed Feb 20 10:05:00 2019]	heart_mobile
[Wed Feb 20 10:05:00 2019]	heart_web
[Wed Feb 20 10:05:00 2019]	heart_mobile
[Wed Feb 20 10:05:00 2019]	heart_web
[Wed Feb 20 10:05:00 2019]	heart_mobile
[Wed Feb 20 10:05:00 2019]	heart_web
[Wed Feb 20 10:05:00 2019]	heart_mobile
[Wed Feb 20 10:10:00 2019]	heart_web
[Wed Feb 20 10:10:00 2019]	heart_mobile
[Wed Feb 20 10:10:00 2019]	heart_web
[Wed Feb 20 10:10:00 2019]	heart_mobile
[Wed Feb 20 10:10:00 2019]	heart_web
[Wed Feb 20 10:10:00 2019]	heart_mobile
[Wed Feb 20 10:10:00 2019]	heart_web
[Wed Feb 20 10:10:00 2019]	heart_mobile
[Wed Feb 20 10:15:00 2019]	heart_web
[Wed Feb 20 10:15:00 2019]	heart_mobile
[Wed Feb 20 10:15:00 2019]	heart_web
[Wed Feb 20 10:15:00 2019]	heart_mobile
[Wed Feb 20 10:15:00 2019]	heart_web
[Wed Feb 20 10:15:00 2019]	heart_mobile
[Wed Feb 20 10:15:00 2019]	heart_web
[Wed Feb 20 10:15:00 2019]	heart_mobile
[Wed Feb 20 10:20:00 2019]	heart_web
[Wed Feb 20 10:20:00 2019]	heart_mobile
[Wed Feb 20 10:20:00 2019]	heart_web
[Wed Feb 20 10:20:00 2019]	heart_mobile
[Wed Feb 20 10:20:00 2019]	heart_web
[Wed Feb 20 10:20:00 2019]	heart_mobile
[Wed Feb 20 10:20:00 2019]	heart_web
[Wed Feb 20 10:20:00 2019]	heart_mobile
[Wed Feb 20 10:25:00 2019]	heart_web
[Wed Feb 20 10:25:00 2019]	heart_mobile
[Wed Feb 20 10:25:00 2019]	heart_web
[Wed Feb 20 10:25:00 2019]	heart_mobile
[Wed Feb 20 10:25:00 2019]	heart_web
[Wed Feb 20 10:25:00 2019]	heart_mobile
[Wed Feb 20 10:25:00 2019]	heart_web
[Wed Feb 20 10:25:00 2019]	heart_mobile
[Wed Feb 20 10:30:00 2019]	heart_web
[Wed Feb 20 10:30:00 2019]	heart_mobile
[Wed Feb 20 10:30:00 2019]	heart_web
[Wed Feb 20 10:30:00 2019]	heart_mobile
[Wed Feb 20 10:30:00 2019]	heart_web
[Wed Feb 20 10:30:00 2019]	heart_mobile
[Wed Feb 20 10:30:00 2019]	heart_web
[Wed Feb 20 10:30:00 2019]	heart_mobile
[Wed Feb 20 10:35:00 2019]	heart_web
[Wed Feb 20 10:35:00 2019]	heart_mobile
[Wed Feb 20 10:35:00 2019]	heart_web
[Wed Feb 20 10:35:00 2019]	heart_mobile
[Wed Feb 20 10:35:00 2019]	heart_web
[Wed Feb 20 10:35:00 2019]	heart_mobile
[Wed Feb 20 10:35:00 2019]	heart_web
[Wed Feb 20 10:35:00 2019]	heart_mobile
[Wed Feb 20 10:40:00 2019]	heart_web
[Wed Feb 20 10:40:00 2019]	heart_mobile
[Wed Feb 20 10:40:00 2019]	heart_web
[Wed Feb 20 10:40:00 2019]	heart_mobile
[Wed Feb 20 10:40:00 2019]	heart_web
[Wed Feb 20 10:40:00 2019]	heart_mobile
[Wed Feb 20 10:40:01 2019]	heart_web
[Wed Feb 20 10:40:01 2019]	heart_mobile
[Wed Feb 20 10:45:00 2019]	heart_web
[Wed Feb 20 10:45:00 2019]	heart_mobile
[Wed Feb 20 10:45:00 2019]	heart_web
[Wed Feb 20 10:45:00 2019]	heart_mobile
[Wed Feb 20 10:45:00 2019]	heart_web
[Wed Feb 20 10:45:00 2019]	heart_mobile
[Wed Feb 20 10:45:00 2019]	heart_web
[Wed Feb 20 10:45:00 2019]	heart_mobile
[Wed Feb 20 10:50:00 2019]	heart_web
[Wed Feb 20 10:50:00 2019]	heart_mobile
[Wed Feb 20 10:50:00 2019]	heart_web
[Wed Feb 20 10:50:00 2019]	heart_mobile
[Wed Feb 20 10:50:00 2019]	heart_web
[Wed Feb 20 10:50:00 2019]	heart_mobile
[Wed Feb 20 10:50:00 2019]	heart_web
[Wed Feb 20 10:50:00 2019]	heart_mobile
[Wed Feb 20 10:55:00 2019]	heart_web
[Wed Feb 20 10:55:00 2019]	heart_mobile
[Wed Feb 20 10:55:00 2019]	heart_web
[Wed Feb 20 10:55:00 2019]	heart_mobile
[Wed Feb 20 10:55:00 2019]	heart_web
[Wed Feb 20 10:55:00 2019]	heart_mobile
[Wed Feb 20 10:55:00 2019]	heart_web
[Wed Feb 20 10:55:00 2019]	heart_mobile
[Wed Feb 20 11:00:00 2019]	heart_web
[Wed Feb 20 11:00:00 2019]	heart_mobile
[Wed Feb 20 11:00:00 2019]	heart_web
[Wed Feb 20 11:00:00 2019]	heart_mobile
[Wed Feb 20 11:00:00 2019]	heart_web
[Wed Feb 20 11:00:00 2019]	heart_mobile
[Wed Feb 20 11:00:00 2019]	heart_web
[Wed Feb 20 11:00:00 2019]	heart_mobile
[u'44093370', u'44074456', u'44079261', u'44048597', u'44128808']
15824397397
zsj0911*
0
------------------
17367078621
weiyuxin
39
------------------
15127529708
shijizhe
225.58
------------------
13306522935
zjuZSJ0911*
0
------------------
[Wed Feb 20 11:05:00 2019]	heart_web
[Wed Feb 20 11:05:00 2019]	heart_mobile
[Wed Feb 20 11:05:00 2019]	heart_web
[Wed Feb 20 11:05:00 2019]	heart_mobile
[Wed Feb 20 11:05:00 2019]	heart_web
[Wed Feb 20 11:05:00 2019]	heart_mobile
[Wed Feb 20 11:05:00 2019]	heart_web
[Wed Feb 20 11:05:00 2019]	heart_mobile
[Wed Feb 20 11:10:00 2019]	heart_web
[Wed Feb 20 11:10:00 2019]	heart_mobile
[Wed Feb 20 11:10:00 2019]	heart_web
[Wed Feb 20 11:10:00 2019]	heart_mobile
[Wed Feb 20 11:10:00 2019]	heart_web
[Wed Feb 20 11:10:00 2019]	heart_mobile
[Wed Feb 20 11:10:00 2019]	heart_web
[Wed Feb 20 11:10:00 2019]	heart_mobile
[Wed Feb 20 11:15:00 2019]	heart_web
[Wed Feb 20 11:15:00 2019]	heart_mobile
[Wed Feb 20 11:15:00 2019]	heart_web
[Wed Feb 20 11:15:00 2019]	heart_mobile
[Wed Feb 20 11:15:00 2019]	heart_web
[Wed Feb 20 11:15:00 2019]	heart_mobile
[Wed Feb 20 11:15:00 2019]	heart_web
[Wed Feb 20 11:15:01 2019]	heart_mobile
[Wed Feb 20 11:20:00 2019]	heart_web
[Wed Feb 20 11:20:00 2019]	heart_mobile
[Wed Feb 20 11:20:00 2019]	heart_web
[Wed Feb 20 11:20:00 2019]	heart_mobile
[Wed Feb 20 11:20:00 2019]	heart_web
[Wed Feb 20 11:20:00 2019]	heart_mobile
[Wed Feb 20 11:20:00 2019]	heart_web
[Wed Feb 20 11:20:00 2019]	heart_mobile
[Wed Feb 20 11:25:00 2019]	heart_web
[Wed Feb 20 11:25:00 2019]	heart_mobile
[Wed Feb 20 11:25:00 2019]	heart_web
[Wed Feb 20 11:25:00 2019]	heart_mobile
[Wed Feb 20 11:25:00 2019]	heart_web
[Wed Feb 20 11:25:00 2019]	heart_mobile
[Wed Feb 20 11:25:00 2019]	heart_web
[Wed Feb 20 11:25:00 2019]	heart_mobile
[Wed Feb 20 11:30:00 2019]	heart_web
[Wed Feb 20 11:30:00 2019]	heart_mobile
[Wed Feb 20 11:30:00 2019]	heart_web
[Wed Feb 20 11:30:00 2019]	heart_mobile
[Wed Feb 20 11:30:00 2019]	heart_web
[Wed Feb 20 11:30:00 2019]	heart_mobile
[Wed Feb 20 11:30:00 2019]	heart_web
[Wed Feb 20 11:30:00 2019]	heart_mobile
[Wed Feb 20 11:35:00 2019]	heart_web
[Wed Feb 20 11:35:00 2019]	heart_mobile
[Wed Feb 20 11:35:00 2019]	heart_web
[Wed Feb 20 11:35:00 2019]	heart_mobile
[Wed Feb 20 11:35:00 2019]	heart_web
[Wed Feb 20 11:35:00 2019]	heart_mobile
[Wed Feb 20 11:35:00 2019]	heart_web
[Wed Feb 20 11:35:00 2019]	heart_mobile
[Wed Feb 20 11:40:00 2019]	heart_web
[Wed Feb 20 11:40:00 2019]	heart_mobile
[Wed Feb 20 11:40:00 2019]	heart_web
[Wed Feb 20 11:40:00 2019]	heart_mobile
[Wed Feb 20 11:40:00 2019]	heart_web
[Wed Feb 20 11:40:00 2019]	heart_mobile
[Wed Feb 20 11:40:00 2019]	heart_web
[Wed Feb 20 11:40:00 2019]	heart_mobile
[Wed Feb 20 11:45:00 2019]	heart_web
[Wed Feb 20 11:45:00 2019]	heart_mobile
[Wed Feb 20 11:45:00 2019]	heart_web
[Wed Feb 20 11:45:00 2019]	heart_mobile
[Wed Feb 20 11:45:00 2019]	heart_web
[Wed Feb 20 11:45:00 2019]	heart_mobile
[Wed Feb 20 11:45:00 2019]	heart_web
[Wed Feb 20 11:45:00 2019]	heart_mobile
[Wed Feb 20 11:50:00 2019]	heart_web
[Wed Feb 20 11:50:00 2019]	heart_mobile
[Wed Feb 20 11:50:00 2019]	heart_web
[Wed Feb 20 11:50:00 2019]	heart_mobile
[Wed Feb 20 11:50:00 2019]	heart_web
[Wed Feb 20 11:50:00 2019]	heart_mobile
[Wed Feb 20 11:50:00 2019]	heart_web
[Wed Feb 20 11:50:01 2019]	heart_mobile
[Wed Feb 20 11:55:00 2019]	heart_web
[Wed Feb 20 11:55:00 2019]	heart_mobile
[Wed Feb 20 11:55:00 2019]	heart_web
[Wed Feb 20 11:55:00 2019]	heart_mobile
[Wed Feb 20 11:55:00 2019]	heart_web
[Wed Feb 20 11:55:00 2019]	heart_mobile
[Wed Feb 20 11:55:00 2019]	heart_web
[Wed Feb 20 11:55:00 2019]	heart_mobile
[Wed Feb 20 12:00:00 2019]	heart_web
[Wed Feb 20 12:00:00 2019]	heart_mobile
[Wed Feb 20 12:00:00 2019]	heart_web
[Wed Feb 20 12:00:00 2019]	heart_mobile
[Wed Feb 20 12:00:00 2019]	heart_web
[Wed Feb 20 12:00:00 2019]	heart_mobile
[Wed Feb 20 12:00:00 2019]	heart_web
[Wed Feb 20 12:00:00 2019]	heart_mobile
[u'44093370', u'44074456', u'44079261', u'44048597', u'44128808']
15824397397
zsj0911*
0
------------------
17367078621
weiyuxin
39
------------------
15127529708
shijizhe
225.58
------------------
13306522935
zjuZSJ0911*
0
------------------
[Wed Feb 20 12:05:00 2019]	heart_web
[Wed Feb 20 12:05:00 2019]	heart_mobile
[Wed Feb 20 12:05:00 2019]	heart_web
[Wed Feb 20 12:05:00 2019]	heart_mobile
[Wed Feb 20 12:05:00 2019]	heart_web
[Wed Feb 20 12:05:00 2019]	heart_mobile
[Wed Feb 20 12:05:00 2019]	heart_web
[Wed Feb 20 12:05:00 2019]	heart_mobile
[Wed Feb 20 12:10:00 2019]	heart_web
[Wed Feb 20 12:10:00 2019]	heart_mobile
[Wed Feb 20 12:10:00 2019]	heart_web
[Wed Feb 20 12:10:00 2019]	heart_mobile
[Wed Feb 20 12:10:00 2019]	heart_web
[Wed Feb 20 12:10:00 2019]	heart_mobile
[Wed Feb 20 12:10:00 2019]	heart_web
[Wed Feb 20 12:10:00 2019]	heart_mobile
[Wed Feb 20 12:15:00 2019]	heart_web
[Wed Feb 20 12:15:00 2019]	heart_mobile
[Wed Feb 20 12:15:00 2019]	heart_web
[Wed Feb 20 12:15:00 2019]	heart_mobile
[Wed Feb 20 12:15:00 2019]	heart_web
[Wed Feb 20 12:15:00 2019]	heart_mobile
[Wed Feb 20 12:15:00 2019]	heart_web
[Wed Feb 20 12:15:00 2019]	heart_mobile
[Wed Feb 20 12:20:00 2019]	heart_web
[Wed Feb 20 12:20:00 2019]	heart_mobile
[Wed Feb 20 12:20:00 2019]	heart_web
[Wed Feb 20 12:20:00 2019]	heart_mobile
[Wed Feb 20 12:20:00 2019]	heart_web
[Wed Feb 20 12:20:00 2019]	heart_mobile
[Wed Feb 20 12:20:00 2019]	heart_web
[Wed Feb 20 12:20:01 2019]	heart_mobile
[Wed Feb 20 12:25:00 2019]	heart_web
[Wed Feb 20 12:25:00 2019]	heart_mobile
[Wed Feb 20 12:25:00 2019]	heart_web
[Wed Feb 20 12:25:00 2019]	heart_mobile
[Wed Feb 20 12:25:00 2019]	heart_web
[Wed Feb 20 12:25:00 2019]	heart_mobile
[Wed Feb 20 12:25:00 2019]	heart_web
[Wed Feb 20 12:25:00 2019]	heart_mobile
[Wed Feb 20 12:30:00 2019]	heart_web
[Wed Feb 20 12:30:00 2019]	heart_mobile
[Wed Feb 20 12:30:00 2019]	heart_web
[Wed Feb 20 12:30:00 2019]	heart_mobile
[Wed Feb 20 12:30:00 2019]	heart_web
[Wed Feb 20 12:30:00 2019]	heart_mobile
[Wed Feb 20 12:30:00 2019]	heart_web
[Wed Feb 20 12:30:00 2019]	heart_mobile
[Wed Feb 20 12:35:00 2019]	heart_web
[Wed Feb 20 12:35:00 2019]	heart_mobile
[Wed Feb 20 12:35:00 2019]	heart_web
[Wed Feb 20 12:35:00 2019]	heart_mobile
[Wed Feb 20 12:35:00 2019]	heart_web
[Wed Feb 20 12:35:00 2019]	heart_mobile
[Wed Feb 20 12:35:00 2019]	heart_web
[Wed Feb 20 12:35:00 2019]	heart_mobile
[Wed Feb 20 12:40:00 2019]	heart_web
[Wed Feb 20 12:40:00 2019]	heart_mobile
[Wed Feb 20 12:40:00 2019]	heart_web
[Wed Feb 20 12:40:00 2019]	heart_mobile
[Wed Feb 20 12:40:00 2019]	heart_web
[Wed Feb 20 12:40:00 2019]	heart_mobile
[Wed Feb 20 12:40:00 2019]	heart_web
[Wed Feb 20 12:40:00 2019]	heart_mobile
[Wed Feb 20 12:45:00 2019]	heart_web
[Wed Feb 20 12:45:00 2019]	heart_mobile
[Wed Feb 20 12:45:00 2019]	heart_web
[Wed Feb 20 12:45:00 2019]	heart_mobile
[Wed Feb 20 12:45:00 2019]	heart_web
[Wed Feb 20 12:45:00 2019]	heart_mobile
[Wed Feb 20 12:45:00 2019]	heart_web
[Wed Feb 20 12:45:00 2019]	heart_mobile
[Wed Feb 20 12:50:00 2019]	heart_web
[Wed Feb 20 12:50:00 2019]	heart_mobile
[Wed Feb 20 12:50:00 2019]	heart_web
[Wed Feb 20 12:50:00 2019]	heart_mobile
[Wed Feb 20 12:50:00 2019]	heart_web
[Wed Feb 20 12:50:00 2019]	heart_mobile
[Wed Feb 20 12:50:00 2019]	heart_web
[Wed Feb 20 12:50:00 2019]	heart_mobile
[Wed Feb 20 12:55:00 2019]	heart_web
[Wed Feb 20 12:55:00 2019]	heart_mobile
[Wed Feb 20 12:55:00 2019]	heart_web
[Wed Feb 20 12:55:00 2019]	heart_mobile
[Wed Feb 20 12:55:00 2019]	heart_web
[Wed Feb 20 12:55:00 2019]	heart_mobile
[Wed Feb 20 12:55:00 2019]	heart_web
[Wed Feb 20 12:55:00 2019]	heart_mobile
[Wed Feb 20 13:00:00 2019]	heart_web
[Wed Feb 20 13:00:00 2019]	heart_mobile
[Wed Feb 20 13:00:00 2019]	heart_web
[Wed Feb 20 13:00:00 2019]	heart_mobile
[Wed Feb 20 13:00:00 2019]	heart_web
[Wed Feb 20 13:00:00 2019]	heart_mobile
[Wed Feb 20 13:00:00 2019]	heart_web
[Wed Feb 20 13:00:01 2019]	heart_mobile
[u'44093370', u'44074456', u'44079261', u'44117049', u'44128808']
15824397397
zsj0911*
0
------------------
17367078621
weiyuxin
39
------------------
15127529708
shijizhe
225.58
------------------
13306522935
zjuZSJ0911*
0
------------------
[Wed Feb 20 13:05:00 2019]	heart_web
[Wed Feb 20 13:05:00 2019]	heart_mobile
[Wed Feb 20 13:05:00 2019]	heart_web
[Wed Feb 20 13:05:00 2019]	heart_mobile
[Wed Feb 20 13:05:00 2019]	heart_web
[Wed Feb 20 13:05:00 2019]	heart_mobile
[Wed Feb 20 13:05:00 2019]	heart_web
[Wed Feb 20 13:05:00 2019]	heart_mobile
[Wed Feb 20 13:10:00 2019]	heart_web
[Wed Feb 20 13:10:00 2019]	heart_mobile
[Wed Feb 20 13:10:00 2019]	heart_web
[Wed Feb 20 13:10:00 2019]	heart_mobile
[Wed Feb 20 13:10:00 2019]	heart_web
[Wed Feb 20 13:10:00 2019]	heart_mobile
[Wed Feb 20 13:10:00 2019]	heart_web
[Wed Feb 20 13:10:00 2019]	heart_mobile
[Wed Feb 20 13:15:00 2019]	heart_web
[Wed Feb 20 13:15:00 2019]	heart_mobile
[Wed Feb 20 13:15:00 2019]	heart_web
[Wed Feb 20 13:15:00 2019]	heart_mobile
[Wed Feb 20 13:15:00 2019]	heart_web
[Wed Feb 20 13:15:00 2019]	heart_mobile
[Wed Feb 20 13:15:00 2019]	heart_web
[Wed Feb 20 13:15:00 2019]	heart_mobile
[Wed Feb 20 13:20:00 2019]	heart_web
[Wed Feb 20 13:20:00 2019]	heart_mobile
[Wed Feb 20 13:20:00 2019]	heart_web
[Wed Feb 20 13:20:00 2019]	heart_mobile
[Wed Feb 20 13:20:00 2019]	heart_web
[Wed Feb 20 13:20:00 2019]	heart_mobile
[Wed Feb 20 13:20:00 2019]	heart_web
[Wed Feb 20 13:20:00 2019]	heart_mobile
[Wed Feb 20 13:25:00 2019]	heart_web
[Wed Feb 20 13:25:00 2019]	heart_mobile
[Wed Feb 20 13:25:00 2019]	heart_web
[Wed Feb 20 13:25:00 2019]	heart_mobile
[Wed Feb 20 13:25:00 2019]	heart_web
[Wed Feb 20 13:25:00 2019]	heart_mobile
[Wed Feb 20 13:25:00 2019]	heart_web
[Wed Feb 20 13:25:00 2019]	heart_mobile
[Wed Feb 20 13:30:00 2019]	heart_web
[Wed Feb 20 13:30:00 2019]	heart_mobile
[Wed Feb 20 13:30:00 2019]	heart_web
[Wed Feb 20 13:30:00 2019]	heart_mobile
[Wed Feb 20 13:30:00 2019]	heart_web
[Wed Feb 20 13:30:00 2019]	heart_mobile
[Wed Feb 20 13:30:00 2019]	heart_web
[Wed Feb 20 13:30:00 2019]	heart_mobile
[Wed Feb 20 13:35:00 2019]	heart_web
[Wed Feb 20 13:35:00 2019]	heart_mobile
[Wed Feb 20 13:35:00 2019]	heart_web
[Wed Feb 20 13:35:00 2019]	heart_mobile
[Wed Feb 20 13:35:00 2019]	heart_web
[Wed Feb 20 13:35:00 2019]	heart_mobile
[Wed Feb 20 13:35:00 2019]	heart_web
[Wed Feb 20 13:35:00 2019]	heart_mobile
[Wed Feb 20 13:40:00 2019]	heart_web
[Wed Feb 20 13:40:00 2019]	heart_mobile
[Wed Feb 20 13:40:00 2019]	heart_web
[Wed Feb 20 13:40:00 2019]	heart_mobile
[Wed Feb 20 13:40:00 2019]	heart_web
[Wed Feb 20 13:40:00 2019]	heart_mobile
[Wed Feb 20 13:40:00 2019]	heart_web
[Wed Feb 20 13:40:00 2019]	heart_mobile
[Wed Feb 20 13:45:00 2019]	heart_web
[Wed Feb 20 13:45:00 2019]	heart_mobile
[Wed Feb 20 13:45:00 2019]	heart_web
[Wed Feb 20 13:45:00 2019]	heart_mobile
[Wed Feb 20 13:45:00 2019]	heart_web
[Wed Feb 20 13:45:00 2019]	heart_mobile
[Wed Feb 20 13:45:00 2019]	heart_web
[Wed Feb 20 13:45:00 2019]	heart_mobile
[Wed Feb 20 13:50:00 2019]	heart_web
[Wed Feb 20 13:50:00 2019]	heart_mobile
[Wed Feb 20 13:50:00 2019]	heart_web
[Wed Feb 20 13:50:00 2019]	heart_mobile
[Wed Feb 20 13:50:00 2019]	heart_web
[Wed Feb 20 13:50:00 2019]	heart_mobile
[Wed Feb 20 13:50:00 2019]	heart_web
[Wed Feb 20 13:50:00 2019]	heart_mobile
[Wed Feb 20 13:55:00 2019]	heart_web
[Wed Feb 20 13:55:00 2019]	heart_mobile
[Wed Feb 20 13:55:00 2019]	heart_web
[Wed Feb 20 13:55:00 2019]	heart_mobile
[Wed Feb 20 13:55:00 2019]	heart_web
[Wed Feb 20 13:55:00 2019]	heart_mobile
[Wed Feb 20 13:55:00 2019]	heart_web
[Wed Feb 20 13:55:01 2019]	heart_mobile
[Wed Feb 20 14:00:00 2019]	heart_web
[Wed Feb 20 14:00:00 2019]	heart_mobile
[Wed Feb 20 14:00:00 2019]	heart_web
[Wed Feb 20 14:00:00 2019]	heart_mobile
[Wed Feb 20 14:00:00 2019]	heart_web
[Wed Feb 20 14:00:00 2019]	heart_mobile
[Wed Feb 20 14:00:00 2019]	heart_web
[Wed Feb 20 14:00:01 2019]	heart_mobile
[u'44093370', u'44074456', u'44079261', u'44117049', u'44128808']
15824397397
zsj0911*
0
------------------
17367078621
weiyuxin
39
------------------
15127529708
shijizhe
225.58
------------------
13306522935
zjuZSJ0911*
0
------------------
[Wed Feb 20 14:05:00 2019]	heart_web
[Wed Feb 20 14:05:00 2019]	heart_mobile
[Wed Feb 20 14:05:00 2019]	heart_web
[Wed Feb 20 14:05:00 2019]	heart_mobile
[Wed Feb 20 14:05:00 2019]	heart_web
[Wed Feb 20 14:05:00 2019]	heart_mobile
[Wed Feb 20 14:05:00 2019]	heart_web
[Wed Feb 20 14:05:00 2019]	heart_mobile
[Wed Feb 20 14:10:00 2019]	heart_web
[Wed Feb 20 14:10:00 2019]	heart_mobile
[Wed Feb 20 14:10:00 2019]	heart_web
[Wed Feb 20 14:10:00 2019]	heart_mobile
[Wed Feb 20 14:10:00 2019]	heart_web
[Wed Feb 20 14:10:00 2019]	heart_mobile
[Wed Feb 20 14:10:00 2019]	heart_web
[Wed Feb 20 14:10:00 2019]	heart_mobile
[Wed Feb 20 14:15:00 2019]	heart_web
[Wed Feb 20 14:15:00 2019]	heart_mobile
[Wed Feb 20 14:15:00 2019]	heart_web
[Wed Feb 20 14:15:00 2019]	heart_mobile
[Wed Feb 20 14:15:00 2019]	heart_web
[Wed Feb 20 14:15:00 2019]	heart_mobile
[Wed Feb 20 14:15:00 2019]	heart_web
[Wed Feb 20 14:15:00 2019]	heart_mobile
[Wed Feb 20 14:20:00 2019]	heart_web
[Wed Feb 20 14:20:00 2019]	heart_mobile
[Wed Feb 20 14:20:00 2019]	heart_web
[Wed Feb 20 14:20:00 2019]	heart_mobile
[Wed Feb 20 14:20:00 2019]	heart_web
[Wed Feb 20 14:20:00 2019]	heart_mobile
[Wed Feb 20 14:20:00 2019]	heart_web
[Wed Feb 20 14:20:00 2019]	heart_mobile
[Wed Feb 20 14:25:00 2019]	heart_web
[Wed Feb 20 14:25:00 2019]	heart_mobile
[Wed Feb 20 14:25:00 2019]	heart_web
[Wed Feb 20 14:25:00 2019]	heart_mobile
[Wed Feb 20 14:25:00 2019]	heart_web
[Wed Feb 20 14:25:00 2019]	heart_mobile
[Wed Feb 20 14:25:00 2019]	heart_web
[Wed Feb 20 14:25:00 2019]	heart_mobile
[Wed Feb 20 14:30:00 2019]	heart_web
[Wed Feb 20 14:30:00 2019]	heart_mobile
[Wed Feb 20 14:30:00 2019]	heart_web
[Wed Feb 20 14:30:00 2019]	heart_mobile
[Wed Feb 20 14:30:00 2019]	heart_web
[Wed Feb 20 14:30:00 2019]	heart_mobile
[Wed Feb 20 14:30:00 2019]	heart_web
[Wed Feb 20 14:30:00 2019]	heart_mobile
[Wed Feb 20 14:35:00 2019]	heart_web
[Wed Feb 20 14:35:00 2019]	heart_mobile
[Wed Feb 20 14:35:00 2019]	heart_web
[Wed Feb 20 14:35:00 2019]	heart_mobile
[Wed Feb 20 14:35:00 2019]	heart_web
[Wed Feb 20 14:35:00 2019]	heart_mobile
[Wed Feb 20 14:35:00 2019]	heart_web
[Wed Feb 20 14:35:00 2019]	heart_mobile
[Wed Feb 20 14:40:00 2019]	heart_web
[Wed Feb 20 14:40:00 2019]	heart_mobile
[Wed Feb 20 14:40:00 2019]	heart_web
[Wed Feb 20 14:40:00 2019]	heart_mobile
[Wed Feb 20 14:40:00 2019]	heart_web
[Wed Feb 20 14:40:00 2019]	heart_mobile
[Wed Feb 20 14:40:00 2019]	heart_web
[Wed Feb 20 14:40:00 2019]	heart_mobile
[Wed Feb 20 14:45:00 2019]	heart_web
[Wed Feb 20 14:45:00 2019]	heart_mobile
[Wed Feb 20 14:45:00 2019]	heart_web
[Wed Feb 20 14:45:00 2019]	heart_mobile
[Wed Feb 20 14:45:00 2019]	heart_web
[Wed Feb 20 14:45:00 2019]	heart_mobile
[Wed Feb 20 14:45:00 2019]	heart_web
[Wed Feb 20 14:45:01 2019]	heart_mobile
[Wed Feb 20 14:50:00 2019]	heart_web
[Wed Feb 20 14:50:00 2019]	heart_mobile
[Wed Feb 20 14:50:00 2019]	heart_web
[Wed Feb 20 14:50:00 2019]	heart_mobile
[Wed Feb 20 14:50:00 2019]	heart_web
[Wed Feb 20 14:50:00 2019]	heart_mobile
[Wed Feb 20 14:50:00 2019]	heart_web
[Wed Feb 20 14:50:01 2019]	heart_mobile
[Wed Feb 20 14:55:00 2019]	heart_web
[Wed Feb 20 14:55:00 2019]	heart_mobile
[Wed Feb 20 14:55:00 2019]	heart_web
[Wed Feb 20 14:55:00 2019]	heart_mobile
[Wed Feb 20 14:55:00 2019]	heart_web
[Wed Feb 20 14:55:00 2019]	heart_mobile
[Wed Feb 20 14:55:00 2019]	heart_web
[Wed Feb 20 14:55:00 2019]	heart_mobile
[Wed Feb 20 15:00:00 2019]	heart_web
[Wed Feb 20 15:00:00 2019]	heart_mobile
[Wed Feb 20 15:00:00 2019]	heart_web
[Wed Feb 20 15:00:00 2019]	heart_mobile
[Wed Feb 20 15:00:00 2019]	heart_web
[Wed Feb 20 15:00:00 2019]	heart_mobile
[Wed Feb 20 15:00:00 2019]	heart_web
[Wed Feb 20 15:00:00 2019]	heart_mobile
[u'44093370', u'44074456', u'44079261', u'44117049', u'44128808']
15824397397
zsj0911*
0
------------------
17367078621
weiyuxin
39
------------------
15127529708
shijizhe
225.58
------------------
13306522935
zjuZSJ0911*
0
------------------
[Wed Feb 20 15:05:00 2019]	heart_web
[Wed Feb 20 15:05:00 2019]	heart_mobile
[Wed Feb 20 15:05:00 2019]	heart_web
[Wed Feb 20 15:05:00 2019]	heart_mobile
[Wed Feb 20 15:05:00 2019]	heart_web
[Wed Feb 20 15:05:00 2019]	heart_mobile
[Wed Feb 20 15:05:00 2019]	heart_web
[Wed Feb 20 15:05:00 2019]	heart_mobile
[Wed Feb 20 15:10:00 2019]	heart_web
[Wed Feb 20 15:10:00 2019]	heart_mobile
[Wed Feb 20 15:10:00 2019]	heart_web
[Wed Feb 20 15:10:00 2019]	heart_mobile
[Wed Feb 20 15:10:00 2019]	heart_web
[Wed Feb 20 15:10:00 2019]	heart_mobile
[Wed Feb 20 15:10:00 2019]	heart_web
[Wed Feb 20 15:10:00 2019]	heart_mobile
[Wed Feb 20 15:15:00 2019]	heart_web
[Wed Feb 20 15:15:00 2019]	heart_mobile
[Wed Feb 20 15:15:00 2019]	heart_web
[Wed Feb 20 15:15:00 2019]	heart_mobile
[Wed Feb 20 15:15:00 2019]	heart_web
[Wed Feb 20 15:15:00 2019]	heart_mobile
[Wed Feb 20 15:15:00 2019]	heart_web
[Wed Feb 20 15:15:00 2019]	heart_mobile
[Wed Feb 20 15:20:00 2019]	heart_web
[Wed Feb 20 15:20:00 2019]	heart_mobile
[Wed Feb 20 15:20:00 2019]	heart_web
[Wed Feb 20 15:20:00 2019]	heart_mobile
[Wed Feb 20 15:20:00 2019]	heart_web
[Wed Feb 20 15:20:00 2019]	heart_mobile
[Wed Feb 20 15:20:00 2019]	heart_web
[Wed Feb 20 15:20:00 2019]	heart_mobile
[Wed Feb 20 15:25:00 2019]	heart_web
[Wed Feb 20 15:25:00 2019]	heart_mobile
[Wed Feb 20 15:25:00 2019]	heart_web
[Wed Feb 20 15:25:00 2019]	heart_mobile
[Wed Feb 20 15:25:00 2019]	heart_web
[Wed Feb 20 15:25:00 2019]	heart_mobile
[Wed Feb 20 15:25:00 2019]	heart_web
[Wed Feb 20 15:25:00 2019]	heart_mobile
[Wed Feb 20 15:30:00 2019]	heart_web
[Wed Feb 20 15:30:00 2019]	heart_mobile
[Wed Feb 20 15:30:00 2019]	heart_web
[Wed Feb 20 15:30:00 2019]	heart_mobile
[Wed Feb 20 15:30:00 2019]	heart_web
[Wed Feb 20 15:30:00 2019]	heart_mobile
[Wed Feb 20 15:30:00 2019]	heart_web
[Wed Feb 20 15:30:00 2019]	heart_mobile
[Wed Feb 20 15:35:00 2019]	heart_web
[Wed Feb 20 15:35:00 2019]	heart_mobile
[Wed Feb 20 15:35:00 2019]	heart_web
[Wed Feb 20 15:35:00 2019]	heart_mobile
[Wed Feb 20 15:35:00 2019]	heart_web
[Wed Feb 20 15:35:00 2019]	heart_mobile
[Wed Feb 20 15:35:00 2019]	heart_web
[Wed Feb 20 15:35:00 2019]	heart_mobile
[Wed Feb 20 15:40:00 2019]	heart_web
[Wed Feb 20 15:40:00 2019]	heart_mobile
[Wed Feb 20 15:40:00 2019]	heart_web
[Wed Feb 20 15:40:00 2019]	heart_mobile
[Wed Feb 20 15:40:00 2019]	heart_web
[Wed Feb 20 15:40:00 2019]	heart_mobile
[Wed Feb 20 15:40:00 2019]	heart_web
[Wed Feb 20 15:40:01 2019]	heart_mobile
[Wed Feb 20 15:45:00 2019]	heart_web
[Wed Feb 20 15:45:00 2019]	heart_mobile
[Wed Feb 20 15:45:00 2019]	heart_web
[Wed Feb 20 15:45:00 2019]	heart_mobile
[Wed Feb 20 15:45:00 2019]	heart_web
[Wed Feb 20 15:45:00 2019]	heart_mobile
[Wed Feb 20 15:45:00 2019]	heart_web
[Wed Feb 20 15:45:00 2019]	heart_mobile
[Wed Feb 20 15:50:00 2019]	heart_web
[Wed Feb 20 15:50:00 2019]	heart_mobile
[Wed Feb 20 15:50:00 2019]	heart_web
[Wed Feb 20 15:50:00 2019]	heart_mobile
[Wed Feb 20 15:50:00 2019]	heart_web
[Wed Feb 20 15:50:00 2019]	heart_mobile
[Wed Feb 20 15:50:00 2019]	heart_web
[Wed Feb 20 15:50:01 2019]	heart_mobile
[Wed Feb 20 15:55:00 2019]	heart_web
[Wed Feb 20 15:55:00 2019]	heart_mobile
[Wed Feb 20 15:55:00 2019]	heart_web
[Wed Feb 20 15:55:00 2019]	heart_mobile
[Wed Feb 20 15:55:00 2019]	heart_web
[Wed Feb 20 15:55:00 2019]	heart_mobile
[Wed Feb 20 15:55:01 2019]	heart_web
[Wed Feb 20 15:55:01 2019]	heart_mobile
[Wed Feb 20 16:00:00 2019]	heart_web
[Wed Feb 20 16:00:00 2019]	heart_mobile
[Wed Feb 20 16:00:00 2019]	heart_web
[Wed Feb 20 16:00:00 2019]	heart_mobile
[Wed Feb 20 16:00:00 2019]	heart_web
[Wed Feb 20 16:00:00 2019]	heart_mobile
[Wed Feb 20 16:00:00 2019]	heart_web
[Wed Feb 20 16:00:00 2019]	heart_mobile
[u'44093370', u'44074456', u'44079261', u'44148104', u'44117049']
15824397397
zsj0911*
0
------------------
17367078621
weiyuxin
39
------------------
15127529708
shijizhe
225.58
------------------
13306522935
zjuZSJ0911*
0
------------------
[Wed Feb 20 16:05:00 2019]	heart_web
[Wed Feb 20 16:05:00 2019]	heart_mobile
[Wed Feb 20 16:05:00 2019]	heart_web
[Wed Feb 20 16:05:00 2019]	heart_mobile
[Wed Feb 20 16:05:00 2019]	heart_web
[Wed Feb 20 16:05:00 2019]	heart_mobile
[Wed Feb 20 16:05:00 2019]	heart_web
[Wed Feb 20 16:05:00 2019]	heart_mobile
[Wed Feb 20 16:10:00 2019]	heart_web
[Wed Feb 20 16:10:00 2019]	heart_mobile
[Wed Feb 20 16:10:00 2019]	heart_web
[Wed Feb 20 16:10:00 2019]	heart_mobile
[Wed Feb 20 16:10:00 2019]	heart_web
[Wed Feb 20 16:10:00 2019]	heart_mobile
[Wed Feb 20 16:10:00 2019]	heart_web
[Wed Feb 20 16:10:00 2019]	heart_mobile
[Wed Feb 20 16:15:00 2019]	heart_web
[Wed Feb 20 16:15:00 2019]	heart_mobile
[Wed Feb 20 16:15:00 2019]	heart_web
[Wed Feb 20 16:15:00 2019]	heart_mobile
[Wed Feb 20 16:15:00 2019]	heart_web
[Wed Feb 20 16:15:00 2019]	heart_mobile
[Wed Feb 20 16:15:00 2019]	heart_web
[Wed Feb 20 16:15:00 2019]	heart_mobile
[Wed Feb 20 16:20:00 2019]	heart_web
[Wed Feb 20 16:20:00 2019]	heart_mobile
[Wed Feb 20 16:20:00 2019]	heart_web
[Wed Feb 20 16:20:00 2019]	heart_mobile
[Wed Feb 20 16:20:00 2019]	heart_web
[Wed Feb 20 16:20:00 2019]	heart_mobile
[Wed Feb 20 16:20:01 2019]	heart_web
[Wed Feb 20 16:20:01 2019]	heart_mobile
[Wed Feb 20 16:25:00 2019]	heart_web
[Wed Feb 20 16:25:00 2019]	heart_mobile
[Wed Feb 20 16:25:00 2019]	heart_web
[Wed Feb 20 16:25:00 2019]	heart_mobile
[Wed Feb 20 16:25:00 2019]	heart_web
[Wed Feb 20 16:25:00 2019]	heart_mobile
[Wed Feb 20 16:25:00 2019]	heart_web
[Wed Feb 20 16:25:00 2019]	heart_mobile
[Wed Feb 20 16:30:00 2019]	heart_web
[Wed Feb 20 16:30:00 2019]	heart_mobile
[Wed Feb 20 16:30:00 2019]	heart_web
[Wed Feb 20 16:30:00 2019]	heart_mobile
[Wed Feb 20 16:30:00 2019]	heart_web
[Wed Feb 20 16:30:00 2019]	heart_mobile
[Wed Feb 20 16:30:00 2019]	heart_web
[Wed Feb 20 16:30:00 2019]	heart_mobile
[Wed Feb 20 16:35:00 2019]	heart_web
[Wed Feb 20 16:35:00 2019]	heart_mobile
[Wed Feb 20 16:35:00 2019]	heart_web
[Wed Feb 20 16:35:00 2019]	heart_mobile
[Wed Feb 20 16:35:00 2019]	heart_web
[Wed Feb 20 16:35:00 2019]	heart_mobile
[Wed Feb 20 16:35:00 2019]	heart_web
[Wed Feb 20 16:35:00 2019]	heart_mobile
[Wed Feb 20 16:40:00 2019]	heart_web
[Wed Feb 20 16:40:00 2019]	heart_mobile
[Wed Feb 20 16:40:00 2019]	heart_web
[Wed Feb 20 16:40:00 2019]	heart_mobile
[Wed Feb 20 16:40:00 2019]	heart_web
[Wed Feb 20 16:40:00 2019]	heart_mobile
[Wed Feb 20 16:40:00 2019]	heart_web
[Wed Feb 20 16:40:00 2019]	heart_mobile
[Wed Feb 20 16:45:00 2019]	heart_web
[Wed Feb 20 16:45:00 2019]	heart_mobile
[Wed Feb 20 16:45:00 2019]	heart_web
[Wed Feb 20 16:45:00 2019]	heart_mobile
[Wed Feb 20 16:45:00 2019]	heart_web
[Wed Feb 20 16:45:00 2019]	heart_mobile
[Wed Feb 20 16:45:01 2019]	heart_web
[Wed Feb 20 16:45:01 2019]	heart_mobile
[Wed Feb 20 16:50:00 2019]	heart_web
[Wed Feb 20 16:50:00 2019]	heart_mobile
[Wed Feb 20 16:50:00 2019]	heart_web
[Wed Feb 20 16:50:00 2019]	heart_mobile
[Wed Feb 20 16:50:00 2019]	heart_web
[Wed Feb 20 16:50:00 2019]	heart_mobile
[Wed Feb 20 16:50:00 2019]	heart_web
[Wed Feb 20 16:50:00 2019]	heart_mobile
[Wed Feb 20 16:55:00 2019]	heart_web
[Wed Feb 20 16:55:00 2019]	heart_mobile
[Wed Feb 20 16:55:00 2019]	heart_web
[Wed Feb 20 16:55:00 2019]	heart_mobile
[Wed Feb 20 16:55:00 2019]	heart_web
[Wed Feb 20 16:55:00 2019]	heart_mobile
[Wed Feb 20 16:55:00 2019]	heart_web
[Wed Feb 20 16:55:00 2019]	heart_mobile
[Wed Feb 20 17:00:00 2019]	heart_web
[Wed Feb 20 17:00:00 2019]	heart_mobile
[Wed Feb 20 17:00:00 2019]	heart_web
[Wed Feb 20 17:00:00 2019]	heart_mobile
[Wed Feb 20 17:00:00 2019]	heart_web
[Wed Feb 20 17:00:00 2019]	heart_mobile
[Wed Feb 20 17:00:00 2019]	heart_web
[Wed Feb 20 17:00:00 2019]	heart_mobile
[u'44093370', u'44092603', u'44079261', u'44148104', u'44117049']
15824397397
zsj0911*
0
------------------
17367078621
weiyuxin
39
------------------
15127529708
shijizhe
225.58
------------------
13306522935
zjuZSJ0911*
0
------------------
[Wed Feb 20 17:05:00 2019]	heart_web
[Wed Feb 20 17:05:00 2019]	heart_mobile
[Wed Feb 20 17:05:00 2019]	heart_web
[Wed Feb 20 17:05:00 2019]	heart_mobile
[Wed Feb 20 17:05:00 2019]	heart_web
[Wed Feb 20 17:05:00 2019]	heart_mobile
[Wed Feb 20 17:05:00 2019]	heart_web
[Wed Feb 20 17:05:00 2019]	heart_mobile
[Wed Feb 20 17:10:00 2019]	heart_web
[Wed Feb 20 17:10:00 2019]	heart_mobile
[Wed Feb 20 17:10:00 2019]	heart_web
[Wed Feb 20 17:10:00 2019]	heart_mobile
[Wed Feb 20 17:10:00 2019]	heart_web
[Wed Feb 20 17:10:00 2019]	heart_mobile
[Wed Feb 20 17:10:00 2019]	heart_web
[Wed Feb 20 17:10:00 2019]	heart_mobile
[Wed Feb 20 17:15:00 2019]	heart_web
[Wed Feb 20 17:15:00 2019]	heart_mobile
[Wed Feb 20 17:15:00 2019]	heart_web
[Wed Feb 20 17:15:00 2019]	heart_mobile
[Wed Feb 20 17:15:00 2019]	heart_web
[Wed Feb 20 17:15:00 2019]	heart_mobile
[Wed Feb 20 17:15:00 2019]	heart_web
[Wed Feb 20 17:15:00 2019]	heart_mobile
[Wed Feb 20 17:20:00 2019]	heart_web
[Wed Feb 20 17:20:00 2019]	heart_mobile
[Wed Feb 20 17:20:00 2019]	heart_web
[Wed Feb 20 17:20:00 2019]	heart_mobile
[Wed Feb 20 17:20:00 2019]	heart_web
[Wed Feb 20 17:20:00 2019]	heart_mobile
[Wed Feb 20 17:20:00 2019]	heart_web
[Wed Feb 20 17:20:00 2019]	heart_mobile
[Wed Feb 20 17:25:00 2019]	heart_web
[Wed Feb 20 17:25:00 2019]	heart_mobile
[Wed Feb 20 17:25:00 2019]	heart_web
[Wed Feb 20 17:25:00 2019]	heart_mobile
[Wed Feb 20 17:25:00 2019]	heart_web
[Wed Feb 20 17:25:00 2019]	heart_mobile
[Wed Feb 20 17:25:00 2019]	heart_web
[Wed Feb 20 17:25:00 2019]	heart_mobile
[Wed Feb 20 17:30:00 2019]	heart_web
[Wed Feb 20 17:30:00 2019]	heart_mobile
[Wed Feb 20 17:30:00 2019]	heart_web
[Wed Feb 20 17:30:00 2019]	heart_mobile
[Wed Feb 20 17:30:00 2019]	heart_web
[Wed Feb 20 17:30:00 2019]	heart_mobile
[Wed Feb 20 17:30:00 2019]	heart_web
[Wed Feb 20 17:30:00 2019]	heart_mobile
[Wed Feb 20 17:35:00 2019]	heart_web
[Wed Feb 20 17:35:00 2019]	heart_mobile
[Wed Feb 20 17:35:00 2019]	heart_web
[Wed Feb 20 17:35:00 2019]	heart_mobile
[Wed Feb 20 17:35:00 2019]	heart_web
[Wed Feb 20 17:35:00 2019]	heart_mobile
[Wed Feb 20 17:35:00 2019]	heart_web
[Wed Feb 20 17:35:00 2019]	heart_mobile
[Wed Feb 20 17:40:00 2019]	heart_web
[Wed Feb 20 17:40:00 2019]	heart_mobile
[Wed Feb 20 17:40:00 2019]	heart_web
[Wed Feb 20 17:40:00 2019]	heart_mobile
[Wed Feb 20 17:40:00 2019]	heart_web
[Wed Feb 20 17:40:00 2019]	heart_mobile
[Wed Feb 20 17:40:00 2019]	heart_web
[Wed Feb 20 17:40:00 2019]	heart_mobile
[Wed Feb 20 17:45:00 2019]	heart_web
[Wed Feb 20 17:45:00 2019]	heart_mobile
[Wed Feb 20 17:45:00 2019]	heart_web
[Wed Feb 20 17:45:00 2019]	heart_mobile
[Wed Feb 20 17:45:00 2019]	heart_web
[Wed Feb 20 17:45:00 2019]	heart_mobile
[Wed Feb 20 17:45:00 2019]	heart_web
[Wed Feb 20 17:45:00 2019]	heart_mobile
[Wed Feb 20 17:50:00 2019]	heart_web
[Wed Feb 20 17:50:00 2019]	heart_mobile
[Wed Feb 20 17:50:00 2019]	heart_web
[Wed Feb 20 17:50:00 2019]	heart_mobile
[Wed Feb 20 17:50:00 2019]	heart_web
[Wed Feb 20 17:50:00 2019]	heart_mobile
[Wed Feb 20 17:50:00 2019]	heart_web
[Wed Feb 20 17:50:00 2019]	heart_mobile
[Wed Feb 20 17:55:00 2019]	heart_web
[Wed Feb 20 17:55:00 2019]	heart_mobile
[Wed Feb 20 17:55:00 2019]	heart_web
[Wed Feb 20 17:55:00 2019]	heart_mobile
[Wed Feb 20 17:55:00 2019]	heart_web
[Wed Feb 20 17:55:00 2019]	heart_mobile
[Wed Feb 20 17:55:00 2019]	heart_web
[Wed Feb 20 17:55:00 2019]	heart_mobile
[Wed Feb 20 18:00:00 2019]	heart_web
[Wed Feb 20 18:00:00 2019]	heart_mobile
[Wed Feb 20 18:00:00 2019]	heart_web
[Wed Feb 20 18:00:00 2019]	heart_mobile
[Wed Feb 20 18:00:00 2019]	heart_web
[Wed Feb 20 18:00:00 2019]	heart_mobile
[Wed Feb 20 18:00:00 2019]	heart_web
[Wed Feb 20 18:00:00 2019]	heart_mobile
[u'44093370', u'44092603', u'44148104', u'44117049', u'44128808']
15824397397
zsj0911*
0
------------------
17367078621
weiyuxin
39
------------------
15127529708
shijizhe
225.58
------------------
13306522935
zjuZSJ0911*
0
------------------
[Wed Feb 20 18:05:00 2019]	heart_web
[Wed Feb 20 18:05:00 2019]	heart_mobile
[Wed Feb 20 18:05:00 2019]	heart_web
[Wed Feb 20 18:05:00 2019]	heart_mobile
[Wed Feb 20 18:05:00 2019]	heart_web
[Wed Feb 20 18:05:00 2019]	heart_mobile
[Wed Feb 20 18:05:01 2019]	heart_web
[Wed Feb 20 18:05:01 2019]	heart_mobile
[Wed Feb 20 18:10:00 2019]	heart_web
[Wed Feb 20 18:10:00 2019]	heart_mobile
[Wed Feb 20 18:10:00 2019]	heart_web
[Wed Feb 20 18:10:00 2019]	heart_mobile
[Wed Feb 20 18:10:00 2019]	heart_web
[Wed Feb 20 18:10:00 2019]	heart_mobile
[Wed Feb 20 18:10:00 2019]	heart_web
[Wed Feb 20 18:10:00 2019]	heart_mobile
[Wed Feb 20 18:15:00 2019]	heart_web
[Wed Feb 20 18:15:00 2019]	heart_mobile
[Wed Feb 20 18:15:00 2019]	heart_web
[Wed Feb 20 18:15:00 2019]	heart_mobile
[Wed Feb 20 18:15:00 2019]	heart_web
[Wed Feb 20 18:15:00 2019]	heart_mobile
[Wed Feb 20 18:15:00 2019]	heart_web
[Wed Feb 20 18:15:00 2019]	heart_mobile
[Wed Feb 20 18:20:00 2019]	heart_web
[Wed Feb 20 18:20:00 2019]	heart_mobile
[Wed Feb 20 18:20:00 2019]	heart_web
[Wed Feb 20 18:20:00 2019]	heart_mobile
[Wed Feb 20 18:20:00 2019]	heart_web
[Wed Feb 20 18:20:00 2019]	heart_mobile
[Wed Feb 20 18:20:01 2019]	heart_web
[Wed Feb 20 18:20:01 2019]	heart_mobile
[Wed Feb 20 18:25:00 2019]	heart_web
[Wed Feb 20 18:25:00 2019]	heart_mobile
[Wed Feb 20 18:25:00 2019]	heart_web
[Wed Feb 20 18:25:00 2019]	heart_mobile
[Wed Feb 20 18:25:00 2019]	heart_web
[Wed Feb 20 18:25:00 2019]	heart_mobile
[Wed Feb 20 18:25:00 2019]	heart_web
[Wed Feb 20 18:25:01 2019]	heart_mobile
[Wed Feb 20 18:30:00 2019]	heart_web
[Wed Feb 20 18:30:00 2019]	heart_mobile
[Wed Feb 20 18:30:00 2019]	heart_web
[Wed Feb 20 18:30:00 2019]	heart_mobile
[Wed Feb 20 18:30:00 2019]	heart_web
[Wed Feb 20 18:30:00 2019]	heart_mobile
[Wed Feb 20 18:30:00 2019]	heart_web
[Wed Feb 20 18:30:00 2019]	heart_mobile
[Wed Feb 20 18:35:00 2019]	heart_web
[Wed Feb 20 18:35:00 2019]	heart_mobile
[Wed Feb 20 18:35:00 2019]	heart_web
[Wed Feb 20 18:35:00 2019]	heart_mobile
[Wed Feb 20 18:35:00 2019]	heart_web
[Wed Feb 20 18:35:00 2019]	heart_mobile
[Wed Feb 20 18:35:00 2019]	heart_web
[Wed Feb 20 18:35:00 2019]	heart_mobile
[Wed Feb 20 18:40:00 2019]	heart_web
[Wed Feb 20 18:40:00 2019]	heart_mobile
[Wed Feb 20 18:40:00 2019]	heart_web
[Wed Feb 20 18:40:00 2019]	heart_mobile
[Wed Feb 20 18:40:00 2019]	heart_web
[Wed Feb 20 18:40:00 2019]	heart_mobile
[Wed Feb 20 18:40:00 2019]	heart_web
[Wed Feb 20 18:40:00 2019]	heart_mobile
[Wed Feb 20 18:45:00 2019]	heart_web
[Wed Feb 20 18:45:00 2019]	heart_mobile
[Wed Feb 20 18:45:00 2019]	heart_web
[Wed Feb 20 18:45:00 2019]	heart_mobile
[Wed Feb 20 18:45:00 2019]	heart_web
[Wed Feb 20 18:45:00 2019]	heart_mobile
[Wed Feb 20 18:45:00 2019]	heart_web
[Wed Feb 20 18:45:00 2019]	heart_mobile
[Wed Feb 20 18:50:00 2019]	heart_web
[Wed Feb 20 18:50:00 2019]	heart_mobile
[Wed Feb 20 18:50:00 2019]	heart_web
[Wed Feb 20 18:50:00 2019]	heart_mobile
[Wed Feb 20 18:50:00 2019]	heart_web
[Wed Feb 20 18:50:00 2019]	heart_mobile
[Wed Feb 20 18:50:00 2019]	heart_web
[Wed Feb 20 18:50:00 2019]	heart_mobile
[Wed Feb 20 18:55:00 2019]	heart_web
[Wed Feb 20 18:55:00 2019]	heart_mobile
[Wed Feb 20 18:55:00 2019]	heart_web
[Wed Feb 20 18:55:00 2019]	heart_mobile
[Wed Feb 20 18:55:00 2019]	heart_web
[Wed Feb 20 18:55:00 2019]	heart_mobile
[Wed Feb 20 18:55:00 2019]	heart_web
[Wed Feb 20 18:55:00 2019]	heart_mobile
[Wed Feb 20 19:00:00 2019]	heart_web
[Wed Feb 20 19:00:00 2019]	heart_mobile
[Wed Feb 20 19:00:00 2019]	heart_web
[Wed Feb 20 19:00:00 2019]	heart_mobile
[Wed Feb 20 19:00:00 2019]	heart_web
[Wed Feb 20 19:00:00 2019]	heart_mobile
[Wed Feb 20 19:00:00 2019]	heart_web
[Wed Feb 20 19:00:00 2019]	heart_mobile
[u'44093370', u'44092603', u'44148104', u'44117049', u'44128808']
15824397397
zsj0911*
0
------------------
17367078621
weiyuxin
39
------------------
15127529708
shijizhe
225.58
------------------
13306522935
zjuZSJ0911*
0
------------------
[Wed Feb 20 19:05:00 2019]	heart_web
[Wed Feb 20 19:05:00 2019]	heart_mobile
[Wed Feb 20 19:05:00 2019]	heart_web
[Wed Feb 20 19:05:00 2019]	heart_mobile
[Wed Feb 20 19:05:00 2019]	heart_web
[Wed Feb 20 19:05:00 2019]	heart_mobile
[Wed Feb 20 19:05:00 2019]	heart_web
[Wed Feb 20 19:05:00 2019]	heart_mobile
[Wed Feb 20 19:10:00 2019]	heart_web
[Wed Feb 20 19:10:00 2019]	heart_mobile
[Wed Feb 20 19:10:00 2019]	heart_web
[Wed Feb 20 19:10:00 2019]	heart_mobile
[Wed Feb 20 19:10:00 2019]	heart_web
[Wed Feb 20 19:10:00 2019]	heart_mobile
[Wed Feb 20 19:10:00 2019]	heart_web
[Wed Feb 20 19:10:00 2019]	heart_mobile
[Wed Feb 20 19:15:00 2019]	heart_web
[Wed Feb 20 19:15:00 2019]	heart_mobile
[Wed Feb 20 19:15:00 2019]	heart_web
[Wed Feb 20 19:15:00 2019]	heart_mobile
[Wed Feb 20 19:15:00 2019]	heart_web
[Wed Feb 20 19:15:00 2019]	heart_mobile
[Wed Feb 20 19:15:00 2019]	heart_web
[Wed Feb 20 19:15:00 2019]	heart_mobile
[Wed Feb 20 19:20:00 2019]	heart_web
[Wed Feb 20 19:20:00 2019]	heart_mobile
[Wed Feb 20 19:20:00 2019]	heart_web
[Wed Feb 20 19:20:00 2019]	heart_mobile
[Wed Feb 20 19:20:00 2019]	heart_web
[Wed Feb 20 19:20:00 2019]	heart_mobile
[Wed Feb 20 19:20:00 2019]	heart_web
[Wed Feb 20 19:20:00 2019]	heart_mobile
[Wed Feb 20 19:25:00 2019]	heart_web
[Wed Feb 20 19:25:00 2019]	heart_mobile
[Wed Feb 20 19:25:00 2019]	heart_web
[Wed Feb 20 19:25:00 2019]	heart_mobile
[Wed Feb 20 19:25:00 2019]	heart_web
[Wed Feb 20 19:25:00 2019]	heart_mobile
[Wed Feb 20 19:25:00 2019]	heart_web
[Wed Feb 20 19:25:00 2019]	heart_mobile
[Wed Feb 20 19:30:00 2019]	heart_web
[Wed Feb 20 19:30:00 2019]	heart_mobile
[Wed Feb 20 19:30:00 2019]	heart_web
[Wed Feb 20 19:30:00 2019]	heart_mobile
[Wed Feb 20 19:30:00 2019]	heart_web
[Wed Feb 20 19:30:00 2019]	heart_mobile
[Wed Feb 20 19:30:01 2019]	heart_web
[Wed Feb 20 19:30:01 2019]	heart_mobile
[Wed Feb 20 19:35:00 2019]	heart_web
[Wed Feb 20 19:35:00 2019]	heart_mobile
[Wed Feb 20 19:35:00 2019]	heart_web
[Wed Feb 20 19:35:00 2019]	heart_mobile
[Wed Feb 20 19:35:00 2019]	heart_web
[Wed Feb 20 19:35:00 2019]	heart_mobile
[Wed Feb 20 19:35:00 2019]	heart_web
[Wed Feb 20 19:35:00 2019]	heart_mobile
[Wed Feb 20 19:40:00 2019]	heart_web
[Wed Feb 20 19:40:00 2019]	heart_mobile
[Wed Feb 20 19:40:00 2019]	heart_web
[Wed Feb 20 19:40:00 2019]	heart_mobile
[Wed Feb 20 19:40:00 2019]	heart_web
[Wed Feb 20 19:40:00 2019]	heart_mobile
[Wed Feb 20 19:40:01 2019]	heart_web
[Wed Feb 20 19:40:01 2019]	heart_mobile
[Wed Feb 20 19:45:00 2019]	heart_web
[Wed Feb 20 19:45:00 2019]	heart_mobile
[Wed Feb 20 19:45:00 2019]	heart_web
[Wed Feb 20 19:45:00 2019]	heart_mobile
[Wed Feb 20 19:45:00 2019]	heart_web
[Wed Feb 20 19:45:00 2019]	heart_mobile
[Wed Feb 20 19:45:00 2019]	heart_web
[Wed Feb 20 19:45:00 2019]	heart_mobile
[Wed Feb 20 19:50:00 2019]	heart_web
[Wed Feb 20 19:50:00 2019]	heart_mobile
[Wed Feb 20 19:50:00 2019]	heart_web
[Wed Feb 20 19:50:00 2019]	heart_mobile
[Wed Feb 20 19:50:00 2019]	heart_web
[Wed Feb 20 19:50:00 2019]	heart_mobile
[Wed Feb 20 19:50:00 2019]	heart_web
[Wed Feb 20 19:50:01 2019]	heart_mobile
[Wed Feb 20 19:55:00 2019]	heart_web
[Wed Feb 20 19:55:00 2019]	heart_mobile
[Wed Feb 20 19:55:00 2019]	heart_web
[Wed Feb 20 19:55:00 2019]	heart_mobile
[Wed Feb 20 19:55:00 2019]	heart_web
[Wed Feb 20 19:55:00 2019]	heart_mobile
[Wed Feb 20 19:55:00 2019]	heart_web
[Wed Feb 20 19:55:00 2019]	heart_mobile
[Wed Feb 20 20:00:00 2019]	heart_web
[Wed Feb 20 20:00:00 2019]	heart_mobile
[Wed Feb 20 20:00:00 2019]	heart_web
[Wed Feb 20 20:00:00 2019]	heart_mobile
[Wed Feb 20 20:00:00 2019]	heart_web
[Wed Feb 20 20:00:00 2019]	heart_mobile
[Wed Feb 20 20:00:00 2019]	heart_web
[Wed Feb 20 20:00:00 2019]	heart_mobile
[u'44093370', u'44092603', u'44175164', u'44148104', u'44117049']
15824397397
zsj0911*
0
------------------
17367078621
weiyuxin
39
------------------
15127529708
shijizhe
225.58
------------------
13306522935
zjuZSJ0911*
0
------------------
[Wed Feb 20 20:05:00 2019]	heart_web
[Wed Feb 20 20:05:00 2019]	heart_mobile
[Wed Feb 20 20:05:00 2019]	heart_web
[Wed Feb 20 20:05:00 2019]	heart_mobile
[Wed Feb 20 20:05:00 2019]	heart_web
[Wed Feb 20 20:05:00 2019]	heart_mobile
[Wed Feb 20 20:05:00 2019]	heart_web
[Wed Feb 20 20:05:00 2019]	heart_mobile
[Wed Feb 20 20:10:00 2019]	heart_web
[Wed Feb 20 20:10:00 2019]	heart_mobile
[Wed Feb 20 20:10:00 2019]	heart_web
[Wed Feb 20 20:10:00 2019]	heart_mobile
[Wed Feb 20 20:10:00 2019]	heart_web
[Wed Feb 20 20:10:00 2019]	heart_mobile
[Wed Feb 20 20:10:00 2019]	heart_web
[Wed Feb 20 20:10:00 2019]	heart_mobile
[Wed Feb 20 20:15:00 2019]	heart_web
[Wed Feb 20 20:15:00 2019]	heart_mobile
[Wed Feb 20 20:15:00 2019]	heart_web
[Wed Feb 20 20:15:00 2019]	heart_mobile
[Wed Feb 20 20:15:00 2019]	heart_web
[Wed Feb 20 20:15:00 2019]	heart_mobile
[Wed Feb 20 20:15:00 2019]	heart_web
[Wed Feb 20 20:15:01 2019]	heart_mobile
[Wed Feb 20 20:20:00 2019]	heart_web
[Wed Feb 20 20:20:00 2019]	heart_mobile
[Wed Feb 20 20:20:00 2019]	heart_web
[Wed Feb 20 20:20:00 2019]	heart_mobile
[Wed Feb 20 20:20:00 2019]	heart_web
[Wed Feb 20 20:20:00 2019]	heart_mobile
[Wed Feb 20 20:20:01 2019]	heart_web
[Wed Feb 20 20:20:01 2019]	heart_mobile
[Wed Feb 20 20:25:00 2019]	heart_web
[Wed Feb 20 20:25:00 2019]	heart_mobile
[Wed Feb 20 20:25:00 2019]	heart_web
[Wed Feb 20 20:25:00 2019]	heart_mobile
[Wed Feb 20 20:25:00 2019]	heart_web
[Wed Feb 20 20:25:00 2019]	heart_mobile
[Wed Feb 20 20:25:00 2019]	heart_web
[Wed Feb 20 20:25:00 2019]	heart_mobile
[Wed Feb 20 20:30:00 2019]	heart_web
[Wed Feb 20 20:30:00 2019]	heart_mobile
[Wed Feb 20 20:30:00 2019]	heart_web
[Wed Feb 20 20:30:00 2019]	heart_mobile
[Wed Feb 20 20:30:00 2019]	heart_web
[Wed Feb 20 20:30:00 2019]	heart_mobile
[Wed Feb 20 20:30:00 2019]	heart_web
[Wed Feb 20 20:30:00 2019]	heart_mobile
[Wed Feb 20 20:35:00 2019]	heart_web
[Wed Feb 20 20:35:00 2019]	heart_mobile
[Wed Feb 20 20:35:00 2019]	heart_web
[Wed Feb 20 20:35:00 2019]	heart_mobile
[Wed Feb 20 20:35:00 2019]	heart_web
[Wed Feb 20 20:35:00 2019]	heart_mobile
[Wed Feb 20 20:35:00 2019]	heart_web
[Wed Feb 20 20:35:00 2019]	heart_mobile
[Wed Feb 20 20:40:00 2019]	heart_web
[Wed Feb 20 20:40:00 2019]	heart_mobile
[Wed Feb 20 20:40:00 2019]	heart_web
[Wed Feb 20 20:40:00 2019]	heart_mobile
[Wed Feb 20 20:40:00 2019]	heart_web
[Wed Feb 20 20:40:00 2019]	heart_mobile
[Wed Feb 20 20:40:00 2019]	heart_web
[Wed Feb 20 20:40:00 2019]	heart_mobile
[Wed Feb 20 20:45:00 2019]	heart_web
[Wed Feb 20 20:45:00 2019]	heart_mobile
[Wed Feb 20 20:45:00 2019]	heart_web
[Wed Feb 20 20:45:00 2019]	heart_mobile
[Wed Feb 20 20:45:00 2019]	heart_web
[Wed Feb 20 20:45:00 2019]	heart_mobile
[Wed Feb 20 20:45:00 2019]	heart_web
[Wed Feb 20 20:45:00 2019]	heart_mobile
[Wed Feb 20 20:50:00 2019]	heart_web
[Wed Feb 20 20:50:00 2019]	heart_mobile
[Wed Feb 20 20:50:00 2019]	heart_web
[Wed Feb 20 20:50:00 2019]	heart_mobile
[Wed Feb 20 20:50:00 2019]	heart_web
[Wed Feb 20 20:50:00 2019]	heart_mobile
[Wed Feb 20 20:50:00 2019]	heart_web
[Wed Feb 20 20:50:01 2019]	heart_mobile
[Wed Feb 20 20:55:00 2019]	heart_web
[Wed Feb 20 20:55:00 2019]	heart_mobile
[Wed Feb 20 20:55:00 2019]	heart_web
[Wed Feb 20 20:55:00 2019]	heart_mobile
[Wed Feb 20 20:55:00 2019]	heart_web
[Wed Feb 20 20:55:00 2019]	heart_mobile
[Wed Feb 20 20:55:01 2019]	heart_web
[Wed Feb 20 20:55:01 2019]	heart_mobile
[Wed Feb 20 21:00:00 2019]	heart_web
[Wed Feb 20 21:00:00 2019]	heart_mobile
[Wed Feb 20 21:00:00 2019]	heart_web
[Wed Feb 20 21:00:00 2019]	heart_mobile
[Wed Feb 20 21:00:00 2019]	heart_web
[Wed Feb 20 21:00:00 2019]	heart_mobile
[Wed Feb 20 21:00:00 2019]	heart_web
[Wed Feb 20 21:00:00 2019]	heart_mobile
[Wed Feb 20 21:05:00 2019]	heart_web
[Wed Feb 20 21:05:00 2019]	heart_mobile
[Wed Feb 20 21:05:00 2019]	heart_web
[Wed Feb 20 21:05:00 2019]	heart_mobile
[Wed Feb 20 21:05:00 2019]	heart_web
[Wed Feb 20 21:05:00 2019]	heart_mobile
[Wed Feb 20 21:05:00 2019]	heart_web
[Wed Feb 20 21:05:00 2019]	heart_mobile
[Wed Feb 20 21:10:00 2019]	heart_web
[Wed Feb 20 21:10:00 2019]	heart_mobile
[Wed Feb 20 21:10:00 2019]	heart_web
[Wed Feb 20 21:10:00 2019]	heart_mobile
[Wed Feb 20 21:10:00 2019]	heart_web
[Wed Feb 20 21:10:00 2019]	heart_mobile
[Wed Feb 20 21:10:00 2019]	heart_web
[Wed Feb 20 21:10:01 2019]	heart_mobile
[Wed Feb 20 21:15:00 2019]	heart_web
[Wed Feb 20 21:15:00 2019]	heart_mobile
[Wed Feb 20 21:15:00 2019]	heart_web
[Wed Feb 20 21:15:00 2019]	heart_mobile
[Wed Feb 20 21:15:00 2019]	heart_web
[Wed Feb 20 21:15:00 2019]	heart_mobile
[Wed Feb 20 21:15:00 2019]	heart_web
[Wed Feb 20 21:15:00 2019]	heart_mobile
[Wed Feb 20 21:20:00 2019]	heart_web
[Wed Feb 20 21:20:00 2019]	heart_mobile
[Wed Feb 20 21:20:00 2019]	heart_web
[Wed Feb 20 21:20:00 2019]	heart_mobile
[Wed Feb 20 21:20:00 2019]	heart_web
[Wed Feb 20 21:20:00 2019]	heart_mobile
[Wed Feb 20 21:20:00 2019]	heart_web
[Wed Feb 20 21:20:00 2019]	heart_mobile
[Wed Feb 20 21:25:00 2019]	heart_web
[Wed Feb 20 21:25:00 2019]	heart_mobile
[Wed Feb 20 21:25:00 2019]	heart_web
[Wed Feb 20 21:25:00 2019]	heart_mobile
[Wed Feb 20 21:25:00 2019]	heart_web
[Wed Feb 20 21:25:00 2019]	heart_mobile
[Wed Feb 20 21:25:01 2019]	heart_web
[Wed Feb 20 21:25:01 2019]	heart_mobile
[Wed Feb 20 21:30:00 2019]	heart_web
[Wed Feb 20 21:30:00 2019]	heart_mobile
[Wed Feb 20 21:30:00 2019]	heart_web
[Wed Feb 20 21:30:00 2019]	heart_mobile
[Wed Feb 20 21:30:00 2019]	heart_web
[Wed Feb 20 21:30:00 2019]	heart_mobile
[Wed Feb 20 21:30:00 2019]	heart_web
[Wed Feb 20 21:30:00 2019]	heart_mobile
[Wed Feb 20 21:35:00 2019]	heart_web
[Wed Feb 20 21:35:00 2019]	heart_mobile
[Wed Feb 20 21:35:00 2019]	heart_web
[Wed Feb 20 21:35:00 2019]	heart_mobile
[Wed Feb 20 21:35:00 2019]	heart_web
[Wed Feb 20 21:35:00 2019]	heart_mobile
[Wed Feb 20 21:35:00 2019]	heart_web
[Wed Feb 20 21:35:00 2019]	heart_mobile
[Wed Feb 20 21:40:00 2019]	heart_web
[Wed Feb 20 21:40:00 2019]	heart_mobile
[Wed Feb 20 21:40:00 2019]	heart_web
[Wed Feb 20 21:40:00 2019]	heart_mobile
[Wed Feb 20 21:40:00 2019]	heart_web
[Wed Feb 20 21:40:00 2019]	heart_mobile
[Wed Feb 20 21:40:01 2019]	heart_web
[Wed Feb 20 21:40:01 2019]	heart_mobile
[Wed Feb 20 21:45:00 2019]	heart_web
[Wed Feb 20 21:45:00 2019]	heart_mobile
[Wed Feb 20 21:45:00 2019]	heart_web
[Wed Feb 20 21:45:00 2019]	heart_mobile
[Wed Feb 20 21:45:00 2019]	heart_web
[Wed Feb 20 21:45:00 2019]	heart_mobile
[Wed Feb 20 21:45:01 2019]	heart_web
[Wed Feb 20 21:45:01 2019]	heart_mobile
[Wed Feb 20 21:50:00 2019]	heart_web
[Wed Feb 20 21:50:00 2019]	heart_mobile
[Wed Feb 20 21:50:00 2019]	heart_web
[Wed Feb 20 21:50:00 2019]	heart_mobile
[Wed Feb 20 21:50:00 2019]	heart_web
[Wed Feb 20 21:50:00 2019]	heart_mobile
[Wed Feb 20 21:50:00 2019]	heart_web
[Wed Feb 20 21:50:00 2019]	heart_mobile
[Wed Feb 20 21:55:00 2019]	heart_web
[Wed Feb 20 21:55:00 2019]	heart_mobile
[Wed Feb 20 21:55:00 2019]	heart_web
[Wed Feb 20 21:55:00 2019]	heart_mobile
[Wed Feb 20 21:55:00 2019]	heart_web
[Wed Feb 20 21:55:00 2019]	heart_mobile
[Wed Feb 20 21:55:00 2019]	heart_web
[Wed Feb 20 21:55:00 2019]	heart_mobile
[Wed Feb 20 22:00:00 2019]	heart_web
[Wed Feb 20 22:00:00 2019]	heart_mobile
[Wed Feb 20 22:00:00 2019]	heart_web
[Wed Feb 20 22:00:00 2019]	heart_mobile
[Wed Feb 20 22:00:00 2019]	heart_web
[Wed Feb 20 22:00:00 2019]	heart_mobile
[Wed Feb 20 22:00:00 2019]	heart_web
[Wed Feb 20 22:00:00 2019]	heart_mobile
[Wed Feb 20 22:05:00 2019]	heart_web
[Wed Feb 20 22:05:00 2019]	heart_mobile
[Wed Feb 20 22:05:00 2019]	heart_web
[Wed Feb 20 22:05:00 2019]	heart_mobile
[Wed Feb 20 22:05:00 2019]	heart_web
[Wed Feb 20 22:05:00 2019]	heart_mobile
[Wed Feb 20 22:05:00 2019]	heart_web
[Wed Feb 20 22:05:01 2019]	heart_mobile
[Wed Feb 20 22:10:00 2019]	heart_web
[Wed Feb 20 22:10:00 2019]	heart_mobile
[Wed Feb 20 22:10:00 2019]	heart_web
[Wed Feb 20 22:10:00 2019]	heart_mobile
[Wed Feb 20 22:10:00 2019]	heart_web
[Wed Feb 20 22:10:00 2019]	heart_mobile
[Wed Feb 20 22:10:00 2019]	heart_web
[Wed Feb 20 22:10:00 2019]	heart_mobile
[Wed Feb 20 22:15:02 2019]	heart_web
[Wed Feb 20 22:15:02 2019]	heart_mobile
[Wed Feb 20 22:15:02 2019]	heart_web
[Wed Feb 20 22:15:02 2019]	heart_mobile
[Wed Feb 20 22:15:02 2019]	heart_web
[Wed Feb 20 22:15:02 2019]	heart_mobile
[Wed Feb 20 22:15:03 2019]	heart_web
[Wed Feb 20 22:15:03 2019]	heart_mobile
[Wed Feb 20 22:20:00 2019]	heart_web
[Wed Feb 20 22:20:00 2019]	heart_mobile
[Wed Feb 20 22:20:00 2019]	heart_web
[Wed Feb 20 22:20:00 2019]	heart_mobile
[Wed Feb 20 22:20:00 2019]	heart_web
[Wed Feb 20 22:20:00 2019]	heart_mobile
[Wed Feb 20 22:20:00 2019]	heart_web
[Wed Feb 20 22:20:00 2019]	heart_mobile
[Wed Feb 20 22:25:00 2019]	heart_web
[Wed Feb 20 22:25:00 2019]	heart_mobile
[Wed Feb 20 22:25:00 2019]	heart_web
[Wed Feb 20 22:25:00 2019]	heart_mobile
[Wed Feb 20 22:25:05 2019]	heart_web
[Wed Feb 20 22:25:05 2019]	heart_mobile
[Wed Feb 20 22:25:05 2019]	heart_web
[Wed Feb 20 22:25:05 2019]	heart_mobile
[Wed Feb 20 22:30:00 2019]	heart_web
[Wed Feb 20 22:30:00 2019]	heart_mobile
[Wed Feb 20 22:30:00 2019]	heart_web
[Wed Feb 20 22:30:00 2019]	heart_mobile
[Wed Feb 20 22:30:00 2019]	heart_web
[Wed Feb 20 22:30:00 2019]	heart_mobile
[Wed Feb 20 22:30:00 2019]	heart_web
[Wed Feb 20 22:30:00 2019]	heart_mobile
[Wed Feb 20 22:35:00 2019]	heart_web
[Wed Feb 20 22:35:00 2019]	heart_mobile
[Wed Feb 20 22:35:00 2019]	heart_web
[Wed Feb 20 22:35:00 2019]	heart_mobile
[Wed Feb 20 22:35:00 2019]	heart_web
[Wed Feb 20 22:35:00 2019]	heart_mobile
[Wed Feb 20 22:35:00 2019]	heart_web
[Wed Feb 20 22:35:00 2019]	heart_mobile
[Wed Feb 20 22:40:00 2019]	heart_web
[Wed Feb 20 22:40:00 2019]	heart_mobile
[Wed Feb 20 22:40:00 2019]	heart_web
[Wed Feb 20 22:40:00 2019]	heart_mobile
[Wed Feb 20 22:40:00 2019]	heart_web
[Wed Feb 20 22:40:00 2019]	heart_mobile
[Wed Feb 20 22:40:00 2019]	heart_web
[Wed Feb 20 22:40:00 2019]	heart_mobile
[Wed Feb 20 22:45:03 2019]	heart_web
[Wed Feb 20 22:45:03 2019]	heart_mobile
[Wed Feb 20 22:45:03 2019]	heart_web
[Wed Feb 20 22:45:03 2019]	heart_mobile
[Wed Feb 20 22:45:03 2019]	heart_web
[Wed Feb 20 22:45:03 2019]	heart_mobile
[Wed Feb 20 22:45:03 2019]	heart_web
[Wed Feb 20 22:45:03 2019]	heart_mobile
[Wed Feb 20 22:50:00 2019]	heart_web
[Wed Feb 20 22:50:00 2019]	heart_mobile
[Wed Feb 20 22:50:00 2019]	heart_web
[Wed Feb 20 22:50:00 2019]	heart_mobile
[Wed Feb 20 22:50:00 2019]	heart_web
[Wed Feb 20 22:50:00 2019]	heart_mobile
[Wed Feb 20 22:50:00 2019]	heart_web
[Wed Feb 20 22:50:00 2019]	heart_mobile
[Wed Feb 20 22:55:00 2019]	heart_web
[Wed Feb 20 22:55:00 2019]	heart_mobile
[Wed Feb 20 22:55:00 2019]	heart_web
[Wed Feb 20 22:55:00 2019]	heart_mobile
[Wed Feb 20 22:55:00 2019]	heart_web
[Wed Feb 20 22:55:00 2019]	heart_mobile
[Wed Feb 20 22:55:00 2019]	heart_web
[Wed Feb 20 22:55:00 2019]	heart_mobile
[Wed Feb 20 23:00:00 2019]	heart_web
[Wed Feb 20 23:00:00 2019]	heart_mobile
[Wed Feb 20 23:00:00 2019]	heart_web
[Wed Feb 20 23:00:00 2019]	heart_mobile
[Wed Feb 20 23:00:00 2019]	heart_web
[Wed Feb 20 23:00:00 2019]	heart_mobile
[Wed Feb 20 23:00:00 2019]	heart_web
[Wed Feb 20 23:00:00 2019]	heart_mobile
[Wed Feb 20 23:05:00 2019]	heart_web
[Wed Feb 20 23:05:00 2019]	heart_mobile
[Wed Feb 20 23:05:00 2019]	heart_web
[Wed Feb 20 23:05:00 2019]	heart_mobile
[Wed Feb 20 23:05:00 2019]	heart_web
[Wed Feb 20 23:05:00 2019]	heart_mobile
[Wed Feb 20 23:05:00 2019]	heart_web
[Wed Feb 20 23:05:00 2019]	heart_mobile
[Wed Feb 20 23:10:00 2019]	heart_web
[Wed Feb 20 23:10:00 2019]	heart_mobile
[Wed Feb 20 23:10:00 2019]	heart_web
[Wed Feb 20 23:10:00 2019]	heart_mobile
[Wed Feb 20 23:10:00 2019]	heart_web
[Wed Feb 20 23:10:00 2019]	heart_mobile
[Wed Feb 20 23:10:00 2019]	heart_web
[Wed Feb 20 23:10:00 2019]	heart_mobile
[Wed Feb 20 23:15:00 2019]	heart_web
[Wed Feb 20 23:15:00 2019]	heart_mobile
[Wed Feb 20 23:15:00 2019]	heart_web
[Wed Feb 20 23:15:00 2019]	heart_mobile
[Wed Feb 20 23:15:00 2019]	heart_web
[Wed Feb 20 23:15:00 2019]	heart_mobile
[Wed Feb 20 23:15:00 2019]	heart_web
[Wed Feb 20 23:15:00 2019]	heart_mobile
[Wed Feb 20 23:20:00 2019]	heart_web
[Wed Feb 20 23:20:00 2019]	heart_mobile
[Wed Feb 20 23:20:00 2019]	heart_web
[Wed Feb 20 23:20:00 2019]	heart_mobile
[Wed Feb 20 23:20:00 2019]	heart_web
[Wed Feb 20 23:20:00 2019]	heart_mobile
[Wed Feb 20 23:20:00 2019]	heart_web
[Wed Feb 20 23:20:01 2019]	heart_mobile
[Wed Feb 20 23:25:00 2019]	heart_web
[Wed Feb 20 23:25:00 2019]	heart_mobile
[Wed Feb 20 23:25:00 2019]	heart_web
[Wed Feb 20 23:25:00 2019]	heart_mobile
[Wed Feb 20 23:25:00 2019]	heart_web
[Wed Feb 20 23:25:00 2019]	heart_mobile
[Wed Feb 20 23:25:01 2019]	heart_web
[Wed Feb 20 23:25:01 2019]	heart_mobile
[Wed Feb 20 23:30:00 2019]	heart_web
[Wed Feb 20 23:30:00 2019]	heart_mobile
[Wed Feb 20 23:30:00 2019]	heart_web
[Wed Feb 20 23:30:00 2019]	heart_mobile
[Wed Feb 20 23:30:00 2019]	heart_web
[Wed Feb 20 23:30:00 2019]	heart_mobile
[Wed Feb 20 23:30:00 2019]	heart_web
[Wed Feb 20 23:30:00 2019]	heart_mobile
[Wed Feb 20 23:35:00 2019]	heart_web
[Wed Feb 20 23:35:00 2019]	heart_mobile
[Wed Feb 20 23:35:00 2019]	heart_web
[Wed Feb 20 23:35:00 2019]	heart_mobile
[Wed Feb 20 23:35:00 2019]	heart_web
[Wed Feb 20 23:35:00 2019]	heart_mobile
[Wed Feb 20 23:35:00 2019]	heart_web
[Wed Feb 20 23:35:01 2019]	heart_mobile
[Wed Feb 20 23:40:00 2019]	heart_web
[Wed Feb 20 23:40:00 2019]	heart_mobile
[Wed Feb 20 23:40:00 2019]	heart_web
[Wed Feb 20 23:40:00 2019]	heart_mobile
[Wed Feb 20 23:40:00 2019]	heart_web
[Wed Feb 20 23:40:00 2019]	heart_mobile
[Wed Feb 20 23:40:00 2019]	heart_web
[Wed Feb 20 23:40:00 2019]	heart_mobile
[Wed Feb 20 23:45:00 2019]	heart_web
[Wed Feb 20 23:45:00 2019]	heart_mobile
[Wed Feb 20 23:45:00 2019]	heart_web
[Wed Feb 20 23:45:00 2019]	heart_mobile
[Wed Feb 20 23:45:00 2019]	heart_web
[Wed Feb 20 23:45:00 2019]	heart_mobile
[Wed Feb 20 23:45:00 2019]	heart_web
[Wed Feb 20 23:45:00 2019]	heart_mobile
[Wed Feb 20 23:50:00 2019]	heart_web
[Wed Feb 20 23:50:00 2019]	heart_mobile
[Wed Feb 20 23:50:00 2019]	heart_web
[Wed Feb 20 23:50:00 2019]	heart_mobile
[Wed Feb 20 23:50:00 2019]	heart_web
[Wed Feb 20 23:50:00 2019]	heart_mobile
[Wed Feb 20 23:50:00 2019]	heart_web
[Wed Feb 20 23:50:00 2019]	heart_mobile
[Wed Feb 20 23:55:00 2019]	heart_web
[Wed Feb 20 23:55:00 2019]	heart_mobile
[Wed Feb 20 23:55:00 2019]	heart_web
[Wed Feb 20 23:55:00 2019]	heart_mobile
[Wed Feb 20 23:55:00 2019]	heart_web
[Wed Feb 20 23:55:00 2019]	heart_mobile
[Wed Feb 20 23:55:00 2019]	heart_web
[Wed Feb 20 23:55:00 2019]	heart_mobile
[Thu Feb 21 00:00:00 2019]	heart_web
[Thu Feb 21 00:00:00 2019]	heart_mobile
[Thu Feb 21 00:00:00 2019]	heart_web
[Thu Feb 21 00:00:00 2019]	heart_mobile
[Thu Feb 21 00:00:00 2019]	heart_web
[Thu Feb 21 00:00:00 2019]	heart_mobile
[Thu Feb 21 00:00:00 2019]	heart_web
[Thu Feb 21 00:00:00 2019]	heart_mobile
UPDATE Account SET finished = False,logined = False,watched = False,shared = False,coin_added = False,double_watch = False,s2c = False,signed = False
[u'44158437', u'44204658', u'44185427', u'44175164', u'44148104']
15824397397
zsj0911*
0
av44158437观看成功
银瓜子兑换成功
投币成功
------------------
17367078621
weiyuxin
39
av44158437观看成功
银瓜子兑换成功
投币成功
投币成功
投币成功
投币成功
投币成功
------------------
15127529708
shijizhe
225.58
av44158437观看成功
银瓜子兑换成功
投币成功
投币成功
投币成功
投币成功
投币成功
------------------
13306522935
zjuZSJ0911*
0
av44158437观看成功
银瓜子兑换成功
投币成功
------------------
[Thu Feb 21 00:05:00 2019]	heart_web
[Thu Feb 21 00:05:00 2019]	heart_mobile
[Thu Feb 21 00:05:00 2019]	heart_web
[Thu Feb 21 00:05:00 2019]	heart_mobile
[Thu Feb 21 00:05:00 2019]	heart_web
[Thu Feb 21 00:05:00 2019]	heart_mobile
[Thu Feb 21 00:05:00 2019]	heart_web
[Thu Feb 21 00:05:00 2019]	heart_mobile
[Thu Feb 21 00:10:00 2019]	heart_web
[Thu Feb 21 00:10:00 2019]	heart_mobile
[Thu Feb 21 00:10:00 2019]	heart_web
[Thu Feb 21 00:10:00 2019]	heart_mobile
[Thu Feb 21 00:10:00 2019]	heart_web
[Thu Feb 21 00:10:00 2019]	heart_mobile
[Thu Feb 21 00:10:01 2019]	heart_web
[Thu Feb 21 00:10:01 2019]	heart_mobile
[Thu Feb 21 00:15:00 2019]	heart_web
[Thu Feb 21 00:15:00 2019]	heart_mobile
[Thu Feb 21 00:15:00 2019]	heart_web
[Thu Feb 21 00:15:00 2019]	heart_mobile
[Thu Feb 21 00:15:00 2019]	heart_web
[Thu Feb 21 00:15:00 2019]	heart_mobile
[Thu Feb 21 00:15:00 2019]	heart_web
[Thu Feb 21 00:15:01 2019]	heart_mobile
[Thu Feb 21 00:20:00 2019]	heart_web
[Thu Feb 21 00:20:00 2019]	heart_mobile
[Thu Feb 21 00:20:00 2019]	heart_web
[Thu Feb 21 00:20:00 2019]	heart_mobile
[Thu Feb 21 00:20:00 2019]	heart_web
[Thu Feb 21 00:20:00 2019]	heart_mobile
[Thu Feb 21 00:20:00 2019]	heart_web
[Thu Feb 21 00:20:01 2019]	heart_mobile
[Thu Feb 21 00:25:00 2019]	heart_web
[Thu Feb 21 00:25:00 2019]	heart_mobile
[Thu Feb 21 00:25:00 2019]	heart_web
[Thu Feb 21 00:25:00 2019]	heart_mobile
[Thu Feb 21 00:25:00 2019]	heart_web
[Thu Feb 21 00:25:00 2019]	heart_mobile
[Thu Feb 21 00:25:00 2019]	heart_web
[Thu Feb 21 00:25:00 2019]	heart_mobile
[Thu Feb 21 00:30:00 2019]	heart_web
[Thu Feb 21 00:30:00 2019]	heart_mobile
[Thu Feb 21 00:30:00 2019]	heart_web
[Thu Feb 21 00:30:00 2019]	heart_mobile
[Thu Feb 21 00:30:00 2019]	heart_web
[Thu Feb 21 00:30:00 2019]	heart_mobile
[Thu Feb 21 00:30:00 2019]	heart_web
[Thu Feb 21 00:30:00 2019]	heart_mobile
[Thu Feb 21 00:35:00 2019]	heart_web
[Thu Feb 21 00:35:00 2019]	heart_mobile
[Thu Feb 21 00:35:00 2019]	heart_web
[Thu Feb 21 00:35:00 2019]	heart_mobile
[Thu Feb 21 00:35:00 2019]	heart_web
[Thu Feb 21 00:35:00 2019]	heart_mobile
[Thu Feb 21 00:35:00 2019]	heart_web
[Thu Feb 21 00:35:00 2019]	heart_mobile
[Thu Feb 21 00:40:00 2019]	heart_web
[Thu Feb 21 00:40:00 2019]	heart_mobile
[Thu Feb 21 00:40:00 2019]	heart_web
[Thu Feb 21 00:40:00 2019]	heart_mobile
[Thu Feb 21 00:40:00 2019]	heart_web
[Thu Feb 21 00:40:00 2019]	heart_mobile
[Thu Feb 21 00:40:00 2019]	heart_web
[Thu Feb 21 00:40:00 2019]	heart_mobile
[Thu Feb 21 00:45:00 2019]	heart_web
[Thu Feb 21 00:45:00 2019]	heart_mobile
[Thu Feb 21 00:45:00 2019]	heart_web
[Thu Feb 21 00:45:00 2019]	heart_mobile
[Thu Feb 21 00:45:00 2019]	heart_web
[Thu Feb 21 00:45:00 2019]	heart_mobile
[Thu Feb 21 00:45:01 2019]	heart_web
[Thu Feb 21 00:45:01 2019]	heart_mobile
[Thu Feb 21 00:50:00 2019]	heart_web
[Thu Feb 21 00:50:00 2019]	heart_mobile
[Thu Feb 21 00:50:00 2019]	heart_web
[Thu Feb 21 00:50:00 2019]	heart_mobile
[Thu Feb 21 00:50:00 2019]	heart_web
[Thu Feb 21 00:50:00 2019]	heart_mobile
[Thu Feb 21 00:50:00 2019]	heart_web
[Thu Feb 21 00:50:00 2019]	heart_mobile
[Thu Feb 21 00:55:00 2019]	heart_web
[Thu Feb 21 00:55:00 2019]	heart_mobile
[Thu Feb 21 00:55:00 2019]	heart_web
[Thu Feb 21 00:55:00 2019]	heart_mobile
[Thu Feb 21 00:55:00 2019]	heart_web
[Thu Feb 21 00:55:00 2019]	heart_mobile
[Thu Feb 21 00:55:00 2019]	heart_web
[Thu Feb 21 00:55:00 2019]	heart_mobile
[Thu Feb 21 01:00:00 2019]	heart_web
[Thu Feb 21 01:00:00 2019]	heart_mobile
[Thu Feb 21 01:00:00 2019]	heart_web
[Thu Feb 21 01:00:00 2019]	heart_mobile
[Thu Feb 21 01:00:00 2019]	heart_web
[Thu Feb 21 01:00:00 2019]	heart_mobile
[Thu Feb 21 01:00:00 2019]	heart_web
[Thu Feb 21 01:00:00 2019]	heart_mobile
[u'44158437', u'44204658', u'44165945', u'44185427', u'44175164']
15824397397
zsj0911*
1

今日已换硬币
投币成功
------------------
17367078621
weiyuxin
36

av44158437观看成功
今日已换硬币
------------------
15127529708
shijizhe
222.58

av44158437观看成功
今日已换硬币
------------------
13306522935
zjuZSJ0911*
1

av44158437观看成功
今日已换硬币
投币成功
------------------
[Thu Feb 21 01:05:00 2019]	heart_web
[Thu Feb 21 01:05:00 2019]	heart_mobile
[Thu Feb 21 01:05:00 2019]	heart_web
[Thu Feb 21 01:05:00 2019]	heart_mobile
[Thu Feb 21 01:05:00 2019]	heart_web
[Thu Feb 21 01:05:00 2019]	heart_mobile
[Thu Feb 21 01:05:00 2019]	heart_web
[Thu Feb 21 01:05:00 2019]	heart_mobile
[Thu Feb 21 01:10:00 2019]	heart_web
[Thu Feb 21 01:10:00 2019]	heart_mobile
[Thu Feb 21 01:10:00 2019]	heart_web
[Thu Feb 21 01:10:00 2019]	heart_mobile
[Thu Feb 21 01:10:00 2019]	heart_web
[Thu Feb 21 01:10:00 2019]	heart_mobile
[Thu Feb 21 01:10:01 2019]	heart_web
[Thu Feb 21 01:10:01 2019]	heart_mobile
[Thu Feb 21 01:15:00 2019]	heart_web
[Thu Feb 21 01:15:00 2019]	heart_mobile
[Thu Feb 21 01:15:00 2019]	heart_web
[Thu Feb 21 01:15:00 2019]	heart_mobile
[Thu Feb 21 01:15:00 2019]	heart_web
[Thu Feb 21 01:15:00 2019]	heart_mobile
[Thu Feb 21 01:15:00 2019]	heart_web
[Thu Feb 21 01:15:00 2019]	heart_mobile
[Thu Feb 21 01:20:00 2019]	heart_web
[Thu Feb 21 01:20:00 2019]	heart_mobile
[Thu Feb 21 01:20:00 2019]	heart_web
[Thu Feb 21 01:20:00 2019]	heart_mobile
[Thu Feb 21 01:20:00 2019]	heart_web
[Thu Feb 21 01:20:00 2019]	heart_mobile
[Thu Feb 21 01:20:00 2019]	heart_web
[Thu Feb 21 01:20:00 2019]	heart_mobile
[Thu Feb 21 01:25:00 2019]	heart_web
[Thu Feb 21 01:25:00 2019]	heart_mobile
[Thu Feb 21 01:25:00 2019]	heart_web
[Thu Feb 21 01:25:00 2019]	heart_mobile
[Thu Feb 21 01:25:00 2019]	heart_web
[Thu Feb 21 01:25:00 2019]	heart_mobile
[Thu Feb 21 01:25:00 2019]	heart_web
[Thu Feb 21 01:25:00 2019]	heart_mobile
[Thu Feb 21 01:30:00 2019]	heart_web
[Thu Feb 21 01:30:00 2019]	heart_mobile
[Thu Feb 21 01:30:00 2019]	heart_web
[Thu Feb 21 01:30:00 2019]	heart_mobile
[Thu Feb 21 01:30:00 2019]	heart_web
[Thu Feb 21 01:30:00 2019]	heart_mobile
[Thu Feb 21 01:30:00 2019]	heart_web
[Thu Feb 21 01:30:00 2019]	heart_mobile
[Thu Feb 21 01:35:00 2019]	heart_web
[Thu Feb 21 01:35:00 2019]	heart_mobile
[Thu Feb 21 01:35:00 2019]	heart_web
[Thu Feb 21 01:35:00 2019]	heart_mobile
[Thu Feb 21 01:35:00 2019]	heart_web
[Thu Feb 21 01:35:00 2019]	heart_mobile
[Thu Feb 21 01:35:00 2019]	heart_web
[Thu Feb 21 01:35:00 2019]	heart_mobile
[Thu Feb 21 01:40:00 2019]	heart_web
[Thu Feb 21 01:40:00 2019]	heart_mobile
[Thu Feb 21 01:40:00 2019]	heart_web
[Thu Feb 21 01:40:00 2019]	heart_mobile
[Thu Feb 21 01:40:00 2019]	heart_web
[Thu Feb 21 01:40:00 2019]	heart_mobile
[Thu Feb 21 01:40:00 2019]	heart_web
[Thu Feb 21 01:40:00 2019]	heart_mobile
[Thu Feb 21 01:45:00 2019]	heart_web
[Thu Feb 21 01:45:00 2019]	heart_mobile
[Thu Feb 21 01:45:00 2019]	heart_web
[Thu Feb 21 01:45:00 2019]	heart_mobile
[Thu Feb 21 01:45:00 2019]	heart_web
[Thu Feb 21 01:45:00 2019]	heart_mobile
[Thu Feb 21 01:45:00 2019]	heart_web
[Thu Feb 21 01:45:01 2019]	heart_mobile
[Thu Feb 21 01:50:00 2019]	heart_web
[Thu Feb 21 01:50:00 2019]	heart_mobile
[Thu Feb 21 01:50:00 2019]	heart_web
[Thu Feb 21 01:50:00 2019]	heart_mobile
[Thu Feb 21 01:50:00 2019]	heart_web
[Thu Feb 21 01:50:00 2019]	heart_mobile
[Thu Feb 21 01:50:00 2019]	heart_web
[Thu Feb 21 01:50:01 2019]	heart_mobile
[Thu Feb 21 01:55:00 2019]	heart_web
[Thu Feb 21 01:55:00 2019]	heart_mobile
[Thu Feb 21 01:55:00 2019]	heart_web
[Thu Feb 21 01:55:00 2019]	heart_mobile
[Thu Feb 21 01:55:00 2019]	heart_web
[Thu Feb 21 01:55:00 2019]	heart_mobile
[Thu Feb 21 01:55:00 2019]	heart_web
[Thu Feb 21 01:55:00 2019]	heart_mobile
[Thu Feb 21 02:00:00 2019]	heart_web
[Thu Feb 21 02:00:00 2019]	heart_mobile
[Thu Feb 21 02:00:00 2019]	heart_web
[Thu Feb 21 02:00:00 2019]	heart_mobile
[Thu Feb 21 02:00:00 2019]	heart_web
[Thu Feb 21 02:00:00 2019]	heart_mobile
[Thu Feb 21 02:00:00 2019]	heart_web
[Thu Feb 21 02:00:00 2019]	heart_mobile
[u'44158437', u'44204658', u'44165945', u'44185427', u'44175164']
15824397397
zsj0911*
0
------------------
17367078621
weiyuxin
36
------------------
15127529708
shijizhe
222.58
------------------
13306522935
zjuZSJ0911*
0
------------------
[Thu Feb 21 02:05:00 2019]	heart_web
[Thu Feb 21 02:05:00 2019]	heart_mobile
[Thu Feb 21 02:05:00 2019]	heart_web
[Thu Feb 21 02:05:00 2019]	heart_mobile
[Thu Feb 21 02:05:00 2019]	heart_web
[Thu Feb 21 02:05:00 2019]	heart_mobile
[Thu Feb 21 02:05:00 2019]	heart_web
[Thu Feb 21 02:05:00 2019]	heart_mobile
[Thu Feb 21 02:10:00 2019]	heart_web
[Thu Feb 21 02:10:00 2019]	heart_mobile
[Thu Feb 21 02:10:00 2019]	heart_web
[Thu Feb 21 02:10:00 2019]	heart_mobile
[Thu Feb 21 02:10:00 2019]	heart_web
[Thu Feb 21 02:10:00 2019]	heart_mobile
[Thu Feb 21 02:10:00 2019]	heart_web
[Thu Feb 21 02:10:00 2019]	heart_mobile
[Thu Feb 21 02:15:00 2019]	heart_web
[Thu Feb 21 02:15:00 2019]	heart_mobile
[Thu Feb 21 02:15:00 2019]	heart_web
[Thu Feb 21 02:15:00 2019]	heart_mobile
[Thu Feb 21 02:15:00 2019]	heart_web
[Thu Feb 21 02:15:00 2019]	heart_mobile
[Thu Feb 21 02:15:00 2019]	heart_web
[Thu Feb 21 02:15:00 2019]	heart_mobile
[Thu Feb 21 02:20:00 2019]	heart_web
[Thu Feb 21 02:20:00 2019]	heart_mobile
[Thu Feb 21 02:20:00 2019]	heart_web
[Thu Feb 21 02:20:00 2019]	heart_mobile
[Thu Feb 21 02:20:00 2019]	heart_web
[Thu Feb 21 02:20:00 2019]	heart_mobile
[Thu Feb 21 02:20:00 2019]	heart_web
[Thu Feb 21 02:20:01 2019]	heart_mobile
[Thu Feb 21 02:25:00 2019]	heart_web
[Thu Feb 21 02:25:00 2019]	heart_mobile
[Thu Feb 21 02:25:00 2019]	heart_web
[Thu Feb 21 02:25:00 2019]	heart_mobile
[Thu Feb 21 02:25:00 2019]	heart_web
[Thu Feb 21 02:25:00 2019]	heart_mobile
[Thu Feb 21 02:25:00 2019]	heart_web
[Thu Feb 21 02:25:00 2019]	heart_mobile
[Thu Feb 21 02:30:00 2019]	heart_web
[Thu Feb 21 02:30:00 2019]	heart_mobile
[Thu Feb 21 02:30:00 2019]	heart_web
[Thu Feb 21 02:30:00 2019]	heart_mobile
[Thu Feb 21 02:30:00 2019]	heart_web
[Thu Feb 21 02:30:00 2019]	heart_mobile
[Thu Feb 21 02:30:00 2019]	heart_web
[Thu Feb 21 02:30:00 2019]	heart_mobile
[Thu Feb 21 02:35:00 2019]	heart_web
[Thu Feb 21 02:35:00 2019]	heart_mobile
[Thu Feb 21 02:35:00 2019]	heart_web
[Thu Feb 21 02:35:00 2019]	heart_mobile
[Thu Feb 21 02:35:00 2019]	heart_web
[Thu Feb 21 02:35:00 2019]	heart_mobile
[Thu Feb 21 02:35:00 2019]	heart_web
[Thu Feb 21 02:35:01 2019]	heart_mobile
[Thu Feb 21 02:40:00 2019]	heart_web
[Thu Feb 21 02:40:00 2019]	heart_mobile
[Thu Feb 21 02:40:00 2019]	heart_web
[Thu Feb 21 02:40:00 2019]	heart_mobile
[Thu Feb 21 02:40:00 2019]	heart_web
[Thu Feb 21 02:40:00 2019]	heart_mobile
[Thu Feb 21 02:40:00 2019]	heart_web
[Thu Feb 21 02:40:00 2019]	heart_mobile
[Thu Feb 21 02:45:00 2019]	heart_web
[Thu Feb 21 02:45:00 2019]	heart_mobile
[Thu Feb 21 02:45:00 2019]	heart_web
[Thu Feb 21 02:45:00 2019]	heart_mobile
[Thu Feb 21 02:45:00 2019]	heart_web
[Thu Feb 21 02:45:00 2019]	heart_mobile
[Thu Feb 21 02:45:00 2019]	heart_web
[Thu Feb 21 02:45:00 2019]	heart_mobile
[Thu Feb 21 02:50:00 2019]	heart_web
[Thu Feb 21 02:50:00 2019]	heart_mobile
[Thu Feb 21 02:50:00 2019]	heart_web
[Thu Feb 21 02:50:00 2019]	heart_mobile
[Thu Feb 21 02:50:00 2019]	heart_web
[Thu Feb 21 02:50:00 2019]	heart_mobile
[Thu Feb 21 02:50:00 2019]	heart_web
[Thu Feb 21 02:50:00 2019]	heart_mobile
[Thu Feb 21 02:55:00 2019]	heart_web
[Thu Feb 21 02:55:00 2019]	heart_mobile
[Thu Feb 21 02:55:00 2019]	heart_web
[Thu Feb 21 02:55:00 2019]	heart_mobile
[Thu Feb 21 02:55:00 2019]	heart_web
[Thu Feb 21 02:55:00 2019]	heart_mobile
[Thu Feb 21 02:55:00 2019]	heart_web
[Thu Feb 21 02:55:00 2019]	heart_mobile
[Thu Feb 21 03:00:00 2019]	heart_web
[Thu Feb 21 03:00:00 2019]	heart_mobile
[Thu Feb 21 03:00:00 2019]	heart_web
[Thu Feb 21 03:00:00 2019]	heart_mobile
[Thu Feb 21 03:00:00 2019]	heart_web
[Thu Feb 21 03:00:00 2019]	heart_mobile
[Thu Feb 21 03:00:00 2019]	heart_web
[Thu Feb 21 03:00:00 2019]	heart_mobile
[u'44158437', u'44204658', u'44165945', u'44185427', u'44175164']
15824397397
zsj0911*
0
------------------
17367078621
weiyuxin
36
------------------
15127529708
shijizhe
222.58
------------------
13306522935
zjuZSJ0911*
0
------------------
[Thu Feb 21 03:05:00 2019]	heart_web
[Thu Feb 21 03:05:00 2019]	heart_mobile
[Thu Feb 21 03:05:00 2019]	heart_web
[Thu Feb 21 03:05:00 2019]	heart_mobile
[Thu Feb 21 03:05:00 2019]	heart_web
[Thu Feb 21 03:05:00 2019]	heart_mobile
[Thu Feb 21 03:05:00 2019]	heart_web
[Thu Feb 21 03:05:00 2019]	heart_mobile
[Thu Feb 21 03:10:00 2019]	heart_web
[Thu Feb 21 03:10:00 2019]	heart_mobile
[Thu Feb 21 03:10:00 2019]	heart_web
[Thu Feb 21 03:10:00 2019]	heart_mobile
[Thu Feb 21 03:10:00 2019]	heart_web
[Thu Feb 21 03:10:00 2019]	heart_mobile
[Thu Feb 21 03:10:00 2019]	heart_web
[Thu Feb 21 03:10:00 2019]	heart_mobile
[Thu Feb 21 03:15:00 2019]	heart_web
[Thu Feb 21 03:15:00 2019]	heart_mobile
[Thu Feb 21 03:15:00 2019]	heart_web
[Thu Feb 21 03:15:00 2019]	heart_mobile
[Thu Feb 21 03:15:00 2019]	heart_web
[Thu Feb 21 03:15:00 2019]	heart_mobile
[Thu Feb 21 03:15:00 2019]	heart_web
[Thu Feb 21 03:15:00 2019]	heart_mobile
[Thu Feb 21 03:20:00 2019]	heart_web
[Thu Feb 21 03:20:00 2019]	heart_mobile
[Thu Feb 21 03:20:00 2019]	heart_web
[Thu Feb 21 03:20:00 2019]	heart_mobile
[Thu Feb 21 03:20:00 2019]	heart_web
[Thu Feb 21 03:20:00 2019]	heart_mobile
[Thu Feb 21 03:20:00 2019]	heart_web
[Thu Feb 21 03:20:00 2019]	heart_mobile
[Thu Feb 21 03:25:00 2019]	heart_web
[Thu Feb 21 03:25:00 2019]	heart_mobile
[Thu Feb 21 03:25:00 2019]	heart_web
[Thu Feb 21 03:25:00 2019]	heart_mobile
[Thu Feb 21 03:25:00 2019]	heart_web
[Thu Feb 21 03:25:00 2019]	heart_mobile
[Thu Feb 21 03:25:00 2019]	heart_web
[Thu Feb 21 03:25:00 2019]	heart_mobile
[Thu Feb 21 03:30:00 2019]	heart_web
[Thu Feb 21 03:30:00 2019]	heart_mobile
[Thu Feb 21 03:30:00 2019]	heart_web
[Thu Feb 21 03:30:00 2019]	heart_mobile
[Thu Feb 21 03:30:00 2019]	heart_web
[Thu Feb 21 03:30:00 2019]	heart_mobile
[Thu Feb 21 03:30:00 2019]	heart_web
[Thu Feb 21 03:30:00 2019]	heart_mobile
[Thu Feb 21 03:35:00 2019]	heart_web
[Thu Feb 21 03:35:00 2019]	heart_mobile
[Thu Feb 21 03:35:00 2019]	heart_web
[Thu Feb 21 03:35:00 2019]	heart_mobile
[Thu Feb 21 03:35:00 2019]	heart_web
[Thu Feb 21 03:35:00 2019]	heart_mobile
[Thu Feb 21 03:35:00 2019]	heart_web
[Thu Feb 21 03:35:00 2019]	heart_mobile
[Thu Feb 21 03:40:00 2019]	heart_web
[Thu Feb 21 03:40:00 2019]	heart_mobile
[Thu Feb 21 03:40:00 2019]	heart_web
[Thu Feb 21 03:40:00 2019]	heart_mobile
[Thu Feb 21 03:40:00 2019]	heart_web
[Thu Feb 21 03:40:00 2019]	heart_mobile
[Thu Feb 21 03:40:00 2019]	heart_web
[Thu Feb 21 03:40:00 2019]	heart_mobile
[Thu Feb 21 03:45:00 2019]	heart_web
[Thu Feb 21 03:45:00 2019]	heart_mobile
[Thu Feb 21 03:45:00 2019]	heart_web
[Thu Feb 21 03:45:00 2019]	heart_mobile
[Thu Feb 21 03:45:00 2019]	heart_web
[Thu Feb 21 03:45:00 2019]	heart_mobile
[Thu Feb 21 03:45:00 2019]	heart_web
[Thu Feb 21 03:45:00 2019]	heart_mobile
[Thu Feb 21 03:50:00 2019]	heart_web
[Thu Feb 21 03:50:00 2019]	heart_mobile
[Thu Feb 21 03:50:00 2019]	heart_web
[Thu Feb 21 03:50:00 2019]	heart_mobile
[Thu Feb 21 03:50:00 2019]	heart_web
[Thu Feb 21 03:50:00 2019]	heart_mobile
[Thu Feb 21 03:50:00 2019]	heart_web
[Thu Feb 21 03:50:00 2019]	heart_mobile
[Thu Feb 21 03:55:00 2019]	heart_web
[Thu Feb 21 03:55:00 2019]	heart_mobile
[Thu Feb 21 03:55:00 2019]	heart_web
[Thu Feb 21 03:55:00 2019]	heart_mobile
[Thu Feb 21 03:55:00 2019]	heart_web
[Thu Feb 21 03:55:00 2019]	heart_mobile
[Thu Feb 21 03:55:00 2019]	heart_web
[Thu Feb 21 03:55:00 2019]	heart_mobile
[Thu Feb 21 04:00:00 2019]	heart_web
[Thu Feb 21 04:00:00 2019]	heart_mobile
[Thu Feb 21 04:00:00 2019]	heart_web
[Thu Feb 21 04:00:00 2019]	heart_mobile
[Thu Feb 21 04:00:00 2019]	heart_web
[Thu Feb 21 04:00:00 2019]	heart_mobile
[Thu Feb 21 04:00:00 2019]	heart_web
[Thu Feb 21 04:00:00 2019]	heart_mobile
[u'44158437', u'44204658', u'44165945', u'44185427', u'44175164']
15824397397
zsj0911*
0
------------------
17367078621
weiyuxin
36
------------------
15127529708
shijizhe
222.58
------------------
13306522935
zjuZSJ0911*
0
------------------
[Thu Feb 21 04:05:00 2019]	heart_web
[Thu Feb 21 04:05:00 2019]	heart_mobile
[Thu Feb 21 04:05:00 2019]	heart_web
[Thu Feb 21 04:05:00 2019]	heart_mobile
[Thu Feb 21 04:05:00 2019]	heart_web
[Thu Feb 21 04:05:00 2019]	heart_mobile
[Thu Feb 21 04:05:00 2019]	heart_web
[Thu Feb 21 04:05:00 2019]	heart_mobile
[Thu Feb 21 04:10:00 2019]	heart_web
[Thu Feb 21 04:10:00 2019]	heart_mobile
[Thu Feb 21 04:10:00 2019]	heart_web
[Thu Feb 21 04:10:00 2019]	heart_mobile
[Thu Feb 21 04:10:00 2019]	heart_web
[Thu Feb 21 04:10:00 2019]	heart_mobile
[Thu Feb 21 04:10:00 2019]	heart_web
[Thu Feb 21 04:10:00 2019]	heart_mobile
[Thu Feb 21 04:15:00 2019]	heart_web
[Thu Feb 21 04:15:00 2019]	heart_mobile
[Thu Feb 21 04:15:00 2019]	heart_web
[Thu Feb 21 04:15:00 2019]	heart_mobile
[Thu Feb 21 04:15:00 2019]	heart_web
[Thu Feb 21 04:15:00 2019]	heart_mobile
[Thu Feb 21 04:15:00 2019]	heart_web
[Thu Feb 21 04:15:00 2019]	heart_mobile
[Thu Feb 21 04:20:00 2019]	heart_web
[Thu Feb 21 04:20:00 2019]	heart_mobile
[Thu Feb 21 04:20:00 2019]	heart_web
[Thu Feb 21 04:20:00 2019]	heart_mobile
[Thu Feb 21 04:20:00 2019]	heart_web
[Thu Feb 21 04:20:00 2019]	heart_mobile
[Thu Feb 21 04:20:00 2019]	heart_web
[Thu Feb 21 04:20:00 2019]	heart_mobile
[Thu Feb 21 04:25:00 2019]	heart_web
[Thu Feb 21 04:25:00 2019]	heart_mobile
[Thu Feb 21 04:25:00 2019]	heart_web
[Thu Feb 21 04:25:00 2019]	heart_mobile
[Thu Feb 21 04:25:00 2019]	heart_web
[Thu Feb 21 04:25:00 2019]	heart_mobile
[Thu Feb 21 04:25:00 2019]	heart_web
[Thu Feb 21 04:25:00 2019]	heart_mobile
[Thu Feb 21 04:30:00 2019]	heart_web
[Thu Feb 21 04:30:00 2019]	heart_mobile
[Thu Feb 21 04:30:00 2019]	heart_web
[Thu Feb 21 04:30:00 2019]	heart_mobile
[Thu Feb 21 04:30:00 2019]	heart_web
[Thu Feb 21 04:30:00 2019]	heart_mobile
[Thu Feb 21 04:30:00 2019]	heart_web
[Thu Feb 21 04:30:00 2019]	heart_mobile
[Thu Feb 21 04:35:00 2019]	heart_web
[Thu Feb 21 04:35:00 2019]	heart_mobile
[Thu Feb 21 04:35:00 2019]	heart_web
[Thu Feb 21 04:35:00 2019]	heart_mobile
[Thu Feb 21 04:35:00 2019]	heart_web
[Thu Feb 21 04:35:00 2019]	heart_mobile
[Thu Feb 21 04:35:00 2019]	heart_web
[Thu Feb 21 04:35:00 2019]	heart_mobile
[Thu Feb 21 04:40:00 2019]	heart_web
[Thu Feb 21 04:40:00 2019]	heart_mobile
[Thu Feb 21 04:40:00 2019]	heart_web
[Thu Feb 21 04:40:00 2019]	heart_mobile
[Thu Feb 21 04:40:00 2019]	heart_web
[Thu Feb 21 04:40:00 2019]	heart_mobile
[Thu Feb 21 04:40:00 2019]	heart_web
[Thu Feb 21 04:40:00 2019]	heart_mobile
[Thu Feb 21 04:45:00 2019]	heart_web
[Thu Feb 21 04:45:00 2019]	heart_mobile
[Thu Feb 21 04:45:00 2019]	heart_web
[Thu Feb 21 04:45:00 2019]	heart_mobile
[Thu Feb 21 04:45:00 2019]	heart_web
[Thu Feb 21 04:45:00 2019]	heart_mobile
[Thu Feb 21 04:45:00 2019]	heart_web
[Thu Feb 21 04:45:00 2019]	heart_mobile
[Thu Feb 21 04:50:00 2019]	heart_web
[Thu Feb 21 04:50:00 2019]	heart_mobile
[Thu Feb 21 04:50:00 2019]	heart_web
[Thu Feb 21 04:50:00 2019]	heart_mobile
[Thu Feb 21 04:50:00 2019]	heart_web
[Thu Feb 21 04:50:00 2019]	heart_mobile
[Thu Feb 21 04:50:00 2019]	heart_web
[Thu Feb 21 04:50:00 2019]	heart_mobile
[Thu Feb 21 04:55:00 2019]	heart_web
[Thu Feb 21 04:55:00 2019]	heart_mobile
[Thu Feb 21 04:55:00 2019]	heart_web
[Thu Feb 21 04:55:00 2019]	heart_mobile
[Thu Feb 21 04:55:00 2019]	heart_web
[Thu Feb 21 04:55:00 2019]	heart_mobile
[Thu Feb 21 04:55:00 2019]	heart_web
[Thu Feb 21 04:55:00 2019]	heart_mobile
[Thu Feb 21 05:00:00 2019]	heart_web
[Thu Feb 21 05:00:00 2019]	heart_mobile
[Thu Feb 21 05:00:00 2019]	heart_web
[Thu Feb 21 05:00:00 2019]	heart_mobile
[Thu Feb 21 05:00:00 2019]	heart_web
[Thu Feb 21 05:00:00 2019]	heart_mobile
[Thu Feb 21 05:00:00 2019]	heart_web
[Thu Feb 21 05:00:00 2019]	heart_mobile
[u'44158437', u'44204658', u'44165945', u'44185427', u'44175164']
15824397397
zsj0911*
0
------------------
17367078621
weiyuxin
36
------------------
15127529708
shijizhe
222.58
------------------
13306522935
zjuZSJ0911*
0
------------------
[Thu Feb 21 05:05:00 2019]	heart_web
[Thu Feb 21 05:05:00 2019]	heart_mobile
[Thu Feb 21 05:05:00 2019]	heart_web
[Thu Feb 21 05:05:00 2019]	heart_mobile
[Thu Feb 21 05:05:00 2019]	heart_web
[Thu Feb 21 05:05:00 2019]	heart_mobile
[Thu Feb 21 05:05:00 2019]	heart_web
[Thu Feb 21 05:05:01 2019]	heart_mobile
[Thu Feb 21 05:10:00 2019]	heart_web
[Thu Feb 21 05:10:00 2019]	heart_mobile
[Thu Feb 21 05:10:00 2019]	heart_web
[Thu Feb 21 05:10:00 2019]	heart_mobile
[Thu Feb 21 05:10:00 2019]	heart_web
[Thu Feb 21 05:10:00 2019]	heart_mobile
[Thu Feb 21 05:10:00 2019]	heart_web
[Thu Feb 21 05:10:00 2019]	heart_mobile
[Thu Feb 21 05:15:00 2019]	heart_web
[Thu Feb 21 05:15:00 2019]	heart_mobile
[Thu Feb 21 05:15:00 2019]	heart_web
[Thu Feb 21 05:15:00 2019]	heart_mobile
[Thu Feb 21 05:15:00 2019]	heart_web
[Thu Feb 21 05:15:00 2019]	heart_mobile
[Thu Feb 21 05:15:00 2019]	heart_web
[Thu Feb 21 05:15:00 2019]	heart_mobile
[Thu Feb 21 05:20:00 2019]	heart_web
[Thu Feb 21 05:20:00 2019]	heart_mobile
[Thu Feb 21 05:20:00 2019]	heart_web
[Thu Feb 21 05:20:00 2019]	heart_mobile
[Thu Feb 21 05:20:00 2019]	heart_web
[Thu Feb 21 05:20:00 2019]	heart_mobile
[Thu Feb 21 05:20:00 2019]	heart_web
[Thu Feb 21 05:20:00 2019]	heart_mobile
[Thu Feb 21 05:25:00 2019]	heart_web
[Thu Feb 21 05:25:00 2019]	heart_mobile
[Thu Feb 21 05:25:00 2019]	heart_web
[Thu Feb 21 05:25:00 2019]	heart_mobile
[Thu Feb 21 05:25:00 2019]	heart_web
[Thu Feb 21 05:25:00 2019]	heart_mobile
[Thu Feb 21 05:25:00 2019]	heart_web
[Thu Feb 21 05:25:00 2019]	heart_mobile
[Thu Feb 21 05:30:00 2019]	heart_web
[Thu Feb 21 05:30:00 2019]	heart_mobile
[Thu Feb 21 05:30:00 2019]	heart_web
[Thu Feb 21 05:30:00 2019]	heart_mobile
[Thu Feb 21 05:30:00 2019]	heart_web
[Thu Feb 21 05:30:00 2019]	heart_mobile
[Thu Feb 21 05:30:01 2019]	heart_web
[Thu Feb 21 05:30:01 2019]	heart_mobile
[Thu Feb 21 05:35:00 2019]	heart_web
[Thu Feb 21 05:35:00 2019]	heart_mobile
[Thu Feb 21 05:35:00 2019]	heart_web
[Thu Feb 21 05:35:00 2019]	heart_mobile
[Thu Feb 21 05:35:00 2019]	heart_web
[Thu Feb 21 05:35:00 2019]	heart_mobile
[Thu Feb 21 05:35:00 2019]	heart_web
[Thu Feb 21 05:35:01 2019]	heart_mobile
[Thu Feb 21 05:40:00 2019]	heart_web
[Thu Feb 21 05:40:00 2019]	heart_mobile
[Thu Feb 21 05:40:00 2019]	heart_web
[Thu Feb 21 05:40:00 2019]	heart_mobile
[Thu Feb 21 05:40:00 2019]	heart_web
[Thu Feb 21 05:40:00 2019]	heart_mobile
[Thu Feb 21 05:40:00 2019]	heart_web
[Thu Feb 21 05:40:00 2019]	heart_mobile
[Thu Feb 21 05:45:00 2019]	heart_web
[Thu Feb 21 05:45:00 2019]	heart_mobile
[Thu Feb 21 05:45:00 2019]	heart_web
[Thu Feb 21 05:45:00 2019]	heart_mobile
[Thu Feb 21 05:45:00 2019]	heart_web
[Thu Feb 21 05:45:00 2019]	heart_mobile
[Thu Feb 21 05:45:00 2019]	heart_web
[Thu Feb 21 05:45:01 2019]	heart_mobile
[Thu Feb 21 05:50:00 2019]	heart_web
[Thu Feb 21 05:50:00 2019]	heart_mobile
[Thu Feb 21 05:50:00 2019]	heart_web
[Thu Feb 21 05:50:00 2019]	heart_mobile
[Thu Feb 21 05:50:00 2019]	heart_web
[Thu Feb 21 05:50:00 2019]	heart_mobile
[Thu Feb 21 05:50:00 2019]	heart_web
[Thu Feb 21 05:50:01 2019]	heart_mobile
[Thu Feb 21 05:55:00 2019]	heart_web
[Thu Feb 21 05:55:00 2019]	heart_mobile
[Thu Feb 21 05:55:00 2019]	heart_web
[Thu Feb 21 05:55:00 2019]	heart_mobile
[Thu Feb 21 05:55:00 2019]	heart_web
[Thu Feb 21 05:55:00 2019]	heart_mobile
[Thu Feb 21 05:55:00 2019]	heart_web
[Thu Feb 21 05:55:00 2019]	heart_mobile
[Thu Feb 21 06:00:00 2019]	heart_web
[Thu Feb 21 06:00:00 2019]	heart_mobile
[Thu Feb 21 06:00:00 2019]	heart_web
[Thu Feb 21 06:00:00 2019]	heart_mobile
[Thu Feb 21 06:00:00 2019]	heart_web
[Thu Feb 21 06:00:00 2019]	heart_mobile
[Thu Feb 21 06:00:00 2019]	heart_web
[Thu Feb 21 06:00:00 2019]	heart_mobile
[u'44158437', u'44204658', u'44165945', u'44185427', u'44175164']
15824397397
zsj0911*
0
------------------
17367078621
weiyuxin
36
------------------
15127529708
shijizhe
222.58
------------------
13306522935
zjuZSJ0911*
0
------------------
[Thu Feb 21 06:05:00 2019]	heart_web
[Thu Feb 21 06:05:00 2019]	heart_mobile
[Thu Feb 21 06:05:00 2019]	heart_web
[Thu Feb 21 06:05:00 2019]	heart_mobile
[Thu Feb 21 06:05:00 2019]	heart_web
[Thu Feb 21 06:05:00 2019]	heart_mobile
[Thu Feb 21 06:05:00 2019]	heart_web
[Thu Feb 21 06:05:00 2019]	heart_mobile
[Thu Feb 21 06:10:00 2019]	heart_web
[Thu Feb 21 06:10:00 2019]	heart_mobile
[Thu Feb 21 06:10:00 2019]	heart_web
[Thu Feb 21 06:10:00 2019]	heart_mobile
[Thu Feb 21 06:10:00 2019]	heart_web
[Thu Feb 21 06:10:00 2019]	heart_mobile
[Thu Feb 21 06:10:00 2019]	heart_web
[Thu Feb 21 06:10:00 2019]	heart_mobile
[Thu Feb 21 06:15:00 2019]	heart_web
[Thu Feb 21 06:15:00 2019]	heart_mobile
[Thu Feb 21 06:15:00 2019]	heart_web
[Thu Feb 21 06:15:00 2019]	heart_mobile
[Thu Feb 21 06:15:00 2019]	heart_web
[Thu Feb 21 06:15:00 2019]	heart_mobile
[Thu Feb 21 06:15:00 2019]	heart_web
[Thu Feb 21 06:15:00 2019]	heart_mobile
[Thu Feb 21 06:20:00 2019]	heart_web
[Thu Feb 21 06:20:00 2019]	heart_mobile
[Thu Feb 21 06:20:00 2019]	heart_web
[Thu Feb 21 06:20:00 2019]	heart_mobile
[Thu Feb 21 06:20:00 2019]	heart_web
[Thu Feb 21 06:20:00 2019]	heart_mobile
[Thu Feb 21 06:20:00 2019]	heart_web
[Thu Feb 21 06:20:01 2019]	heart_mobile
[Thu Feb 21 06:25:00 2019]	heart_web
[Thu Feb 21 06:25:00 2019]	heart_mobile
[Thu Feb 21 06:25:00 2019]	heart_web
[Thu Feb 21 06:25:00 2019]	heart_mobile
[Thu Feb 21 06:25:00 2019]	heart_web
[Thu Feb 21 06:25:00 2019]	heart_mobile
[Thu Feb 21 06:25:00 2019]	heart_web
[Thu Feb 21 06:25:00 2019]	heart_mobile
[Thu Feb 21 06:30:00 2019]	heart_web
[Thu Feb 21 06:30:00 2019]	heart_mobile
[Thu Feb 21 06:30:00 2019]	heart_web
[Thu Feb 21 06:30:00 2019]	heart_mobile
[Thu Feb 21 06:30:00 2019]	heart_web
[Thu Feb 21 06:30:00 2019]	heart_mobile
[Thu Feb 21 06:30:00 2019]	heart_web
[Thu Feb 21 06:30:00 2019]	heart_mobile
[Thu Feb 21 06:35:00 2019]	heart_web
[Thu Feb 21 06:35:00 2019]	heart_mobile
[Thu Feb 21 06:35:00 2019]	heart_web
[Thu Feb 21 06:35:00 2019]	heart_mobile
[Thu Feb 21 06:35:00 2019]	heart_web
[Thu Feb 21 06:35:00 2019]	heart_mobile
[Thu Feb 21 06:35:00 2019]	heart_web
[Thu Feb 21 06:35:00 2019]	heart_mobile
[Thu Feb 21 06:40:00 2019]	heart_web
[Thu Feb 21 06:40:00 2019]	heart_mobile
[Thu Feb 21 06:40:00 2019]	heart_web
[Thu Feb 21 06:40:00 2019]	heart_mobile
[Thu Feb 21 06:40:00 2019]	heart_web
[Thu Feb 21 06:40:00 2019]	heart_mobile
[Thu Feb 21 06:40:00 2019]	heart_web
[Thu Feb 21 06:40:00 2019]	heart_mobile
[Thu Feb 21 06:45:00 2019]	heart_web
[Thu Feb 21 06:45:00 2019]	heart_mobile
[Thu Feb 21 06:45:00 2019]	heart_web
[Thu Feb 21 06:45:00 2019]	heart_mobile
[Thu Feb 21 06:45:00 2019]	heart_web
[Thu Feb 21 06:45:00 2019]	heart_mobile
[Thu Feb 21 06:45:00 2019]	heart_web
[Thu Feb 21 06:45:00 2019]	heart_mobile
[Thu Feb 21 06:50:00 2019]	heart_web
[Thu Feb 21 06:50:00 2019]	heart_mobile
[Thu Feb 21 06:50:00 2019]	heart_web
[Thu Feb 21 06:50:00 2019]	heart_mobile
[Thu Feb 21 06:50:00 2019]	heart_web
[Thu Feb 21 06:50:00 2019]	heart_mobile
[Thu Feb 21 06:50:00 2019]	heart_web
[Thu Feb 21 06:50:00 2019]	heart_mobile
[Thu Feb 21 06:55:00 2019]	heart_web
[Thu Feb 21 06:55:00 2019]	heart_mobile
[Thu Feb 21 06:55:00 2019]	heart_web
[Thu Feb 21 06:55:00 2019]	heart_mobile
[Thu Feb 21 06:55:00 2019]	heart_web
[Thu Feb 21 06:55:00 2019]	heart_mobile
[Thu Feb 21 06:55:00 2019]	heart_web
[Thu Feb 21 06:55:00 2019]	heart_mobile
[Thu Feb 21 07:00:00 2019]	heart_web
[Thu Feb 21 07:00:00 2019]	heart_mobile
[Thu Feb 21 07:00:00 2019]	heart_web
[Thu Feb 21 07:00:00 2019]	heart_mobile
[Thu Feb 21 07:00:00 2019]	heart_web
[Thu Feb 21 07:00:00 2019]	heart_mobile
[Thu Feb 21 07:00:00 2019]	heart_web
[Thu Feb 21 07:00:00 2019]	heart_mobile
[u'44158437', u'44155657', u'44165945', u'44185427', u'44175164']
15824397397
zsj0911*
0
------------------
17367078621
weiyuxin
36
------------------
15127529708
shijizhe
222.58
------------------
13306522935
zjuZSJ0911*
0
------------------
[Thu Feb 21 07:05:00 2019]	heart_web
[Thu Feb 21 07:05:00 2019]	heart_mobile
[Thu Feb 21 07:05:00 2019]	heart_web
[Thu Feb 21 07:05:00 2019]	heart_mobile
[Thu Feb 21 07:05:00 2019]	heart_web
[Thu Feb 21 07:05:00 2019]	heart_mobile
[Thu Feb 21 07:05:00 2019]	heart_web
[Thu Feb 21 07:05:00 2019]	heart_mobile
[Thu Feb 21 07:10:00 2019]	heart_web
[Thu Feb 21 07:10:00 2019]	heart_mobile
[Thu Feb 21 07:10:00 2019]	heart_web
[Thu Feb 21 07:10:00 2019]	heart_mobile
[Thu Feb 21 07:10:00 2019]	heart_web
[Thu Feb 21 07:10:00 2019]	heart_mobile
[Thu Feb 21 07:10:00 2019]	heart_web
[Thu Feb 21 07:10:01 2019]	heart_mobile
[Thu Feb 21 07:15:00 2019]	heart_web
[Thu Feb 21 07:15:00 2019]	heart_mobile
[Thu Feb 21 07:15:00 2019]	heart_web
[Thu Feb 21 07:15:00 2019]	heart_mobile
[Thu Feb 21 07:15:00 2019]	heart_web
[Thu Feb 21 07:15:00 2019]	heart_mobile
[Thu Feb 21 07:15:00 2019]	heart_web
[Thu Feb 21 07:15:00 2019]	heart_mobile
[Thu Feb 21 07:20:00 2019]	heart_web
[Thu Feb 21 07:20:00 2019]	heart_mobile
[Thu Feb 21 07:20:00 2019]	heart_web
[Thu Feb 21 07:20:00 2019]	heart_mobile
[Thu Feb 21 07:20:00 2019]	heart_web
[Thu Feb 21 07:20:00 2019]	heart_mobile
[Thu Feb 21 07:20:00 2019]	heart_web
[Thu Feb 21 07:20:00 2019]	heart_mobile
[Thu Feb 21 07:25:00 2019]	heart_web
[Thu Feb 21 07:25:00 2019]	heart_mobile
[Thu Feb 21 07:25:00 2019]	heart_web
[Thu Feb 21 07:25:00 2019]	heart_mobile
[Thu Feb 21 07:25:00 2019]	heart_web
[Thu Feb 21 07:25:00 2019]	heart_mobile
[Thu Feb 21 07:25:00 2019]	heart_web
[Thu Feb 21 07:25:00 2019]	heart_mobile
[Thu Feb 21 07:30:00 2019]	heart_web
[Thu Feb 21 07:30:00 2019]	heart_mobile
[Thu Feb 21 07:30:00 2019]	heart_web
[Thu Feb 21 07:30:00 2019]	heart_mobile
[Thu Feb 21 07:30:00 2019]	heart_web
[Thu Feb 21 07:30:00 2019]	heart_mobile
[Thu Feb 21 07:30:00 2019]	heart_web
[Thu Feb 21 07:30:01 2019]	heart_mobile
[Thu Feb 21 07:35:00 2019]	heart_web
[Thu Feb 21 07:35:00 2019]	heart_mobile
[Thu Feb 21 07:35:00 2019]	heart_web
[Thu Feb 21 07:35:00 2019]	heart_mobile
[Thu Feb 21 07:35:00 2019]	heart_web
[Thu Feb 21 07:35:00 2019]	heart_mobile
[Thu Feb 21 07:35:00 2019]	heart_web
[Thu Feb 21 07:35:00 2019]	heart_mobile
[Thu Feb 21 07:40:00 2019]	heart_web
[Thu Feb 21 07:40:00 2019]	heart_mobile
[Thu Feb 21 07:40:00 2019]	heart_web
[Thu Feb 21 07:40:00 2019]	heart_mobile
[Thu Feb 21 07:40:00 2019]	heart_web
[Thu Feb 21 07:40:00 2019]	heart_mobile
[Thu Feb 21 07:40:00 2019]	heart_web
[Thu Feb 21 07:40:00 2019]	heart_mobile
[Thu Feb 21 07:45:00 2019]	heart_web
[Thu Feb 21 07:45:00 2019]	heart_mobile
[Thu Feb 21 07:45:00 2019]	heart_web
[Thu Feb 21 07:45:00 2019]	heart_mobile
[Thu Feb 21 07:45:00 2019]	heart_web
[Thu Feb 21 07:45:00 2019]	heart_mobile
[Thu Feb 21 07:45:00 2019]	heart_web
[Thu Feb 21 07:45:00 2019]	heart_mobile
[Thu Feb 21 07:50:00 2019]	heart_web
[Thu Feb 21 07:50:00 2019]	heart_mobile
[Thu Feb 21 07:50:00 2019]	heart_web
[Thu Feb 21 07:50:00 2019]	heart_mobile
[Thu Feb 21 07:50:00 2019]	heart_web
[Thu Feb 21 07:50:00 2019]	heart_mobile
[Thu Feb 21 07:50:00 2019]	heart_web
[Thu Feb 21 07:50:00 2019]	heart_mobile
[Thu Feb 21 07:55:00 2019]	heart_web
[Thu Feb 21 07:55:00 2019]	heart_mobile
[Thu Feb 21 07:55:00 2019]	heart_web
[Thu Feb 21 07:55:00 2019]	heart_mobile
[Thu Feb 21 07:55:00 2019]	heart_web
[Thu Feb 21 07:55:00 2019]	heart_mobile
[Thu Feb 21 07:55:01 2019]	heart_web
[Thu Feb 21 07:55:01 2019]	heart_mobile
[Thu Feb 21 08:00:00 2019]	heart_web
[Thu Feb 21 08:00:00 2019]	heart_mobile
[Thu Feb 21 08:00:00 2019]	heart_web
[Thu Feb 21 08:00:00 2019]	heart_mobile
[Thu Feb 21 08:00:00 2019]	heart_web
[Thu Feb 21 08:00:00 2019]	heart_mobile
[Thu Feb 21 08:00:00 2019]	heart_web
[Thu Feb 21 08:00:00 2019]	heart_mobile
[u'44158437', u'44155657', u'44165945', u'44185427', u'44175164']
15824397397
zsj0911*
0
------------------
17367078621
weiyuxin
36
------------------
15127529708
shijizhe
222.58
------------------
13306522935
zjuZSJ0911*
0
------------------
[Thu Feb 21 08:05:00 2019]	heart_web
[Thu Feb 21 08:05:00 2019]	heart_mobile
[Thu Feb 21 08:05:00 2019]	heart_web
[Thu Feb 21 08:05:00 2019]	heart_mobile
[Thu Feb 21 08:05:00 2019]	heart_web
[Thu Feb 21 08:05:00 2019]	heart_mobile
[Thu Feb 21 08:05:00 2019]	heart_web
[Thu Feb 21 08:05:00 2019]	heart_mobile
[Thu Feb 21 08:10:00 2019]	heart_web
[Thu Feb 21 08:10:00 2019]	heart_mobile
[Thu Feb 21 08:10:00 2019]	heart_web
[Thu Feb 21 08:10:00 2019]	heart_mobile
[Thu Feb 21 08:10:00 2019]	heart_web
[Thu Feb 21 08:10:00 2019]	heart_mobile
[Thu Feb 21 08:10:00 2019]	heart_web
[Thu Feb 21 08:10:00 2019]	heart_mobile
[Thu Feb 21 08:15:00 2019]	heart_web
[Thu Feb 21 08:15:00 2019]	heart_mobile
[Thu Feb 21 08:15:00 2019]	heart_web
[Thu Feb 21 08:15:00 2019]	heart_mobile
[Thu Feb 21 08:15:00 2019]	heart_web
[Thu Feb 21 08:15:00 2019]	heart_mobile
[Thu Feb 21 08:15:00 2019]	heart_web
[Thu Feb 21 08:15:00 2019]	heart_mobile
[Thu Feb 21 08:20:00 2019]	heart_web
[Thu Feb 21 08:20:00 2019]	heart_mobile
[Thu Feb 21 08:20:00 2019]	heart_web
[Thu Feb 21 08:20:00 2019]	heart_mobile
[Thu Feb 21 08:20:00 2019]	heart_web
[Thu Feb 21 08:20:00 2019]	heart_mobile
[Thu Feb 21 08:20:00 2019]	heart_web
[Thu Feb 21 08:20:00 2019]	heart_mobile
[Thu Feb 21 08:25:00 2019]	heart_web
[Thu Feb 21 08:25:00 2019]	heart_mobile
[Thu Feb 21 08:25:00 2019]	heart_web
[Thu Feb 21 08:25:00 2019]	heart_mobile
[Thu Feb 21 08:25:00 2019]	heart_web
[Thu Feb 21 08:25:00 2019]	heart_mobile
[Thu Feb 21 08:25:00 2019]	heart_web
[Thu Feb 21 08:25:00 2019]	heart_mobile
[Thu Feb 21 08:30:00 2019]	heart_web
[Thu Feb 21 08:30:00 2019]	heart_mobile
[Thu Feb 21 08:30:00 2019]	heart_web
[Thu Feb 21 08:30:00 2019]	heart_mobile
[Thu Feb 21 08:30:00 2019]	heart_web
[Thu Feb 21 08:30:00 2019]	heart_mobile
[Thu Feb 21 08:30:00 2019]	heart_web
[Thu Feb 21 08:30:00 2019]	heart_mobile
[Thu Feb 21 08:35:00 2019]	heart_web
[Thu Feb 21 08:35:00 2019]	heart_mobile
[Thu Feb 21 08:35:00 2019]	heart_web
[Thu Feb 21 08:35:00 2019]	heart_mobile
[Thu Feb 21 08:35:00 2019]	heart_web
[Thu Feb 21 08:35:00 2019]	heart_mobile
[Thu Feb 21 08:35:00 2019]	heart_web
[Thu Feb 21 08:35:00 2019]	heart_mobile
[Thu Feb 21 08:40:00 2019]	heart_web
[Thu Feb 21 08:40:00 2019]	heart_mobile
[Thu Feb 21 08:40:00 2019]	heart_web
[Thu Feb 21 08:40:00 2019]	heart_mobile
[Thu Feb 21 08:40:00 2019]	heart_web
[Thu Feb 21 08:40:00 2019]	heart_mobile
[Thu Feb 21 08:40:00 2019]	heart_web
[Thu Feb 21 08:40:00 2019]	heart_mobile
[Thu Feb 21 08:45:00 2019]	heart_web
[Thu Feb 21 08:45:00 2019]	heart_mobile
[Thu Feb 21 08:45:00 2019]	heart_web
[Thu Feb 21 08:45:00 2019]	heart_mobile
[Thu Feb 21 08:45:00 2019]	heart_web
[Thu Feb 21 08:45:00 2019]	heart_mobile
[Thu Feb 21 08:45:00 2019]	heart_web
[Thu Feb 21 08:45:00 2019]	heart_mobile
[Thu Feb 21 08:50:00 2019]	heart_web
[Thu Feb 21 08:50:00 2019]	heart_mobile
[Thu Feb 21 08:50:00 2019]	heart_web
[Thu Feb 21 08:50:00 2019]	heart_mobile
[Thu Feb 21 08:50:00 2019]	heart_web
[Thu Feb 21 08:50:00 2019]	heart_mobile
[Thu Feb 21 08:50:00 2019]	heart_web
[Thu Feb 21 08:50:00 2019]	heart_mobile
[Thu Feb 21 08:55:00 2019]	heart_web
[Thu Feb 21 08:55:00 2019]	heart_mobile
[Thu Feb 21 08:55:00 2019]	heart_web
[Thu Feb 21 08:55:00 2019]	heart_mobile
[Thu Feb 21 08:55:00 2019]	heart_web
[Thu Feb 21 08:55:00 2019]	heart_mobile
[Thu Feb 21 08:55:00 2019]	heart_web
[Thu Feb 21 08:55:00 2019]	heart_mobile
[Thu Feb 21 09:00:00 2019]	heart_web
[Thu Feb 21 09:00:00 2019]	heart_mobile
[Thu Feb 21 09:00:00 2019]	heart_web
[Thu Feb 21 09:00:00 2019]	heart_mobile
[Thu Feb 21 09:00:00 2019]	heart_web
[Thu Feb 21 09:00:00 2019]	heart_mobile
[Thu Feb 21 09:00:00 2019]	heart_web
[Thu Feb 21 09:00:00 2019]	heart_mobile
[u'44158437', u'44155657', u'44165945', u'44185427', u'44175164']
15824397397
zsj0911*
0
------------------
17367078621
weiyuxin
36
------------------
15127529708
shijizhe
222.58
------------------
13306522935
zjuZSJ0911*
0
------------------
[Thu Feb 21 09:05:00 2019]	heart_web
[Thu Feb 21 09:05:00 2019]	heart_mobile
[Thu Feb 21 09:05:00 2019]	heart_web
[Thu Feb 21 09:05:00 2019]	heart_mobile
[Thu Feb 21 09:05:00 2019]	heart_web
[Thu Feb 21 09:05:00 2019]	heart_mobile
[Thu Feb 21 09:05:00 2019]	heart_web
[Thu Feb 21 09:05:00 2019]	heart_mobile
[Thu Feb 21 09:10:00 2019]	heart_web
[Thu Feb 21 09:10:00 2019]	heart_mobile
[Thu Feb 21 09:10:00 2019]	heart_web
[Thu Feb 21 09:10:00 2019]	heart_mobile
[Thu Feb 21 09:10:00 2019]	heart_web
[Thu Feb 21 09:10:00 2019]	heart_mobile
[Thu Feb 21 09:10:00 2019]	heart_web
[Thu Feb 21 09:10:01 2019]	heart_mobile
[Thu Feb 21 09:15:00 2019]	heart_web
[Thu Feb 21 09:15:00 2019]	heart_mobile
[Thu Feb 21 09:15:00 2019]	heart_web
[Thu Feb 21 09:15:00 2019]	heart_mobile
[Thu Feb 21 09:15:00 2019]	heart_web
[Thu Feb 21 09:15:00 2019]	heart_mobile
[Thu Feb 21 09:15:00 2019]	heart_web
[Thu Feb 21 09:15:00 2019]	heart_mobile
[Thu Feb 21 09:20:00 2019]	heart_web
[Thu Feb 21 09:20:00 2019]	heart_mobile
[Thu Feb 21 09:20:00 2019]	heart_web
[Thu Feb 21 09:20:00 2019]	heart_mobile
[Thu Feb 21 09:20:00 2019]	heart_web
[Thu Feb 21 09:20:00 2019]	heart_mobile
[Thu Feb 21 09:20:00 2019]	heart_web
[Thu Feb 21 09:20:00 2019]	heart_mobile
[Thu Feb 21 09:25:00 2019]	heart_web
[Thu Feb 21 09:25:00 2019]	heart_mobile
[Thu Feb 21 09:25:00 2019]	heart_web
[Thu Feb 21 09:25:00 2019]	heart_mobile
[Thu Feb 21 09:25:00 2019]	heart_web
[Thu Feb 21 09:25:00 2019]	heart_mobile
[Thu Feb 21 09:25:00 2019]	heart_web
[Thu Feb 21 09:25:00 2019]	heart_mobile
[Thu Feb 21 09:30:00 2019]	heart_web
[Thu Feb 21 09:30:00 2019]	heart_mobile
[Thu Feb 21 09:30:00 2019]	heart_web
[Thu Feb 21 09:30:00 2019]	heart_mobile
[Thu Feb 21 09:30:00 2019]	heart_web
[Thu Feb 21 09:30:00 2019]	heart_mobile
[Thu Feb 21 09:30:00 2019]	heart_web
[Thu Feb 21 09:30:00 2019]	heart_mobile
[Thu Feb 21 09:35:00 2019]	heart_web
[Thu Feb 21 09:35:00 2019]	heart_mobile
[Thu Feb 21 09:35:00 2019]	heart_web
[Thu Feb 21 09:35:00 2019]	heart_mobile
[Thu Feb 21 09:35:00 2019]	heart_web
[Thu Feb 21 09:35:00 2019]	heart_mobile
[Thu Feb 21 09:35:00 2019]	heart_web
[Thu Feb 21 09:35:00 2019]	heart_mobile
[Thu Feb 21 09:40:00 2019]	heart_web
[Thu Feb 21 09:40:00 2019]	heart_mobile
[Thu Feb 21 09:40:00 2019]	heart_web
[Thu Feb 21 09:40:00 2019]	heart_mobile
[Thu Feb 21 09:40:00 2019]	heart_web
[Thu Feb 21 09:40:00 2019]	heart_mobile
[Thu Feb 21 09:40:00 2019]	heart_web
[Thu Feb 21 09:40:00 2019]	heart_mobile
[Thu Feb 21 09:45:00 2019]	heart_web
[Thu Feb 21 09:45:00 2019]	heart_mobile
[Thu Feb 21 09:45:00 2019]	heart_web
[Thu Feb 21 09:45:00 2019]	heart_mobile
[Thu Feb 21 09:45:00 2019]	heart_web
[Thu Feb 21 09:45:00 2019]	heart_mobile
[Thu Feb 21 09:45:00 2019]	heart_web
[Thu Feb 21 09:45:00 2019]	heart_mobile
[Thu Feb 21 09:50:00 2019]	heart_web
[Thu Feb 21 09:50:00 2019]	heart_mobile
[Thu Feb 21 09:50:00 2019]	heart_web
[Thu Feb 21 09:50:00 2019]	heart_mobile
[Thu Feb 21 09:50:00 2019]	heart_web
[Thu Feb 21 09:50:00 2019]	heart_mobile
[Thu Feb 21 09:50:00 2019]	heart_web
[Thu Feb 21 09:50:00 2019]	heart_mobile
[Thu Feb 21 09:55:00 2019]	heart_web
[Thu Feb 21 09:55:00 2019]	heart_mobile
[Thu Feb 21 09:55:00 2019]	heart_web
[Thu Feb 21 09:55:00 2019]	heart_mobile
[Thu Feb 21 09:55:00 2019]	heart_web
[Thu Feb 21 09:55:00 2019]	heart_mobile
[Thu Feb 21 09:55:00 2019]	heart_web
[Thu Feb 21 09:55:00 2019]	heart_mobile
[Thu Feb 21 10:00:00 2019]	heart_web
[Thu Feb 21 10:00:00 2019]	heart_mobile
[Thu Feb 21 10:00:00 2019]	heart_web
[Thu Feb 21 10:00:00 2019]	heart_mobile
[Thu Feb 21 10:00:00 2019]	heart_web
[Thu Feb 21 10:00:00 2019]	heart_mobile
[Thu Feb 21 10:00:00 2019]	heart_web
[Thu Feb 21 10:00:00 2019]	heart_mobile
[u'44158437', u'44155657', u'44165945', u'44185427', u'44175164']
15824397397
zsj0911*
0
------------------
17367078621
weiyuxin
36
------------------
15127529708
shijizhe
222.58
------------------
13306522935
zjuZSJ0911*
0
------------------
[Thu Feb 21 10:05:00 2019]	heart_web
[Thu Feb 21 10:05:00 2019]	heart_mobile
[Thu Feb 21 10:05:00 2019]	heart_web
[Thu Feb 21 10:05:00 2019]	heart_mobile
[Thu Feb 21 10:05:00 2019]	heart_web
[Thu Feb 21 10:05:00 2019]	heart_mobile
[Thu Feb 21 10:05:00 2019]	heart_web
[Thu Feb 21 10:05:00 2019]	heart_mobile
[Thu Feb 21 10:10:00 2019]	heart_web
[Thu Feb 21 10:10:00 2019]	heart_mobile
[Thu Feb 21 10:10:00 2019]	heart_web
[Thu Feb 21 10:10:00 2019]	heart_mobile
[Thu Feb 21 10:10:00 2019]	heart_web
[Thu Feb 21 10:10:00 2019]	heart_mobile
[Thu Feb 21 10:10:00 2019]	heart_web
[Thu Feb 21 10:10:00 2019]	heart_mobile
[Thu Feb 21 10:15:00 2019]	heart_web
[Thu Feb 21 10:15:00 2019]	heart_mobile
[Thu Feb 21 10:15:00 2019]	heart_web
[Thu Feb 21 10:15:00 2019]	heart_mobile
[Thu Feb 21 10:15:00 2019]	heart_web
[Thu Feb 21 10:15:00 2019]	heart_mobile
[Thu Feb 21 10:15:00 2019]	heart_web
[Thu Feb 21 10:15:00 2019]	heart_mobile
[Thu Feb 21 10:20:00 2019]	heart_web
[Thu Feb 21 10:20:00 2019]	heart_mobile
[Thu Feb 21 10:20:00 2019]	heart_web
[Thu Feb 21 10:20:00 2019]	heart_mobile
[Thu Feb 21 10:20:00 2019]	heart_web
[Thu Feb 21 10:20:00 2019]	heart_mobile
[Thu Feb 21 10:20:00 2019]	heart_web
[Thu Feb 21 10:20:00 2019]	heart_mobile
[Thu Feb 21 10:25:00 2019]	heart_web
[Thu Feb 21 10:25:00 2019]	heart_mobile
[Thu Feb 21 10:25:00 2019]	heart_web
[Thu Feb 21 10:25:00 2019]	heart_mobile
[Thu Feb 21 10:25:00 2019]	heart_web
[Thu Feb 21 10:25:00 2019]	heart_mobile
[Thu Feb 21 10:25:00 2019]	heart_web
[Thu Feb 21 10:25:00 2019]	heart_mobile
[Thu Feb 21 10:30:00 2019]	heart_web
[Thu Feb 21 10:30:00 2019]	heart_mobile
[Thu Feb 21 10:30:00 2019]	heart_web
[Thu Feb 21 10:30:00 2019]	heart_mobile
[Thu Feb 21 10:30:00 2019]	heart_web
[Thu Feb 21 10:30:00 2019]	heart_mobile
[Thu Feb 21 10:30:00 2019]	heart_web
[Thu Feb 21 10:30:00 2019]	heart_mobile
[Thu Feb 21 10:35:00 2019]	heart_web
[Thu Feb 21 10:35:00 2019]	heart_mobile
[Thu Feb 21 10:35:00 2019]	heart_web
[Thu Feb 21 10:35:00 2019]	heart_mobile
[Thu Feb 21 10:35:00 2019]	heart_web
[Thu Feb 21 10:35:00 2019]	heart_mobile
[Thu Feb 21 10:35:00 2019]	heart_web
[Thu Feb 21 10:35:00 2019]	heart_mobile
[Thu Feb 21 10:40:00 2019]	heart_web
[Thu Feb 21 10:40:00 2019]	heart_mobile
[Thu Feb 21 10:40:00 2019]	heart_web
[Thu Feb 21 10:40:00 2019]	heart_mobile
[Thu Feb 21 10:40:00 2019]	heart_web
[Thu Feb 21 10:40:00 2019]	heart_mobile
[Thu Feb 21 10:40:00 2019]	heart_web
[Thu Feb 21 10:40:00 2019]	heart_mobile
[Thu Feb 21 10:45:00 2019]	heart_web
[Thu Feb 21 10:45:00 2019]	heart_mobile
[Thu Feb 21 10:45:00 2019]	heart_web
[Thu Feb 21 10:45:00 2019]	heart_mobile
[Thu Feb 21 10:45:00 2019]	heart_web
[Thu Feb 21 10:45:00 2019]	heart_mobile
[Thu Feb 21 10:45:00 2019]	heart_web
[Thu Feb 21 10:45:00 2019]	heart_mobile
[Thu Feb 21 10:50:00 2019]	heart_web
[Thu Feb 21 10:50:00 2019]	heart_mobile
[Thu Feb 21 10:50:00 2019]	heart_web
[Thu Feb 21 10:50:00 2019]	heart_mobile
[Thu Feb 21 10:50:00 2019]	heart_web
[Thu Feb 21 10:50:00 2019]	heart_mobile
[Thu Feb 21 10:50:00 2019]	heart_web
[Thu Feb 21 10:50:00 2019]	heart_mobile
[Thu Feb 21 10:55:00 2019]	heart_web
[Thu Feb 21 10:55:00 2019]	heart_mobile
[Thu Feb 21 10:55:03 2019]	heart_web
[Thu Feb 21 10:55:03 2019]	heart_mobile
[Thu Feb 21 10:55:03 2019]	heart_web
[Thu Feb 21 10:55:03 2019]	heart_mobile
[Thu Feb 21 10:55:04 2019]	heart_web
[Thu Feb 21 10:55:04 2019]	heart_mobile
[Thu Feb 21 11:00:00 2019]	heart_web
[Thu Feb 21 11:00:00 2019]	heart_mobile
[Thu Feb 21 11:00:00 2019]	heart_web
[Thu Feb 21 11:00:00 2019]	heart_mobile
[Thu Feb 21 11:00:00 2019]	heart_web
[Thu Feb 21 11:00:00 2019]	heart_mobile
[Thu Feb 21 11:00:01 2019]	heart_web
[Thu Feb 21 11:00:01 2019]	heart_mobile
[u'44158437', u'44155657', u'44165945', u'44185427', u'44175164']
15824397397
zsj0911*
0
------------------
17367078621
weiyuxin
36
------------------
15127529708
shijizhe
222.58
------------------
13306522935
zjuZSJ0911*
0
------------------
[Thu Feb 21 11:05:00 2019]	heart_web
[Thu Feb 21 11:05:00 2019]	heart_mobile
[Thu Feb 21 11:05:00 2019]	heart_web
[Thu Feb 21 11:05:00 2019]	heart_mobile
[Thu Feb 21 11:05:00 2019]	heart_web
[Thu Feb 21 11:05:00 2019]	heart_mobile
[Thu Feb 21 11:05:00 2019]	heart_web
[Thu Feb 21 11:05:00 2019]	heart_mobile
[Thu Feb 21 11:10:00 2019]	heart_web
[Thu Feb 21 11:10:00 2019]	heart_mobile
[Thu Feb 21 11:10:00 2019]	heart_web
[Thu Feb 21 11:10:00 2019]	heart_mobile
[Thu Feb 21 11:10:00 2019]	heart_web
[Thu Feb 21 11:10:00 2019]	heart_mobile
[Thu Feb 21 11:10:00 2019]	heart_web
[Thu Feb 21 11:10:00 2019]	heart_mobile
[Thu Feb 21 11:15:00 2019]	heart_web
[Thu Feb 21 11:15:00 2019]	heart_mobile
[Thu Feb 21 11:15:00 2019]	heart_web
[Thu Feb 21 11:15:00 2019]	heart_mobile
[Thu Feb 21 11:15:00 2019]	heart_web
[Thu Feb 21 11:15:00 2019]	heart_mobile
[Thu Feb 21 11:15:00 2019]	heart_web
[Thu Feb 21 11:15:00 2019]	heart_mobile
[Thu Feb 21 11:20:00 2019]	heart_web
[Thu Feb 21 11:20:00 2019]	heart_mobile
[Thu Feb 21 11:20:00 2019]	heart_web
[Thu Feb 21 11:20:00 2019]	heart_mobile
[Thu Feb 21 11:20:00 2019]	heart_web
[Thu Feb 21 11:20:00 2019]	heart_mobile
[Thu Feb 21 11:20:00 2019]	heart_web
[Thu Feb 21 11:20:00 2019]	heart_mobile
[Thu Feb 21 11:25:00 2019]	heart_web
[Thu Feb 21 11:25:00 2019]	heart_mobile
[Thu Feb 21 11:25:00 2019]	heart_web
[Thu Feb 21 11:25:00 2019]	heart_mobile
[Thu Feb 21 11:25:00 2019]	heart_web
[Thu Feb 21 11:25:00 2019]	heart_mobile
[Thu Feb 21 11:25:00 2019]	heart_web
[Thu Feb 21 11:25:00 2019]	heart_mobile
[Thu Feb 21 11:30:00 2019]	heart_web
[Thu Feb 21 11:30:00 2019]	heart_mobile
[Thu Feb 21 11:30:00 2019]	heart_web
[Thu Feb 21 11:30:00 2019]	heart_mobile
[Thu Feb 21 11:30:00 2019]	heart_web
[Thu Feb 21 11:30:00 2019]	heart_mobile
[Thu Feb 21 11:30:00 2019]	heart_web
[Thu Feb 21 11:30:00 2019]	heart_mobile
[Thu Feb 21 11:35:00 2019]	heart_web
[Thu Feb 21 11:35:00 2019]	heart_mobile
[Thu Feb 21 11:35:00 2019]	heart_web
[Thu Feb 21 11:35:00 2019]	heart_mobile
[Thu Feb 21 11:35:00 2019]	heart_web
[Thu Feb 21 11:35:00 2019]	heart_mobile
[Thu Feb 21 11:35:00 2019]	heart_web
[Thu Feb 21 11:35:00 2019]	heart_mobile
[Thu Feb 21 11:40:00 2019]	heart_web
[Thu Feb 21 11:40:00 2019]	heart_mobile
[Thu Feb 21 11:40:00 2019]	heart_web
[Thu Feb 21 11:40:00 2019]	heart_mobile
[Thu Feb 21 11:40:00 2019]	heart_web
[Thu Feb 21 11:40:00 2019]	heart_mobile
[Thu Feb 21 11:40:00 2019]	heart_web
[Thu Feb 21 11:40:00 2019]	heart_mobile
[Thu Feb 21 11:45:00 2019]	heart_web
[Thu Feb 21 11:45:00 2019]	heart_mobile
[Thu Feb 21 11:45:00 2019]	heart_web
[Thu Feb 21 11:45:00 2019]	heart_mobile
[Thu Feb 21 11:45:00 2019]	heart_web
[Thu Feb 21 11:45:00 2019]	heart_mobile
[Thu Feb 21 11:45:00 2019]	heart_web
[Thu Feb 21 11:45:00 2019]	heart_mobile
[Thu Feb 21 11:50:00 2019]	heart_web
[Thu Feb 21 11:50:00 2019]	heart_mobile
[Thu Feb 21 11:50:00 2019]	heart_web
[Thu Feb 21 11:50:00 2019]	heart_mobile
[Thu Feb 21 11:50:00 2019]	heart_web
[Thu Feb 21 11:50:00 2019]	heart_mobile
[Thu Feb 21 11:50:00 2019]	heart_web
[Thu Feb 21 11:50:01 2019]	heart_mobile
[Thu Feb 21 11:55:00 2019]	heart_web
[Thu Feb 21 11:55:00 2019]	heart_mobile
[Thu Feb 21 11:55:00 2019]	heart_web
[Thu Feb 21 11:55:00 2019]	heart_mobile
[Thu Feb 21 11:55:00 2019]	heart_web
[Thu Feb 21 11:55:00 2019]	heart_mobile
[Thu Feb 21 11:55:00 2019]	heart_web
[Thu Feb 21 11:55:00 2019]	heart_mobile
[Thu Feb 21 12:00:00 2019]	heart_web
[Thu Feb 21 12:00:00 2019]	heart_mobile
[Thu Feb 21 12:00:00 2019]	heart_web
[Thu Feb 21 12:00:00 2019]	heart_mobile
[Thu Feb 21 12:00:00 2019]	heart_web
[Thu Feb 21 12:00:00 2019]	heart_mobile
[Thu Feb 21 12:00:00 2019]	heart_web
[Thu Feb 21 12:00:01 2019]	heart_mobile
[u'44158437', u'44204658', u'44165945', u'44185427', u'44223392']
15824397397
zsj0911*
0
------------------
17367078621
weiyuxin
36
------------------
15127529708
shijizhe
222.58
------------------
13306522935
zjuZSJ0911*
0
------------------
[Thu Feb 21 12:05:00 2019]	heart_web
[Thu Feb 21 12:05:00 2019]	heart_mobile
[Thu Feb 21 12:05:00 2019]	heart_web
[Thu Feb 21 12:05:00 2019]	heart_mobile
[Thu Feb 21 12:05:00 2019]	heart_web
[Thu Feb 21 12:05:00 2019]	heart_mobile
[Thu Feb 21 12:05:00 2019]	heart_web
[Thu Feb 21 12:05:00 2019]	heart_mobile
[Thu Feb 21 12:10:00 2019]	heart_web
[Thu Feb 21 12:10:00 2019]	heart_mobile
[Thu Feb 21 12:10:00 2019]	heart_web
[Thu Feb 21 12:10:00 2019]	heart_mobile
[Thu Feb 21 12:10:00 2019]	heart_web
[Thu Feb 21 12:10:00 2019]	heart_mobile
[Thu Feb 21 12:10:01 2019]	heart_web
[Thu Feb 21 12:10:01 2019]	heart_mobile
[Thu Feb 21 12:15:00 2019]	heart_web
[Thu Feb 21 12:15:00 2019]	heart_mobile
[Thu Feb 21 12:15:00 2019]	heart_web
[Thu Feb 21 12:15:00 2019]	heart_mobile
[Thu Feb 21 12:15:00 2019]	heart_web
[Thu Feb 21 12:15:00 2019]	heart_mobile
[Thu Feb 21 12:15:00 2019]	heart_web
[Thu Feb 21 12:15:00 2019]	heart_mobile
[Thu Feb 21 12:20:00 2019]	heart_web
[Thu Feb 21 12:20:00 2019]	heart_mobile
[Thu Feb 21 12:20:00 2019]	heart_web
[Thu Feb 21 12:20:00 2019]	heart_mobile
[Thu Feb 21 12:20:00 2019]	heart_web
[Thu Feb 21 12:20:00 2019]	heart_mobile
[Thu Feb 21 12:20:00 2019]	heart_web
[Thu Feb 21 12:20:00 2019]	heart_mobile
[Thu Feb 21 12:25:00 2019]	heart_web
[Thu Feb 21 12:25:00 2019]	heart_mobile
[Thu Feb 21 12:25:00 2019]	heart_web
[Thu Feb 21 12:25:00 2019]	heart_mobile
[Thu Feb 21 12:25:00 2019]	heart_web
[Thu Feb 21 12:25:00 2019]	heart_mobile
[Thu Feb 21 12:25:00 2019]	heart_web
[Thu Feb 21 12:25:01 2019]	heart_mobile
[Thu Feb 21 12:30:00 2019]	heart_web
[Thu Feb 21 12:30:00 2019]	heart_mobile
[Thu Feb 21 12:30:00 2019]	heart_web
[Thu Feb 21 12:30:00 2019]	heart_mobile
[Thu Feb 21 12:30:00 2019]	heart_web
[Thu Feb 21 12:30:00 2019]	heart_mobile
[Thu Feb 21 12:30:00 2019]	heart_web
[Thu Feb 21 12:30:00 2019]	heart_mobile
[Thu Feb 21 12:35:00 2019]	heart_web
[Thu Feb 21 12:35:00 2019]	heart_mobile
[Thu Feb 21 12:35:00 2019]	heart_web
[Thu Feb 21 12:35:00 2019]	heart_mobile
[Thu Feb 21 12:35:00 2019]	heart_web
[Thu Feb 21 12:35:00 2019]	heart_mobile
[Thu Feb 21 12:35:00 2019]	heart_web
[Thu Feb 21 12:35:00 2019]	heart_mobile
[Thu Feb 21 12:40:00 2019]	heart_web
[Thu Feb 21 12:40:00 2019]	heart_mobile
[Thu Feb 21 12:40:00 2019]	heart_web
[Thu Feb 21 12:40:00 2019]	heart_mobile
[Thu Feb 21 12:40:00 2019]	heart_web
[Thu Feb 21 12:40:00 2019]	heart_mobile
[Thu Feb 21 12:40:00 2019]	heart_web
[Thu Feb 21 12:40:00 2019]	heart_mobile
[Thu Feb 21 12:45:00 2019]	heart_web
[Thu Feb 21 12:45:00 2019]	heart_mobile
[Thu Feb 21 12:45:00 2019]	heart_web
[Thu Feb 21 12:45:00 2019]	heart_mobile
[Thu Feb 21 12:45:00 2019]	heart_web
[Thu Feb 21 12:45:00 2019]	heart_mobile
[Thu Feb 21 12:45:00 2019]	heart_web
[Thu Feb 21 12:45:01 2019]	heart_mobile
[Thu Feb 21 12:50:00 2019]	heart_web
[Thu Feb 21 12:50:00 2019]	heart_mobile
[Thu Feb 21 12:50:00 2019]	heart_web
[Thu Feb 21 12:50:00 2019]	heart_mobile
[Thu Feb 21 12:50:00 2019]	heart_web
[Thu Feb 21 12:50:00 2019]	heart_mobile
[Thu Feb 21 12:50:00 2019]	heart_web
[Thu Feb 21 12:50:00 2019]	heart_mobile
[Thu Feb 21 12:55:00 2019]	heart_web
[Thu Feb 21 12:55:00 2019]	heart_mobile
[Thu Feb 21 12:55:00 2019]	heart_web
[Thu Feb 21 12:55:00 2019]	heart_mobile
[Thu Feb 21 12:55:00 2019]	heart_web
[Thu Feb 21 12:55:00 2019]	heart_mobile
[Thu Feb 21 12:55:00 2019]	heart_web
[Thu Feb 21 12:55:00 2019]	heart_mobile
[Thu Feb 21 13:00:00 2019]	heart_web
[Thu Feb 21 13:00:00 2019]	heart_mobile
[Thu Feb 21 13:00:00 2019]	heart_web
[Thu Feb 21 13:00:00 2019]	heart_mobile
[Thu Feb 21 13:00:00 2019]	heart_web
[Thu Feb 21 13:00:00 2019]	heart_mobile
[Thu Feb 21 13:00:00 2019]	heart_web
[Thu Feb 21 13:00:00 2019]	heart_mobile
[u'44158437', u'44204658', u'44165945', u'44186208', u'44185427']
15824397397
zsj0911*
0
------------------
17367078621
weiyuxin
36
------------------
15127529708
shijizhe
222.58
------------------
13306522935
zjuZSJ0911*
0
------------------
[Thu Feb 21 13:05:00 2019]	heart_web
[Thu Feb 21 13:05:00 2019]	heart_mobile
[Thu Feb 21 13:05:00 2019]	heart_web
[Thu Feb 21 13:05:00 2019]	heart_mobile
[Thu Feb 21 13:05:00 2019]	heart_web
[Thu Feb 21 13:05:00 2019]	heart_mobile
[Thu Feb 21 13:05:00 2019]	heart_web
[Thu Feb 21 13:05:00 2019]	heart_mobile
[Thu Feb 21 13:10:00 2019]	heart_web
[Thu Feb 21 13:10:00 2019]	heart_mobile
[Thu Feb 21 13:10:00 2019]	heart_web
[Thu Feb 21 13:10:00 2019]	heart_mobile
[Thu Feb 21 13:10:00 2019]	heart_web
[Thu Feb 21 13:10:00 2019]	heart_mobile
[Thu Feb 21 13:10:00 2019]	heart_web
[Thu Feb 21 13:10:00 2019]	heart_mobile
[Thu Feb 21 13:15:00 2019]	heart_web
[Thu Feb 21 13:15:00 2019]	heart_mobile
[Thu Feb 21 13:15:00 2019]	heart_web
[Thu Feb 21 13:15:00 2019]	heart_mobile
[Thu Feb 21 13:15:00 2019]	heart_web
[Thu Feb 21 13:15:00 2019]	heart_mobile
[Thu Feb 21 13:15:00 2019]	heart_web
[Thu Feb 21 13:15:00 2019]	heart_mobile
[Thu Feb 21 13:20:00 2019]	heart_web
[Thu Feb 21 13:20:00 2019]	heart_mobile
[Thu Feb 21 13:20:00 2019]	heart_web
[Thu Feb 21 13:20:00 2019]	heart_mobile
[Thu Feb 21 13:20:00 2019]	heart_web
[Thu Feb 21 13:20:00 2019]	heart_mobile
[Thu Feb 21 13:20:00 2019]	heart_web
[Thu Feb 21 13:20:00 2019]	heart_mobile
[Thu Feb 21 13:25:00 2019]	heart_web
[Thu Feb 21 13:25:00 2019]	heart_mobile
[Thu Feb 21 13:25:00 2019]	heart_web
[Thu Feb 21 13:25:00 2019]	heart_mobile
[Thu Feb 21 13:25:00 2019]	heart_web
[Thu Feb 21 13:25:00 2019]	heart_mobile
[Thu Feb 21 13:25:00 2019]	heart_web
[Thu Feb 21 13:25:00 2019]	heart_mobile
[Thu Feb 21 13:30:00 2019]	heart_web
[Thu Feb 21 13:30:00 2019]	heart_mobile
[Thu Feb 21 13:30:00 2019]	heart_web
[Thu Feb 21 13:30:00 2019]	heart_mobile
[Thu Feb 21 13:30:00 2019]	heart_web
[Thu Feb 21 13:30:00 2019]	heart_mobile
[Thu Feb 21 13:30:01 2019]	heart_web
[Thu Feb 21 13:30:01 2019]	heart_mobile
[Thu Feb 21 13:35:00 2019]	heart_web
[Thu Feb 21 13:35:00 2019]	heart_mobile
[Thu Feb 21 13:35:00 2019]	heart_web
[Thu Feb 21 13:35:00 2019]	heart_mobile
[Thu Feb 21 13:35:00 2019]	heart_web
[Thu Feb 21 13:35:00 2019]	heart_mobile
[Thu Feb 21 13:35:00 2019]	heart_web
[Thu Feb 21 13:35:00 2019]	heart_mobile
[Thu Feb 21 13:40:00 2019]	heart_web
[Thu Feb 21 13:40:00 2019]	heart_mobile
[Thu Feb 21 13:40:00 2019]	heart_web
[Thu Feb 21 13:40:00 2019]	heart_mobile
[Thu Feb 21 13:40:00 2019]	heart_web
[Thu Feb 21 13:40:00 2019]	heart_mobile
[Thu Feb 21 13:40:00 2019]	heart_web
[Thu Feb 21 13:40:00 2019]	heart_mobile
[Thu Feb 21 13:45:00 2019]	heart_web
[Thu Feb 21 13:45:00 2019]	heart_mobile
[Thu Feb 21 13:45:00 2019]	heart_web
[Thu Feb 21 13:45:00 2019]	heart_mobile
[Thu Feb 21 13:45:00 2019]	heart_web
[Thu Feb 21 13:45:00 2019]	heart_mobile
[Thu Feb 21 13:45:00 2019]	heart_web
[Thu Feb 21 13:45:00 2019]	heart_mobile
[Thu Feb 21 13:50:00 2019]	heart_web
[Thu Feb 21 13:50:00 2019]	heart_mobile
[Thu Feb 21 13:50:00 2019]	heart_web
[Thu Feb 21 13:50:00 2019]	heart_mobile
[Thu Feb 21 13:50:00 2019]	heart_web
[Thu Feb 21 13:50:00 2019]	heart_mobile
[Thu Feb 21 13:50:01 2019]	heart_web
[Thu Feb 21 13:50:01 2019]	heart_mobile
[Thu Feb 21 13:55:00 2019]	heart_web
[Thu Feb 21 13:55:00 2019]	heart_mobile
[Thu Feb 21 13:55:00 2019]	heart_web
[Thu Feb 21 13:55:00 2019]	heart_mobile
[Thu Feb 21 13:55:00 2019]	heart_web
[Thu Feb 21 13:55:00 2019]	heart_mobile
[Thu Feb 21 13:55:00 2019]	heart_web
[Thu Feb 21 13:55:00 2019]	heart_mobile
[Thu Feb 21 14:00:00 2019]	heart_web
[Thu Feb 21 14:00:00 2019]	heart_mobile
[Thu Feb 21 14:00:00 2019]	heart_web
[Thu Feb 21 14:00:00 2019]	heart_mobile
[Thu Feb 21 14:00:00 2019]	heart_web
[Thu Feb 21 14:00:00 2019]	heart_mobile
[Thu Feb 21 14:00:00 2019]	heart_web
[Thu Feb 21 14:00:00 2019]	heart_mobile
[u'44158437', u'44204658', u'44165945', u'44186208', u'44205438']
15824397397
zsj0911*
0
------------------
17367078621
weiyuxin
36
------------------
15127529708
shijizhe
222.58
------------------
13306522935
zjuZSJ0911*
0
------------------
[Thu Feb 21 14:05:00 2019]	heart_web
[Thu Feb 21 14:05:00 2019]	heart_mobile
[Thu Feb 21 14:05:00 2019]	heart_web
[Thu Feb 21 14:05:00 2019]	heart_mobile
[Thu Feb 21 14:05:00 2019]	heart_web
[Thu Feb 21 14:05:00 2019]	heart_mobile
[Thu Feb 21 14:05:00 2019]	heart_web
[Thu Feb 21 14:05:00 2019]	heart_mobile
[Thu Feb 21 14:10:00 2019]	heart_web
[Thu Feb 21 14:10:00 2019]	heart_mobile
[Thu Feb 21 14:10:00 2019]	heart_web
[Thu Feb 21 14:10:00 2019]	heart_mobile
[Thu Feb 21 14:10:00 2019]	heart_web
[Thu Feb 21 14:10:00 2019]	heart_mobile
[Thu Feb 21 14:10:00 2019]	heart_web
[Thu Feb 21 14:10:00 2019]	heart_mobile
[Thu Feb 21 14:15:00 2019]	heart_web
[Thu Feb 21 14:15:00 2019]	heart_mobile
[Thu Feb 21 14:15:00 2019]	heart_web
[Thu Feb 21 14:15:00 2019]	heart_mobile
[Thu Feb 21 14:15:00 2019]	heart_web
[Thu Feb 21 14:15:00 2019]	heart_mobile
[Thu Feb 21 14:15:00 2019]	heart_web
[Thu Feb 21 14:15:00 2019]	heart_mobile
[Thu Feb 21 14:20:00 2019]	heart_web
[Thu Feb 21 14:20:00 2019]	heart_mobile
[Thu Feb 21 14:20:00 2019]	heart_web
[Thu Feb 21 14:20:00 2019]	heart_mobile
[Thu Feb 21 14:20:00 2019]	heart_web
[Thu Feb 21 14:20:00 2019]	heart_mobile
[Thu Feb 21 14:20:00 2019]	heart_web
[Thu Feb 21 14:20:00 2019]	heart_mobile
[Thu Feb 21 14:25:00 2019]	heart_web
[Thu Feb 21 14:25:00 2019]	heart_mobile
[Thu Feb 21 14:25:00 2019]	heart_web
[Thu Feb 21 14:25:00 2019]	heart_mobile
[Thu Feb 21 14:25:00 2019]	heart_web
[Thu Feb 21 14:25:00 2019]	heart_mobile
[Thu Feb 21 14:25:00 2019]	heart_web
[Thu Feb 21 14:25:00 2019]	heart_mobile
[Thu Feb 21 14:30:00 2019]	heart_web
[Thu Feb 21 14:30:00 2019]	heart_mobile
[Thu Feb 21 14:30:00 2019]	heart_web
[Thu Feb 21 14:30:00 2019]	heart_mobile
[Thu Feb 21 14:30:00 2019]	heart_web
[Thu Feb 21 14:30:00 2019]	heart_mobile
[Thu Feb 21 14:30:00 2019]	heart_web
[Thu Feb 21 14:30:00 2019]	heart_mobile
[Thu Feb 21 14:35:00 2019]	heart_web
[Thu Feb 21 14:35:00 2019]	heart_mobile
[Thu Feb 21 14:35:00 2019]	heart_web
[Thu Feb 21 14:35:00 2019]	heart_mobile
[Thu Feb 21 14:35:00 2019]	heart_web
[Thu Feb 21 14:35:00 2019]	heart_mobile
[Thu Feb 21 14:35:00 2019]	heart_web
[Thu Feb 21 14:35:00 2019]	heart_mobile
[Thu Feb 21 14:40:00 2019]	heart_web
[Thu Feb 21 14:40:00 2019]	heart_mobile
[Thu Feb 21 14:40:00 2019]	heart_web
[Thu Feb 21 14:40:00 2019]	heart_mobile
[Thu Feb 21 14:40:00 2019]	heart_web
[Thu Feb 21 14:40:00 2019]	heart_mobile
[Thu Feb 21 14:40:00 2019]	heart_web
[Thu Feb 21 14:40:00 2019]	heart_mobile
[Thu Feb 21 14:45:00 2019]	heart_web
[Thu Feb 21 14:45:00 2019]	heart_mobile
[Thu Feb 21 14:45:00 2019]	heart_web
[Thu Feb 21 14:45:00 2019]	heart_mobile
[Thu Feb 21 14:45:00 2019]	heart_web
[Thu Feb 21 14:45:00 2019]	heart_mobile
[Thu Feb 21 14:45:00 2019]	heart_web
[Thu Feb 21 14:45:01 2019]	heart_mobile
[Thu Feb 21 14:50:00 2019]	heart_web
[Thu Feb 21 14:50:00 2019]	heart_mobile
[Thu Feb 21 14:50:00 2019]	heart_web
[Thu Feb 21 14:50:00 2019]	heart_mobile
[Thu Feb 21 14:50:00 2019]	heart_web
[Thu Feb 21 14:50:00 2019]	heart_mobile
[Thu Feb 21 14:50:00 2019]	heart_web
[Thu Feb 21 14:50:00 2019]	heart_mobile
[Thu Feb 21 14:55:00 2019]	heart_web
[Thu Feb 21 14:55:00 2019]	heart_mobile
[Thu Feb 21 14:55:00 2019]	heart_web
[Thu Feb 21 14:55:00 2019]	heart_mobile
[Thu Feb 21 14:55:00 2019]	heart_web
[Thu Feb 21 14:55:00 2019]	heart_mobile
[Thu Feb 21 14:55:00 2019]	heart_web
[Thu Feb 21 14:55:00 2019]	heart_mobile
[Thu Feb 21 15:00:00 2019]	heart_web
[Thu Feb 21 15:00:00 2019]	heart_mobile
[Thu Feb 21 15:00:00 2019]	heart_web
[Thu Feb 21 15:00:00 2019]	heart_mobile
[Thu Feb 21 15:00:00 2019]	heart_web
[Thu Feb 21 15:00:00 2019]	heart_mobile
[Thu Feb 21 15:00:00 2019]	heart_web
[Thu Feb 21 15:00:00 2019]	heart_mobile
[u'44204658', u'44162135', u'44186208', u'44205438', u'44185427']
15824397397
zsj0911*
0
------------------
17367078621
weiyuxin
36
------------------
15127529708
shijizhe
222.58
------------------
13306522935
zjuZSJ0911*
0
------------------
[Thu Feb 21 15:05:00 2019]	heart_web
[Thu Feb 21 15:05:00 2019]	heart_mobile
[Thu Feb 21 15:05:00 2019]	heart_web
[Thu Feb 21 15:05:00 2019]	heart_mobile
[Thu Feb 21 15:05:00 2019]	heart_web
[Thu Feb 21 15:05:00 2019]	heart_mobile
[Thu Feb 21 15:05:00 2019]	heart_web
[Thu Feb 21 15:05:00 2019]	heart_mobile
